10-31 09:00:19.874 13108 13130 D M_InsDal: Lcom/fsck/k9/mailstore/LocalStore;--->getInstance(Lcom/fsck/k9/Account;Landroid/content/Context;)Lcom/fsck/k9/mailstore/LocalStore;
10-31 09:00:19.874 13108 13130 D M_InsDal: Lcom/fsck/k9/Account;--->getUuid()Ljava/lang/String;
10-31 09:00:19.874 13108 13130 D M_InsDal: Lcom/fsck/k9/mailstore/LocalStore;---><init>(Lcom/fsck/k9/Account;Landroid/content/Context;)V
10-31 09:00:19.874 13108 13130 D M_InsDal: Lcom/fsck/k9/mail/Store;---><init>()V
10-31 09:00:19.874 13108 13130 D M_InsDal: Lcom/fsck/k9/message/extractors/MessagePreviewCreator;--->newInstance()Lcom/fsck/k9/message/extractors/MessagePreviewCreator;
10-31 09:00:19.874 13108 13130 D M_InsDal: Lcom/fsck/k9/message/extractors/TextPartFinder;---><init>()V
10-31 09:00:19.874 13108 13130 D M_InsDal: Lcom/fsck/k9/message/extractors/PreviewTextExtractor;---><init>()V
10-31 09:00:19.874 13108 13130 D M_InsDal: Lcom/fsck/k9/message/extractors/EncryptionDetector;---><init>(Lcom/fsck/k9/message/extractors/TextPartFinder;)V
10-31 09:00:19.874 13108 13130 D M_InsDal: Lcom/fsck/k9/message/extractors/MessagePreviewCreator;---><init>(Lcom/fsck/k9/message/extractors/TextPartFinder;Lcom/fsck/k9/message/extractors/PreviewTextExtractor;Lcom/fsck/k9/message/extractors/EncryptionDetector;)V
10-31 09:00:19.874 13108 13130 D M_InsDal: Lcom/fsck/k9/message/extractors/MessageFulltextCreator;--->newInstance()Lcom/fsck/k9/message/extractors/MessageFulltextCreator;
10-31 09:00:19.874 13108 13130 D M_InsDal: Lcom/fsck/k9/message/extractors/TextPartFinder;---><init>()V
10-31 09:00:19.874 13108 13130 D M_InsDal: Lcom/fsck/k9/message/extractors/EncryptionDetector;---><init>(Lcom/fsck/k9/message/extractors/TextPartFinder;)V
10-31 09:00:19.874 13108 13130 D M_InsDal: Lcom/fsck/k9/message/extractors/MessageFulltextCreator;---><init>(Lcom/fsck/k9/message/extractors/TextPartFinder;Lcom/fsck/k9/message/extractors/EncryptionDetector;)V
10-31 09:00:19.874 13108 13130 D M_InsDal: Lcom/fsck/k9/message/extractors/AttachmentCounter;--->newInstance()Lcom/fsck/k9/message/extractors/AttachmentCounter;
10-31 09:00:19.874 13108 13130 D M_InsDal: Lcom/fsck/k9/message/extractors/TextPartFinder;---><init>()V
10-31 09:00:19.874 13108 13130 D M_InsDal: Lcom/fsck/k9/message/extractors/EncryptionDetector;---><init>(Lcom/fsck/k9/message/extractors/TextPartFinder;)V
10-31 09:00:19.874 13108 13130 D M_InsDal: Lcom/fsck/k9/message/extractors/AttachmentCounter;---><init>(Lcom/fsck/k9/message/extractors/EncryptionDetector;)V
10-31 09:00:19.874 13108 13130 D M_InsDal: Lcom/fsck/k9/controller/PendingCommandSerializer;---><clinit>()V
10-31 09:00:19.874 13108 13130 D M_InsDal: Lcom/fsck/k9/controller/PendingCommandSerializer;---><init>()V
10-31 09:00:19.879 13108 13130 D M_InsDal: Lcom/fsck/k9/controller/PendingCommandSerializer;--->getInstance()Lcom/fsck/k9/controller/PendingCommandSerializer;
10-31 09:00:19.879 13108 13130 D M_InsDal: Lcom/fsck/k9/message/extractors/AttachmentInfoExtractor;--->getInstance()Lcom/fsck/k9/message/extractors/AttachmentInfoExtractor;
10-31 09:00:19.879 13108 13130 D M_InsDal: Lcom/fsck/k9/Globals;--->getContext()Landroid/content/Context;
10-31 09:00:19.879 13108 13130 D M_InsDal: Lcom/fsck/k9/message/extractors/AttachmentInfoExtractor;---><init>(Landroid/content/Context;)V
10-31 09:00:19.879 13108 13130 D M_InsDal: Lcom/fsck/k9/Account;--->getUuid()Ljava/lang/String;
10-31 09:00:19.879 13108 13130 D M_InsDal: Lcom/fsck/k9/mailstore/StoreSchemaDefinition;---><init>(Lcom/fsck/k9/mailstore/LocalStore;)V
10-31 09:00:19.879 13108 13130 D M_InsDal: Lcom/fsck/k9/mailstore/LockableDatabase;---><init>(Landroid/content/Context;Ljava/lang/String;Lcom/fsck/k9/mailstore/LockableDatabase$SchemaDefinition;)V
10-31 09:00:19.879 13108 13130 D M_InsDal: Lcom/fsck/k9/mailstore/LockableDatabase$StorageListener;---><init>(Lcom/fsck/k9/mailstore/LockableDatabase;)V
10-31 09:00:19.879 13108 13130 D M_InsDal: Lcom/fsck/k9/Account;--->getLocalStorageProviderId()Ljava/lang/String;
10-31 09:00:19.879 13108 13130 D M_InsDal: Lcom/fsck/k9/mailstore/LockableDatabase;--->setStorageProviderId(Ljava/lang/String;)V
10-31 09:00:19.879 13108 13130 D M_InsDal: Lcom/fsck/k9/mailstore/LockableDatabase;--->open()V
10-31 09:00:19.879 13108 13130 D M_InsDal: Lcom/fsck/k9/mailstore/LockableDatabase;--->lockWrite()V
10-31 09:00:19.879 13108 13130 D M_InsDal: Lcom/fsck/k9/mailstore/LockableDatabase;--->lockWrite(Ljava/lang/String;)V
10-31 09:00:19.879 13108 13130 D M_InsDal: Lcom/fsck/k9/mailstore/LockableDatabase;--->getStorageManager()Lcom/fsck/k9/mailstore/StorageManager;
10-31 09:00:19.879 13108 13130 D M_InsDal: Lcom/fsck/k9/mailstore/StorageManager;--->getInstance(Landroid/content/Context;)Lcom/fsck/k9/mailstore/StorageManager;
10-31 09:00:19.879 13108 13130 D M_InsDal: Lcom/fsck/k9/mailstore/StorageManager;--->lockProvider(Ljava/lang/String;)V
10-31 09:00:19.879 13108 13130 D M_InsDal: Lcom/fsck/k9/mailstore/StorageManager;--->getProvider(Ljava/lang/String;)Lcom/fsck/k9/mailstore/StorageManager$StorageProvider;
10-31 09:00:19.880 13108 13130 D M_InsDal: Lcom/fsck/k9/mailstore/StorageManager$InternalStorageProvider;--->isReady(Landroid/content/Context;)Z
10-31 09:00:19.880 13108 13130 D M_InsDal: Lcom/fsck/k9/mailstore/LockableDatabase;--->openOrCreateDataspace()V
10-31 09:00:19.880 13108 13130 D M_InsDal: Lcom/fsck/k9/mailstore/LockableDatabase;--->lockWrite()V
10-31 09:00:19.880 13108 13130 D M_InsDal: Lcom/fsck/k9/mailstore/LockableDatabase;--->lockWrite(Ljava/lang/String;)V
10-31 09:00:19.880 13108 13130 D M_InsDal: Lcom/fsck/k9/mailstore/LockableDatabase;--->getStorageManager()Lcom/fsck/k9/mailstore/StorageManager;
10-31 09:00:19.880 13108 13130 D M_InsDal: Lcom/fsck/k9/mailstore/StorageManager;--->getInstance(Landroid/content/Context;)Lcom/fsck/k9/mailstore/StorageManager;
10-31 09:00:19.880 13108 13130 D M_InsDal: Lcom/fsck/k9/mailstore/StorageManager;--->lockProvider(Ljava/lang/String;)V
10-31 09:00:19.880 13108 13130 D M_InsDal: Lcom/fsck/k9/mailstore/StorageManager;--->getProvider(Ljava/lang/String;)Lcom/fsck/k9/mailstore/StorageManager$StorageProvider;
10-31 09:00:19.880 13108 13130 D M_InsDal: Lcom/fsck/k9/mailstore/StorageManager$InternalStorageProvider;--->isReady(Landroid/content/Context;)Z
10-31 09:00:19.880 13108 13130 D M_InsDal: Lcom/fsck/k9/mailstore/LockableDatabase;--->prepareStorage(Ljava/lang/String;)Ljava/io/File;
10-31 09:00:19.881 13108 13130 D M_InsDal: Lcom/fsck/k9/mailstore/LockableDatabase;--->getStorageManager()Lcom/fsck/k9/mailstore/StorageManager;
10-31 09:00:19.881 13108 13130 D M_InsDal: Lcom/fsck/k9/mailstore/StorageManager;--->getInstance(Landroid/content/Context;)Lcom/fsck/k9/mailstore/StorageManager;
10-31 09:00:19.881 13108 13130 D M_InsDal: Lcom/fsck/k9/mailstore/StorageManager;--->getDatabase(Ljava/lang/String;Ljava/lang/String;)Ljava/io/File;
10-31 09:00:19.881 13108 13130 D M_InsDal: Lcom/fsck/k9/mailstore/StorageManager;--->getProvider(Ljava/lang/String;)Lcom/fsck/k9/mailstore/StorageManager$StorageProvider;
10-31 09:00:19.881 13108 13130 D M_InsDal: Lcom/fsck/k9/mailstore/StorageManager$InternalStorageProvider;--->getDatabase(Landroid/content/Context;Ljava/lang/String;)Ljava/io/File;
10-31 09:00:19.881 13108 13130 D M_InsDal: Lcom/fsck/k9/mailstore/StorageManager;--->getAttachmentDirectory(Ljava/lang/String;Ljava/lang/String;)Ljava/io/File;
10-31 09:00:19.881 13108 13130 D M_InsDal: Lcom/fsck/k9/mailstore/StorageManager;--->getProvider(Ljava/lang/String;)Lcom/fsck/k9/mailstore/StorageManager$StorageProvider;
10-31 09:00:19.881 13108 13130 D M_InsDal: Lcom/fsck/k9/mailstore/StorageManager$InternalStorageProvider;--->getAttachmentDirectory(Landroid/content/Context;Ljava/lang/String;)Ljava/io/File;
10-31 09:00:19.881 13108 13130 D M_InsDal: Lcom/fsck/k9/mailstore/LockableDatabase;--->doOpenOrCreateDb(Ljava/io/File;)V
10-31 09:00:19.885 13108 13130 D M_InsDal: Lcom/fsck/k9/mailstore/StoreSchemaDefinition;--->getVersion()I
10-31 09:00:19.885 13108 13130 D M_InsDal: Lcom/fsck/k9/mailstore/LockableDatabase;--->unlockWrite()V
10-31 09:00:19.885 13108 13130 D M_InsDal: Lcom/fsck/k9/mailstore/LockableDatabase;--->unlockWrite(Ljava/lang/String;)V
10-31 09:00:19.885 13108 13130 D M_InsDal: Lcom/fsck/k9/mailstore/LockableDatabase;--->getStorageManager()Lcom/fsck/k9/mailstore/StorageManager;
10-31 09:00:19.885 13108 13130 D M_InsDal: Lcom/fsck/k9/mailstore/StorageManager;--->getInstance(Landroid/content/Context;)Lcom/fsck/k9/mailstore/StorageManager;
10-31 09:00:19.885 13108 13130 D M_InsDal: Lcom/fsck/k9/mailstore/StorageManager;--->unlockProvider(Ljava/lang/String;)V
10-31 09:00:19.885 13108 13130 D M_InsDal: Lcom/fsck/k9/mailstore/StorageManager;--->getProvider(Ljava/lang/String;)Lcom/fsck/k9/mailstore/StorageManager$StorageProvider;
10-31 09:00:19.885 13108 13130 D M_InsDal: Lcom/fsck/k9/mailstore/LockableDatabase;--->unlockWrite()V
10-31 09:00:19.885 13108 13130 D M_InsDal: Lcom/fsck/k9/mailstore/LockableDatabase;--->unlockWrite(Ljava/lang/String;)V
10-31 09:00:19.885 13108 13130 D M_InsDal: Lcom/fsck/k9/mailstore/LockableDatabase;--->getStorageManager()Lcom/fsck/k9/mailstore/StorageManager;
10-31 09:00:19.885 13108 13130 D M_InsDal: Lcom/fsck/k9/mailstore/StorageManager;--->getInstance(Landroid/content/Context;)Lcom/fsck/k9/mailstore/StorageManager;
10-31 09:00:19.885 13108 13130 D M_InsDal: Lcom/fsck/k9/mailstore/StorageManager;--->unlockProvider(Ljava/lang/String;)V
10-31 09:00:19.885 13108 13130 D M_InsDal: Lcom/fsck/k9/mailstore/StorageManager;--->getProvider(Ljava/lang/String;)Lcom/fsck/k9/mailstore/StorageManager$StorageProvider;
10-31 09:00:19.885 13108 13130 D M_InsDal: Lcom/fsck/k9/mailstore/StorageManager;--->getInstance(Landroid/content/Context;)Lcom/fsck/k9/mailstore/StorageManager;
10-31 09:00:19.885 13108 13130 D M_InsDal: Lcom/fsck/k9/mailstore/StorageManager;--->addListener(Lcom/fsck/k9/mailstore/StorageManager$StorageListener;)V
10-31 09:00:19.885 13108 13130 D M_InsDal: Lcom/fsck/k9/mailstore/LocalStore;--->getPersonalNamespaces(Z)Ljava/util/List;
10-31 09:00:19.885 13108 13130 D M_InsDal: Lcom/fsck/k9/mailstore/LocalStore$6;---><init>(Lcom/fsck/k9/mailstore/LocalStore;Ljava/util/List;)V
10-31 09:00:19.885 13108 13130 D M_InsDal: Lcom/fsck/k9/mailstore/LockableDatabase;--->execute(ZLcom/fsck/k9/mailstore/LockableDatabase$DbCallback;)Ljava/lang/Object;
10-31 09:00:19.885 13108 13130 D M_InsDal: Lcom/fsck/k9/mailstore/LockableDatabase;--->lockRead()V
10-31 09:00:19.886 13108 13130 D M_InsDal: Lcom/fsck/k9/mailstore/LockableDatabase;--->getStorageManager()Lcom/fsck/k9/mailstore/StorageManager;
10-31 09:00:19.886 13108 13130 D M_InsDal: Lcom/fsck/k9/mailstore/StorageManager;--->getInstance(Landroid/content/Context;)Lcom/fsck/k9/mailstore/StorageManager;
10-31 09:00:19.886 13108 13130 D M_InsDal: Lcom/fsck/k9/mailstore/StorageManager;--->lockProvider(Ljava/lang/String;)V
10-31 09:00:19.886 13108 13130 D M_InsDal: Lcom/fsck/k9/mailstore/StorageManager;--->getProvider(Ljava/lang/String;)Lcom/fsck/k9/mailstore/StorageManager$StorageProvider;
10-31 09:00:19.886 13108 13130 D M_InsDal: Lcom/fsck/k9/mailstore/StorageManager$InternalStorageProvider;--->isReady(Landroid/content/Context;)Z
10-31 09:00:19.886 13108 13130 D M_InsDal: Lcom/fsck/k9/K9;--->isDebug()Z
10-31 09:00:19.886 13108 13130 D M_InsDal: Lcom/fsck/k9/mailstore/LocalStore$6;--->doDbWork(Landroid/database/sqlite/SQLiteDatabase;)Ljava/util/List;
10-31 09:00:19.888 13108 13108 D M_InsDal: Lcom/fsck/k9/service/BootReceiver;---><init>()V
10-31 09:00:19.888 13108 13108 D M_InsDal: Lcom/fsck/k9/service/CoreReceiver;---><init>()V
10-31 09:00:19.888 13108 13108 D M_InsDal: Lcom/fsck/k9/service/CoreReceiver;--->onReceive(Landroid/content/Context;Landroid/content/Intent;)V
10-31 09:00:19.888 13108 13108 D M_InsDal: Lcom/fsck/k9/service/CoreReceiver;--->getWakeLock(Landroid/content/Context;)Ljava/lang/Integer;
10-31 09:00:19.888 13108 13108 D M_InsDal: Lcom/fsck/k9/mail/power/TracingPowerManager;--->getPowerManager(Landroid/content/Context;)Lcom/fsck/k9/mail/power/TracingPowerManager;
10-31 09:00:19.888 13108 13108 D M_InsDal: Lcom/fsck/k9/mail/power/TracingPowerManager;--->newWakeLock(ILjava/lang/String;)Lcom/fsck/k9/mail/power/TracingPowerManager$TracingWakeLock;
10-31 09:00:19.888 13108 13108 D M_InsDal: Lcom/fsck/k9/mail/power/TracingPowerManager$TracingWakeLock;---><init>(Lcom/fsck/k9/mail/power/TracingPowerManager;ILjava/lang/String;)V
10-31 09:00:19.888 13108 13108 D M_InsDal: Lcom/fsck/k9/mail/K9MailLib;--->isDebug()Z
10-31 09:00:19.888 13108 13108 D M_InsDal: Lcom/fsck/k9/K9$2;--->enabled()Z
10-31 09:00:19.888 13108 13108 D M_InsDal: Lcom/fsck/k9/mail/power/TracingPowerManager$TracingWakeLock;--->setReferenceCounted(Z)V
10-31 09:00:19.889 13108 13108 D M_InsDal: Lcom/fsck/k9/mail/power/TracingPowerManager$TracingWakeLock;--->acquire(J)V
10-31 09:00:19.889 13108 13108 D M_InsDal: Lcom/fsck/k9/mail/K9MailLib;--->isDebug()Z
10-31 09:00:19.889 13108 13108 D M_InsDal: Lcom/fsck/k9/K9$2;--->enabled()Z
10-31 09:00:19.889 13108 13108 D M_InsDal: Lcom/fsck/k9/mail/power/TracingPowerManager$TracingWakeLock;--->raiseNotification()V
10-31 09:00:19.889 13108 13108 D M_InsDal: Lcom/fsck/k9/service/BootReceiver;--->receive(Landroid/content/Context;Landroid/content/Intent;Ljava/lang/Integer;)Ljava/lang/Integer;
10-31 09:00:19.890 13108 13108 D M_InsDal: Lcom/fsck/k9/service/BootReceiver;--->buildPendingIntent(Landroid/content/Context;Landroid/content/Intent;)Landroid/app/PendingIntent;
10-31 09:00:19.892 13108 13108 D M_InsDal: Lcom/fsck/k9/helper/K9AlarmManager;--->getAlarmManager(Landroid/content/Context;)Lcom/fsck/k9/helper/K9AlarmManager;
10-31 09:00:19.892 13108 13130 D M_InsDal: Lcom/fsck/k9/mailstore/LocalFolder;---><init>(Lcom/fsck/k9/mailstore/LocalStore;Ljava/lang/String;)V
10-31 09:00:19.892 13108 13130 D M_InsDal: Lcom/fsck/k9/mail/Folder;---><init>()V
10-31 09:00:19.892 13108 13108 D M_InsDal: Lcom/fsck/k9/power/DozeChecker;---><init>(Landroid/content/Context;)V
10-31 09:00:19.892 13108 13108 D M_InsDal: Lcom/fsck/k9/helper/K9AlarmManager;---><init>(Landroid/app/AlarmManager;Lcom/fsck/k9/power/DozeChecker;)V
10-31 09:00:19.892 13108 13108 D M_InsDal: Lcom/fsck/k9/helper/K9AlarmManager;--->cancel(Landroid/app/PendingIntent;)V
10-31 09:00:19.892 13108 13130 D M_InsDal: Lcom/fsck/k9/mail/Folder$FolderClass;---><clinit>()V
10-31 09:00:19.892 13108 13130 D M_InsDal: Lcom/fsck/k9/mail/Folder$FolderClass;---><init>(Ljava/lang/String;I)V
10-31 09:00:19.892 13108 13130 D M_InsDal: Lcom/fsck/k9/mail/Folder$FolderClass;---><init>(Ljava/lang/String;I)V
10-31 09:00:19.893 13108 13130 D M_InsDal: Lcom/fsck/k9/mailstore/LocalFolder$MoreMessages;---><clinit>()V
10-31 09:00:19.893 13108 13130 D M_InsDal: Lcom/fsck/k9/mailstore/LocalFolder$MoreMessages;---><init>(Ljava/lang/String;ILjava/lang/String;)V
10-31 09:00:19.893 13108 13130 D M_InsDal: Lcom/fsck/k9/mailstore/LocalFolder$MoreMessages;---><init>(Ljava/lang/String;ILjava/lang/String;)V
10-31 09:00:19.893 13108 13130 D M_InsDal: Lcom/fsck/k9/mailstore/LocalStore;--->getAttachmentInfoExtractor()Lcom/fsck/k9/message/extractors/AttachmentInfoExtractor;
10-31 09:00:19.893 13108 13130 D M_InsDal: Lcom/fsck/k9/mailstore/LocalFolder;--->getAccount()Lcom/fsck/k9/Account;
10-31 09:00:19.893 13108 13130 D M_InsDal: Lcom/fsck/k9/mailstore/LocalStore;--->getAccount()Lcom/fsck/k9/Account;
10-31 09:00:19.893 13108 13130 D M_InsDal: Lcom/fsck/k9/Account;--->getInboxFolderName()Ljava/lang/String;
10-31 09:00:19.893 13108 13130 D M_InsDal: Lcom/fsck/k9/mailstore/LocalFolder;--->getName()Ljava/lang/String;
10-31 09:00:19.893 13108 13130 D M_InsDal: Lcom/fsck/k9/mailstore/LocalFolder;--->open(Landroid/database/Cursor;)V
10-31 09:00:19.893 13108 13130 D M_InsDal: Lcom/fsck/k9/mail/Folder;--->setStatus(Ljava/lang/String;)V
10-31 09:00:19.893 13108 13130 D M_InsDal: Lcom/fsck/k9/mail/Folder;--->setLastChecked(J)V
10-31 09:00:19.893 13108 13130 D M_InsDal: Lcom/fsck/k9/mail/Folder;--->setLastPush(J)V
10-31 09:00:19.893 13108 13108 D M_InsDal: Lcom/fsck/k9/service/CoreReceiver;--->releaseWakeLock(Ljava/lang/Integer;)V
10-31 09:00:19.893 13108 13130 D M_InsDal: Lcom/fsck/k9/mail/Folder$FolderClass;--->valueOf(Ljava/lang/String;)Lcom/fsck/k9/mail/Folder$FolderClass;
10-31 09:00:19.893 13108 13108 D M_InsDal: Lcom/fsck/k9/mail/power/TracingPowerManager$TracingWakeLock;--->release()V
10-31 09:00:19.893 13108 13108 D M_InsDal: Lcom/fsck/k9/mail/K9MailLib;--->isDebug()Z
10-31 09:00:19.893 13108 13130 D M_InsDal: Lcom/fsck/k9/mail/Folder$FolderClass;--->values()[Lcom/fsck/k9/mail/Folder$FolderClass;
10-31 09:00:19.893 13108 13108 D M_InsDal: Lcom/fsck/k9/K9$2;--->enabled()Z
10-31 09:00:19.893 13108 13108 D M_InsDal: Lcom/fsck/k9/mail/power/TracingPowerManager$TracingWakeLock;--->cancelNotification()V
10-31 09:00:19.893 13108 13130 D M_InsDal: Lcom/fsck/k9/mail/Folder$FolderClass;--->valueOf(Ljava/lang/String;)Lcom/fsck/k9/mail/Folder$FolderClass;
10-31 09:00:19.893 13108 13130 D M_InsDal: Lcom/fsck/k9/mail/Folder$FolderClass;--->valueOf(Ljava/lang/String;)Lcom/fsck/k9/mail/Folder$FolderClass;
10-31 09:00:19.893 13108 13130 D M_InsDal: Lcom/fsck/k9/mailstore/LocalFolder$MoreMessages;--->fromDatabaseName(Ljava/lang/String;)Lcom/fsck/k9/mailstore/LocalFolder$MoreMessages;
10-31 09:00:19.893 13108 13130 D M_InsDal: Lcom/fsck/k9/mailstore/LocalFolder$MoreMessages;--->values()[Lcom/fsck/k9/mailstore/LocalFolder$MoreMessages;
10-31 09:00:19.893 13108 13130 D M_InsDal: Lcom/fsck/k9/mailstore/LocalFolder;---><init>(Lcom/fsck/k9/mailstore/LocalStore;Ljava/lang/String;)V
10-31 09:00:19.893 13108 13130 D M_InsDal: Lcom/fsck/k9/mail/Folder;---><init>()V
10-31 09:00:19.893 13108 13130 D M_InsDal: Lcom/fsck/k9/mailstore/LocalStore;--->getAttachmentInfoExtractor()Lcom/fsck/k9/message/extractors/AttachmentInfoExtractor;
10-31 09:00:19.893 13108 13130 D M_InsDal: Lcom/fsck/k9/mailstore/LocalFolder;--->getAccount()Lcom/fsck/k9/Account;
10-31 09:00:19.893 13108 13130 D M_InsDal: Lcom/fsck/k9/mailstore/LocalStore;--->getAccount()Lcom/fsck/k9/Account;
10-31 09:00:19.893 13108 13130 D M_InsDal: Lcom/fsck/k9/Account;--->getInboxFolderName()Ljava/lang/String;
10-31 09:00:19.893 13108 13130 D M_InsDal: Lcom/fsck/k9/mailstore/LocalFolder;--->getName()Ljava/lang/String;
10-31 09:00:19.893 13108 13130 D M_InsDal: Lcom/fsck/k9/mailstore/LocalFolder;--->open(Landroid/database/Cursor;)V
10-31 09:00:19.893 13108 13130 D M_InsDal: Lcom/fsck/k9/mail/Folder;--->setStatus(Ljava/lang/String;)V
10-31 09:00:19.893 13108 13130 D M_InsDal: Lcom/fsck/k9/mail/Folder;--->setLastChecked(J)V
10-31 09:00:19.893 13108 13130 D M_InsDal: Lcom/fsck/k9/mail/Folder;--->setLastPush(J)V
10-31 09:00:19.893 13108 13130 D M_InsDal: Lcom/fsck/k9/mail/Folder$FolderClass;--->valueOf(Ljava/lang/String;)Lcom/fsck/k9/mail/Folder$FolderClass;
10-31 09:00:19.893 13108 13130 D M_InsDal: Lcom/fsck/k9/mail/Folder$FolderClass;--->valueOf(Ljava/lang/String;)Lcom/fsck/k9/mail/Folder$FolderClass;
10-31 09:00:19.893 13108 13130 D M_InsDal: Lcom/fsck/k9/mailstore/LocalFolder$MoreMessages;--->fromDatabaseName(Ljava/lang/String;)Lcom/fsck/k9/mailstore/LocalFolder$MoreMessages;
10-31 09:00:19.893 13108 13130 D M_InsDal: Lcom/fsck/k9/mailstore/LocalFolder$MoreMessages;--->values()[Lcom/fsck/k9/mailstore/LocalFolder$MoreMessages;
10-31 09:00:19.893 13108 13130 D M_InsDal: Lcom/fsck/k9/mailstore/LocalFolder;---><init>(Lcom/fsck/k9/mailstore/LocalStore;Ljava/lang/String;)V
10-31 09:00:19.893 13108 13130 D M_InsDal: Lcom/fsck/k9/mail/Folder;---><init>()V
10-31 09:00:19.893 13108 13130 D M_InsDal: Lcom/fsck/k9/mailstore/LocalStore;--->getAttachmentInfoExtractor()Lcom/fsck/k9/message/extractors/AttachmentInfoExtractor;
10-31 09:00:19.893 13108 13130 D M_InsDal: Lcom/fsck/k9/mailstore/LocalFolder;--->getAccount()Lcom/fsck/k9/Account;
10-31 09:00:19.893 13108 13130 D M_InsDal: Lcom/fsck/k9/mailstore/LocalStore;--->getAccount()Lcom/fsck/k9/Account;
10-31 09:00:19.893 13108 13130 D M_InsDal: Lcom/fsck/k9/Account;--->getInboxFolderName()Ljava/lang/String;
10-31 09:00:19.893 13108 13130 D M_InsDal: Lcom/fsck/k9/mailstore/LocalFolder;--->getName()Ljava/lang/String;
10-31 09:00:19.893 13108 13130 D M_InsDal: Lcom/fsck/k9/mailstore/LocalFolder;--->open(Landroid/database/Cursor;)V
10-31 09:00:19.893 13108 13130 D M_InsDal: Lcom/fsck/k9/mail/Folder;--->setStatus(Ljava/lang/String;)V
10-31 09:00:19.893 13108 13130 D M_InsDal: Lcom/fsck/k9/mail/Folder;--->setLastChecked(J)V
10-31 09:00:19.893 13108 13130 D M_InsDal: Lcom/fsck/k9/mail/Folder;--->setLastPush(J)V
10-31 09:00:19.893 13108 13130 D M_InsDal: Lcom/fsck/k9/mail/Folder$FolderClass;--->valueOf(Ljava/lang/String;)Lcom/fsck/k9/mail/Folder$FolderClass;
10-31 09:00:19.893 13108 13130 D M_InsDal: Lcom/fsck/k9/mail/Folder$FolderClass;--->valueOf(Ljava/lang/String;)Lcom/fsck/k9/mail/Folder$FolderClass;
10-31 09:00:19.893 13108 13130 D M_InsDal: Lcom/fsck/k9/mailstore/LocalFolder$MoreMessages;--->fromDatabaseName(Ljava/lang/String;)Lcom/fsck/k9/mailstore/LocalFolder$MoreMessages;
10-31 09:00:19.893 13108 13130 D M_InsDal: Lcom/fsck/k9/mailstore/LocalFolder$MoreMessages;--->values()[Lcom/fsck/k9/mailstore/LocalFolder$MoreMessages;
10-31 09:00:19.893 13108 13130 D M_InsDal: Lcom/fsck/k9/mailstore/LocalFolder;---><init>(Lcom/fsck/k9/mailstore/LocalStore;Ljava/lang/String;)V
10-31 09:00:19.893 13108 13130 D M_InsDal: Lcom/fsck/k9/mail/Folder;---><init>()V
10-31 09:00:19.893 13108 13130 D M_InsDal: Lcom/fsck/k9/mailstore/LocalStore;--->getAttachmentInfoExtractor()Lcom/fsck/k9/message/extractors/AttachmentInfoExtractor;
10-31 09:00:19.893 13108 13130 D M_InsDal: Lcom/fsck/k9/mailstore/LocalFolder;--->getAccount()Lcom/fsck/k9/Account;
10-31 09:00:19.893 13108 13130 D M_InsDal: Lcom/fsck/k9/mailstore/LocalStore;--->getAccount()Lcom/fsck/k9/Account;
10-31 09:00:19.893 13108 13130 D M_InsDal: Lcom/fsck/k9/Account;--->getInboxFolderName()Ljava/lang/String;
10-31 09:00:19.893 13108 13130 D M_InsDal: Lcom/fsck/k9/mailstore/LocalFolder;--->getName()Ljava/lang/String;
10-31 09:00:19.893 13108 13130 D M_InsDal: Lcom/fsck/k9/mailstore/LocalFolder;--->open(Landroid/database/Cursor;)V
10-31 09:00:19.893 13108 13130 D M_InsDal: Lcom/fsck/k9/mail/Folder;--->setStatus(Ljava/lang/String;)V
10-31 09:00:19.893 13108 13130 D M_InsDal: Lcom/fsck/k9/mail/Folder;--->setLastChecked(J)V
10-31 09:00:19.893 13108 13130 D M_InsDal: Lcom/fsck/k9/mail/Folder;--->setLastPush(J)V
10-31 09:00:19.893 13108 13130 D M_InsDal: Lcom/fsck/k9/mail/Folder$FolderClass;--->valueOf(Ljava/lang/String;)Lcom/fsck/k9/mail/Folder$FolderClass;
10-31 09:00:19.893 13108 13130 D M_InsDal: Lcom/fsck/k9/mail/Folder$FolderClass;--->valueOf(Ljava/lang/String;)Lcom/fsck/k9/mail/Folder$FolderClass;
10-31 09:00:19.893 13108 13130 D M_InsDal: Lcom/fsck/k9/mailstore/LocalFolder$MoreMessages;--->fromDatabaseName(Ljava/lang/String;)Lcom/fsck/k9/mailstore/LocalFolder$MoreMessages;
10-31 09:00:19.893 13108 13130 D M_InsDal: Lcom/fsck/k9/mailstore/LocalFolder$MoreMessages;--->values()[Lcom/fsck/k9/mailstore/LocalFolder$MoreMessages;
10-31 09:00:19.893 13108 13130 D M_InsDal: Lcom/fsck/k9/mailstore/LocalFolder;---><init>(Lcom/fsck/k9/mailstore/LocalStore;Ljava/lang/String;)V
10-31 09:00:19.893 13108 13130 D M_InsDal: Lcom/fsck/k9/mail/Folder;---><init>()V
10-31 09:00:19.893 13108 13130 D M_InsDal: Lcom/fsck/k9/mailstore/LocalStore;--->getAttachmentInfoExtractor()Lcom/fsck/k9/message/extractors/AttachmentInfoExtractor;
10-31 09:00:19.893 13108 13130 D M_InsDal: Lcom/fsck/k9/mailstore/LocalFolder;--->getAccount()Lcom/fsck/k9/Account;
10-31 09:00:19.893 13108 13130 D M_InsDal: Lcom/fsck/k9/mailstore/LocalStore;--->getAccount()Lcom/fsck/k9/Account;
10-31 09:00:19.893 13108 13130 D M_InsDal: Lcom/fsck/k9/Account;--->getInboxFolderName()Ljava/lang/String;
10-31 09:00:19.893 13108 13130 D M_InsDal: Lcom/fsck/k9/mailstore/LocalFolder;--->getName()Ljava/lang/String;
10-31 09:00:19.893 13108 13130 D M_InsDal: Lcom/fsck/k9/mailstore/LocalFolder;--->open(Landroid/database/Cursor;)V
10-31 09:00:19.893 13108 13130 D M_InsDal: Lcom/fsck/k9/mail/Folder;--->setStatus(Ljava/lang/String;)V
10-31 09:00:19.893 13108 13130 D M_InsDal: Lcom/fsck/k9/mail/Folder;--->setLastChecked(J)V
10-31 09:00:19.893 13108 13130 D M_InsDal: Lcom/fsck/k9/mail/Folder;--->setLastPush(J)V
10-31 09:00:19.893 13108 13130 D M_InsDal: Lcom/fsck/k9/mail/Folder$FolderClass;--->valueOf(Ljava/lang/String;)Lcom/fsck/k9/mail/Folder$FolderClass;
10-31 09:00:19.894 13108 13130 D M_InsDal: Lcom/fsck/k9/mail/Folder$FolderClass;--->valueOf(Ljava/lang/String;)Lcom/fsck/k9/mail/Folder$FolderClass;
10-31 09:00:19.894 13108 13130 D M_InsDal: Lcom/fsck/k9/mailstore/LocalFolder$MoreMessages;--->fromDatabaseName(Ljava/lang/String;)Lcom/fsck/k9/mailstore/LocalFolder$MoreMessages;
10-31 09:00:19.894 13108 13130 D M_InsDal: Lcom/fsck/k9/mailstore/LocalFolder$MoreMessages;--->values()[Lcom/fsck/k9/mailstore/LocalFolder$MoreMessages;
10-31 09:00:19.894 13108 13130 D M_InsDal: Lcom/fsck/k9/mailstore/LocalFolder;---><init>(Lcom/fsck/k9/mailstore/LocalStore;Ljava/lang/String;)V
10-31 09:00:19.894 13108 13130 D M_InsDal: Lcom/fsck/k9/mail/Folder;---><init>()V
10-31 09:00:19.894 13108 13130 D M_InsDal: Lcom/fsck/k9/mailstore/LocalStore;--->getAttachmentInfoExtractor()Lcom/fsck/k9/message/extractors/AttachmentInfoExtractor;
10-31 09:00:19.894 13108 13130 D M_InsDal: Lcom/fsck/k9/mailstore/LocalFolder;--->getAccount()Lcom/fsck/k9/Account;
10-31 09:00:19.894 13108 13130 D M_InsDal: Lcom/fsck/k9/mailstore/LocalStore;--->getAccount()Lcom/fsck/k9/Account;
10-31 09:00:19.894 13108 13130 D M_InsDal: Lcom/fsck/k9/Account;--->getInboxFolderName()Ljava/lang/String;
10-31 09:00:19.894 13108 13130 D M_InsDal: Lcom/fsck/k9/mailstore/LocalFolder;--->getName()Ljava/lang/String;
10-31 09:00:19.894 13108 13130 D M_InsDal: Lcom/fsck/k9/mailstore/LocalFolder;--->open(Landroid/database/Cursor;)V
10-31 09:00:19.894 13108 13130 D M_InsDal: Lcom/fsck/k9/mail/Folder;--->setStatus(Ljava/lang/String;)V
10-31 09:00:19.894 13108 13130 D M_InsDal: Lcom/fsck/k9/mail/Folder;--->setLastChecked(J)V
10-31 09:00:19.894 13108 13130 D M_InsDal: Lcom/fsck/k9/mail/Folder;--->setLastPush(J)V
10-31 09:00:19.894 13108 13130 D M_InsDal: Lcom/fsck/k9/mail/Folder$FolderClass;--->valueOf(Ljava/lang/String;)Lcom/fsck/k9/mail/Folder$FolderClass;
10-31 09:00:19.894 13108 13130 D M_InsDal: Lcom/fsck/k9/mail/Folder$FolderClass;--->valueOf(Ljava/lang/String;)Lcom/fsck/k9/mail/Folder$FolderClass;
10-31 09:00:19.894 13108 13130 D M_InsDal: Lcom/fsck/k9/mailstore/LocalFolder$MoreMessages;--->fromDatabaseName(Ljava/lang/String;)Lcom/fsck/k9/mailstore/LocalFolder$MoreMessages;
10-31 09:00:19.894 13108 13130 D M_InsDal: Lcom/fsck/k9/mailstore/LocalFolder$MoreMessages;--->values()[Lcom/fsck/k9/mailstore/LocalFolder$MoreMessages;
10-31 09:00:19.894 13108 13130 D M_InsDal: Lcom/fsck/k9/helper/Utility;--->closeQuietly(Landroid/database/Cursor;)V
10-31 09:00:19.894 13108 13130 D M_InsDal: Lcom/fsck/k9/mailstore/LockableDatabase;--->unlockRead()V
10-31 09:00:19.894 13108 13130 D M_InsDal: Lcom/fsck/k9/mailstore/LockableDatabase;--->getStorageManager()Lcom/fsck/k9/mailstore/StorageManager;
10-31 09:00:19.894 13108 13130 D M_InsDal: Lcom/fsck/k9/mailstore/StorageManager;--->getInstance(Landroid/content/Context;)Lcom/fsck/k9/mailstore/StorageManager;
10-31 09:00:19.894 13108 13130 D M_InsDal: Lcom/fsck/k9/mailstore/StorageManager;--->unlockProvider(Ljava/lang/String;)V
10-31 09:00:19.894 13108 13130 D M_InsDal: Lcom/fsck/k9/mailstore/StorageManager;--->getProvider(Ljava/lang/String;)Lcom/fsck/k9/mailstore/StorageManager$StorageProvider;
10-31 09:00:19.894 13108 13130 D M_InsDal: Lcom/fsck/k9/mailstore/LocalFolder;--->getName()Ljava/lang/String;
10-31 09:00:19.894 13108 13130 D M_InsDal: Lcom/fsck/k9/Account;--->getOutboxFolderName()Ljava/lang/String;
10-31 09:00:19.894 13108 13130 D M_InsDal: Lcom/fsck/k9/mailstore/LocalFolder;--->open(I)V
10-31 09:00:19.894 13108 13130 D M_InsDal: Lcom/fsck/k9/mailstore/LocalFolder;--->isOpen()Z
10-31 09:00:19.894 13108 13130 D M_InsDal: Lcom/fsck/k9/mailstore/LocalFolder;--->getMode()I
10-31 09:00:19.894 13108 13130 D M_InsDal: Lcom/fsck/k9/mailstore/LocalFolder;--->getDisplayClass()Lcom/fsck/k9/mail/Folder$FolderClass;
10-31 09:00:19.894 13108 13130 D M_InsDal: Lcom/fsck/k9/mailstore/LocalFolder;--->getPushClass()Lcom/fsck/k9/mail/Folder$FolderClass;
10-31 09:00:19.894 13108 13130 D M_InsDal: Lcom/fsck/k9/controller/MessagingController;--->modeMismatch(Lcom/fsck/k9/Account$FolderMode;Lcom/fsck/k9/mail/Folder$FolderClass;)Z
10-31 09:00:19.894 13108 13130 D M_InsDal: Lcom/fsck/k9/controller/MessagingController;--->modeMismatch(Lcom/fsck/k9/Account$FolderMode;Lcom/fsck/k9/mail/Folder$FolderClass;)Z
10-31 09:00:19.894 13108 13130 D M_InsDal: Lcom/fsck/k9/mailstore/LocalFolder;--->getName()Ljava/lang/String;
10-31 09:00:19.894 13108 13130 D M_InsDal: Lcom/fsck/k9/Account;--->getOutboxFolderName()Ljava/lang/String;
10-31 09:00:19.894 13108 13130 D M_InsDal: Lcom/fsck/k9/mailstore/LocalFolder;--->getName()Ljava/lang/String;
10-31 09:00:19.894 13108 13130 D M_InsDal: Lcom/fsck/k9/Account;--->getOutboxFolderName()Ljava/lang/String;
10-31 09:00:19.894 13108 13130 D M_InsDal: Lcom/fsck/k9/mailstore/LocalFolder;--->open(I)V
10-31 09:00:19.894 13108 13130 D M_InsDal: Lcom/fsck/k9/mailstore/LocalFolder;--->isOpen()Z
10-31 09:00:19.894 13108 13130 D M_InsDal: Lcom/fsck/k9/mailstore/LocalFolder;--->getMode()I
10-31 09:00:19.894 13108 13130 D M_InsDal: Lcom/fsck/k9/mailstore/LocalFolder;--->getDisplayClass()Lcom/fsck/k9/mail/Folder$FolderClass;
10-31 09:00:19.894 13108 13130 D M_InsDal: Lcom/fsck/k9/mailstore/LocalFolder;--->getPushClass()Lcom/fsck/k9/mail/Folder$FolderClass;
10-31 09:00:19.894 13108 13130 D M_InsDal: Lcom/fsck/k9/mailstore/LocalFolder;--->getSyncClass()Lcom/fsck/k9/mail/Folder$FolderClass;
10-31 09:00:19.894 13108 13130 D M_InsDal: Lcom/fsck/k9/controller/MessagingController;--->modeMismatch(Lcom/fsck/k9/Account$FolderMode;Lcom/fsck/k9/mail/Folder$FolderClass;)Z
10-31 09:00:19.894 13108 13130 D M_InsDal: Lcom/fsck/k9/controller/MessagingController;--->modeMismatch(Lcom/fsck/k9/Account$FolderMode;Lcom/fsck/k9/mail/Folder$FolderClass;)Z
10-31 09:00:19.894 13108 13130 D M_InsDal: Lcom/fsck/k9/mailstore/LocalFolder;--->getName()Ljava/lang/String;
10-31 09:00:19.894 13108 13130 D M_InsDal: Lcom/fsck/k9/Account;--->getOutboxFolderName()Ljava/lang/String;
10-31 09:00:19.894 13108 13130 D M_InsDal: Lcom/fsck/k9/mailstore/LocalFolder;--->open(I)V
10-31 09:00:19.894 13108 13130 D M_InsDal: Lcom/fsck/k9/mailstore/LocalFolder;--->isOpen()Z
10-31 09:00:19.894 13108 13130 D M_InsDal: Lcom/fsck/k9/mailstore/LocalFolder;--->getMode()I
10-31 09:00:19.894 13108 13130 D M_InsDal: Lcom/fsck/k9/mailstore/LocalFolder;--->getDisplayClass()Lcom/fsck/k9/mail/Folder$FolderClass;
10-31 09:00:19.894 13108 13130 D M_InsDal: Lcom/fsck/k9/mailstore/LocalFolder;--->getPushClass()Lcom/fsck/k9/mail/Folder$FolderClass;
10-31 09:00:19.894 13108 13130 D M_InsDal: Lcom/fsck/k9/mailstore/LocalFolder;--->getSyncClass()Lcom/fsck/k9/mail/Folder$FolderClass;
10-31 09:00:19.894 13108 13130 D M_InsDal: Lcom/fsck/k9/controller/MessagingController;--->modeMismatch(Lcom/fsck/k9/Account$FolderMode;Lcom/fsck/k9/mail/Folder$FolderClass;)Z
10-31 09:00:19.894 13108 13130 D M_InsDal: Lcom/fsck/k9/controller/MessagingController;--->modeMismatch(Lcom/fsck/k9/Account$FolderMode;Lcom/fsck/k9/mail/Folder$FolderClass;)Z
10-31 09:00:19.894 13108 13130 D M_InsDal: Lcom/fsck/k9/mailstore/LocalFolder;--->getName()Ljava/lang/String;
10-31 09:00:19.894 13108 13130 D M_InsDal: Lcom/fsck/k9/Account;--->getOutboxFolderName()Ljava/lang/String;
10-31 09:00:19.894 13108 13130 D M_InsDal: Lcom/fsck/k9/mailstore/LocalFolder;--->open(I)V
10-31 09:00:19.894 13108 13130 D M_InsDal: Lcom/fsck/k9/mailstore/LocalFolder;--->isOpen()Z
10-31 09:00:19.894 13108 13130 D M_InsDal: Lcom/fsck/k9/mailstore/LocalFolder;--->getMode()I
10-31 09:00:19.894 13108 13130 D M_InsDal: Lcom/fsck/k9/mailstore/LocalFolder;--->getDisplayClass()Lcom/fsck/k9/mail/Folder$FolderClass;
10-31 09:00:19.894 13108 13130 D M_InsDal: Lcom/fsck/k9/mailstore/LocalFolder;--->getPushClass()Lcom/fsck/k9/mail/Folder$FolderClass;
10-31 09:00:19.894 13108 13130 D M_InsDal: Lcom/fsck/k9/mailstore/LocalFolder;--->getSyncClass()Lcom/fsck/k9/mail/Folder$FolderClass;
10-31 09:00:19.894 13108 13130 D M_InsDal: Lcom/fsck/k9/controller/MessagingController;--->modeMismatch(Lcom/fsck/k9/Account$FolderMode;Lcom/fsck/k9/mail/Folder$FolderClass;)Z
10-31 09:00:19.894 13108 13130 D M_InsDal: Lcom/fsck/k9/controller/MessagingController;--->modeMismatch(Lcom/fsck/k9/Account$FolderMode;Lcom/fsck/k9/mail/Folder$FolderClass;)Z
10-31 09:00:19.894 13108 13130 D M_InsDal: Lcom/fsck/k9/mailstore/LocalFolder;--->getName()Ljava/lang/String;
10-31 09:00:19.894 13108 13130 D M_InsDal: Lcom/fsck/k9/Account;--->getOutboxFolderName()Ljava/lang/String;
10-31 09:00:19.894 13108 13130 D M_InsDal: Lcom/fsck/k9/mailstore/LocalFolder;--->open(I)V
10-31 09:00:19.894 13108 13130 D M_InsDal: Lcom/fsck/k9/mailstore/LocalFolder;--->isOpen()Z
10-31 09:00:19.894 13108 13130 D M_InsDal: Lcom/fsck/k9/mailstore/LocalFolder;--->getMode()I
10-31 09:00:19.894 13108 13130 D M_InsDal: Lcom/fsck/k9/mailstore/LocalFolder;--->getDisplayClass()Lcom/fsck/k9/mail/Folder$FolderClass;
10-31 09:00:19.894 13108 13130 D M_InsDal: Lcom/fsck/k9/mailstore/LocalFolder;--->getPushClass()Lcom/fsck/k9/mail/Folder$FolderClass;
10-31 09:00:19.894 13108 13130 D M_InsDal: Lcom/fsck/k9/mailstore/LocalFolder;--->getSyncClass()Lcom/fsck/k9/mail/Folder$FolderClass;
10-31 09:00:19.894 13108 13130 D M_InsDal: Lcom/fsck/k9/controller/MessagingController;--->modeMismatch(Lcom/fsck/k9/Account$FolderMode;Lcom/fsck/k9/mail/Folder$FolderClass;)Z
10-31 09:00:19.894 13108 13130 D M_InsDal: Lcom/fsck/k9/controller/MessagingController;--->modeMismatch(Lcom/fsck/k9/Account$FolderMode;Lcom/fsck/k9/mail/Folder$FolderClass;)Z
10-31 09:00:19.894 13108 13130 D M_InsDal: Lcom/fsck/k9/Account;--->getDescription()Ljava/lang/String;
10-31 09:00:19.894 13108 13130 D M_InsDal: Lcom/fsck/k9/service/MailService;--->schedulePushers()V
10-31 09:00:19.894 13108 13130 D M_InsDal: Lcom/fsck/k9/controller/MessagingController;--->getInstance(Landroid/content/Context;)Lcom/fsck/k9/controller/MessagingController;
10-31 09:00:19.894 13108 13130 D M_InsDal: Lcom/fsck/k9/controller/MessagingController;--->getPushers()Ljava/util/Collection;
10-31 09:00:19.894 13108 13130 D M_InsDal: Lcom/fsck/k9/service/MailService;--->isSyncDisabled()Z
10-31 09:00:19.894 13108 13130 D M_InsDal: Lcom/fsck/k9/mail/power/TracingPowerManager$TracingWakeLock;--->release()V
10-31 09:00:19.894 13108 13130 D M_InsDal: Lcom/fsck/k9/mail/K9MailLib;--->isDebug()Z
10-31 09:00:19.894 13108 13130 D M_InsDal: Lcom/fsck/k9/K9$2;--->enabled()Z
10-31 09:00:19.894 13108 13130 D M_InsDal: Lcom/fsck/k9/mail/power/TracingPowerManager$TracingWakeLock;--->cancelNotification()V
10-31 09:00:19.894 13108 13108 D M_InsDal: Lcom/fsck/k9/service/PushService;---><init>()V
10-31 09:00:19.894 13108 13108 D M_InsDal: Lcom/fsck/k9/service/CoreService;---><init>()V
10-31 09:00:19.894 13108 13108 D M_InsDal: Lcom/fsck/k9/service/CoreService;--->onCreate()V
10-31 09:00:19.895 13108 13108 D M_InsDal: Lcom/fsck/k9/service/PushService;--->onCreate()V
10-31 09:00:19.895 13108 13108 D M_InsDal: Lcom/fsck/k9/service/CoreService;--->setAutoShutdown(Z)V
10-31 09:00:19.895 13108 13108 D M_InsDal: Lcom/fsck/k9/service/CoreService;--->onStartCommand(Landroid/content/Intent;II)I
10-31 09:00:19.895 13108 13108 D M_InsDal: Lcom/fsck/k9/service/CoreService;--->acquireWakeLock(Landroid/content/Context;Ljava/lang/String;J)Lcom/fsck/k9/mail/power/TracingPowerManager$TracingWakeLock;
10-31 09:00:19.895 13108 13108 D M_InsDal: Lcom/fsck/k9/mail/power/TracingPowerManager;--->getPowerManager(Landroid/content/Context;)Lcom/fsck/k9/mail/power/TracingPowerManager;
10-31 09:00:19.895 13108 13108 D M_InsDal: Lcom/fsck/k9/mail/power/TracingPowerManager;--->newWakeLock(ILjava/lang/String;)Lcom/fsck/k9/mail/power/TracingPowerManager$TracingWakeLock;
10-31 09:00:19.895 13108 13108 D M_InsDal: Lcom/fsck/k9/mail/power/TracingPowerManager$TracingWakeLock;---><init>(Lcom/fsck/k9/mail/power/TracingPowerManager;ILjava/lang/String;)V
10-31 09:00:19.895 13108 13108 D M_InsDal: Lcom/fsck/k9/mail/K9MailLib;--->isDebug()Z
10-31 09:00:19.895 13108 13108 D M_InsDal: Lcom/fsck/k9/K9$2;--->enabled()Z
10-31 09:00:19.895 13108 13108 D M_InsDal: Lcom/fsck/k9/mail/power/TracingPowerManager$TracingWakeLock;--->setReferenceCounted(Z)V
10-31 09:00:19.895 13108 13108 D M_InsDal: Lcom/fsck/k9/mail/power/TracingPowerManager$TracingWakeLock;--->acquire(J)V
10-31 09:00:19.896 13108 13108 D M_InsDal: Lcom/fsck/k9/mail/K9MailLib;--->isDebug()Z
10-31 09:00:19.896 13108 13108 D M_InsDal: Lcom/fsck/k9/K9$2;--->enabled()Z
10-31 09:00:19.896 13108 13108 D M_InsDal: Lcom/fsck/k9/mail/power/TracingPowerManager$TracingWakeLock;--->raiseNotification()V
10-31 09:00:19.896 13108 13108 D M_InsDal: Lcom/fsck/k9/mail/power/TracingPowerManager$TracingWakeLock;--->release()V
10-31 09:00:19.896 13108 13108 D M_InsDal: Lcom/fsck/k9/mail/K9MailLib;--->isDebug()Z
10-31 09:00:19.896 13108 13108 D M_InsDal: Lcom/fsck/k9/K9$2;--->enabled()Z
10-31 09:00:19.896 13108 13108 D M_InsDal: Lcom/fsck/k9/mail/power/TracingPowerManager$TracingWakeLock;--->cancelNotification()V
10-31 09:00:19.896 13108 13108 D M_InsDal: Lcom/fsck/k9/service/PushService;--->startService(Landroid/content/Intent;I)I
10-31 09:00:19.897 13108 13108 D M_InsDal: Lcom/fsck/k9/mail/power/TracingPowerManager$TracingWakeLock;--->release()V
10-31 09:00:19.897 13108 13108 D M_InsDal: Lcom/fsck/k9/mail/K9MailLib;--->isDebug()Z
10-31 09:00:19.897 13108 13108 D M_InsDal: Lcom/fsck/k9/K9$2;--->enabled()Z
10-31 09:00:19.897 13108 13108 D M_InsDal: Lcom/fsck/k9/mail/power/TracingPowerManager$TracingWakeLock;--->cancelNotification()V
10-31 09:00:20.198 13108 13108 D M_InsDal: Lcom/fsck/k9/service/MailService;--->onDestroy()V
10-31 09:00:20.198 13108 13108 D M_InsDal: Lcom/fsck/k9/service/CoreService;--->onDestroy()V
10-31 09:00:20.199 13108 13108 D M_InsDal: Lcom/fsck/k9/service/CoreService;--->onDestroy()V
10-31 09:00:22.017 13108 13108 D M_InsDal: Lcom/fsck/k9/activity/K9Activity;--->dispatchTouchEvent(Landroid/view/MotionEvent;)Z
10-31 09:00:22.017 13108 13108 D M_InsDal: Lcom/fsck/k9/activity/K9ActivityCommon;--->preDispatchTouchEvent(Landroid/view/MotionEvent;)V
10-31 09:00:22.017 13108 13108 D M_InsDal: Lcom/fsck/k9/activity/K9Activity;--->dispatchTouchEvent(Landroid/view/MotionEvent;)Z
10-31 09:00:22.017 13108 13108 D M_InsDal: Lcom/fsck/k9/activity/K9ActivityCommon;--->preDispatchTouchEvent(Landroid/view/MotionEvent;)V
10-31 09:00:22.019 13108 13108 D M_InsDal: Lcom/fsck/k9/activity/K9Activity;--->dispatchTouchEvent(Landroid/view/MotionEvent;)Z
10-31 09:00:22.019 13108 13108 D M_InsDal: Lcom/fsck/k9/activity/K9ActivityCommon;--->preDispatchTouchEvent(Landroid/view/MotionEvent;)V
10-31 09:00:22.020 13108 13108 D M_InsDal: Lcom/fsck/k9/activity/K9Activity;--->dispatchTouchEvent(Landroid/view/MotionEvent;)Z
10-31 09:00:22.020 13108 13108 D M_InsDal: Lcom/fsck/k9/activity/K9ActivityCommon;--->preDispatchTouchEvent(Landroid/view/MotionEvent;)V
10-31 09:00:22.021 13108 13108 D M_InsDal: Lcom/fsck/k9/activity/K9Activity;--->dispatchTouchEvent(Landroid/view/MotionEvent;)Z
10-31 09:00:22.021 13108 13108 D M_InsDal: Lcom/fsck/k9/activity/K9ActivityCommon;--->preDispatchTouchEvent(Landroid/view/MotionEvent;)V
10-31 09:00:22.021 13108 13108 D M_InsDal: Lcom/fsck/k9/activity/K9Activity;--->dispatchTouchEvent(Landroid/view/MotionEvent;)Z
10-31 09:00:22.021 13108 13108 D M_InsDal: Lcom/fsck/k9/activity/K9ActivityCommon;--->preDispatchTouchEvent(Landroid/view/MotionEvent;)V
10-31 09:00:22.022 13108 13108 D M_InsDal: Lcom/fsck/k9/activity/K9Activity;--->dispatchTouchEvent(Landroid/view/MotionEvent;)Z
10-31 09:00:22.022 13108 13108 D M_InsDal: Lcom/fsck/k9/activity/K9ActivityCommon;--->preDispatchTouchEvent(Landroid/view/MotionEvent;)V
10-31 09:00:22.022 13108 13108 D M_InsDal: Lcom/fsck/k9/activity/K9Activity;--->dispatchTouchEvent(Landroid/view/MotionEvent;)Z
10-31 09:00:22.022 13108 13108 D M_InsDal: Lcom/fsck/k9/activity/K9ActivityCommon;--->preDispatchTouchEvent(Landroid/view/MotionEvent;)V
10-31 09:00:22.023 13108 13108 D M_InsDal: Lcom/fsck/k9/activity/K9Activity;--->dispatchTouchEvent(Landroid/view/MotionEvent;)Z
10-31 09:00:22.023 13108 13108 D M_InsDal: Lcom/fsck/k9/activity/K9ActivityCommon;--->preDispatchTouchEvent(Landroid/view/MotionEvent;)V
10-31 09:00:22.024 13108 13108 D M_InsDal: Lcom/fsck/k9/activity/K9Activity;--->dispatchTouchEvent(Landroid/view/MotionEvent;)Z
10-31 09:00:22.024 13108 13108 D M_InsDal: Lcom/fsck/k9/activity/K9ActivityCommon;--->preDispatchTouchEvent(Landroid/view/MotionEvent;)V
10-31 09:00:22.024 13108 13108 D M_InsDal: Lcom/fsck/k9/activity/K9Activity;--->dispatchTouchEvent(Landroid/view/MotionEvent;)Z
10-31 09:00:22.024 13108 13108 D M_InsDal: Lcom/fsck/k9/activity/K9ActivityCommon;--->preDispatchTouchEvent(Landroid/view/MotionEvent;)V
10-31 09:00:22.026 13108 13108 D M_InsDal: Lcom/fsck/k9/activity/setup/AccountSetupAccountType;--->onClick(Landroid/view/View;)V
10-31 09:00:22.026 13108 13108 D M_InsDal: Lcom/fsck/k9/mail/ServerSettings$Type;---><clinit>()V
10-31 09:00:22.026 13108 13108 D M_InsDal: Lcom/fsck/k9/mail/ServerSettings$Type;---><init>(Ljava/lang/String;III)V
10-31 09:00:22.026 13108 13108 D M_InsDal: Lcom/fsck/k9/mail/ServerSettings$Type;---><init>(Ljava/lang/String;III)V
10-31 09:00:22.026 13108 13108 D M_InsDal: Lcom/fsck/k9/activity/setup/AccountSetupAccountType;--->setupStoreAndSmtpTransport(Lcom/fsck/k9/mail/ServerSettings$Type;Ljava/lang/String;)V
10-31 09:00:22.026 13108 13108 D M_InsDal: Lcom/fsck/k9/activity/setup/AccountSetupAccountType;--->failure(Ljava/lang/Exception;)V
10-31 09:00:22.029 13108 13108 D M_InsDal: Lcom/fsck/k9/activity/setup/AccountSetupIncoming;--->actionIncomingSettings(Landroid/app/Activity;Lcom/fsck/k9/Account;Z)V
10-31 09:00:22.030 13108 13108 E AndroidRuntime: FATAL EXCEPTION: main
10-31 09:00:22.030 13108 13108 E AndroidRuntime: Process: com.fsck.k9, PID: 13108
10-31 09:00:22.030 13108 13108 E AndroidRuntime: java.lang.NullPointerException: Attempt to invoke virtual method 'java.lang.String com.fsck.k9.Account.getUuid()' on a null object reference
10-31 09:00:22.030 13108 13108 E AndroidRuntime: 	at com.fsck.k9.activity.setup.AccountSetupIncoming.actionIncomingSettings(AccountSetupIncoming.java:89)
10-31 09:00:22.030 13108 13108 E AndroidRuntime: 	at com.fsck.k9.activity.setup.AccountSetupAccountType.onClick(AccountSetupAccountType.java:122)
10-31 09:00:22.030 13108 13108 E AndroidRuntime: 	at android.view.View.performClick(View.java:6599)
10-31 09:00:22.030 13108 13108 E AndroidRuntime: 	at android.view.View.performClickInternal(View.java:6576)
10-31 09:00:22.030 13108 13108 E AndroidRuntime: 	at android.view.View.access$3100(View.java:780)
10-31 09:00:22.030 13108 13108 E AndroidRuntime: 	at android.view.View$PerformClick.run(View.java:25899)
10-31 09:00:22.030 13108 13108 E AndroidRuntime: 	at android.os.Handler.handleCallback(Handler.java:873)
10-31 09:00:22.030 13108 13108 E AndroidRuntime: 	at android.os.Handler.dispatchMessage(Handler.java:99)
10-31 09:00:22.030 13108 13108 E AndroidRuntime: 	at android.os.Looper.loop(Looper.java:193)
10-31 09:00:22.030 13108 13108 E AndroidRuntime: 	at android.app.ActivityThread.main(ActivityThread.java:6730)
10-31 09:00:22.030 13108 13108 E AndroidRuntime: 	at java.lang.reflect.Method.invoke(Native Method)
10-31 09:00:22.030 13108 13108 E AndroidRuntime: 	at com.android.internal.os.RuntimeInit$MethodAndArgsCaller.run(RuntimeInit.java:493)
10-31 09:00:22.030 13108 13108 E AndroidRuntime: 	at com.android.internal.os.ZygoteInit.main(ZygoteInit.java:860)
--------- beginning of main
10-31 09:00:11.992 13020 13020 D M_InsDal: Lcom/fsck/k9/Account$Expunge;--->values()[Lcom/fsck/k9/Account$Expunge;
10-31 09:00:11.992 13020 13020 D M_InsDal: Lcom/fsck/k9/preferences/Storage;--->getBoolean(Ljava/lang/String;Z)Z
10-31 09:00:11.992 13020 13020 D M_InsDal: Lcom/fsck/k9/preferences/Storage;--->getInt(Ljava/lang/String;I)I
10-31 09:00:11.992 13020 13020 D M_InsDal: Lcom/fsck/k9/preferences/Storage;--->getBoolean(Ljava/lang/String;Z)Z
10-31 09:00:11.992 13020 13020 D M_InsDal: Lcom/fsck/k9/preferences/Storage;--->getBoolean(Ljava/lang/String;Z)Z
10-31 09:00:11.992 13020 13020 D M_InsDal: Lcom/fsck/k9/preferences/Storage;--->getInt(Ljava/lang/String;I)I
10-31 09:00:11.992 13020 13020 D M_InsDal: Lcom/fsck/k9/preferences/Storage;--->getInt(Ljava/lang/String;I)I
10-31 09:00:11.992 13020 13020 D M_InsDal: Lcom/fsck/k9/Preferences;--->getEnumStringPref(Lcom/fsck/k9/preferences/Storage;Ljava/lang/String;Ljava/lang/Enum;)Ljava/lang/Enum;
10-31 09:00:11.992 13020 13020 D M_InsDal: Lcom/fsck/k9/preferences/Storage;--->getString(Ljava/lang/String;Ljava/lang/String;)Ljava/lang/String;
10-31 09:00:11.992 13020 13020 D M_InsDal: Lcom/fsck/k9/Account$MessageFormat;--->values()[Lcom/fsck/k9/Account$MessageFormat;
10-31 09:00:11.992 13020 13020 D M_InsDal: Lcom/fsck/k9/preferences/Storage;--->getBoolean(Ljava/lang/String;Z)Z
10-31 09:00:11.992 13020 13020 D M_InsDal: Lcom/fsck/k9/preferences/Storage;--->getBoolean(Ljava/lang/String;Z)Z
10-31 09:00:11.992 13020 13020 D M_InsDal: Lcom/fsck/k9/Preferences;--->getEnumStringPref(Lcom/fsck/k9/preferences/Storage;Ljava/lang/String;Ljava/lang/Enum;)Ljava/lang/Enum;
10-31 09:00:11.992 13020 13020 D M_InsDal: Lcom/fsck/k9/preferences/Storage;--->getString(Ljava/lang/String;Ljava/lang/String;)Ljava/lang/String;
10-31 09:00:11.992 13020 13020 D M_InsDal: Lcom/fsck/k9/Account$QuoteStyle;--->values()[Lcom/fsck/k9/Account$QuoteStyle;
10-31 09:00:11.992 13020 13020 D M_InsDal: Lcom/fsck/k9/preferences/Storage;--->getString(Ljava/lang/String;Ljava/lang/String;)Ljava/lang/String;
10-31 09:00:11.992 13020 13020 D M_InsDal: Lcom/fsck/k9/preferences/Storage;--->getBoolean(Ljava/lang/String;Z)Z
10-31 09:00:11.992 13020 13020 D M_InsDal: Lcom/fsck/k9/preferences/Storage;--->getBoolean(Ljava/lang/String;Z)Z
10-31 09:00:11.992 13020 13020 D M_InsDal: Lcom/fsck/k9/mail/NetworkType;---><clinit>()V
10-31 09:00:11.992 13020 13020 D M_InsDal: Lcom/fsck/k9/mail/NetworkType;---><init>(Ljava/lang/String;I)V
10-31 09:00:11.992 13020 13020 D M_InsDal: Lcom/fsck/k9/mail/NetworkType;---><init>(Ljava/lang/String;I)V
10-31 09:00:11.992 13020 13020 D M_InsDal: Lcom/fsck/k9/mail/NetworkType;--->values()[Lcom/fsck/k9/mail/NetworkType;
10-31 09:00:11.992 13020 13020 D M_InsDal: Lcom/fsck/k9/preferences/Storage;--->getBoolean(Ljava/lang/String;Z)Z
10-31 09:00:11.992 13020 13020 D M_InsDal: Lcom/fsck/k9/preferences/Storage;--->getBoolean(Ljava/lang/String;Z)Z
10-31 09:00:11.992 13020 13020 D M_InsDal: Lcom/fsck/k9/preferences/Storage;--->getString(Ljava/lang/String;Ljava/lang/String;)Ljava/lang/String;
10-31 09:00:11.992 13020 13020 D M_InsDal: Lcom/fsck/k9/preferences/Storage;--->getInt(Ljava/lang/String;I)I
10-31 09:00:11.992 13020 13020 D M_InsDal: Lcom/fsck/k9/preferences/Storage;--->getInt(Ljava/lang/String;I)I
10-31 09:00:11.992 13020 13020 D M_InsDal: Lcom/fsck/k9/Preferences;--->getEnumStringPref(Lcom/fsck/k9/preferences/Storage;Ljava/lang/String;Ljava/lang/Enum;)Ljava/lang/Enum;
10-31 09:00:11.992 13020 13020 D M_InsDal: Lcom/fsck/k9/preferences/Storage;--->getString(Ljava/lang/String;Ljava/lang/String;)Ljava/lang/String;
10-31 09:00:11.992 13020 13020 D M_InsDal: Lcom/fsck/k9/preferences/Storage;--->getBoolean(Ljava/lang/String;Z)Z
10-31 09:00:11.992 13020 13020 D M_InsDal: Lcom/fsck/k9/Account$ShowPictures;---><clinit>()V
10-31 09:00:11.992 13020 13020 D M_InsDal: Lcom/fsck/k9/Account$ShowPictures;---><init>(Ljava/lang/String;I)V
10-31 09:00:11.992 13020 13020 D M_InsDal: Lcom/fsck/k9/Account$ShowPictures;---><init>(Ljava/lang/String;I)V
10-31 09:00:11.992 13020 13020 D M_InsDal: Lcom/fsck/k9/Preferences;--->getEnumStringPref(Lcom/fsck/k9/preferences/Storage;Ljava/lang/String;Ljava/lang/Enum;)Ljava/lang/Enum;
10-31 09:00:11.992 13020 13020 D M_InsDal: Lcom/fsck/k9/preferences/Storage;--->getString(Ljava/lang/String;Ljava/lang/String;)Ljava/lang/String;
10-31 09:00:11.992 13020 13020 D M_InsDal: Lcom/fsck/k9/Account$ShowPictures;--->values()[Lcom/fsck/k9/Account$ShowPictures;
10-31 09:00:11.992 13020 13020 D M_InsDal: Lcom/fsck/k9/preferences/Storage;--->getBoolean(Ljava/lang/String;Z)Z
10-31 09:00:11.992 13020 13020 D M_InsDal: Lcom/fsck/k9/NotificationSetting;--->setVibrate(Z)V
10-31 09:00:11.992 13020 13020 D M_InsDal: Lcom/fsck/k9/preferences/Storage;--->getInt(Ljava/lang/String;I)I
10-31 09:00:11.992 13020 13020 D M_InsDal: Lcom/fsck/k9/NotificationSetting;--->setVibratePattern(I)V
10-31 09:00:11.992 13020 13020 D M_InsDal: Lcom/fsck/k9/preferences/Storage;--->getInt(Ljava/lang/String;I)I
10-31 09:00:11.992 13020 13020 D M_InsDal: Lcom/fsck/k9/NotificationSetting;--->setVibrateTimes(I)V
10-31 09:00:11.992 13020 13020 D M_InsDal: Lcom/fsck/k9/preferences/Storage;--->getBoolean(Ljava/lang/String;Z)Z
10-31 09:00:11.992 13020 13020 D M_InsDal: Lcom/fsck/k9/NotificationSetting;--->setRingEnabled(Z)V
10-31 09:00:11.992 13020 13020 D M_InsDal: Lcom/fsck/k9/preferences/Storage;--->getString(Ljava/lang/String;Ljava/lang/String;)Ljava/lang/String;
10-31 09:00:11.992 13020 13020 D M_InsDal: Lcom/fsck/k9/NotificationSetting;--->setRingtone(Ljava/lang/String;)V
10-31 09:00:11.993 13020 13020 D M_InsDal: Lcom/fsck/k9/preferences/Storage;--->getBoolean(Ljava/lang/String;Z)Z
10-31 09:00:11.993 13020 13020 D M_InsDal: Lcom/fsck/k9/NotificationSetting;--->setLed(Z)V
10-31 09:00:11.993 13020 13020 D M_InsDal: Lcom/fsck/k9/preferences/Storage;--->getInt(Ljava/lang/String;I)I
10-31 09:00:11.993 13020 13020 D M_InsDal: Lcom/fsck/k9/NotificationSetting;--->setLedColor(I)V
10-31 09:00:11.993 13020 13020 D M_InsDal: Lcom/fsck/k9/Preferences;--->getEnumStringPref(Lcom/fsck/k9/preferences/Storage;Ljava/lang/String;Ljava/lang/Enum;)Ljava/lang/Enum;
