10-31 08:44:37.537  7785  7785 D M_InsDal: Lcom/fsck/k9/activity/MessageCompose;---><clinit>()V
10-31 08:44:37.537  7785  7785 D M_InsDal: Lcom/fsck/k9/activity/MessageCompose;---><init>()V
10-31 08:44:37.537  7785  7785 D M_InsDal: Lcom/fsck/k9/activity/K9Activity;---><init>()V
10-31 08:44:37.537  7785  7785 D M_InsDal: Lcom/fsck/k9/activity/MessageCompose$10;---><init>(Lcom/fsck/k9/activity/MessageCompose;)V
10-31 08:44:37.538  7785  7785 D M_InsDal: Lcom/fsck/k9/activity/MessageCompose$11;---><init>(Lcom/fsck/k9/activity/MessageCompose;)V
10-31 08:44:37.538  7785  7785 D M_InsDal: Lcom/fsck/k9/controller/SimpleMessagingListener;---><init>()V
10-31 08:44:37.538  7785  7785 D M_InsDal: Lcom/fsck/k9/activity/MessageCompose$12;---><init>(Lcom/fsck/k9/activity/MessageCompose;)V
10-31 08:44:37.538  7785  7785 D M_InsDal: Lcom/fsck/k9/activity/MessageCompose$13;---><init>(Lcom/fsck/k9/activity/MessageCompose;)V
10-31 08:44:37.538  7785  7785 D M_InsDal: Lcom/fsck/k9/activity/K9Activity;--->onCreate(Landroid/os/Bundle;)V
10-31 08:44:37.538  7785  7785 D M_InsDal: Lcom/fsck/k9/activity/K9ActivityCommon;--->newInstance(Landroid/app/Activity;)Lcom/fsck/k9/activity/K9ActivityCommon;
10-31 08:44:37.538  7785  7785 D M_InsDal: Lcom/fsck/k9/activity/K9ActivityCommon;---><init>(Landroid/app/Activity;)V
10-31 08:44:37.538  7785  7785 D M_InsDal: Lcom/fsck/k9/K9;--->getK9Language()Ljava/lang/String;
10-31 08:44:37.539  7785  7785 D M_InsDal: Lcom/fsck/k9/activity/K9ActivityCommon;--->setLanguage(Landroid/content/Context;Ljava/lang/String;)V
10-31 08:44:37.539  7785  7785 D M_InsDal: Lcom/fsck/k9/K9;--->getK9ThemeResourceId()I
10-31 08:44:37.539  7785  7785 D M_InsDal: Lcom/fsck/k9/K9;--->getK9ThemeResourceId(Lcom/fsck/k9/K9$Theme;)I
10-31 08:44:37.539  7785  7785 D M_InsDal: Lcom/fsck/k9/activity/MessageCompose;--->onCreate(Landroid/os/Bundle;)V
10-31 08:44:37.539  7785  7785 D M_InsDal: Lcom/fsck/k9/activity/UpgradeDatabases;--->actionUpgradeDatabases(Landroid/content/Context;Landroid/content/Intent;)Z
10-31 08:44:37.539  7785  7785 D M_InsDal: Lcom/fsck/k9/K9;--->areDatabasesUpToDate()Z
10-31 08:44:37.539  7785  7785 D M_InsDal: Lcom/fsck/k9/K9;--->getK9ComposerThemeSetting()Lcom/fsck/k9/K9$Theme;
10-31 08:44:37.551  7785  7785 D M_InsDal: Lcom/fsck/k9/view/ToolableViewAnimator;---><init>(Landroid/content/Context;Landroid/util/AttributeSet;)V
10-31 08:44:37.551  7785  7785 D M_InsDal: Lcom/fsck/k9/view/ToolableViewAnimator;--->addView(Landroid/view/View;ILandroid/view/ViewGroup$LayoutParams;)V
10-31 08:44:37.552  7785  7785 D M_InsDal: Lcom/fsck/k9/view/ToolableViewAnimator;--->addView(Landroid/view/View;ILandroid/view/ViewGroup$LayoutParams;)V
10-31 08:44:37.552  7785  7785 D M_InsDal: Lcom/fsck/k9/view/ToolableViewAnimator;---><init>(Landroid/content/Context;Landroid/util/AttributeSet;)V
10-31 08:44:37.552  7785  7785 D M_InsDal: Lcom/fsck/k9/view/ToolableViewAnimator;--->addView(Landroid/view/View;ILandroid/view/ViewGroup$LayoutParams;)V
10-31 08:44:37.553  7785  7785 D M_InsDal: Lcom/fsck/k9/view/ToolableViewAnimator;--->addView(Landroid/view/View;ILandroid/view/ViewGroup$LayoutParams;)V
10-31 08:44:37.554  7785  7785 D M_InsDal: Lcom/fsck/k9/view/RecipientSelectView;---><init>(Landroid/content/Context;Landroid/util/AttributeSet;)V
10-31 08:44:37.557  7785  7785 D M_InsDal: Lcom/fsck/k9/view/RecipientSelectView;--->initView(Landroid/content/Context;)V
10-31 08:44:37.558  7785  7785 D M_InsDal: Lcom/fsck/k9/activity/AlternateRecipientAdapter;---><init>(Landroid/content/Context;Lcom/fsck/k9/activity/AlternateRecipientAdapter$AlternateRecipientListener;)V
10-31 08:44:37.558  7785  7785 D M_InsDal: Lcom/fsck/k9/activity/compose/RecipientAdapter;---><init>(Landroid/content/Context;)V
10-31 08:44:37.558  7785  7785 D M_InsDal: Lcom/fsck/k9/activity/compose/RecipientAdapter;--->getFilter()Landroid/widget/Filter;
10-31 08:44:37.558  7785  7785 D M_InsDal: Lcom/fsck/k9/activity/compose/RecipientAdapter$1;---><init>(Lcom/fsck/k9/activity/compose/RecipientAdapter;)V
10-31 08:44:37.559  7785  7785 D M_InsDal: Lcom/fsck/k9/view/RecipientSelectView;---><init>(Landroid/content/Context;Landroid/util/AttributeSet;)V
10-31 08:44:37.560  7785  7785 D M_InsDal: Lcom/fsck/k9/view/RecipientSelectView;--->initView(Landroid/content/Context;)V
10-31 08:44:37.560  7785  7785 D M_InsDal: Lcom/fsck/k9/activity/AlternateRecipientAdapter;---><init>(Landroid/content/Context;Lcom/fsck/k9/activity/AlternateRecipientAdapter$AlternateRecipientListener;)V
10-31 08:44:37.560  7785  7785 D M_InsDal: Lcom/fsck/k9/activity/compose/RecipientAdapter;---><init>(Landroid/content/Context;)V
10-31 08:44:37.560  7785  7785 D M_InsDal: Lcom/fsck/k9/activity/compose/RecipientAdapter;--->getFilter()Landroid/widget/Filter;
10-31 08:44:37.560  7785  7785 D M_InsDal: Lcom/fsck/k9/activity/compose/RecipientAdapter$1;---><init>(Lcom/fsck/k9/activity/compose/RecipientAdapter;)V
10-31 08:44:37.560  7785  7785 D M_InsDal: Lcom/fsck/k9/view/RecipientSelectView;---><init>(Landroid/content/Context;Landroid/util/AttributeSet;)V
10-31 08:44:37.560  7785  7785 D M_InsDal: Lcom/fsck/k9/view/RecipientSelectView;--->initView(Landroid/content/Context;)V
10-31 08:44:37.560  7785  7785 D M_InsDal: Lcom/fsck/k9/activity/AlternateRecipientAdapter;---><init>(Landroid/content/Context;Lcom/fsck/k9/activity/AlternateRecipientAdapter$AlternateRecipientListener;)V
10-31 08:44:37.560  7785  7785 D M_InsDal: Lcom/fsck/k9/activity/compose/RecipientAdapter;---><init>(Landroid/content/Context;)V
10-31 08:44:37.560  7785  7785 D M_InsDal: Lcom/fsck/k9/activity/compose/RecipientAdapter;--->getFilter()Landroid/widget/Filter;
10-31 08:44:37.560  7785  7785 D M_InsDal: Lcom/fsck/k9/activity/compose/RecipientAdapter$1;---><init>(Lcom/fsck/k9/activity/compose/RecipientAdapter;)V
10-31 08:44:37.561  7785  7785 D M_InsDal: Lcom/fsck/k9/ui/EolConvertingEditText;---><init>(Landroid/content/Context;Landroid/util/AttributeSet;)V
10-31 08:44:37.564  7785  7785 D M_InsDal: Lcom/fsck/k9/ui/EolConvertingEditText;---><init>(Landroid/content/Context;Landroid/util/AttributeSet;)V
10-31 08:44:37.564  7785  7785 D M_InsDal: Lcom/fsck/k9/view/RigidWebView;---><clinit>()V
10-31 08:44:37.564  7785  7785 D M_InsDal: Lcom/fsck/k9/view/MessageWebView;---><init>(Landroid/content/Context;Landroid/util/AttributeSet;)V
10-31 08:44:37.564  7785  7785 D M_InsDal: Lcom/fsck/k9/view/RigidWebView;---><init>(Landroid/content/Context;Landroid/util/AttributeSet;)V
10-31 08:44:37.678  7785  7785 D M_InsDal: Lcom/fsck/k9/Clock;---><clinit>()V
10-31 08:44:37.678  7785  7785 D M_InsDal: Lcom/fsck/k9/Clock;---><init>()V
10-31 08:44:37.678  7785  7785 D M_InsDal: Lcom/fsck/k9/Throttle;---><clinit>()V
10-31 08:44:37.679  7785  7785 D M_InsDal: Lcom/fsck/k9/view/RigidWebView$1;---><init>(Lcom/fsck/k9/view/RigidWebView;)V
10-31 08:44:37.679  7785  7785 D M_InsDal: Lcom/fsck/k9/helper/Utility;--->getMainThreadHandler()Landroid/os/Handler;
10-31 08:44:37.679  7785  7785 D M_InsDal: Lcom/fsck/k9/Throttle;---><init>(Ljava/lang/String;Ljava/lang/Runnable;Landroid/os/Handler;II)V
10-31 08:44:37.679  7785  7785 D M_InsDal: Lcom/fsck/k9/Throttle;---><init>(Ljava/lang/String;Ljava/lang/Runnable;Landroid/os/Handler;IILcom/fsck/k9/Clock;Ljava/util/Timer;)V
10-31 08:44:37.682  7785  7785 D M_InsDal: Lcom/fsck/k9/ui/EolConvertingEditText;---><init>(Landroid/content/Context;Landroid/util/AttributeSet;)V
10-31 08:44:37.684  7785  7785 D M_InsDal: Lcom/fsck/k9/activity/MessageCompose;--->initializeActionBar()V
10-31 08:44:37.685  7785  7785 D M_InsDal: Lcom/fsck/k9/activity/MessageReference;--->parse(Ljava/lang/String;)Lcom/fsck/k9/activity/MessageReference;
10-31 08:44:37.685  7785  7785 D M_InsDal: Lcom/fsck/k9/Preferences;--->getPreferences(Landroid/content/Context;)Lcom/fsck/k9/Preferences;
10-31 08:44:37.685  7785  7785 D M_InsDal: Lcom/fsck/k9/Preferences;--->getAccount(Ljava/lang/String;)Lcom/fsck/k9/Account;
10-31 08:44:37.685  7785  7785 D M_InsDal: Lcom/fsck/k9/Preferences;--->getPreferences(Landroid/content/Context;)Lcom/fsck/k9/Preferences;
10-31 08:44:37.685  7785  7785 D M_InsDal: Lcom/fsck/k9/Preferences;--->getDefaultAccount()Lcom/fsck/k9/Account;
10-31 08:44:37.685  7785  7785 D M_InsDal: Lcom/fsck/k9/Preferences;--->getStorage()Lcom/fsck/k9/preferences/Storage;
10-31 08:44:37.685  7785  7785 D M_InsDal: Lcom/fsck/k9/preferences/Storage;--->getString(Ljava/lang/String;Ljava/lang/String;)Ljava/lang/String;
10-31 08:44:37.685  7785  7785 D M_InsDal: Lcom/fsck/k9/Preferences;--->getAccount(Ljava/lang/String;)Lcom/fsck/k9/Account;
10-31 08:44:37.685  7785  7785 D M_InsDal: Lcom/fsck/k9/helper/Contacts;--->getInstance(Landroid/content/Context;)Lcom/fsck/k9/helper/Contacts;
10-31 08:44:37.685  7785  7785 D M_InsDal: Lcom/fsck/k9/helper/Contacts;---><init>(Landroid/content/Context;)V
10-31 08:44:37.685  7785  7785 D M_InsDal: Lcom/fsck/k9/activity/compose/RecipientMvpView;---><clinit>()V
10-31 08:44:37.685  7785  7785 D M_InsDal: Lcom/fsck/k9/activity/compose/RecipientMvpView;---><init>(Lcom/fsck/k9/activity/MessageCompose;)V
10-31 08:44:37.685  7785  7785 D M_InsDal: Lcom/fsck/k9/message/ComposePgpInlineDecider;---><init>()V
10-31 08:44:37.685  7785  7785 D M_InsDal: Lcom/fsck/k9/message/ComposePgpEnableByDefaultDecider;---><init>()V
10-31 08:44:37.685  7785  7785 D M_InsDal: Lcom/fsck/k9/message/AutocryptStatusInteractor;---><clinit>()V
10-31 08:44:37.685  7785  7785 D M_InsDal: Lcom/fsck/k9/message/AutocryptStatusInteractor;---><init>()V
10-31 08:44:37.685  7785  7785 D M_InsDal: Lcom/fsck/k9/message/AutocryptStatusInteractor;--->getInstance()Lcom/fsck/k9/message/AutocryptStatusInteractor;
10-31 08:44:37.685  7785  7785 D M_InsDal: Lcom/fsck/k9/helper/ReplyToParser;---><init>()V
10-31 08:44:37.685  7785  7785 D M_InsDal: Lcom/fsck/k9/activity/compose/RecipientPresenter;---><init>(Landroid/content/Context;Landroid/app/LoaderManager;Lcom/fsck/k9/activity/compose/RecipientMvpView;Lcom/fsck/k9/Account;Lcom/fsck/k9/message/ComposePgpInlineDecider;Lcom/fsck/k9/message/ComposePgpEnableByDefaultDecider;Lcom/fsck/k9/message/AutocryptStatusInteractor;Lcom/fsck/k9/helper/ReplyToParser;Lcom/fsck/k9/activity/compose/RecipientPresenter$RecipientsChangedListener;)V
10-31 08:44:37.685  7785  7785 D M_InsDal: Lcom/fsck/k9/activity/compose/RecipientPresenter$CryptoProviderState;---><clinit>()V
10-31 08:44:37.685  7785  7785 D M_InsDal: Lcom/fsck/k9/activity/compose/RecipientPresenter$CryptoProviderState;---><init>(Ljava/lang/String;I)V
10-31 08:44:37.685  7785  7785 D M_InsDal: Lcom/fsck/k9/activity/compose/RecipientPresenter$CryptoProviderState;---><init>(Ljava/lang/String;I)V
10-31 08:44:37.685  7785  7785 D M_InsDal: Lcom/fsck/k9/mail/Message$RecipientType;---><clinit>()V
10-31 08:44:37.685  7785  7785 D M_InsDal: Lcom/fsck/k9/mail/Message$RecipientType;---><init>(Ljava/lang/String;I)V
10-31 08:44:37.685  7785  7785 D M_InsDal: Lcom/fsck/k9/mail/Message$RecipientType;---><init>(Ljava/lang/String;I)V
10-31 08:44:37.685  7785  7785 D M_InsDal: Lcom/fsck/k9/activity/compose/RecipientPresenter$CryptoMode;---><clinit>()V
10-31 08:44:37.685  7785  7785 D M_InsDal: Lcom/fsck/k9/activity/compose/RecipientPresenter$CryptoMode;---><init>(Ljava/lang/String;I)V
10-31 08:44:37.685  7785  7785 D M_InsDal: Lcom/fsck/k9/activity/compose/RecipientPresenter$CryptoMode;---><init>(Ljava/lang/String;I)V
10-31 08:44:37.685  7785  7785 D M_InsDal: Lcom/fsck/k9/activity/compose/RecipientMvpView;--->setPresenter(Lcom/fsck/k9/activity/compose/RecipientPresenter;)V
10-31 08:44:37.685  7785  7785 D M_InsDal: Lcom/fsck/k9/activity/compose/RecipientMvpView$1;---><init>(Lcom/fsck/k9/activity/compose/RecipientMvpView;Lcom/fsck/k9/activity/compose/RecipientPresenter;)V
10-31 08:44:37.685  7785  7785 D M_InsDal: Lcom/fsck/k9/view/RecipientSelectView;--->setTokenListener(Lcom/fsck/k9/view/RecipientSelectView$TokenListener;)V
10-31 08:44:37.685  7785  7785 D M_InsDal: Lcom/fsck/k9/activity/compose/RecipientMvpView$2;---><init>(Lcom/fsck/k9/activity/compose/RecipientMvpView;Lcom/fsck/k9/activity/compose/RecipientPresenter;)V
10-31 08:44:37.685  7785  7785 D M_InsDal: Lcom/fsck/k9/view/RecipientSelectView;--->setTokenListener(Lcom/fsck/k9/view/RecipientSelectView$TokenListener;)V
10-31 08:44:37.685  7785  7785 D M_InsDal: Lcom/fsck/k9/activity/compose/RecipientMvpView$3;---><init>(Lcom/fsck/k9/activity/compose/RecipientMvpView;Lcom/fsck/k9/activity/compose/RecipientPresenter;)V
10-31 08:44:37.685  7785  7785 D M_InsDal: Lcom/fsck/k9/view/RecipientSelectView;--->setTokenListener(Lcom/fsck/k9/view/RecipientSelectView$TokenListener;)V
10-31 08:44:37.685  7785  7785 D M_InsDal: Lcom/fsck/k9/activity/compose/RecipientMvpView;--->setLoaderManager(Landroid/app/LoaderManager;)V
10-31 08:44:37.685  7785  7785 D M_InsDal: Lcom/fsck/k9/view/RecipientSelectView;--->setLoaderManager(Landroid/app/LoaderManager;)V
10-31 08:44:37.685  7785  7785 D M_InsDal: Lcom/fsck/k9/view/RecipientSelectView;--->setLoaderManager(Landroid/app/LoaderManager;)V
10-31 08:44:37.685  7785  7785 D M_InsDal: Lcom/fsck/k9/activity/compose/RecipientPresenter;--->onSwitchAccount(Lcom/fsck/k9/Account;)V
10-31 08:44:37.685  7785  7785 D M_InsDal: Lcom/fsck/k9/Account;--->isAlwaysShowCcBcc()Z
10-31 08:44:37.685  7785  7785 D M_InsDal: Lcom/fsck/k9/activity/compose/RecipientPresenter;--->setupCryptoProvider()V
10-31 08:44:37.685  7785  7785 D M_InsDal: Lcom/fsck/k9/K9;--->getOpenPgpProvider()Ljava/lang/String;
10-31 08:44:37.685  7785  7785 D M_InsDal: Lcom/fsck/k9/activity/compose/RecipientPresenter;--->setCryptoProviderState(Lcom/fsck/k9/activity/compose/RecipientPresenter$CryptoProviderState;)V
10-31 08:44:37.685  7785  7785 D M_InsDal: Lcom/fsck/k9/activity/compose/RecipientMvpView;--->setCryptoProvider(Ljava/lang/String;)V
10-31 08:44:37.685  7785  7785 D M_InsDal: Lcom/fsck/k9/view/RecipientSelectView;--->setCryptoProvider(Ljava/lang/String;Z)V
10-31 08:44:37.685  7785  7785 D M_InsDal: Lcom/fsck/k9/activity/compose/RecipientAdapter;--->setShowAdvancedInfo(Z)V
10-31 08:44:37.685  7785  7785 D M_InsDal: Lcom/fsck/k9/activity/AlternateRecipientAdapter;--->setShowAdvancedInfo(Z)V
10-31 08:44:37.685  7785  7785 D M_InsDal: Lcom/fsck/k9/view/RecipientSelectView;--->setCryptoProvider(Ljava/lang/String;Z)V
10-31 08:44:37.685  7785  7785 D M_InsDal: Lcom/fsck/k9/activity/compose/RecipientAdapter;--->setShowAdvancedInfo(Z)V
10-31 08:44:37.685  7785  7785 D M_InsDal: Lcom/fsck/k9/activity/AlternateRecipientAdapter;--->setShowAdvancedInfo(Z)V
10-31 08:44:37.685  7785  7785 D M_InsDal: Lcom/fsck/k9/view/RecipientSelectView;--->setCryptoProvider(Ljava/lang/String;Z)V
10-31 08:44:37.685  7785  7785 D M_InsDal: Lcom/fsck/k9/activity/compose/RecipientAdapter;--->setShowAdvancedInfo(Z)V
10-31 08:44:37.685  7785  7785 D M_InsDal: Lcom/fsck/k9/activity/AlternateRecipientAdapter;--->setShowAdvancedInfo(Z)V
10-31 08:44:37.685  7785  7785 D M_InsDal: Lcom/fsck/k9/activity/compose/RecipientPresenter;--->asyncUpdateCryptoStatus()V
10-31 08:44:37.685  7785  7785 D M_InsDal: Lcom/fsck/k9/Account;--->getCryptoKey()J
10-31 08:44:37.685  7785  7785 D M_InsDal: Lcom/fsck/k9/activity/compose/ComposeCryptoStatus$ComposeCryptoStatusBuilder;---><init>()V
10-31 08:44:37.685  7785  7785 D M_InsDal: Lcom/fsck/k9/activity/compose/ComposeCryptoStatus$ComposeCryptoStatusBuilder;--->setCryptoProviderState(Lcom/fsck/k9/activity/compose/RecipientPresenter$CryptoProviderState;)Lcom/fsck/k9/activity/compose/ComposeCryptoStatus$ComposeCryptoStatusBuilder;
10-31 08:44:37.685  7785  7785 D M_InsDal: Lcom/fsck/k9/activity/compose/ComposeCryptoStatus$ComposeCryptoStatusBuilder;--->setCryptoMode(Lcom/fsck/k9/activity/compose/RecipientPresenter$CryptoMode;)Lcom/fsck/k9/activity/compose/ComposeCryptoStatus$ComposeCryptoStatusBuilder;
10-31 08:44:37.685  7785  7785 D M_InsDal: Lcom/fsck/k9/activity/compose/ComposeCryptoStatus$ComposeCryptoStatusBuilder;--->setEnablePgpInline(Z)Lcom/fsck/k9/activity/compose/ComposeCryptoStatus$ComposeCryptoStatusBuilder;
10-31 08:44:37.685  7785  7785 D M_InsDal: Lcom/fsck/k9/Account;--->getAutocryptPreferEncryptMutual()Z
10-31 08:44:37.685  7785  7785 D M_InsDal: Lcom/fsck/k9/activity/compose/ComposeCryptoStatus$ComposeCryptoStatusBuilder;--->setPreferEncryptMutual(Z)Lcom/fsck/k9/activity/compose/ComposeCryptoStatus$ComposeCryptoStatusBuilder;
10-31 08:44:37.685  7785  7785 D M_InsDal: Lcom/fsck/k9/activity/compose/RecipientPresenter;--->getAllRecipients()Ljava/util/List;
10-31 08:44:37.685  7785  7785 D M_InsDal: Lcom/fsck/k9/activity/compose/RecipientMvpView;--->getToRecipients()Ljava/util/List;
10-31 08:44:37.685  7785  7785 D M_InsDal: Lcom/fsck/k9/activity/compose/RecipientMvpView;--->getCcRecipients()Ljava/util/List;
10-31 08:44:37.685  7785  7785 D M_InsDal: Lcom/fsck/k9/activity/compose/RecipientMvpView;--->getBccRecipients()Ljava/util/List;
10-31 08:44:37.685  7785  7785 D M_InsDal: Lcom/fsck/k9/activity/compose/ComposeCryptoStatus$ComposeCryptoStatusBuilder;--->setRecipients(Ljava/util/List;)Lcom/fsck/k9/activity/compose/ComposeCryptoStatus$ComposeCryptoStatusBuilder;
10-31 08:44:37.685  7785  7785 D M_InsDal: Lcom/fsck/k9/activity/compose/ComposeCryptoStatus$ComposeCryptoStatusBuilder;--->setOpenPgpKeyId(Ljava/lang/Long;)Lcom/fsck/k9/activity/compose/ComposeCryptoStatus$ComposeCryptoStatusBuilder;
10-31 08:44:37.685  7785  7785 D M_InsDal: Lcom/fsck/k9/activity/compose/ComposeCryptoStatus$ComposeCryptoStatusBuilder;--->build()Lcom/fsck/k9/activity/compose/ComposeCryptoStatus;
10-31 08:44:37.685  7785  7785 D M_InsDal: Lcom/fsck/k9/activity/compose/ComposeCryptoStatus;---><init>()V
10-31 08:44:37.685  7785  7785 D M_InsDal: Lcom/fsck/k9/activity/compose/ComposeCryptoStatus;--->getRecipientAddresses()[Ljava/lang/String;
10-31 08:44:37.685  7785  7785 D M_InsDal: Lcom/fsck/k9/activity/compose/RecipientPresenter$1;---><init>(Lcom/fsck/k9/activity/compose/RecipientPresenter;[Ljava/lang/String;Lcom/fsck/k9/activity/compose/ComposeCryptoStatus;)V
10-31 08:44:37.686  7785  7785 D M_InsDal: Lcom/fsck/k9/activity/compose/RecipientPresenter;--->asyncUpdateCryptoStatus()V
10-31 08:44:37.686  7785  7785 D M_InsDal: Lcom/fsck/k9/Account;--->getCryptoKey()J
10-31 08:44:37.686  7785  7785 D M_InsDal: Lcom/fsck/k9/activity/compose/ComposeCryptoStatus$ComposeCryptoStatusBuilder;---><init>()V
10-31 08:44:37.686  7785  7785 D M_InsDal: Lcom/fsck/k9/activity/compose/ComposeCryptoStatus$ComposeCryptoStatusBuilder;--->setCryptoProviderState(Lcom/fsck/k9/activity/compose/RecipientPresenter$CryptoProviderState;)Lcom/fsck/k9/activity/compose/ComposeCryptoStatus$ComposeCryptoStatusBuilder;
10-31 08:44:37.686  7785  7785 D M_InsDal: Lcom/fsck/k9/activity/compose/ComposeCryptoStatus$ComposeCryptoStatusBuilder;--->setCryptoMode(Lcom/fsck/k9/activity/compose/RecipientPresenter$CryptoMode;)Lcom/fsck/k9/activity/compose/ComposeCryptoStatus$ComposeCryptoStatusBuilder;
10-31 08:44:37.686  7785  7785 D M_InsDal: Lcom/fsck/k9/activity/compose/ComposeCryptoStatus$ComposeCryptoStatusBuilder;--->setEnablePgpInline(Z)Lcom/fsck/k9/activity/compose/ComposeCryptoStatus$ComposeCryptoStatusBuilder;
10-31 08:44:37.686  7785  7785 D M_InsDal: Lcom/fsck/k9/Account;--->getAutocryptPreferEncryptMutual()Z
10-31 08:44:37.686  7785  7785 D M_InsDal: Lcom/fsck/k9/activity/compose/ComposeCryptoStatus$ComposeCryptoStatusBuilder;--->setPreferEncryptMutual(Z)Lcom/fsck/k9/activity/compose/ComposeCryptoStatus$ComposeCryptoStatusBuilder;
10-31 08:44:37.686  7785  7785 D M_InsDal: Lcom/fsck/k9/activity/compose/RecipientPresenter;--->getAllRecipients()Ljava/util/List;
10-31 08:44:37.686  7785  7785 D M_InsDal: Lcom/fsck/k9/activity/compose/RecipientMvpView;--->getToRecipients()Ljava/util/List;
10-31 08:44:37.686  7785  7785 D M_InsDal: Lcom/fsck/k9/activity/compose/RecipientMvpView;--->getCcRecipients()Ljava/util/List;
10-31 08:44:37.686  7785  7785 D M_InsDal: Lcom/fsck/k9/activity/compose/RecipientMvpView;--->getBccRecipients()Ljava/util/List;
10-31 08:44:37.686  7785  7785 D M_InsDal: Lcom/fsck/k9/activity/compose/ComposeCryptoStatus$ComposeCryptoStatusBuilder;--->setRecipients(Ljava/util/List;)Lcom/fsck/k9/activity/compose/ComposeCryptoStatus$ComposeCryptoStatusBuilder;
10-31 08:44:37.686  7785  7785 D M_InsDal: Lcom/fsck/k9/activity/compose/ComposeCryptoStatus$ComposeCryptoStatusBuilder;--->setOpenPgpKeyId(Ljava/lang/Long;)Lcom/fsck/k9/activity/compose/ComposeCryptoStatus$ComposeCryptoStatusBuilder;
10-31 08:44:37.686  7785  7785 D M_InsDal: Lcom/fsck/k9/activity/compose/ComposeCryptoStatus$ComposeCryptoStatusBuilder;--->build()Lcom/fsck/k9/activity/compose/ComposeCryptoStatus;
10-31 08:44:37.686  7785  7785 D M_InsDal: Lcom/fsck/k9/activity/compose/ComposeCryptoStatus;---><init>()V
10-31 08:44:37.686  7785  7785 D M_InsDal: Lcom/fsck/k9/activity/compose/ComposeCryptoStatus;--->getRecipientAddresses()[Ljava/lang/String;
10-31 08:44:37.686  7785  7785 D M_InsDal: Lcom/fsck/k9/activity/compose/RecipientPresenter$1;---><init>(Lcom/fsck/k9/activity/compose/RecipientPresenter;[Ljava/lang/String;Lcom/fsck/k9/activity/compose/ComposeCryptoStatus;)V
10-31 08:44:37.686  7785  7785 D M_InsDal: Lcom/fsck/k9/ui/compose/QuotedMessageMvpView;---><init>(Lcom/fsck/k9/activity/MessageCompose;)V
10-31 08:44:37.686  7785  7785 D M_InsDal: Lcom/fsck/k9/view/MessageWebView;--->configure()V
10-31 08:44:37.686  7785  7845 D M_InsDal: Lcom/fsck/k9/activity/compose/RecipientPresenter$1;--->doInBackground([Ljava/lang/Void;)Lcom/fsck/k9/message/AutocryptStatusInteractor$RecipientAutocryptStatus;
10-31 08:44:37.686  7785  7785 D M_InsDal: Lcom/fsck/k9/K9;--->getK9MessageViewTheme()Lcom/fsck/k9/K9$Theme;
10-31 08:44:37.686  7785  7785 D M_InsDal: Lcom/fsck/k9/K9;--->autofitWidth()Z
10-31 08:44:37.686  7785  7846 D M_InsDal: Lcom/fsck/k9/activity/compose/RecipientPresenter$1;--->doInBackground([Ljava/lang/Void;)Lcom/fsck/k9/message/AutocryptStatusInteractor$RecipientAutocryptStatus;
10-31 08:44:37.686  7785  7785 D M_InsDal: Lcom/fsck/k9/view/MessageWebView;--->disableDisplayZoomControls()V
10-31 08:44:37.687  7785  7785 D M_InsDal: Lcom/fsck/k9/K9;--->getFontSizes()Lcom/fsck/k9/FontSizes;
10-31 08:44:37.687  7785  7785 D M_InsDal: Lcom/fsck/k9/FontSizes;--->getMessageViewContentAsPercent()I
10-31 08:44:37.687  7785  7785 D M_InsDal: Lcom/fsck/k9/view/MessageWebView;--->blockNetworkData(Z)V
10-31 08:44:37.687  7785  7785 D M_InsDal: Lcom/fsck/k9/ui/compose/QuotedMessageMvpView$1;---><init>(Lcom/fsck/k9/ui/compose/QuotedMessageMvpView;)V
10-31 08:44:37.687  7785  7785 D M_InsDal: Lcom/fsck/k9/ui/compose/QuotedMessagePresenter;---><init>(Lcom/fsck/k9/activity/MessageCompose;Lcom/fsck/k9/ui/compose/QuotedMessageMvpView;Lcom/fsck/k9/Account;)V
10-31 08:44:37.687  7785  7785 D M_InsDal: Lcom/fsck/k9/ui/compose/QuotedMessagePresenter;--->onSwitchAccount(Lcom/fsck/k9/Account;)V
10-31 08:44:37.687  7785  7785 D M_InsDal: Lcom/fsck/k9/message/QuotedTextMode;---><clinit>()V
10-31 08:44:37.687  7785  7785 D M_InsDal: Lcom/fsck/k9/message/QuotedTextMode;---><init>(Ljava/lang/String;I)V
10-31 08:44:37.687  7785  7785 D M_InsDal: Lcom/fsck/k9/message/QuotedTextMode;---><init>(Ljava/lang/String;I)V
10-31 08:44:37.687  7785  7785 D M_InsDal: Lcom/fsck/k9/Account;--->getQuoteStyle()Lcom/fsck/k9/Account$QuoteStyle;
10-31 08:44:37.687  7785  7785 D M_InsDal: Lcom/fsck/k9/ui/compose/QuotedMessageMvpView;--->setOnClickPresenter(Lcom/fsck/k9/ui/compose/QuotedMessagePresenter;)V
10-31 08:44:37.687  7785  7785 D M_InsDal: Lcom/fsck/k9/ui/compose/QuotedMessageMvpView$2;---><init>(Lcom/fsck/k9/ui/compose/QuotedMessageMvpView;Lcom/fsck/k9/ui/compose/QuotedMessagePresenter;)V
10-31 08:44:37.687  7785  7785 D M_InsDal: Lcom/fsck/k9/activity/compose/AttachmentPresenter;---><init>(Landroid/content/Context;Lcom/fsck/k9/activity/compose/AttachmentPresenter$AttachmentMvpView;Landroid/app/LoaderManager;Lcom/fsck/k9/activity/compose/AttachmentPresenter$AttachmentsChangedListener;)V
10-31 08:44:37.687  7785  7785 D M_InsDal: Lcom/fsck/k9/activity/compose/AttachmentPresenter$WaitingAction;---><clinit>()V
10-31 08:44:37.687  7785  7785 D M_InsDal: Lcom/fsck/k9/activity/compose/AttachmentPresenter$WaitingAction;---><init>(Ljava/lang/String;I)V
10-31 08:44:37.687  7785  7785 D M_InsDal: Lcom/fsck/k9/activity/compose/AttachmentPresenter$WaitingAction;---><init>(Ljava/lang/String;I)V
10-31 08:44:37.687  7785  7785 D M_InsDal: Lcom/fsck/k9/activity/compose/AttachmentPresenter$1;---><init>(Lcom/fsck/k9/activity/compose/AttachmentPresenter;)V
10-31 08:44:37.687  7785  7785 D M_InsDal: Lcom/fsck/k9/activity/compose/AttachmentPresenter$2;---><init>(Lcom/fsck/k9/activity/compose/AttachmentPresenter;)V
10-31 08:44:37.687  7785  7785 D M_InsDal: Lcom/fsck/k9/activity/MessageCompose$1;---><init>(Lcom/fsck/k9/activity/MessageCompose;)V
10-31 08:44:37.687  7785  7785 D M_InsDal: Lcom/fsck/k9/helper/SimpleTextWatcher;---><init>()V
10-31 08:44:37.687  7785  7785 D M_InsDal: Lcom/fsck/k9/activity/MessageCompose$2;---><init>(Lcom/fsck/k9/activity/MessageCompose;)V
10-31 08:44:37.687  7785  7785 D M_InsDal: Lcom/fsck/k9/helper/SimpleTextWatcher;---><init>()V
10-31 08:44:37.687  7785  7785 D M_InsDal: Lcom/fsck/k9/activity/compose/RecipientMvpView;--->addTextChangedListener(Landroid/text/TextWatcher;)V
10-31 08:44:37.687  7785  7785 D M_InsDal: Lcom/fsck/k9/ui/compose/QuotedMessageMvpView;--->addTextChangedListener(Landroid/text/TextWatcher;)V
10-31 08:44:37.687  7785  7785 D M_InsDal: Lcom/fsck/k9/ui/compose/QuotedMessagePresenter;--->showOrHideQuotedText(Lcom/fsck/k9/message/QuotedTextMode;)V
10-31 08:44:37.687  7785  7785 D M_InsDal: Lcom/fsck/k9/ui/compose/QuotedMessageMvpView;--->showOrHideQuotedText(Lcom/fsck/k9/message/QuotedTextMode;Lcom/fsck/k9/message/SimpleMessageFormat;)V
10-31 08:44:37.687  7785  7785 D M_InsDal: Lcom/fsck/k9/ui/compose/QuotedMessageMvpView$3;---><clinit>()V
10-31 08:44:37.687  7785  7785 D M_InsDal: Lcom/fsck/k9/message/QuotedTextMode;--->values()[Lcom/fsck/k9/message/QuotedTextMode;
10-31 08:44:37.687  7785  7785 D M_InsDal: Lcom/fsck/k9/activity/MessageCompose;--->initFromIntent(Landroid/content/Intent;)Z
10-31 08:44:37.687  7785  7785 D M_InsDal: Lcom/fsck/k9/activity/MessageCompose$Action;---><clinit>()V
10-31 08:44:37.687  7785  7785 D M_InsDal: Lcom/fsck/k9/activity/MessageCompose$Action;---><init>(Ljava/lang/String;II)V
10-31 08:44:37.687  7785  7785 D M_InsDal: Lcom/fsck/k9/activity/MessageCompose$Action;---><init>(Ljava/lang/String;II)V
10-31 08:44:37.687  7785  7785 D M_InsDal: Lcom/fsck/k9/Account;--->getIdentity(I)Lcom/fsck/k9/Identity;
10-31 08:44:37.687  7785  7785 D M_InsDal: Lcom/fsck/k9/Account;--->isSignatureBeforeQuotedText()Z
10-31 08:44:37.687  7785  7785 D M_InsDal: Lcom/fsck/k9/activity/MessageCompose;--->updateSignature()V
10-31 08:44:37.687  7785  7785 D M_InsDal: Lcom/fsck/k9/Identity;--->getSignatureUse()Z
10-31 08:44:37.687  7785  7785 D M_InsDal: Lcom/fsck/k9/Identity;--->getSignature()Ljava/lang/String;
10-31 08:44:37.687  7785  7785 D M_InsDal: Lcom/fsck/k9/ui/EolConvertingEditText;--->setCharacters(Ljava/lang/CharSequence;)V
10-31 08:44:37.688  7785  7785 D M_InsDal: Lcom/fsck/k9/Identity;--->getSignatureUse()Z
10-31 08:44:37.688  7785  7785 D M_InsDal: Lcom/fsck/k9/Account;--->isMessageReadReceiptAlways()Z
10-31 08:44:37.688  7785  7785 D M_InsDal: Lcom/fsck/k9/activity/MessageCompose;--->updateFrom()V
10-31 08:44:37.688  7785  7785 D M_InsDal: Lcom/fsck/k9/Identity;--->getEmail()Ljava/lang/String;
10-31 08:44:37.688  7785  7785 D M_InsDal: Lcom/fsck/k9/Account;--->getAlwaysBcc()Ljava/lang/String;
10-31 08:44:37.688  7785  7785 D M_InsDal: Lcom/fsck/k9/activity/compose/RecipientMvpView;--->requestFocusOnToField()V
10-31 08:44:37.688  7785  7785 D M_InsDal: Lcom/fsck/k9/activity/compose/RecipientMvpView;--->onFocusChange(Landroid/view/View;Z)V
10-31 08:44:37.688  7785  7785 D M_InsDal: Lcom/fsck/k9/activity/compose/RecipientPresenter;--->onToFocused()V
10-31 08:44:37.688  7785  7785 D M_InsDal: Lcom/fsck/k9/view/RecipientSelectView;--->onFocusChanged(ZILandroid/graphics/Rect;)V
10-31 08:44:37.688  7785  7785 D M_InsDal: Lcom/fsck/k9/view/RecipientSelectView;--->displayKeyboard()V
10-31 08:44:37.688  7785  7785 D M_InsDal: Lcom/fsck/k9/activity/MessageCompose;--->updateMessageFormat()V
10-31 08:44:37.688  7785  7785 D M_InsDal: Lcom/fsck/k9/Account;--->getMessageFormat()Lcom/fsck/k9/Account$MessageFormat;
10-31 08:44:37.688  7785  7785 D M_InsDal: Lcom/fsck/k9/ui/compose/QuotedMessagePresenter;--->isForcePlainText()Z
10-31 08:44:37.688  7785  7785 D M_InsDal: Lcom/fsck/k9/activity/compose/RecipientPresenter;--->isForceTextMessageFormat()Z
10-31 08:44:37.688  7785  7785 D M_InsDal: Lcom/fsck/k9/message/SimpleMessageFormat;---><clinit>()V
10-31 08:44:37.688  7785  7785 D M_InsDal: Lcom/fsck/k9/message/SimpleMessageFormat;---><init>(Ljava/lang/String;I)V
10-31 08:44:37.688  7785  7785 D M_InsDal: Lcom/fsck/k9/message/SimpleMessageFormat;---><init>(Ljava/lang/String;I)V
10-31 08:44:37.688  7785  7785 D M_InsDal: Lcom/fsck/k9/activity/MessageCompose;--->setCurrentMessageFormat(Lcom/fsck/k9/message/SimpleMessageFormat;)V
10-31 08:44:37.688  7785  7785 D M_InsDal: Lcom/fsck/k9/K9;--->getFontSizes()Lcom/fsck/k9/FontSizes;
10-31 08:44:37.688  7785  7785 D M_InsDal: Lcom/fsck/k9/FontSizes;--->getMessageComposeInput()I
10-31 08:44:37.688  7785  7785 D M_InsDal: Lcom/fsck/k9/K9;--->getFontSizes()Lcom/fsck/k9/FontSizes;
10-31 08:44:37.688  7785  7785 D M_InsDal: Lcom/fsck/k9/activity/compose/RecipientMvpView;--->setFontSizes(Lcom/fsck/k9/FontSizes;I)V
10-31 08:44:37.688  7785  7785 D M_InsDal: Lcom/fsck/k9/FontSizes;--->setViewTextSize(Landroid/widget/TextView;I)V
10-31 08:44:37.688  7785  7785 D M_InsDal: Lcom/fsck/k9/FontSizes;--->setViewTextSize(Landroid/widget/TextView;I)V
10-31 08:44:37.688  7785  7785 D M_InsDal: Lcom/fsck/k9/K9;--->getFontSizes()Lcom/fsck/k9/FontSizes;
10-31 08:44:37.688  7785  7785 D M_InsDal: Lcom/fsck/k9/ui/compose/QuotedMessageMvpView;--->setFontSizes(Lcom/fsck/k9/FontSizes;I)V
10-31 08:44:37.688  7785  7785 D M_InsDal: Lcom/fsck/k9/FontSizes;--->setViewTextSize(Landroid/widget/TextView;I)V
10-31 08:44:37.688  7785  7785 D M_InsDal: Lcom/fsck/k9/K9;--->getFontSizes()Lcom/fsck/k9/FontSizes;
10-31 08:44:37.688  7785  7785 D M_InsDal: Lcom/fsck/k9/FontSizes;--->setViewTextSize(Landroid/widget/TextView;I)V
10-31 08:44:37.688  7785  7785 D M_InsDal: Lcom/fsck/k9/K9;--->getFontSizes()Lcom/fsck/k9/FontSizes;
10-31 08:44:37.688  7785  7785 D M_InsDal: Lcom/fsck/k9/FontSizes;--->setViewTextSize(Landroid/widget/TextView;I)V
10-31 08:44:37.688  7785  7785 D M_InsDal: Lcom/fsck/k9/K9;--->getFontSizes()Lcom/fsck/k9/FontSizes;
10-31 08:44:37.688  7785  7785 D M_InsDal: Lcom/fsck/k9/FontSizes;--->setViewTextSize(Landroid/widget/TextView;I)V
10-31 08:44:37.688  7785  7785 D M_InsDal: Lcom/fsck/k9/activity/MessageCompose;--->updateMessageFormat()V
10-31 08:44:37.688  7785  7785 D M_InsDal: Lcom/fsck/k9/Account;--->getMessageFormat()Lcom/fsck/k9/Account$MessageFormat;
10-31 08:44:37.688  7785  7785 D M_InsDal: Lcom/fsck/k9/ui/compose/QuotedMessagePresenter;--->isForcePlainText()Z
10-31 08:44:37.688  7785  7785 D M_InsDal: Lcom/fsck/k9/activity/compose/RecipientPresenter;--->isForceTextMessageFormat()Z
10-31 08:44:37.688  7785  7785 D M_InsDal: Lcom/fsck/k9/activity/MessageCompose;--->setCurrentMessageFormat(Lcom/fsck/k9/message/SimpleMessageFormat;)V
10-31 08:44:37.688  7785  7785 D M_InsDal: Lcom/fsck/k9/activity/MessageCompose;--->setTitle()V
10-31 08:44:37.688  7785  7785 D M_InsDal: Lcom/fsck/k9/activity/MessageCompose$Action;--->getTitleResource()I
10-31 08:44:37.691  7785  7785 D M_InsDal: Lcom/fsck/k9/activity/MessageCompose;--->onResume()V
10-31 08:44:37.691  7785  7785 D M_InsDal: Lcom/fsck/k9/controller/MessagingController;--->getInstance(Landroid/content/Context;)Lcom/fsck/k9/controller/MessagingController;
10-31 08:44:37.691  7785  7785 D M_InsDal: Lcom/fsck/k9/controller/MessagingController;--->addListener(Lcom/fsck/k9/controller/MessagingListener;)V
10-31 08:44:37.691  7785  7785 D M_InsDal: Lcom/fsck/k9/controller/MessagingController;--->refreshListener(Lcom/fsck/k9/controller/MessagingListener;)V
10-31 08:44:37.691  7785  7785 D M_InsDal: Lcom/fsck/k9/controller/MemorizingMessagingListener;--->refreshOther(Lcom/fsck/k9/controller/MessagingListener;)V
10-31 08:44:37.696  7785  7785 D M_InsDal: Lcom/fsck/k9/service/MailService;---><init>()V
10-31 08:44:37.696  7785  7785 D M_InsDal: Lcom/fsck/k9/service/CoreService;---><init>()V
10-31 08:44:37.696  7785  7785 D M_InsDal: Lcom/fsck/k9/service/CoreService;--->onCreate()V
10-31 08:44:37.696  7785  7785 D M_InsDal: Lcom/fsck/k9/service/MailService;--->onCreate()V
10-31 08:44:37.696  7785  7785 D M_InsDal: Lcom/fsck/k9/service/CoreService;--->onStartCommand(Landroid/content/Intent;II)I
10-31 08:44:37.696  7785  7785 D M_InsDal: Lcom/fsck/k9/service/CoreService;--->acquireWakeLock(Landroid/content/Context;Ljava/lang/String;J)Lcom/fsck/k9/mail/power/TracingPowerManager$TracingWakeLock;
10-31 08:44:37.696  7785  7785 D M_InsDal: Lcom/fsck/k9/mail/power/TracingPowerManager;--->getPowerManager(Landroid/content/Context;)Lcom/fsck/k9/mail/power/TracingPowerManager;
10-31 08:44:37.696  7785  7785 D M_InsDal: Lcom/fsck/k9/mail/power/TracingPowerManager;--->newWakeLock(ILjava/lang/String;)Lcom/fsck/k9/mail/power/TracingPowerManager$TracingWakeLock;
10-31 08:44:37.696  7785  7785 D M_InsDal: Lcom/fsck/k9/mail/power/TracingPowerManager$TracingWakeLock;---><init>(Lcom/fsck/k9/mail/power/TracingPowerManager;ILjava/lang/String;)V
10-31 08:44:37.696  7785  7785 D M_InsDal: Lcom/fsck/k9/mail/K9MailLib;--->isDebug()Z
10-31 08:44:37.696  7785  7785 D M_InsDal: Lcom/fsck/k9/K9$2;--->enabled()Z
10-31 08:44:37.696  7785  7785 D M_InsDal: Lcom/fsck/k9/mail/power/TracingPowerManager$TracingWakeLock;--->setReferenceCounted(Z)V
10-31 08:44:37.696  7785  7785 D M_InsDal: Lcom/fsck/k9/mail/power/TracingPowerManager$TracingWakeLock;--->acquire(J)V
10-31 08:44:37.697  7785  7785 D M_InsDal: Lcom/fsck/k9/mail/K9MailLib;--->isDebug()Z
10-31 08:44:37.697  7785  7785 D M_InsDal: Lcom/fsck/k9/K9$2;--->enabled()Z
10-31 08:44:37.697  7785  7785 D M_InsDal: Lcom/fsck/k9/mail/power/TracingPowerManager$TracingWakeLock;--->raiseNotification()V
10-31 08:44:37.697  7785  7785 D M_InsDal: Lcom/fsck/k9/mail/power/TracingPowerManager$TracingWakeLock;--->release()V
10-31 08:44:37.697  7785  7785 D M_InsDal: Lcom/fsck/k9/mail/K9MailLib;--->isDebug()Z
10-31 08:44:37.697  7785  7785 D M_InsDal: Lcom/fsck/k9/K9$2;--->enabled()Z
10-31 08:44:37.697  7785  7785 D M_InsDal: Lcom/fsck/k9/mail/power/TracingPowerManager$TracingWakeLock;--->cancelNotification()V
10-31 08:44:37.697  7785  7785 D M_InsDal: Lcom/fsck/k9/service/MailService;--->startService(Landroid/content/Intent;I)I
10-31 08:44:37.697  7785  7785 D M_InsDal: Lcom/fsck/k9/service/MailService;--->isSyncDisabled()Z
10-31 08:44:37.697  7785  7785 D M_InsDal: Lcom/fsck/k9/helper/Utility;--->hasConnectivity(Landroid/content/Context;)Z
10-31 08:44:37.698  7785  7785 D M_InsDal: Lcom/fsck/k9/K9;--->getBackgroundOps()Lcom/fsck/k9/K9$BACKGROUND_OPS;
10-31 08:44:37.698  7785  7785 D M_InsDal: Lcom/fsck/k9/service/MailService$5;---><clinit>()V
10-31 08:44:37.698  7785  7785 D M_InsDal: Lcom/fsck/k9/K9$BACKGROUND_OPS;--->values()[Lcom/fsck/k9/K9$BACKGROUND_OPS;
10-31 08:44:37.698  7785  7785 D M_InsDal: Lcom/fsck/k9/service/MailService;--->rescheduleAllInBackground(ZZLjava/lang/Integer;)V
10-31 08:44:37.698  7785  7785 D M_InsDal: Lcom/fsck/k9/service/MailService$1;---><init>(Lcom/fsck/k9/service/MailService;ZZ)V
10-31 08:44:37.698  7785  7785 D M_InsDal: Lcom/fsck/k9/service/CoreService;--->execute(Landroid/content/Context;Ljava/lang/Runnable;ILjava/lang/Integer;)V
10-31 08:44:37.698  7785  7785 D M_InsDal: Lcom/fsck/k9/service/CoreService;--->acquireWakeLock(Landroid/content/Context;Ljava/lang/String;J)Lcom/fsck/k9/mail/power/TracingPowerManager$TracingWakeLock;
10-31 08:44:37.698  7785  7785 D M_InsDal: Lcom/fsck/k9/mail/power/TracingPowerManager;--->getPowerManager(Landroid/content/Context;)Lcom/fsck/k9/mail/power/TracingPowerManager;
10-31 08:44:37.698  7785  7785 D M_InsDal: Lcom/fsck/k9/mail/power/TracingPowerManager;--->newWakeLock(ILjava/lang/String;)Lcom/fsck/k9/mail/power/TracingPowerManager$TracingWakeLock;
10-31 08:44:37.698  7785  7785 D M_InsDal: Lcom/fsck/k9/mail/power/TracingPowerManager$TracingWakeLock;---><init>(Lcom/fsck/k9/mail/power/TracingPowerManager;ILjava/lang/String;)V
10-31 08:44:37.698  7785  7785 D M_InsDal: Lcom/fsck/k9/mail/K9MailLib;--->isDebug()Z
10-31 08:44:37.698  7785  7785 D M_InsDal: Lcom/fsck/k9/K9$2;--->enabled()Z
10-31 08:44:37.698  7785  7785 D M_InsDal: Lcom/fsck/k9/mail/power/TracingPowerManager$TracingWakeLock;--->setReferenceCounted(Z)V
10-31 08:44:37.698  7785  7785 D M_InsDal: Lcom/fsck/k9/mail/power/TracingPowerManager$TracingWakeLock;--->acquire(J)V
10-31 08:44:37.698  7785  7785 D M_InsDal: Lcom/fsck/k9/mail/K9MailLib;--->isDebug()Z
10-31 08:44:37.698  7785  7785 D M_InsDal: Lcom/fsck/k9/K9$2;--->enabled()Z
10-31 08:44:37.698  7785  7785 D M_InsDal: Lcom/fsck/k9/mail/power/TracingPowerManager$TracingWakeLock;--->raiseNotification()V
10-31 08:44:37.698  7785  7785 D M_InsDal: Lcom/fsck/k9/service/CoreService$1;---><init>(Lcom/fsck/k9/service/CoreService;Ljava/lang/Runnable;Ljava/lang/Integer;Lcom/fsck/k9/mail/power/TracingPowerManager$TracingWakeLock;Z)V
10-31 08:44:37.699  7785  7785 D M_InsDal: Lcom/fsck/k9/service/MailService;--->isSyncDisabled()Z
10-31 08:44:37.699  7785  7785 D M_InsDal: Lcom/fsck/k9/mail/power/TracingPowerManager$TracingWakeLock;--->release()V
10-31 08:44:37.699  7785  7785 D M_InsDal: Lcom/fsck/k9/mail/K9MailLib;--->isDebug()Z
10-31 08:44:37.699  7785  7785 D M_InsDal: Lcom/fsck/k9/K9$2;--->enabled()Z
10-31 08:44:37.699  7785  7785 D M_InsDal: Lcom/fsck/k9/mail/power/TracingPowerManager$TracingWakeLock;--->cancelNotification()V
10-31 08:44:37.699  7785  7849 D M_InsDal: Lcom/fsck/k9/service/CoreService$1;--->run()V
10-31 08:44:37.699  7785  7849 D M_InsDal: Lcom/fsck/k9/service/MailService;--->isSyncDisabled()Z
10-31 08:44:37.699  7785  7849 D M_InsDal: Lcom/fsck/k9/service/MailService$1;--->run()V
10-31 08:44:37.699  7785  7849 D M_InsDal: Lcom/fsck/k9/service/MailService;--->reschedulePoll(ZZZ)V
10-31 08:44:37.699  7785  7849 D M_InsDal: Lcom/fsck/k9/Preferences;--->getPreferences(Landroid/content/Context;)Lcom/fsck/k9/Preferences;
10-31 08:44:37.699  7785  7849 D M_InsDal: Lcom/fsck/k9/Preferences;--->getStorage()Lcom/fsck/k9/preferences/Storage;
10-31 08:44:37.699  7785  7849 D M_InsDal: Lcom/fsck/k9/preferences/Storage;--->getInt(Ljava/lang/String;I)I
10-31 08:44:37.699  7785  7849 D M_InsDal: Lcom/fsck/k9/preferences/Storage;--->getLong(Ljava/lang/String;J)J
10-31 08:44:37.699  7785  7849 D M_InsDal: Lcom/fsck/k9/Preferences;--->getAvailableAccounts()Ljava/util/Collection;
10-31 08:44:37.699  7785  7849 D M_InsDal: Lcom/fsck/k9/Preferences;--->getAccounts()Ljava/util/List;
10-31 08:44:37.699  7785  7849 D M_InsDal: Lcom/fsck/k9/Account;--->isEnabled()Z
10-31 08:44:37.699  7785  7849 D M_InsDal: Lcom/fsck/k9/Account;--->isAvailable(Landroid/content/Context;)Z
10-31 08:44:37.699  7785  7849 D M_InsDal: Lcom/fsck/k9/Account;--->getLocalStorageProviderId()Ljava/lang/String;
10-31 08:44:37.699  7785  7849 D M_InsDal: Lcom/fsck/k9/mailstore/StorageManager;--->getInstance(Landroid/content/Context;)Lcom/fsck/k9/mailstore/StorageManager;
10-31 08:44:37.699  7785  7849 D M_InsDal: Lcom/fsck/k9/mailstore/StorageManager;--->isReady(Ljava/lang/String;)Z
10-31 08:44:37.699  7785  7849 D M_InsDal: Lcom/fsck/k9/mailstore/StorageManager;--->getProvider(Ljava/lang/String;)Lcom/fsck/k9/mailstore/StorageManager$StorageProvider;
10-31 08:44:37.699  7785  7849 D M_InsDal: Lcom/fsck/k9/mailstore/StorageManager$InternalStorageProvider;--->isReady(Landroid/content/Context;)Z
10-31 08:44:37.699  7785  7849 D M_InsDal: Lcom/fsck/k9/Account;--->getAutomaticCheckIntervalMinutes()I
10-31 08:44:37.699  7785  7849 D M_InsDal: Lcom/fsck/k9/preferences/Storage;--->edit()Lcom/fsck/k9/preferences/StorageEditor;
10-31 08:44:37.699  7785  7849 D M_InsDal: Lcom/fsck/k9/preferences/StorageEditor;---><init>(Lcom/fsck/k9/preferences/Storage;)V
10-31 08:44:37.699  7785  7849 D M_InsDal: Lcom/fsck/k9/preferences/Storage;--->getAll()Ljava/util/Map;
10-31 08:44:37.699  7785  7849 D M_InsDal: Lcom/fsck/k9/preferences/StorageEditor;--->putInt(Ljava/lang/String;I)Lcom/fsck/k9/preferences/StorageEditor;
10-31 08:44:37.699  7785  7849 D M_InsDal: Lcom/fsck/k9/preferences/StorageEditor;--->commit()Z
10-31 08:44:37.699  7785  7849 D M_InsDal: Lcom/fsck/k9/preferences/StorageEditor;--->commitChanges()V
10-31 08:44:37.699  7785  7849 D M_InsDal: Lcom/fsck/k9/preferences/StorageEditor$1;---><init>(Lcom/fsck/k9/preferences/StorageEditor;)V
10-31 08:44:37.699  7785  7849 D M_InsDal: Lcom/fsck/k9/preferences/Storage;--->doInTransaction(Ljava/lang/Runnable;)V
10-31 08:44:37.699  7785  7849 D M_InsDal: Lcom/fsck/k9/preferences/Storage;--->openDB()Landroid/database/sqlite/SQLiteDatabase;
10-31 08:44:37.700  7785  7849 D M_InsDal: Lcom/fsck/k9/preferences/StorageEditor$1;--->run()V
10-31 08:44:37.700  7785  7849 D M_InsDal: Lcom/fsck/k9/preferences/Storage;--->put(Ljava/util/Map;)V
10-31 08:44:37.700  7785  7849 D M_InsDal: Lcom/fsck/k9/service/MailService;--->cancel()V
10-31 08:44:37.700  7785  7849 D M_InsDal: Lcom/fsck/k9/service/CoreReceiver;---><clinit>()V
10-31 08:44:37.700  7785  7849 D M_InsDal: Lcom/fsck/k9/service/BootReceiver;--->cancelIntent(Landroid/content/Context;Landroid/content/Intent;)V
10-31 08:44:37.701  7785  7849 D M_InsDal: Lcom/fsck/k9/service/MailService;--->reschedulePushers(ZZ)V
10-31 08:44:37.701  7785  7849 D M_InsDal: Lcom/fsck/k9/service/MailService;--->stopPushers()V
10-31 08:44:37.701  7785  7849 D M_InsDal: Lcom/fsck/k9/controller/MessagingController;--->getInstance(Landroid/content/Context;)Lcom/fsck/k9/controller/MessagingController;
10-31 08:44:37.701  7785  7849 D M_InsDal: Lcom/fsck/k9/controller/MessagingController;--->stopAllPushing()V
10-31 08:44:37.701  7785  7849 D M_InsDal: Lcom/fsck/k9/service/PushService;--->stopService(Landroid/content/Context;)V
10-31 08:44:37.701  7785  7849 D M_InsDal: Lcom/fsck/k9/service/CoreService;--->addWakeLock(Landroid/content/Context;Landroid/content/Intent;)V
10-31 08:44:37.701  7785  7849 D M_InsDal: Lcom/fsck/k9/service/CoreService;--->acquireWakeLock(Landroid/content/Context;Ljava/lang/String;J)Lcom/fsck/k9/mail/power/TracingPowerManager$TracingWakeLock;
10-31 08:44:37.701  7785  7849 D M_InsDal: Lcom/fsck/k9/mail/power/TracingPowerManager;--->getPowerManager(Landroid/content/Context;)Lcom/fsck/k9/mail/power/TracingPowerManager;
10-31 08:44:37.701  7785  7849 D M_InsDal: Lcom/fsck/k9/mail/power/TracingPowerManager;--->newWakeLock(ILjava/lang/String;)Lcom/fsck/k9/mail/power/TracingPowerManager$TracingWakeLock;
10-31 08:44:37.701  7785  7849 D M_InsDal: Lcom/fsck/k9/mail/power/TracingPowerManager$TracingWakeLock;---><init>(Lcom/fsck/k9/mail/power/TracingPowerManager;ILjava/lang/String;)V
10-31 08:44:37.701  7785  7849 D M_InsDal: Lcom/fsck/k9/mail/K9MailLib;--->isDebug()Z
10-31 08:44:37.701  7785  7849 D M_InsDal: Lcom/fsck/k9/K9$2;--->enabled()Z
10-31 08:44:37.701  7785  7849 D M_InsDal: Lcom/fsck/k9/mail/power/TracingPowerManager$TracingWakeLock;--->setReferenceCounted(Z)V
10-31 08:44:37.701  7785  7849 D M_InsDal: Lcom/fsck/k9/mail/power/TracingPowerManager$TracingWakeLock;--->acquire(J)V
10-31 08:44:37.701  7785  7849 D M_InsDal: Lcom/fsck/k9/mail/K9MailLib;--->isDebug()Z
10-31 08:44:37.701  7785  7849 D M_InsDal: Lcom/fsck/k9/K9$2;--->enabled()Z
10-31 08:44:37.701  7785  7849 D M_InsDal: Lcom/fsck/k9/mail/power/TracingPowerManager$TracingWakeLock;--->raiseNotification()V
10-31 08:44:37.701  7785  7849 D M_InsDal: Lcom/fsck/k9/service/CoreService;--->registerWakeLock(Lcom/fsck/k9/mail/power/TracingPowerManager$TracingWakeLock;)Ljava/lang/Integer;
10-31 08:44:37.702  7785  7785 D M_InsDal: Lcom/fsck/k9/activity/compose/RecipientPresenter$1;--->onPostExecute(Lcom/fsck/k9/message/AutocryptStatusInteractor$RecipientAutocryptStatus;)V
10-31 08:44:37.702  7785  7849 D M_InsDal: Lcom/fsck/k9/service/MailService;--->setupPushers()V
10-31 08:44:37.702  7785  7849 D M_InsDal: Lcom/fsck/k9/Preferences;--->getPreferences(Landroid/content/Context;)Lcom/fsck/k9/Preferences;
10-31 08:44:37.702  7785  7785 D M_InsDal: Lcom/fsck/k9/activity/compose/RecipientPresenter;--->redrawCachedCryptoStatusIcon()V
10-31 08:44:37.702  7785  7849 D M_InsDal: Lcom/fsck/k9/Preferences;--->getAccounts()Ljava/util/List;
10-31 08:44:37.702  7785  7785 D M_InsDal: Lcom/fsck/k9/activity/compose/ComposeCryptoStatus;--->isEncryptionEnabled()Z
10-31 08:44:37.702  7785  7785 D M_InsDal: Lcom/fsck/k9/activity/compose/RecipientMvpView;--->setRecipientTokensShowCryptoEnabled(Z)V
10-31 08:44:37.702  7785  7785 D M_InsDal: Lcom/fsck/k9/view/RecipientSelectView;--->setShowCryptoEnabled(Z)V
10-31 08:44:37.702  7785  7849 D M_InsDal: Lcom/fsck/k9/Account;--->getDescription()Ljava/lang/String;
10-31 08:44:37.702  7785  7785 D M_InsDal: Lcom/fsck/k9/view/RecipientSelectView;--->redrawAllTokens()V
10-31 08:44:37.702  7785  7849 D M_InsDal: Lcom/fsck/k9/Account;--->isEnabled()Z
10-31 08:44:37.702  7785  7849 D M_InsDal: Lcom/fsck/k9/Account;--->isAvailable(Landroid/content/Context;)Z
10-31 08:44:37.702  7785  7849 D M_InsDal: Lcom/fsck/k9/Account;--->getLocalStorageProviderId()Ljava/lang/String;
10-31 08:44:37.702  7785  7849 D M_InsDal: Lcom/fsck/k9/mailstore/StorageManager;--->getInstance(Landroid/content/Context;)Lcom/fsck/k9/mailstore/StorageManager;
10-31 08:44:37.702  7785  7849 D M_InsDal: Lcom/fsck/k9/mailstore/StorageManager;--->isReady(Ljava/lang/String;)Z
10-31 08:44:37.702  7785  7849 D M_InsDal: Lcom/fsck/k9/mailstore/StorageManager;--->getProvider(Ljava/lang/String;)Lcom/fsck/k9/mailstore/StorageManager$StorageProvider;
10-31 08:44:37.702  7785  7849 D M_InsDal: Lcom/fsck/k9/mailstore/StorageManager$InternalStorageProvider;--->isReady(Landroid/content/Context;)Z
10-31 08:44:37.702  7785  7849 D M_InsDal: Lcom/fsck/k9/controller/MessagingController;--->getInstance(Landroid/content/Context;)Lcom/fsck/k9/controller/MessagingController;
10-31 08:44:37.702  7785  7849 D M_InsDal: Lcom/fsck/k9/controller/MessagingController;--->setupPushing(Lcom/fsck/k9/Account;)Z
10-31 08:44:37.702  7785  7849 D M_InsDal: Lcom/fsck/k9/Account;--->hashCode()I
10-31 08:44:37.702  7785  7785 D M_InsDal: Lcom/fsck/k9/view/RecipientSelectView;--->setShowCryptoEnabled(Z)V
10-31 08:44:37.702  7785  7785 D M_InsDal: Lcom/fsck/k9/view/RecipientSelectView;--->redrawAllTokens()V
10-31 08:44:37.702  7785  7785 D M_InsDal: Lcom/fsck/k9/view/RecipientSelectView;--->setShowCryptoEnabled(Z)V
10-31 08:44:37.702  7785  7785 D M_InsDal: Lcom/fsck/k9/view/RecipientSelectView;--->redrawAllTokens()V
10-31 08:44:37.702  7785  7849 D M_InsDal: Lcom/fsck/k9/Account;--->getFolderDisplayMode()Lcom/fsck/k9/Account$FolderMode;
10-31 08:44:37.702  7785  7849 D M_InsDal: Lcom/fsck/k9/Account;--->getFolderPushMode()Lcom/fsck/k9/Account$FolderMode;
10-31 08:44:37.702  7785  7785 D M_InsDal: Lcom/fsck/k9/activity/compose/ComposeCryptoStatus;--->getCryptoStatusDisplayType()Lcom/fsck/k9/activity/compose/RecipientMvpView$CryptoStatusDisplayType;
10-31 08:44:37.702  7785  7849 D M_InsDal: Lcom/fsck/k9/Account;--->getLocalStore()Lcom/fsck/k9/mailstore/LocalStore;
10-31 08:44:37.702  7785  7785 D M_InsDal: Lcom/fsck/k9/activity/compose/ComposeCryptoStatus$1;---><clinit>()V
10-31 08:44:37.702  7785  7785 D M_InsDal: Lcom/fsck/k9/activity/compose/RecipientPresenter$CryptoMode;--->values()[Lcom/fsck/k9/activity/compose/RecipientPresenter$CryptoMode;
10-31 08:44:37.702  7785  7785 D M_InsDal: Lcom/fsck/k9/activity/compose/RecipientPresenter$CryptoProviderState;--->values()[Lcom/fsck/k9/activity/compose/RecipientPresenter$CryptoProviderState;
10-31 08:44:37.702  7785  7785 D M_InsDal: Lcom/fsck/k9/activity/compose/RecipientMvpView$CryptoStatusDisplayType;---><clinit>()V
10-31 08:44:37.702  7785  7785 D M_InsDal: Lcom/fsck/k9/activity/compose/RecipientMvpView$CryptoStatusDisplayType;---><init>(Ljava/lang/String;II)V
10-31 08:44:37.702  7785  7785 D M_InsDal: Lcom/fsck/k9/activity/compose/RecipientMvpView$CryptoStatusDisplayType;---><init>(Ljava/lang/String;II)V
10-31 08:44:37.702  7785  7849 D M_InsDal: Lcom/fsck/k9/mailstore/LocalStore;---><clinit>()V
10-31 08:44:37.702  7785  7785 D M_InsDal: Lcom/fsck/k9/activity/compose/RecipientMvpView$CryptoStatusDisplayType;---><init>(Ljava/lang/String;II)V
10-31 08:44:37.702  7785  7785 D M_InsDal: Lcom/fsck/k9/activity/compose/RecipientMvpView$CryptoStatusDisplayType;---><init>(Ljava/lang/String;II)V
10-31 08:44:37.702  7785  7849 D M_InsDal: Lcom/fsck/k9/mailstore/LocalStore;--->getInstance(Lcom/fsck/k9/Account;Landroid/content/Context;)Lcom/fsck/k9/mailstore/LocalStore;
10-31 08:44:37.702  7785  7785 D M_InsDal: Lcom/fsck/k9/activity/compose/RecipientMvpView$CryptoStatusDisplayType;---><init>(Ljava/lang/String;II)V
10-31 08:44:37.702  7785  7849 D M_InsDal: Lcom/fsck/k9/Account;--->getUuid()Ljava/lang/String;
10-31 08:44:37.702  7785  7785 D M_InsDal: Lcom/fsck/k9/activity/compose/RecipientMvpView$CryptoStatusDisplayType;---><init>(Ljava/lang/String;II)V
10-31 08:44:37.702  7785  7785 D M_InsDal: Lcom/fsck/k9/activity/compose/RecipientMvpView$CryptoStatusDisplayType;---><init>(Ljava/lang/String;II)V
10-31 08:44:37.702  7785  7849 D M_InsDal: Lcom/fsck/k9/mailstore/LocalStore;---><init>(Lcom/fsck/k9/Account;Landroid/content/Context;)V
10-31 08:44:37.702  7785  7785 D M_InsDal: Lcom/fsck/k9/activity/compose/RecipientMvpView$CryptoStatusDisplayType;---><init>(Ljava/lang/String;II)V
10-31 08:44:37.702  7785  7849 D M_InsDal: Lcom/fsck/k9/mail/Store;---><init>()V
10-31 08:44:37.702  7785  7785 D M_InsDal: Lcom/fsck/k9/activity/compose/RecipientMvpView$CryptoStatusDisplayType;---><init>(Ljava/lang/String;II)V
