--------- beginning of system
--------- beginning of main
--------- beginning of crash
10-31 08:39:05.408  5146  5146 E AndroidRuntime: FATAL EXCEPTION: main
10-31 08:39:05.408  5146  5146 E AndroidRuntime: Process: com.fsck.k9, PID: 5146
10-31 08:39:05.408  5146  5146 E AndroidRuntime: java.lang.NullPointerException: ssp
10-31 08:39:05.408  5146  5146 E AndroidRuntime: 	at android.net.Uri.fromParts(Uri.java:852)
10-31 08:39:05.408  5146  5146 E AndroidRuntime: 	at com.fsck.k9.ui.ContactBadge$QueryHandler.onQueryComplete(ContactBadge.java:186)
10-31 08:39:05.408  5146  5146 E AndroidRuntime: 	at android.content.AsyncQueryHandler.handleMessage(AsyncQueryHandler.java:344)
10-31 08:39:05.408  5146  5146 E AndroidRuntime: 	at android.os.Handler.dispatchMessage(Handler.java:106)
10-31 08:39:05.408  5146  5146 E AndroidRuntime: 	at android.os.Looper.loop(Looper.java:193)
10-31 08:39:05.408  5146  5146 E AndroidRuntime: 	at android.app.ActivityThread.main(ActivityThread.java:6730)
10-31 08:39:05.408  5146  5146 E AndroidRuntime: 	at java.lang.reflect.Method.invoke(Native Method)
10-31 08:39:05.408  5146  5146 E AndroidRuntime: 	at com.android.internal.os.RuntimeInit$MethodAndArgsCaller.run(RuntimeInit.java:493)
10-31 08:39:05.408  5146  5146 E AndroidRuntime: 	at com.android.internal.os.ZygoteInit.main(ZygoteInit.java:860)
10-31 08:39:05.633  5445  5469 D M_InsDal: Lcom/fsck/k9/mailstore/LockableDatabase;--->lockWrite(Ljava/lang/String;)V
10-31 08:39:05.633  5445  5469 D M_InsDal: Lcom/fsck/k9/mailstore/LockableDatabase;--->getStorageManager()Lcom/fsck/k9/mailstore/StorageManager;
10-31 08:39:05.633  5445  5469 D M_InsDal: Lcom/fsck/k9/mailstore/StorageManager;--->getInstance(Landroid/content/Context;)Lcom/fsck/k9/mailstore/StorageManager;
10-31 08:39:05.633  5445  5469 D M_InsDal: Lcom/fsck/k9/mailstore/StorageManager;--->lockProvider(Ljava/lang/String;)V
10-31 08:39:05.633  5445  5469 D M_InsDal: Lcom/fsck/k9/mailstore/StorageManager;--->getProvider(Ljava/lang/String;)Lcom/fsck/k9/mailstore/StorageManager$StorageProvider;
10-31 08:39:05.633  5445  5469 D M_InsDal: Lcom/fsck/k9/mailstore/StorageManager$InternalStorageProvider;--->isReady(Landroid/content/Context;)Z
10-31 08:39:05.633  5445  5469 D M_InsDal: Lcom/fsck/k9/mailstore/LockableDatabase;--->openOrCreateDataspace()V
10-31 08:39:05.633  5445  5469 D M_InsDal: Lcom/fsck/k9/mailstore/LockableDatabase;--->lockWrite()V
10-31 08:39:05.633  5445  5469 D M_InsDal: Lcom/fsck/k9/mailstore/LockableDatabase;--->lockWrite(Ljava/lang/String;)V
10-31 08:39:05.633  5445  5469 D M_InsDal: Lcom/fsck/k9/mailstore/LockableDatabase;--->getStorageManager()Lcom/fsck/k9/mailstore/StorageManager;
10-31 08:39:05.633  5445  5469 D M_InsDal: Lcom/fsck/k9/mailstore/StorageManager;--->getInstance(Landroid/content/Context;)Lcom/fsck/k9/mailstore/StorageManager;
10-31 08:39:05.633  5445  5469 D M_InsDal: Lcom/fsck/k9/mailstore/StorageManager;--->lockProvider(Ljava/lang/String;)V
10-31 08:39:05.633  5445  5469 D M_InsDal: Lcom/fsck/k9/mailstore/StorageManager;--->getProvider(Ljava/lang/String;)Lcom/fsck/k9/mailstore/StorageManager$StorageProvider;
10-31 08:39:05.633  5445  5469 D M_InsDal: Lcom/fsck/k9/mailstore/StorageManager$InternalStorageProvider;--->isReady(Landroid/content/Context;)Z
10-31 08:39:05.633  5445  5469 D M_InsDal: Lcom/fsck/k9/mailstore/LockableDatabase;--->prepareStorage(Ljava/lang/String;)Ljava/io/File;
10-31 08:39:05.633  5445  5469 D M_InsDal: Lcom/fsck/k9/mailstore/LockableDatabase;--->getStorageManager()Lcom/fsck/k9/mailstore/StorageManager;
10-31 08:39:05.633  5445  5469 D M_InsDal: Lcom/fsck/k9/mailstore/StorageManager;--->getInstance(Landroid/content/Context;)Lcom/fsck/k9/mailstore/StorageManager;
10-31 08:39:05.633  5445  5469 D M_InsDal: Lcom/fsck/k9/mailstore/StorageManager;--->getDatabase(Ljava/lang/String;Ljava/lang/String;)Ljava/io/File;
10-31 08:39:05.633  5445  5469 D M_InsDal: Lcom/fsck/k9/mailstore/StorageManager;--->getProvider(Ljava/lang/String;)Lcom/fsck/k9/mailstore/StorageManager$StorageProvider;
10-31 08:39:05.633  5445  5469 D M_InsDal: Lcom/fsck/k9/mailstore/StorageManager$InternalStorageProvider;--->getDatabase(Landroid/content/Context;Ljava/lang/String;)Ljava/io/File;
10-31 08:39:05.634  5445  5469 D M_InsDal: Lcom/fsck/k9/mailstore/StorageManager;--->getAttachmentDirectory(Ljava/lang/String;Ljava/lang/String;)Ljava/io/File;
10-31 08:39:05.634  5445  5469 D M_InsDal: Lcom/fsck/k9/mailstore/StorageManager;--->getProvider(Ljava/lang/String;)Lcom/fsck/k9/mailstore/StorageManager$StorageProvider;
10-31 08:39:05.634  5445  5469 D M_InsDal: Lcom/fsck/k9/mailstore/StorageManager$InternalStorageProvider;--->getAttachmentDirectory(Landroid/content/Context;Ljava/lang/String;)Ljava/io/File;
10-31 08:39:05.634  5445  5469 D M_InsDal: Lcom/fsck/k9/mailstore/LockableDatabase;--->doOpenOrCreateDb(Ljava/io/File;)V
10-31 08:39:05.635  5445  5469 D M_InsDal: Lcom/fsck/k9/mailstore/StoreSchemaDefinition;--->getVersion()I
10-31 08:39:05.635  5445  5469 D M_InsDal: Lcom/fsck/k9/mailstore/LockableDatabase;--->unlockWrite()V
10-31 08:39:05.635  5445  5469 D M_InsDal: Lcom/fsck/k9/mailstore/LockableDatabase;--->unlockWrite(Ljava/lang/String;)V
10-31 08:39:05.635  5445  5469 D M_InsDal: Lcom/fsck/k9/mailstore/LockableDatabase;--->getStorageManager()Lcom/fsck/k9/mailstore/StorageManager;
10-31 08:39:05.635  5445  5469 D M_InsDal: Lcom/fsck/k9/mailstore/StorageManager;--->getInstance(Landroid/content/Context;)Lcom/fsck/k9/mailstore/StorageManager;
10-31 08:39:05.635  5445  5469 D M_InsDal: Lcom/fsck/k9/mailstore/StorageManager;--->unlockProvider(Ljava/lang/String;)V
10-31 08:39:05.635  5445  5469 D M_InsDal: Lcom/fsck/k9/mailstore/StorageManager;--->getProvider(Ljava/lang/String;)Lcom/fsck/k9/mailstore/StorageManager$StorageProvider;
10-31 08:39:05.635  5445  5469 D M_InsDal: Lcom/fsck/k9/mailstore/LockableDatabase;--->unlockWrite()V
10-31 08:39:05.635  5445  5469 D M_InsDal: Lcom/fsck/k9/mailstore/LockableDatabase;--->unlockWrite(Ljava/lang/String;)V
10-31 08:39:05.635  5445  5469 D M_InsDal: Lcom/fsck/k9/mailstore/LockableDatabase;--->getStorageManager()Lcom/fsck/k9/mailstore/StorageManager;
10-31 08:39:05.635  5445  5469 D M_InsDal: Lcom/fsck/k9/mailstore/StorageManager;--->getInstance(Landroid/content/Context;)Lcom/fsck/k9/mailstore/StorageManager;
10-31 08:39:05.635  5445  5469 D M_InsDal: Lcom/fsck/k9/mailstore/StorageManager;--->unlockProvider(Ljava/lang/String;)V
10-31 08:39:05.635  5445  5469 D M_InsDal: Lcom/fsck/k9/mailstore/StorageManager;--->getProvider(Ljava/lang/String;)Lcom/fsck/k9/mailstore/StorageManager$StorageProvider;
10-31 08:39:05.635  5445  5469 D M_InsDal: Lcom/fsck/k9/mailstore/StorageManager;--->getInstance(Landroid/content/Context;)Lcom/fsck/k9/mailstore/StorageManager;
10-31 08:39:05.635  5445  5469 D M_InsDal: Lcom/fsck/k9/mailstore/StorageManager;--->addListener(Lcom/fsck/k9/mailstore/StorageManager$StorageListener;)V
10-31 08:39:05.635  5445  5469 D M_InsDal: Lcom/fsck/k9/mailstore/LocalStore;--->getPersonalNamespaces(Z)Ljava/util/List;
10-31 08:39:05.635  5445  5445 D M_InsDal: Lcom/fsck/k9/widget/list/MessageListWidgetProvider;---><init>()V
10-31 08:39:05.635  5445  5469 D M_InsDal: Lcom/fsck/k9/mailstore/LocalStore$6;---><init>(Lcom/fsck/k9/mailstore/LocalStore;Ljava/util/List;)V
10-31 08:39:05.636  5445  5469 D M_InsDal: Lcom/fsck/k9/mailstore/LockableDatabase;--->execute(ZLcom/fsck/k9/mailstore/LockableDatabase$DbCallback;)Ljava/lang/Object;
10-31 08:39:05.636  5445  5469 D M_InsDal: Lcom/fsck/k9/mailstore/LockableDatabase;--->lockRead()V
10-31 08:39:05.636  5445  5469 D M_InsDal: Lcom/fsck/k9/mailstore/LockableDatabase;--->getStorageManager()Lcom/fsck/k9/mailstore/StorageManager;
10-31 08:39:05.636  5445  5469 D M_InsDal: Lcom/fsck/k9/mailstore/StorageManager;--->getInstance(Landroid/content/Context;)Lcom/fsck/k9/mailstore/StorageManager;
10-31 08:39:05.636  5445  5445 D M_InsDal: Lcom/fsck/k9/widget/list/MessageListWidgetProvider;--->onReceive(Landroid/content/Context;Landroid/content/Intent;)V
10-31 08:39:05.636  5445  5469 D M_InsDal: Lcom/fsck/k9/mailstore/StorageManager;--->lockProvider(Ljava/lang/String;)V
10-31 08:39:05.636  5445  5468 D M_InsDal: Lcom/fsck/k9/mailstore/LocalStore;--->getFolder(Ljava/lang/String;)Lcom/fsck/k9/mailstore/LocalFolder;
10-31 08:39:05.636  5445  5469 D M_InsDal: Lcom/fsck/k9/mailstore/StorageManager;--->getProvider(Ljava/lang/String;)Lcom/fsck/k9/mailstore/StorageManager$StorageProvider;
10-31 08:39:05.636  5445  5469 D M_InsDal: Lcom/fsck/k9/mailstore/StorageManager$InternalStorageProvider;--->isReady(Landroid/content/Context;)Z
10-31 08:39:05.636  5445  5469 D M_InsDal: Lcom/fsck/k9/K9;--->isDebug()Z
10-31 08:39:05.636  5445  5469 D M_InsDal: Lcom/fsck/k9/mailstore/LocalStore$6;--->doDbWork(Landroid/database/sqlite/SQLiteDatabase;)Ljava/util/List;
10-31 08:39:05.636  5445  5468 D M_InsDal: Lcom/fsck/k9/mailstore/LocalFolder;---><init>(Lcom/fsck/k9/mailstore/LocalStore;Ljava/lang/String;)V
10-31 08:39:05.636  5445  5468 D M_InsDal: Lcom/fsck/k9/mail/Folder;---><init>()V
10-31 08:39:05.636  5445  5468 D M_InsDal: Lcom/fsck/k9/mailstore/LocalFolder$MoreMessages;---><clinit>()V
10-31 08:39:05.636  5445  5468 D M_InsDal: Lcom/fsck/k9/mailstore/LocalFolder$MoreMessages;---><init>(Ljava/lang/String;ILjava/lang/String;)V
10-31 08:39:05.636  5445  5468 D M_InsDal: Lcom/fsck/k9/mailstore/LocalFolder$MoreMessages;---><init>(Ljava/lang/String;ILjava/lang/String;)V
10-31 08:39:05.636  5445  5468 D M_InsDal: Lcom/fsck/k9/mailstore/LocalStore;--->getAttachmentInfoExtractor()Lcom/fsck/k9/message/extractors/AttachmentInfoExtractor;
10-31 08:39:05.636  5445  5468 D M_InsDal: Lcom/fsck/k9/mailstore/LocalFolder;--->getAccount()Lcom/fsck/k9/Account;
10-31 08:39:05.636  5445  5468 D M_InsDal: Lcom/fsck/k9/mailstore/LocalStore;--->getAccount()Lcom/fsck/k9/Account;
10-31 08:39:05.636  5445  5468 D M_InsDal: Lcom/fsck/k9/Account;--->getInboxFolderName()Ljava/lang/String;
10-31 08:39:05.636  5445  5468 D M_InsDal: Lcom/fsck/k9/mailstore/LocalFolder;--->getName()Ljava/lang/String;
10-31 08:39:05.636  5445  5468 D M_InsDal: Lcom/fsck/k9/mailstore/LocalFolder;--->open(I)V
10-31 08:39:05.636  5445  5468 D M_InsDal: Lcom/fsck/k9/mailstore/LocalFolder;--->isOpen()Z
10-31 08:39:05.636  5445  5468 D M_InsDal: Lcom/fsck/k9/mailstore/LocalFolder;--->isOpen()Z
10-31 08:39:05.636  5445  5468 D M_InsDal: Lcom/fsck/k9/mailstore/LocalStore;--->getDatabase()Lcom/fsck/k9/mailstore/LockableDatabase;
10-31 08:39:05.636  5445  5468 D M_InsDal: Lcom/fsck/k9/mailstore/LocalFolder$1;---><init>(Lcom/fsck/k9/mailstore/LocalFolder;I)V
10-31 08:39:05.636  5445  5468 D M_InsDal: Lcom/fsck/k9/mailstore/LockableDatabase;--->execute(ZLcom/fsck/k9/mailstore/LockableDatabase$DbCallback;)Ljava/lang/Object;
10-31 08:39:05.636  5445  5468 D M_InsDal: Lcom/fsck/k9/mailstore/LockableDatabase;--->lockRead()V
10-31 08:39:05.636  5445  5468 D M_InsDal: Lcom/fsck/k9/mailstore/LockableDatabase;--->getStorageManager()Lcom/fsck/k9/mailstore/StorageManager;
10-31 08:39:05.636  5445  5468 D M_InsDal: Lcom/fsck/k9/mailstore/StorageManager;--->getInstance(Landroid/content/Context;)Lcom/fsck/k9/mailstore/StorageManager;
10-31 08:39:05.636  5445  5468 D M_InsDal: Lcom/fsck/k9/mailstore/StorageManager;--->lockProvider(Ljava/lang/String;)V
10-31 08:39:05.636  5445  5468 D M_InsDal: Lcom/fsck/k9/mailstore/StorageManager;--->getProvider(Ljava/lang/String;)Lcom/fsck/k9/mailstore/StorageManager$StorageProvider;
10-31 08:39:05.636  5445  5468 D M_InsDal: Lcom/fsck/k9/mailstore/StorageManager$InternalStorageProvider;--->isReady(Landroid/content/Context;)Z
10-31 08:39:05.636  5445  5468 D M_InsDal: Lcom/fsck/k9/K9;--->isDebug()Z
10-31 08:39:05.636  5445  5468 D M_InsDal: Lcom/fsck/k9/mailstore/LocalFolder$1;--->doDbWork(Landroid/database/sqlite/SQLiteDatabase;)Ljava/lang/Void;
10-31 08:39:05.636  5445  5469 D M_InsDal: Lcom/fsck/k9/mailstore/LocalFolder;---><init>(Lcom/fsck/k9/mailstore/LocalStore;Ljava/lang/String;)V
10-31 08:39:05.636  5445  5469 D M_InsDal: Lcom/fsck/k9/mail/Folder;---><init>()V
10-31 08:39:05.636  5445  5469 D M_InsDal: Lcom/fsck/k9/mailstore/LocalStore;--->getAttachmentInfoExtractor()Lcom/fsck/k9/message/extractors/AttachmentInfoExtractor;
10-31 08:39:05.636  5445  5469 D M_InsDal: Lcom/fsck/k9/mailstore/LocalFolder;--->getAccount()Lcom/fsck/k9/Account;
10-31 08:39:05.636  5445  5469 D M_InsDal: Lcom/fsck/k9/mailstore/LocalStore;--->getAccount()Lcom/fsck/k9/Account;
10-31 08:39:05.636  5445  5469 D M_InsDal: Lcom/fsck/k9/Account;--->getInboxFolderName()Ljava/lang/String;
10-31 08:39:05.636  5445  5469 D M_InsDal: Lcom/fsck/k9/mailstore/LocalFolder;--->getName()Ljava/lang/String;
10-31 08:39:05.636  5445  5469 D M_InsDal: Lcom/fsck/k9/mailstore/LocalFolder;--->open(Landroid/database/Cursor;)V
10-31 08:39:05.636  5445  5469 D M_InsDal: Lcom/fsck/k9/mail/Folder;--->setStatus(Ljava/lang/String;)V
10-31 08:39:05.636  5445  5469 D M_InsDal: Lcom/fsck/k9/mail/Folder;--->setLastChecked(J)V
10-31 08:39:05.636  5445  5469 D M_InsDal: Lcom/fsck/k9/mail/Folder;--->setLastPush(J)V
10-31 08:39:05.636  5445  5469 D M_InsDal: Lcom/fsck/k9/mail/Folder$FolderClass;--->valueOf(Ljava/lang/String;)Lcom/fsck/k9/mail/Folder$FolderClass;
10-31 08:39:05.636  5445  5469 D M_InsDal: Lcom/fsck/k9/mail/Folder$FolderClass;--->values()[Lcom/fsck/k9/mail/Folder$FolderClass;
10-31 08:39:05.636  5445  5469 D M_InsDal: Lcom/fsck/k9/mail/Folder$FolderClass;--->valueOf(Ljava/lang/String;)Lcom/fsck/k9/mail/Folder$FolderClass;
10-31 08:39:05.636  5445  5469 D M_InsDal: Lcom/fsck/k9/mail/Folder$FolderClass;--->valueOf(Ljava/lang/String;)Lcom/fsck/k9/mail/Folder$FolderClass;
10-31 08:39:05.636  5445  5469 D M_InsDal: Lcom/fsck/k9/mailstore/LocalFolder$MoreMessages;--->fromDatabaseName(Ljava/lang/String;)Lcom/fsck/k9/mailstore/LocalFolder$MoreMessages;
10-31 08:39:05.636  5445  5469 D M_InsDal: Lcom/fsck/k9/mailstore/LocalFolder$MoreMessages;--->values()[Lcom/fsck/k9/mailstore/LocalFolder$MoreMessages;
10-31 08:39:05.636  5445  5469 D M_InsDal: Lcom/fsck/k9/mailstore/LocalFolder;---><init>(Lcom/fsck/k9/mailstore/LocalStore;Ljava/lang/String;)V
10-31 08:39:05.636  5445  5469 D M_InsDal: Lcom/fsck/k9/mail/Folder;---><init>()V
10-31 08:39:05.636  5445  5469 D M_InsDal: Lcom/fsck/k9/mailstore/LocalStore;--->getAttachmentInfoExtractor()Lcom/fsck/k9/message/extractors/AttachmentInfoExtractor;
10-31 08:39:05.636  5445  5469 D M_InsDal: Lcom/fsck/k9/mailstore/LocalFolder;--->getAccount()Lcom/fsck/k9/Account;
10-31 08:39:05.636  5445  5469 D M_InsDal: Lcom/fsck/k9/mailstore/LocalStore;--->getAccount()Lcom/fsck/k9/Account;
10-31 08:39:05.636  5445  5469 D M_InsDal: Lcom/fsck/k9/Account;--->getInboxFolderName()Ljava/lang/String;
10-31 08:39:05.636  5445  5469 D M_InsDal: Lcom/fsck/k9/mailstore/LocalFolder;--->getName()Ljava/lang/String;
10-31 08:39:05.636  5445  5469 D M_InsDal: Lcom/fsck/k9/mailstore/LocalFolder;--->open(Landroid/database/Cursor;)V
10-31 08:39:05.636  5445  5469 D M_InsDal: Lcom/fsck/k9/mail/Folder;--->setStatus(Ljava/lang/String;)V
10-31 08:39:05.636  5445  5469 D M_InsDal: Lcom/fsck/k9/mail/Folder;--->setLastChecked(J)V
10-31 08:39:05.636  5445  5469 D M_InsDal: Lcom/fsck/k9/mail/Folder;--->setLastPush(J)V
10-31 08:39:05.636  5445  5469 D M_InsDal: Lcom/fsck/k9/mail/Folder$FolderClass;--->valueOf(Ljava/lang/String;)Lcom/fsck/k9/mail/Folder$FolderClass;
10-31 08:39:05.636  5445  5469 D M_InsDal: Lcom/fsck/k9/mail/Folder$FolderClass;--->valueOf(Ljava/lang/String;)Lcom/fsck/k9/mail/Folder$FolderClass;
10-31 08:39:05.636  5445  5469 D M_InsDal: Lcom/fsck/k9/mailstore/LocalFolder$MoreMessages;--->fromDatabaseName(Ljava/lang/String;)Lcom/fsck/k9/mailstore/LocalFolder$MoreMessages;
10-31 08:39:05.636  5445  5469 D M_InsDal: Lcom/fsck/k9/mailstore/LocalFolder$MoreMessages;--->values()[Lcom/fsck/k9/mailstore/LocalFolder$MoreMessages;
10-31 08:39:05.636  5445  5469 D M_InsDal: Lcom/fsck/k9/mailstore/LocalFolder;---><init>(Lcom/fsck/k9/mailstore/LocalStore;Ljava/lang/String;)V
10-31 08:39:05.636  5445  5469 D M_InsDal: Lcom/fsck/k9/mail/Folder;---><init>()V
10-31 08:39:05.636  5445  5469 D M_InsDal: Lcom/fsck/k9/mailstore/LocalStore;--->getAttachmentInfoExtractor()Lcom/fsck/k9/message/extractors/AttachmentInfoExtractor;
10-31 08:39:05.636  5445  5469 D M_InsDal: Lcom/fsck/k9/mailstore/LocalFolder;--->getAccount()Lcom/fsck/k9/Account;
10-31 08:39:05.636  5445  5469 D M_InsDal: Lcom/fsck/k9/mailstore/LocalStore;--->getAccount()Lcom/fsck/k9/Account;
10-31 08:39:05.636  5445  5469 D M_InsDal: Lcom/fsck/k9/Account;--->getInboxFolderName()Ljava/lang/String;
10-31 08:39:05.636  5445  5469 D M_InsDal: Lcom/fsck/k9/mailstore/LocalFolder;--->getName()Ljava/lang/String;
10-31 08:39:05.636  5445  5469 D M_InsDal: Lcom/fsck/k9/mailstore/LocalFolder;--->open(Landroid/database/Cursor;)V
10-31 08:39:05.636  5445  5469 D M_InsDal: Lcom/fsck/k9/mail/Folder;--->setStatus(Ljava/lang/String;)V
10-31 08:39:05.636  5445  5469 D M_InsDal: Lcom/fsck/k9/mail/Folder;--->setLastChecked(J)V
10-31 08:39:05.636  5445  5469 D M_InsDal: Lcom/fsck/k9/mail/Folder;--->setLastPush(J)V
10-31 08:39:05.636  5445  5469 D M_InsDal: Lcom/fsck/k9/mail/Folder$FolderClass;--->valueOf(Ljava/lang/String;)Lcom/fsck/k9/mail/Folder$FolderClass;
10-31 08:39:05.636  5445  5469 D M_InsDal: Lcom/fsck/k9/mail/Folder$FolderClass;--->valueOf(Ljava/lang/String;)Lcom/fsck/k9/mail/Folder$FolderClass;
10-31 08:39:05.636  5445  5469 D M_InsDal: Lcom/fsck/k9/mailstore/LocalFolder$MoreMessages;--->fromDatabaseName(Ljava/lang/String;)Lcom/fsck/k9/mailstore/LocalFolder$MoreMessages;
10-31 08:39:05.636  5445  5469 D M_InsDal: Lcom/fsck/k9/mailstore/LocalFolder$MoreMessages;--->values()[Lcom/fsck/k9/mailstore/LocalFolder$MoreMessages;
10-31 08:39:05.636  5445  5469 D M_InsDal: Lcom/fsck/k9/mailstore/LocalFolder;---><init>(Lcom/fsck/k9/mailstore/LocalStore;Ljava/lang/String;)V
10-31 08:39:05.636  5445  5469 D M_InsDal: Lcom/fsck/k9/mail/Folder;---><init>()V
10-31 08:39:05.636  5445  5469 D M_InsDal: Lcom/fsck/k9/mailstore/LocalStore;--->getAttachmentInfoExtractor()Lcom/fsck/k9/message/extractors/AttachmentInfoExtractor;
10-31 08:39:05.636  5445  5469 D M_InsDal: Lcom/fsck/k9/mailstore/LocalFolder;--->getAccount()Lcom/fsck/k9/Account;
10-31 08:39:05.636  5445  5469 D M_InsDal: Lcom/fsck/k9/mailstore/LocalStore;--->getAccount()Lcom/fsck/k9/Account;
10-31 08:39:05.636  5445  5469 D M_InsDal: Lcom/fsck/k9/Account;--->getInboxFolderName()Ljava/lang/String;
10-31 08:39:05.636  5445  5469 D M_InsDal: Lcom/fsck/k9/mailstore/LocalFolder;--->getName()Ljava/lang/String;
10-31 08:39:05.636  5445  5469 D M_InsDal: Lcom/fsck/k9/mailstore/LocalFolder;--->open(Landroid/database/Cursor;)V
10-31 08:39:05.636  5445  5469 D M_InsDal: Lcom/fsck/k9/mail/Folder;--->setStatus(Ljava/lang/String;)V
10-31 08:39:05.636  5445  5469 D M_InsDal: Lcom/fsck/k9/mail/Folder;--->setLastChecked(J)V
10-31 08:39:05.636  5445  5468 D M_InsDal: Lcom/fsck/k9/mailstore/LocalFolder;--->open(Landroid/database/Cursor;)V
10-31 08:39:05.636  5445  5469 D M_InsDal: Lcom/fsck/k9/mail/Folder;--->setLastPush(J)V
10-31 08:39:05.636  5445  5469 D M_InsDal: Lcom/fsck/k9/mail/Folder$FolderClass;--->valueOf(Ljava/lang/String;)Lcom/fsck/k9/mail/Folder$FolderClass;
10-31 08:39:05.636  5445  5468 D M_InsDal: Lcom/fsck/k9/mail/Folder;--->setStatus(Ljava/lang/String;)V
10-31 08:39:05.636  5445  5468 D M_InsDal: Lcom/fsck/k9/mail/Folder;--->setLastChecked(J)V
10-31 08:39:05.636  5445  5469 D M_InsDal: Lcom/fsck/k9/mail/Folder$FolderClass;--->valueOf(Ljava/lang/String;)Lcom/fsck/k9/mail/Folder$FolderClass;
10-31 08:39:05.636  5445  5468 D M_InsDal: Lcom/fsck/k9/mail/Folder;--->setLastPush(J)V
10-31 08:39:05.636  5445  5469 D M_InsDal: Lcom/fsck/k9/mail/Folder$FolderClass;--->valueOf(Ljava/lang/String;)Lcom/fsck/k9/mail/Folder$FolderClass;
10-31 08:39:05.636  5445  5468 D M_InsDal: Lcom/fsck/k9/mail/Folder$FolderClass;--->valueOf(Ljava/lang/String;)Lcom/fsck/k9/mail/Folder$FolderClass;
10-31 08:39:05.636  5445  5469 D M_InsDal: Lcom/fsck/k9/mail/Folder$FolderClass;--->valueOf(Ljava/lang/String;)Lcom/fsck/k9/mail/Folder$FolderClass;
10-31 08:39:05.636  5445  5469 D M_InsDal: Lcom/fsck/k9/mailstore/LocalFolder$MoreMessages;--->fromDatabaseName(Ljava/lang/String;)Lcom/fsck/k9/mailstore/LocalFolder$MoreMessages;
10-31 08:39:05.636  5445  5468 D M_InsDal: Lcom/fsck/k9/mail/Folder$FolderClass;--->valueOf(Ljava/lang/String;)Lcom/fsck/k9/mail/Folder$FolderClass;
10-31 08:39:05.636  5445  5469 D M_InsDal: Lcom/fsck/k9/mailstore/LocalFolder$MoreMessages;--->values()[Lcom/fsck/k9/mailstore/LocalFolder$MoreMessages;
10-31 08:39:05.636  5445  5468 D M_InsDal: Lcom/fsck/k9/mail/Folder$FolderClass;--->valueOf(Ljava/lang/String;)Lcom/fsck/k9/mail/Folder$FolderClass;
10-31 08:39:05.636  5445  5469 D M_InsDal: Lcom/fsck/k9/mailstore/LocalFolder;---><init>(Lcom/fsck/k9/mailstore/LocalStore;Ljava/lang/String;)V
10-31 08:39:05.636  5445  5468 D M_InsDal: Lcom/fsck/k9/mail/Folder$FolderClass;--->valueOf(Ljava/lang/String;)Lcom/fsck/k9/mail/Folder$FolderClass;
10-31 08:39:05.636  5445  5469 D M_InsDal: Lcom/fsck/k9/mail/Folder;---><init>()V
10-31 08:39:05.636  5445  5469 D M_InsDal: Lcom/fsck/k9/mailstore/LocalStore;--->getAttachmentInfoExtractor()Lcom/fsck/k9/message/extractors/AttachmentInfoExtractor;
10-31 08:39:05.636  5445  5469 D M_InsDal: Lcom/fsck/k9/mailstore/LocalFolder;--->getAccount()Lcom/fsck/k9/Account;
10-31 08:39:05.636  5445  5468 D M_InsDal: Lcom/fsck/k9/mailstore/LocalFolder$MoreMessages;--->fromDatabaseName(Ljava/lang/String;)Lcom/fsck/k9/mailstore/LocalFolder$MoreMessages;
10-31 08:39:05.636  5445  5469 D M_InsDal: Lcom/fsck/k9/mailstore/LocalStore;--->getAccount()Lcom/fsck/k9/Account;
10-31 08:39:05.636  5445  5468 D M_InsDal: Lcom/fsck/k9/mailstore/LocalFolder$MoreMessages;--->values()[Lcom/fsck/k9/mailstore/LocalFolder$MoreMessages;
10-31 08:39:05.636  5445  5469 D M_InsDal: Lcom/fsck/k9/Account;--->getInboxFolderName()Ljava/lang/String;
10-31 08:39:05.636  5445  5469 D M_InsDal: Lcom/fsck/k9/mailstore/LocalFolder;--->getName()Ljava/lang/String;
10-31 08:39:05.636  5445  5468 D M_InsDal: Lcom/fsck/k9/helper/Utility;--->closeQuietly(Landroid/database/Cursor;)V
10-31 08:39:05.636  5445  5469 D M_InsDal: Lcom/fsck/k9/mailstore/LocalFolder;--->open(Landroid/database/Cursor;)V
10-31 08:39:05.636  5445  5469 D M_InsDal: Lcom/fsck/k9/mail/Folder;--->setStatus(Ljava/lang/String;)V
10-31 08:39:05.636  5445  5469 D M_InsDal: Lcom/fsck/k9/mail/Folder;--->setLastChecked(J)V
10-31 08:39:05.636  5445  5469 D M_InsDal: Lcom/fsck/k9/mail/Folder;--->setLastPush(J)V
10-31 08:39:05.636  5445  5469 D M_InsDal: Lcom/fsck/k9/mail/Folder$FolderClass;--->valueOf(Ljava/lang/String;)Lcom/fsck/k9/mail/Folder$FolderClass;
10-31 08:39:05.636  5445  5469 D M_InsDal: Lcom/fsck/k9/mail/Folder$FolderClass;--->valueOf(Ljava/lang/String;)Lcom/fsck/k9/mail/Folder$FolderClass;
10-31 08:39:05.636  5445  5469 D M_InsDal: Lcom/fsck/k9/mailstore/LocalFolder$MoreMessages;--->fromDatabaseName(Ljava/lang/String;)Lcom/fsck/k9/mailstore/LocalFolder$MoreMessages;
10-31 08:39:05.636  5445  5469 D M_InsDal: Lcom/fsck/k9/mailstore/LocalFolder$MoreMessages;--->values()[Lcom/fsck/k9/mailstore/LocalFolder$MoreMessages;
10-31 08:39:05.636  5445  5469 D M_InsDal: Lcom/fsck/k9/mailstore/LocalFolder;---><init>(Lcom/fsck/k9/mailstore/LocalStore;Ljava/lang/String;)V
10-31 08:39:05.636  5445  5469 D M_InsDal: Lcom/fsck/k9/mail/Folder;---><init>()V
10-31 08:39:05.636  5445  5469 D M_InsDal: Lcom/fsck/k9/mailstore/LocalStore;--->getAttachmentInfoExtractor()Lcom/fsck/k9/message/extractors/AttachmentInfoExtractor;
10-31 08:39:05.636  5445  5469 D M_InsDal: Lcom/fsck/k9/mailstore/LocalFolder;--->getAccount()Lcom/fsck/k9/Account;
10-31 08:39:05.636  5445  5469 D M_InsDal: Lcom/fsck/k9/mailstore/LocalStore;--->getAccount()Lcom/fsck/k9/Account;
10-31 08:39:05.636  5445  5469 D M_InsDal: Lcom/fsck/k9/Account;--->getInboxFolderName()Ljava/lang/String;
10-31 08:39:05.636  5445  5469 D M_InsDal: Lcom/fsck/k9/mailstore/LocalFolder;--->getName()Ljava/lang/String;
10-31 08:39:05.636  5445  5469 D M_InsDal: Lcom/fsck/k9/mailstore/LocalFolder;--->open(Landroid/database/Cursor;)V
10-31 08:39:05.636  5445  5469 D M_InsDal: Lcom/fsck/k9/mail/Folder;--->setStatus(Ljava/lang/String;)V
10-31 08:39:05.637  5445  5469 D M_InsDal: Lcom/fsck/k9/mail/Folder;--->setLastChecked(J)V
10-31 08:39:05.637  5445  5469 D M_InsDal: Lcom/fsck/k9/mail/Folder;--->setLastPush(J)V
10-31 08:39:05.637  5445  5469 D M_InsDal: Lcom/fsck/k9/mail/Folder$FolderClass;--->valueOf(Ljava/lang/String;)Lcom/fsck/k9/mail/Folder$FolderClass;
10-31 08:39:05.637  5445  5469 D M_InsDal: Lcom/fsck/k9/mail/Folder$FolderClass;--->valueOf(Ljava/lang/String;)Lcom/fsck/k9/mail/Folder$FolderClass;
10-31 08:39:05.637  5445  5469 D M_InsDal: Lcom/fsck/k9/mailstore/LocalFolder$MoreMessages;--->fromDatabaseName(Ljava/lang/String;)Lcom/fsck/k9/mailstore/LocalFolder$MoreMessages;
10-31 08:39:05.637  5445  5469 D M_InsDal: Lcom/fsck/k9/mailstore/LocalFolder$MoreMessages;--->values()[Lcom/fsck/k9/mailstore/LocalFolder$MoreMessages;
10-31 08:39:05.637  5445  5469 D M_InsDal: Lcom/fsck/k9/helper/Utility;--->closeQuietly(Landroid/database/Cursor;)V
10-31 08:39:05.637  5445  5468 D M_InsDal: Lcom/fsck/k9/mailstore/LockableDatabase;--->unlockRead()V
10-31 08:39:05.637  5445  5468 D M_InsDal: Lcom/fsck/k9/mailstore/LockableDatabase;--->getStorageManager()Lcom/fsck/k9/mailstore/StorageManager;
10-31 08:39:05.637  5445  5468 D M_InsDal: Lcom/fsck/k9/mailstore/StorageManager;--->getInstance(Landroid/content/Context;)Lcom/fsck/k9/mailstore/StorageManager;
10-31 08:39:05.637  5445  5468 D M_InsDal: Lcom/fsck/k9/mailstore/StorageManager;--->unlockProvider(Ljava/lang/String;)V
10-31 08:39:05.637  5445  5468 D M_InsDal: Lcom/fsck/k9/mailstore/StorageManager;--->getProvider(Ljava/lang/String;)Lcom/fsck/k9/mailstore/StorageManager$StorageProvider;
10-31 08:39:05.637  5445  5468 D M_InsDal: Lcom/fsck/k9/mailstore/LocalFolder;--->getDatabaseId()J
10-31 08:39:05.637  5445  5469 D M_InsDal: Lcom/fsck/k9/mailstore/LockableDatabase;--->unlockRead()V
10-31 08:39:05.637  5445  5469 D M_InsDal: Lcom/fsck/k9/mailstore/LockableDatabase;--->getStorageManager()Lcom/fsck/k9/mailstore/StorageManager;
10-31 08:39:05.637  5445  5469 D M_InsDal: Lcom/fsck/k9/mailstore/StorageManager;--->getInstance(Landroid/content/Context;)Lcom/fsck/k9/mailstore/StorageManager;
10-31 08:39:05.637  5445  5469 D M_InsDal: Lcom/fsck/k9/mailstore/StorageManager;--->unlockProvider(Ljava/lang/String;)V
10-31 08:39:05.637  5445  5469 D M_InsDal: Lcom/fsck/k9/mailstore/StorageManager;--->getProvider(Ljava/lang/String;)Lcom/fsck/k9/mailstore/StorageManager$StorageProvider;
10-31 08:39:05.637  5445  5468 D M_InsDal: Lcom/fsck/k9/search/SqlQueryBuilder;--->buildWhereClauseInternal(Lcom/fsck/k9/Account;Lcom/fsck/k9/search/ConditionsTreeNode;Ljava/lang/StringBuilder;Ljava/util/List;)V
10-31 08:39:05.637  5445  5468 D M_InsDal: Lcom/fsck/k9/search/SqlQueryBuilder;--->getFolderId(Lcom/fsck/k9/Account;Ljava/lang/String;)J
10-31 08:39:05.637  5445  5468 D M_InsDal: Lcom/fsck/k9/Account;--->getLocalStore()Lcom/fsck/k9/mailstore/LocalStore;
10-31 08:39:05.637  5445  5469 D M_InsDal: Lcom/fsck/k9/controller/MessagingController;--->getListeners(Lcom/fsck/k9/controller/MessagingListener;)Ljava/util/Set;
10-31 08:39:05.637  5445  5468 D M_InsDal: Lcom/fsck/k9/mailstore/LocalStore;--->getInstance(Lcom/fsck/k9/Account;Landroid/content/Context;)Lcom/fsck/k9/mailstore/LocalStore;
10-31 08:39:05.637  5445  5468 D M_InsDal: Lcom/fsck/k9/Account;--->getUuid()Ljava/lang/String;
10-31 08:39:05.637  5445  5468 D M_InsDal: Lcom/fsck/k9/mailstore/LocalStore;--->getFolder(Ljava/lang/String;)Lcom/fsck/k9/mailstore/LocalFolder;
10-31 08:39:05.637  5445  5468 D M_InsDal: Lcom/fsck/k9/mailstore/LocalFolder;---><init>(Lcom/fsck/k9/mailstore/LocalStore;Ljava/lang/String;)V
10-31 08:39:05.637  5445  5468 D M_InsDal: Lcom/fsck/k9/mail/Folder;---><init>()V
10-31 08:39:05.637  5445  5468 D M_InsDal: Lcom/fsck/k9/mailstore/LocalStore;--->getAttachmentInfoExtractor()Lcom/fsck/k9/message/extractors/AttachmentInfoExtractor;
10-31 08:39:05.637  5445  5469 D M_InsDal: Lcom/fsck/k9/controller/SimpleMessagingListener;--->listFolders(Lcom/fsck/k9/Account;Ljava/util/List;)V
10-31 08:39:05.637  5445  5468 D M_InsDal: Lcom/fsck/k9/mailstore/LocalFolder;--->getAccount()Lcom/fsck/k9/Account;
10-31 08:39:05.637  5445  5468 D M_InsDal: Lcom/fsck/k9/mailstore/LocalStore;--->getAccount()Lcom/fsck/k9/Account;
10-31 08:39:05.637  5445  5468 D M_InsDal: Lcom/fsck/k9/Account;--->getInboxFolderName()Ljava/lang/String;
10-31 08:39:05.637  5445  5469 D M_InsDal: Lcom/fsck/k9/activity/FolderList$FolderListAdapter$1;--->listFolders(Lcom/fsck/k9/Account;Ljava/util/List;)V
10-31 08:39:05.637  5445  5468 D M_InsDal: Lcom/fsck/k9/mailstore/LocalFolder;--->getName()Ljava/lang/String;
10-31 08:39:05.637  5445  5468 D M_InsDal: Lcom/fsck/k9/mailstore/LocalFolder;--->open(I)V
10-31 08:39:05.637  5445  5469 D M_InsDal: Lcom/fsck/k9/Account;--->equals(Ljava/lang/Object;)Z
10-31 08:39:05.637  5445  5468 D M_InsDal: Lcom/fsck/k9/mailstore/LocalFolder;--->isOpen()Z
10-31 08:39:05.637  5445  5468 D M_InsDal: Lcom/fsck/k9/mailstore/LocalFolder;--->isOpen()Z
10-31 08:39:05.637  5445  5469 D M_InsDal: Lcom/fsck/k9/Account;--->getFolderDisplayMode()Lcom/fsck/k9/Account$FolderMode;
10-31 08:39:05.637  5445  5468 D M_InsDal: Lcom/fsck/k9/mailstore/LocalStore;--->getDatabase()Lcom/fsck/k9/mailstore/LockableDatabase;
10-31 08:39:05.637  5445  5468 D M_InsDal: Lcom/fsck/k9/mailstore/LocalFolder$1;---><init>(Lcom/fsck/k9/mailstore/LocalFolder;I)V
10-31 08:39:05.637  5445  5468 D M_InsDal: Lcom/fsck/k9/mailstore/LockableDatabase;--->execute(ZLcom/fsck/k9/mailstore/LockableDatabase$DbCallback;)Ljava/lang/Object;
10-31 08:39:05.637  5445  5468 D M_InsDal: Lcom/fsck/k9/mailstore/LockableDatabase;--->lockRead()V
10-31 08:39:05.637  5445  5469 D M_InsDal: Lcom/fsck/k9/mailstore/LocalFolder;--->getDisplayClass()Lcom/fsck/k9/mail/Folder$FolderClass;
10-31 08:39:05.637  5445  5469 D M_InsDal: Lcom/fsck/k9/mailstore/LocalFolder;--->getName()Ljava/lang/String;
10-31 08:39:05.637  5445  5468 D M_InsDal: Lcom/fsck/k9/mailstore/LockableDatabase;--->getStorageManager()Lcom/fsck/k9/mailstore/StorageManager;
10-31 08:39:05.637  5445  5468 D M_InsDal: Lcom/fsck/k9/mailstore/StorageManager;--->getInstance(Landroid/content/Context;)Lcom/fsck/k9/mailstore/StorageManager;
10-31 08:39:05.637  5445  5469 D M_InsDal: Lcom/fsck/k9/activity/FolderList$FolderListAdapter;--->getFolderIndex(Ljava/lang/String;)I
10-31 08:39:05.637  5445  5468 D M_InsDal: Lcom/fsck/k9/mailstore/StorageManager;--->lockProvider(Ljava/lang/String;)V
10-31 08:39:05.637  5445  5468 D M_InsDal: Lcom/fsck/k9/mailstore/StorageManager;--->getProvider(Ljava/lang/String;)Lcom/fsck/k9/mailstore/StorageManager$StorageProvider;
10-31 08:39:05.637  5445  5468 D M_InsDal: Lcom/fsck/k9/mailstore/StorageManager$InternalStorageProvider;--->isReady(Landroid/content/Context;)Z
10-31 08:39:05.637  5445  5468 D M_InsDal: Lcom/fsck/k9/K9;--->isDebug()Z
10-31 08:39:05.637  5445  5468 D M_InsDal: Lcom/fsck/k9/mailstore/LocalFolder$1;--->doDbWork(Landroid/database/sqlite/SQLiteDatabase;)Ljava/lang/Void;
10-31 08:39:05.637  5445  5469 D M_InsDal: Lcom/fsck/k9/activity/FolderInfoHolder;---><init>()V
10-31 08:39:05.637  5445  5469 D M_InsDal: Lcom/fsck/k9/activity/FolderInfoHolder;---><init>(Landroid/content/Context;Lcom/fsck/k9/mailstore/LocalFolder;Lcom/fsck/k9/Account;I)V
10-31 08:39:05.637  5445  5469 D M_InsDal: Lcom/fsck/k9/activity/FolderInfoHolder;--->populate(Landroid/content/Context;Lcom/fsck/k9/mailstore/LocalFolder;Lcom/fsck/k9/Account;I)V
10-31 08:39:05.637  5445  5469 D M_InsDal: Lcom/fsck/k9/activity/FolderInfoHolder;--->populate(Landroid/content/Context;Lcom/fsck/k9/mailstore/LocalFolder;Lcom/fsck/k9/Account;)V
10-31 08:39:05.637  5445  5469 D M_InsDal: Lcom/fsck/k9/mailstore/LocalFolder;--->getName()Ljava/lang/String;
10-31 08:39:05.637  5445  5469 D M_InsDal: Lcom/fsck/k9/mail/Folder;--->getLastUpdate()J
10-31 08:39:05.637  5445  5469 D M_InsDal: Lcom/fsck/k9/mail/Folder;--->getLastChecked()J
10-31 08:39:05.637  5445  5469 D M_InsDal: Lcom/fsck/k9/mail/Folder;--->getLastPush()J
10-31 08:39:05.637  5445  5469 D M_InsDal: Lcom/fsck/k9/mail/Folder;--->getStatus()Ljava/lang/String;
10-31 08:39:05.637  5445  5469 D M_InsDal: Lcom/fsck/k9/activity/FolderInfoHolder;--->truncateStatus(Ljava/lang/String;)Ljava/lang/String;
10-31 08:39:05.637  5445  5469 D M_InsDal: Lcom/fsck/k9/activity/FolderInfoHolder;--->getDisplayName(Landroid/content/Context;Lcom/fsck/k9/Account;Ljava/lang/String;)Ljava/lang/String;
10-31 08:39:05.637  5445  5469 D M_InsDal: Lcom/fsck/k9/Account;--->getSpamFolderName()Ljava/lang/String;
10-31 08:39:05.637  5445  5469 D M_InsDal: Lcom/fsck/k9/Account;--->getArchiveFolderName()Ljava/lang/String;
10-31 08:39:05.637  5445  5469 D M_InsDal: Lcom/fsck/k9/Account;--->getSentFolderName()Ljava/lang/String;
10-31 08:39:05.637  5445  5469 D M_InsDal: Lcom/fsck/k9/Account;--->getTrashFolderName()Ljava/lang/String;
10-31 08:39:05.637  5445  5469 D M_InsDal: Lcom/fsck/k9/Account;--->getDraftsFolderName()Ljava/lang/String;
10-31 08:39:05.637  5445  5469 D M_InsDal: Lcom/fsck/k9/Account;--->getOutboxFolderName()Ljava/lang/String;
10-31 08:39:05.637  5445  5469 D M_InsDal: Lcom/fsck/k9/Account;--->getInboxFolderName()Ljava/lang/String;
10-31 08:39:05.637  5445  5469 D M_InsDal: Lcom/fsck/k9/activity/FolderInfoHolder;--->setMoreMessagesFromFolder(Lcom/fsck/k9/mailstore/LocalFolder;)V
10-31 08:39:05.637  5445  5469 D M_InsDal: Lcom/fsck/k9/mailstore/LocalFolder;--->hasMoreMessages()Z
10-31 08:39:05.637  5445  5469 D M_InsDal: Lcom/fsck/k9/mailstore/LocalFolder;--->close()V
10-31 08:39:05.637  5445  5469 D M_InsDal: Lcom/fsck/k9/mailstore/LocalFolder;--->isInTopGroup()Z
10-31 08:39:05.637  5445  5469 D M_InsDal: Lcom/fsck/k9/mailstore/LocalFolder;--->getDisplayClass()Lcom/fsck/k9/mail/Folder$FolderClass;
10-31 08:39:05.637  5445  5469 D M_InsDal: Lcom/fsck/k9/mailstore/LocalFolder;--->getName()Ljava/lang/String;
10-31 08:39:05.637  5445  5469 D M_InsDal: Lcom/fsck/k9/activity/FolderList$FolderListAdapter;--->getFolderIndex(Ljava/lang/String;)I
10-31 08:39:05.637  5445  5469 D M_InsDal: Lcom/fsck/k9/activity/FolderInfoHolder;---><init>()V
10-31 08:39:05.637  5445  5469 D M_InsDal: Lcom/fsck/k9/activity/FolderInfoHolder;---><init>(Landroid/content/Context;Lcom/fsck/k9/mailstore/LocalFolder;Lcom/fsck/k9/Account;I)V
10-31 08:39:05.637  5445  5469 D M_InsDal: Lcom/fsck/k9/activity/FolderInfoHolder;--->populate(Landroid/content/Context;Lcom/fsck/k9/mailstore/LocalFolder;Lcom/fsck/k9/Account;I)V
10-31 08:39:05.637  5445  5469 D M_InsDal: Lcom/fsck/k9/activity/FolderInfoHolder;--->populate(Landroid/content/Context;Lcom/fsck/k9/mailstore/LocalFolder;Lcom/fsck/k9/Account;)V
10-31 08:39:05.637  5445  5469 D M_InsDal: Lcom/fsck/k9/mailstore/LocalFolder;--->getName()Ljava/lang/String;
10-31 08:39:05.637  5445  5469 D M_InsDal: Lcom/fsck/k9/mail/Folder;--->getLastUpdate()J
10-31 08:39:05.637  5445  5469 D M_InsDal: Lcom/fsck/k9/mail/Folder;--->getLastChecked()J
10-31 08:39:05.637  5445  5469 D M_InsDal: Lcom/fsck/k9/mail/Folder;--->getLastPush()J
10-31 08:39:05.637  5445  5469 D M_InsDal: Lcom/fsck/k9/mail/Folder;--->getStatus()Ljava/lang/String;
10-31 08:39:05.637  5445  5469 D M_InsDal: Lcom/fsck/k9/activity/FolderInfoHolder;--->truncateStatus(Ljava/lang/String;)Ljava/lang/String;
10-31 08:39:05.637  5445  5469 D M_InsDal: Lcom/fsck/k9/activity/FolderInfoHolder;--->getDisplayName(Landroid/content/Context;Lcom/fsck/k9/Account;Ljava/lang/String;)Ljava/lang/String;
10-31 08:39:05.637  5445  5469 D M_InsDal: Lcom/fsck/k9/Account;--->getSpamFolderName()Ljava/lang/String;
10-31 08:39:05.637  5445  5469 D M_InsDal: Lcom/fsck/k9/Account;--->getArchiveFolderName()Ljava/lang/String;
10-31 08:39:05.637  5445  5469 D M_InsDal: Lcom/fsck/k9/Account;--->getSentFolderName()Ljava/lang/String;
10-31 08:39:05.637  5445  5469 D M_InsDal: Lcom/fsck/k9/Account;--->getTrashFolderName()Ljava/lang/String;
10-31 08:39:05.637  5445  5469 D M_InsDal: Lcom/fsck/k9/Account;--->getDraftsFolderName()Ljava/lang/String;
10-31 08:39:05.637  5445  5469 D M_InsDal: Lcom/fsck/k9/Account;--->getOutboxFolderName()Ljava/lang/String;
10-31 08:39:05.637  5445  5469 D M_InsDal: Lcom/fsck/k9/activity/FolderInfoHolder;--->setMoreMessagesFromFolder(Lcom/fsck/k9/mailstore/LocalFolder;)V
10-31 08:39:05.637  5445  5469 D M_InsDal: Lcom/fsck/k9/mailstore/LocalFolder;--->hasMoreMessages()Z
10-31 08:39:05.637  5445  5468 D M_InsDal: Lcom/fsck/k9/mailstore/LocalFolder;--->open(Landroid/database/Cursor;)V
10-31 08:39:05.637  5445  5469 D M_InsDal: Lcom/fsck/k9/mailstore/LocalFolder;--->close()V
10-31 08:39:05.637  5445  5469 D M_InsDal: Lcom/fsck/k9/mailstore/LocalFolder;--->isInTopGroup()Z
10-31 08:39:05.637  5445  5469 D M_InsDal: Lcom/fsck/k9/mailstore/LocalFolder;--->getDisplayClass()Lcom/fsck/k9/mail/Folder$FolderClass;
10-31 08:39:05.637  5445  5469 D M_InsDal: Lcom/fsck/k9/mailstore/LocalFolder;--->getName()Ljava/lang/String;
10-31 08:39:05.637  5445  5468 D M_InsDal: Lcom/fsck/k9/mail/Folder;--->setStatus(Ljava/lang/String;)V
10-31 08:39:05.637  5445  5469 D M_InsDal: Lcom/fsck/k9/activity/FolderList$FolderListAdapter;--->getFolderIndex(Ljava/lang/String;)I
10-31 08:39:05.637  5445  5469 D M_InsDal: Lcom/fsck/k9/activity/FolderInfoHolder;---><init>()V
10-31 08:39:05.637  5445  5468 D M_InsDal: Lcom/fsck/k9/mail/Folder;--->setLastChecked(J)V
10-31 08:39:05.637  5445  5469 D M_InsDal: Lcom/fsck/k9/activity/FolderInfoHolder;---><init>(Landroid/content/Context;Lcom/fsck/k9/mailstore/LocalFolder;Lcom/fsck/k9/Account;I)V
10-31 08:39:05.637  5445  5468 D M_InsDal: Lcom/fsck/k9/mail/Folder;--->setLastPush(J)V
10-31 08:39:05.637  5445  5469 D M_InsDal: Lcom/fsck/k9/activity/FolderInfoHolder;--->populate(Landroid/content/Context;Lcom/fsck/k9/mailstore/LocalFolder;Lcom/fsck/k9/Account;I)V
10-31 08:39:05.637  5445  5469 D M_InsDal: Lcom/fsck/k9/activity/FolderInfoHolder;--->populate(Landroid/content/Context;Lcom/fsck/k9/mailstore/LocalFolder;Lcom/fsck/k9/Account;)V
10-31 08:39:05.637  5445  5469 D M_InsDal: Lcom/fsck/k9/mailstore/LocalFolder;--->getName()Ljava/lang/String;
10-31 08:39:05.637  5445  5469 D M_InsDal: Lcom/fsck/k9/mail/Folder;--->getLastUpdate()J
10-31 08:39:05.637  5445  5468 D M_InsDal: Lcom/fsck/k9/mail/Folder$FolderClass;--->valueOf(Ljava/lang/String;)Lcom/fsck/k9/mail/Folder$FolderClass;
10-31 08:39:05.637  5445  5469 D M_InsDal: Lcom/fsck/k9/mail/Folder;--->getLastChecked()J
10-31 08:39:05.637  5445  5469 D M_InsDal: Lcom/fsck/k9/mail/Folder;--->getLastPush()J
10-31 08:39:05.637  5445  5469 D M_InsDal: Lcom/fsck/k9/mail/Folder;--->getStatus()Ljava/lang/String;
10-31 08:39:05.637  5445  5468 D M_InsDal: Lcom/fsck/k9/mail/Folder$FolderClass;--->valueOf(Ljava/lang/String;)Lcom/fsck/k9/mail/Folder$FolderClass;
10-31 08:39:05.637  5445  5469 D M_InsDal: Lcom/fsck/k9/activity/FolderInfoHolder;--->truncateStatus(Ljava/lang/String;)Ljava/lang/String;
10-31 08:39:05.637  5445  5469 D M_InsDal: Lcom/fsck/k9/activity/FolderInfoHolder;--->getDisplayName(Landroid/content/Context;Lcom/fsck/k9/Account;Ljava/lang/String;)Ljava/lang/String;
10-31 08:39:05.637  5445  5468 D M_InsDal: Lcom/fsck/k9/mail/Folder$FolderClass;--->valueOf(Ljava/lang/String;)Lcom/fsck/k9/mail/Folder$FolderClass;
10-31 08:39:05.637  5445  5469 D M_InsDal: Lcom/fsck/k9/Account;--->getSpamFolderName()Ljava/lang/String;
10-31 08:39:05.637  5445  5469 D M_InsDal: Lcom/fsck/k9/Account;--->getArchiveFolderName()Ljava/lang/String;
10-31 08:39:05.637  5445  5468 D M_InsDal: Lcom/fsck/k9/mail/Folder$FolderClass;--->valueOf(Ljava/lang/String;)Lcom/fsck/k9/mail/Folder$FolderClass;
10-31 08:39:05.637  5445  5469 D M_InsDal: Lcom/fsck/k9/Account;--->getSentFolderName()Ljava/lang/String;
10-31 08:39:05.637  5445  5469 D M_InsDal: Lcom/fsck/k9/Account;--->getTrashFolderName()Ljava/lang/String;
10-31 08:39:05.637  5445  5468 D M_InsDal: Lcom/fsck/k9/mailstore/LocalFolder$MoreMessages;--->fromDatabaseName(Ljava/lang/String;)Lcom/fsck/k9/mailstore/LocalFolder$MoreMessages;
10-31 08:39:05.637  5445  5468 D M_InsDal: Lcom/fsck/k9/mailstore/LocalFolder$MoreMessages;--->values()[Lcom/fsck/k9/mailstore/LocalFolder$MoreMessages;
10-31 08:39:05.637  5445  5468 D M_InsDal: Lcom/fsck/k9/helper/Utility;--->closeQuietly(Landroid/database/Cursor;)V
10-31 08:39:05.637  5445  5445 D M_InsDal: Lcom/fsck/k9/service/MailService;---><init>()V
10-31 08:39:05.637  5445  5445 D M_InsDal: Lcom/fsck/k9/service/CoreService;---><init>()V
10-31 08:39:05.637  5445  5468 D M_InsDal: Lcom/fsck/k9/mailstore/LockableDatabase;--->unlockRead()V
10-31 08:39:05.637  5445  5468 D M_InsDal: Lcom/fsck/k9/mailstore/LockableDatabase;--->getStorageManager()Lcom/fsck/k9/mailstore/StorageManager;
10-31 08:39:05.637  5445  5468 D M_InsDal: Lcom/fsck/k9/mailstore/StorageManager;--->getInstance(Landroid/content/Context;)Lcom/fsck/k9/mailstore/StorageManager;
10-31 08:39:05.637  5445  5468 D M_InsDal: Lcom/fsck/k9/mailstore/StorageManager;--->unlockProvider(Ljava/lang/String;)V
10-31 08:39:05.637  5445  5468 D M_InsDal: Lcom/fsck/k9/mailstore/StorageManager;--->getProvider(Ljava/lang/String;)Lcom/fsck/k9/mailstore/StorageManager$StorageProvider;
10-31 08:39:05.637  5445  5468 D M_InsDal: Lcom/fsck/k9/mailstore/LocalFolder;--->getDatabaseId()J
10-31 08:39:05.637  5445  5469 D M_InsDal: Lcom/fsck/k9/activity/FolderInfoHolder;--->setMoreMessagesFromFolder(Lcom/fsck/k9/mailstore/LocalFolder;)V
10-31 08:39:05.637  5445  5469 D M_InsDal: Lcom/fsck/k9/mailstore/LocalFolder;--->hasMoreMessages()Z
10-31 08:39:05.637  5445  5469 D M_InsDal: Lcom/fsck/k9/mailstore/LocalFolder;--->close()V
10-31 08:39:05.637  5445  5469 D M_InsDal: Lcom/fsck/k9/mailstore/LocalFolder;--->isInTopGroup()Z
10-31 08:39:05.637  5445  5469 D M_InsDal: Lcom/fsck/k9/mailstore/LocalFolder;--->getDisplayClass()Lcom/fsck/k9/mail/Folder$FolderClass;
10-31 08:39:05.637  5445  5469 D M_InsDal: Lcom/fsck/k9/mailstore/LocalFolder;--->getName()Ljava/lang/String;
10-31 08:39:05.637  5445  5468 D M_InsDal: Lcom/fsck/k9/search/SqlQueryBuilder;--->buildWhereClauseInternal(Lcom/fsck/k9/Account;Lcom/fsck/k9/search/ConditionsTreeNode;Ljava/lang/StringBuilder;Ljava/util/List;)V
10-31 08:39:05.637  5445  5469 D M_InsDal: Lcom/fsck/k9/activity/FolderList$FolderListAdapter;--->getFolderIndex(Ljava/lang/String;)I
10-31 08:39:05.637  5445  5469 D M_InsDal: Lcom/fsck/k9/activity/FolderInfoHolder;---><init>()V
10-31 08:39:05.637  5445  5468 D M_InsDal: Lcom/fsck/k9/search/SqlQueryBuilder;--->getFolderId(Lcom/fsck/k9/Account;Ljava/lang/String;)J
10-31 08:39:05.637  5445  5469 D M_InsDal: Lcom/fsck/k9/activity/FolderInfoHolder;---><init>(Landroid/content/Context;Lcom/fsck/k9/mailstore/LocalFolder;Lcom/fsck/k9/Account;I)V
10-31 08:39:05.637  5445  5445 D M_InsDal: Lcom/fsck/k9/service/CoreService;--->onCreate()V
10-31 08:39:05.637  5445  5468 D M_InsDal: Lcom/fsck/k9/Account;--->getLocalStore()Lcom/fsck/k9/mailstore/LocalStore;
10-31 08:39:05.637  5445  5468 D M_InsDal: Lcom/fsck/k9/mailstore/LocalStore;--->getInstance(Lcom/fsck/k9/Account;Landroid/content/Context;)Lcom/fsck/k9/mailstore/LocalStore;
10-31 08:39:05.637  5445  5468 D M_InsDal: Lcom/fsck/k9/Account;--->getUuid()Ljava/lang/String;
10-31 08:39:05.637  5445  5469 D M_InsDal: Lcom/fsck/k9/activity/FolderInfoHolder;--->populate(Landroid/content/Context;Lcom/fsck/k9/mailstore/LocalFolder;Lcom/fsck/k9/Account;I)V
10-31 08:39:05.637  5445  5469 D M_InsDal: Lcom/fsck/k9/activity/FolderInfoHolder;--->populate(Landroid/content/Context;Lcom/fsck/k9/mailstore/LocalFolder;Lcom/fsck/k9/Account;)V
10-31 08:39:05.637  5445  5469 D M_InsDal: Lcom/fsck/k9/mailstore/LocalFolder;--->getName()Ljava/lang/String;
10-31 08:39:05.637  5445  5469 D M_InsDal: Lcom/fsck/k9/mail/Folder;--->getLastUpdate()J
10-31 08:39:05.637  5445  5469 D M_InsDal: Lcom/fsck/k9/mail/Folder;--->getLastChecked()J
10-31 08:39:05.637  5445  5469 D M_InsDal: Lcom/fsck/k9/mail/Folder;--->getLastPush()J
10-31 08:39:05.637  5445  5469 D M_InsDal: Lcom/fsck/k9/mail/Folder;--->getStatus()Ljava/lang/String;
10-31 08:39:05.637  5445  5468 D M_InsDal: Lcom/fsck/k9/mailstore/LocalStore;--->getFolder(Ljava/lang/String;)Lcom/fsck/k9/mailstore/LocalFolder;
10-31 08:39:05.637  5445  5469 D M_InsDal: Lcom/fsck/k9/activity/FolderInfoHolder;--->truncateStatus(Ljava/lang/String;)Ljava/lang/String;
10-31 08:39:05.637  5445  5468 D M_InsDal: Lcom/fsck/k9/mailstore/LocalFolder;---><init>(Lcom/fsck/k9/mailstore/LocalStore;Ljava/lang/String;)V
10-31 08:39:05.637  5445  5469 D M_InsDal: Lcom/fsck/k9/activity/FolderInfoHolder;--->getDisplayName(Landroid/content/Context;Lcom/fsck/k9/Account;Ljava/lang/String;)Ljava/lang/String;
10-31 08:39:05.637  5445  5469 D M_InsDal: Lcom/fsck/k9/Account;--->getSpamFolderName()Ljava/lang/String;
10-31 08:39:05.637  5445  5468 D M_InsDal: Lcom/fsck/k9/mail/Folder;---><init>()V
10-31 08:39:05.637  5445  5468 D M_InsDal: Lcom/fsck/k9/mailstore/LocalStore;--->getAttachmentInfoExtractor()Lcom/fsck/k9/message/extractors/AttachmentInfoExtractor;
10-31 08:39:05.637  5445  5468 D M_InsDal: Lcom/fsck/k9/mailstore/LocalFolder;--->getAccount()Lcom/fsck/k9/Account;
10-31 08:39:05.637  5445  5468 D M_InsDal: Lcom/fsck/k9/mailstore/LocalStore;--->getAccount()Lcom/fsck/k9/Account;
10-31 08:39:05.637  5445  5468 D M_InsDal: Lcom/fsck/k9/Account;--->getInboxFolderName()Ljava/lang/String;
10-31 08:39:05.637  5445  5468 D M_InsDal: Lcom/fsck/k9/mailstore/LocalFolder;--->getName()Ljava/lang/String;
10-31 08:39:05.637  5445  5468 D M_InsDal: Lcom/fsck/k9/mailstore/LocalFolder;--->open(I)V
10-31 08:39:05.637  5445  5469 D M_InsDal: Lcom/fsck/k9/activity/FolderInfoHolder;--->setMoreMessagesFromFolder(Lcom/fsck/k9/mailstore/LocalFolder;)V
10-31 08:39:05.637  5445  5468 D M_InsDal: Lcom/fsck/k9/mailstore/LocalFolder;--->isOpen()Z
10-31 08:39:05.637  5445  5469 D M_InsDal: Lcom/fsck/k9/mailstore/LocalFolder;--->hasMoreMessages()Z
10-31 08:39:05.637  5445  5468 D M_InsDal: Lcom/fsck/k9/mailstore/LocalFolder;--->isOpen()Z
10-31 08:39:05.637  5445  5469 D M_InsDal: Lcom/fsck/k9/mailstore/LocalFolder;--->close()V
10-31 08:39:05.637  5445  5468 D M_InsDal: Lcom/fsck/k9/mailstore/LocalStore;--->getDatabase()Lcom/fsck/k9/mailstore/LockableDatabase;
10-31 08:39:05.637  5445  5469 D M_InsDal: Lcom/fsck/k9/mailstore/LocalFolder;--->isInTopGroup()Z
10-31 08:39:05.637  5445  5469 D M_InsDal: Lcom/fsck/k9/mailstore/LocalFolder;--->getDisplayClass()Lcom/fsck/k9/mail/Folder$FolderClass;
10-31 08:39:05.637  5445  5469 D M_InsDal: Lcom/fsck/k9/mailstore/LocalFolder;--->getName()Ljava/lang/String;
10-31 08:39:05.637  5445  5469 D M_InsDal: Lcom/fsck/k9/activity/FolderList$FolderListAdapter;--->getFolderIndex(Ljava/lang/String;)I
10-31 08:39:05.637  5445  5468 D M_InsDal: Lcom/fsck/k9/mailstore/LocalFolder$1;---><init>(Lcom/fsck/k9/mailstore/LocalFolder;I)V
10-31 08:39:05.637  5445  5469 D M_InsDal: Lcom/fsck/k9/activity/FolderInfoHolder;---><init>()V
10-31 08:39:05.637  5445  5468 D M_InsDal: Lcom/fsck/k9/mailstore/LockableDatabase;--->execute(ZLcom/fsck/k9/mailstore/LockableDatabase$DbCallback;)Ljava/lang/Object;
10-31 08:39:05.637  5445  5469 D M_InsDal: Lcom/fsck/k9/activity/FolderInfoHolder;---><init>(Landroid/content/Context;Lcom/fsck/k9/mailstore/LocalFolder;Lcom/fsck/k9/Account;I)V
10-31 08:39:05.637  5445  5445 D M_InsDal: Lcom/fsck/k9/service/MailService;--->onCreate()V
10-31 08:39:05.637  5445  5469 D M_InsDal: Lcom/fsck/k9/activity/FolderInfoHolder;--->populate(Landroid/content/Context;Lcom/fsck/k9/mailstore/LocalFolder;Lcom/fsck/k9/Account;I)V
10-31 08:39:05.637  5445  5468 D M_InsDal: Lcom/fsck/k9/mailstore/LockableDatabase;--->lockRead()V
10-31 08:39:05.637  5445  5469 D M_InsDal: Lcom/fsck/k9/activity/FolderInfoHolder;--->populate(Landroid/content/Context;Lcom/fsck/k9/mailstore/LocalFolder;Lcom/fsck/k9/Account;)V
10-31 08:39:05.637  5445  5469 D M_InsDal: Lcom/fsck/k9/mailstore/LocalFolder;--->getName()Ljava/lang/String;
10-31 08:39:05.637  5445  5469 D M_InsDal: Lcom/fsck/k9/mail/Folder;--->getLastUpdate()J
10-31 08:39:05.637  5445  5469 D M_InsDal: Lcom/fsck/k9/mail/Folder;--->getLastChecked()J
10-31 08:39:05.637  5445  5468 D M_InsDal: Lcom/fsck/k9/mailstore/LockableDatabase;--->getStorageManager()Lcom/fsck/k9/mailstore/StorageManager;
10-31 08:39:05.637  5445  5469 D M_InsDal: Lcom/fsck/k9/mail/Folder;--->getLastPush()J
10-31 08:39:05.637  5445  5469 D M_InsDal: Lcom/fsck/k9/mail/Folder;--->getStatus()Ljava/lang/String;
10-31 08:39:05.637  5445  5468 D M_InsDal: Lcom/fsck/k9/mailstore/StorageManager;--->getInstance(Landroid/content/Context;)Lcom/fsck/k9/mailstore/StorageManager;
10-31 08:39:05.637  5445  5469 D M_InsDal: Lcom/fsck/k9/activity/FolderInfoHolder;--->truncateStatus(Ljava/lang/String;)Ljava/lang/String;
10-31 08:39:05.637  5445  5469 D M_InsDal: Lcom/fsck/k9/activity/FolderInfoHolder;--->getDisplayName(Landroid/content/Context;Lcom/fsck/k9/Account;Ljava/lang/String;)Ljava/lang/String;
10-31 08:39:05.637  5445  5469 D M_InsDal: Lcom/fsck/k9/Account;--->getSpamFolderName()Ljava/lang/String;
10-31 08:39:05.637  5445  5468 D M_InsDal: Lcom/fsck/k9/mailstore/StorageManager;--->lockProvider(Ljava/lang/String;)V
10-31 08:39:05.637  5445  5469 D M_InsDal: Lcom/fsck/k9/Account;--->getArchiveFolderName()Ljava/lang/String;
10-31 08:39:05.637  5445  5468 D M_InsDal: Lcom/fsck/k9/mailstore/StorageManager;--->getProvider(Ljava/lang/String;)Lcom/fsck/k9/mailstore/StorageManager$StorageProvider;
10-31 08:39:05.637  5445  5469 D M_InsDal: Lcom/fsck/k9/Account;--->getSentFolderName()Ljava/lang/String;
10-31 08:39:05.638  5445  5469 D M_InsDal: Lcom/fsck/k9/activity/FolderInfoHolder;--->setMoreMessagesFromFolder(Lcom/fsck/k9/mailstore/LocalFolder;)V
10-31 08:39:05.638  5445  5469 D M_InsDal: Lcom/fsck/k9/mailstore/LocalFolder;--->hasMoreMessages()Z
