10-31 08:31:09.176  3059  3059 D M_InsDal: Lcom/fsck/k9/mail/power/TracingPowerManager;--->getPowerManager(Landroid/content/Context;)Lcom/fsck/k9/mail/power/TracingPowerManager;
10-31 08:31:09.176  3059  3059 D M_InsDal: Lcom/fsck/k9/mail/power/TracingPowerManager;--->newWakeLock(ILjava/lang/String;)Lcom/fsck/k9/mail/power/TracingPowerManager$TracingWakeLock;
10-31 08:31:09.176  3059  3059 D M_InsDal: Lcom/fsck/k9/mail/power/TracingPowerManager$TracingWakeLock;---><init>(Lcom/fsck/k9/mail/power/TracingPowerManager;ILjava/lang/String;)V
10-31 08:31:09.176  3059  3059 D M_InsDal: Lcom/fsck/k9/mail/K9MailLib;--->isDebug()Z
10-31 08:31:09.176  3059  3059 D M_InsDal: Lcom/fsck/k9/K9$2;--->enabled()Z
10-31 08:31:09.176  3059  3059 D M_InsDal: Lcom/fsck/k9/mail/power/TracingPowerManager$TracingWakeLock;--->setReferenceCounted(Z)V
10-31 08:31:09.176  3059  3059 D M_InsDal: Lcom/fsck/k9/mail/power/TracingPowerManager$TracingWakeLock;--->acquire(J)V
10-31 08:31:09.177  3059  3059 D M_InsDal: Lcom/fsck/k9/mail/K9MailLib;--->isDebug()Z
10-31 08:31:09.177  3059  3059 D M_InsDal: Lcom/fsck/k9/K9$2;--->enabled()Z
10-31 08:31:09.177  3059  3059 D M_InsDal: Lcom/fsck/k9/mail/power/TracingPowerManager$TracingWakeLock;--->raiseNotification()V
10-31 08:31:09.178  3059  3059 D M_InsDal: Lcom/fsck/k9/service/BootReceiver;--->receive(Landroid/content/Context;Landroid/content/Intent;Ljava/lang/Integer;)Ljava/lang/Integer;
10-31 08:31:09.178  3059  3059 D M_InsDal: Lcom/fsck/k9/service/BootReceiver;--->buildPendingIntent(Landroid/content/Context;Landroid/content/Intent;)Landroid/app/PendingIntent;
10-31 08:31:09.178  3059  3081 D M_InsDal: Lcom/fsck/k9/mailstore/LockableDatabase;--->lockWrite()V
10-31 08:31:09.178  3059  3081 D M_InsDal: Lcom/fsck/k9/mailstore/LockableDatabase;--->lockWrite(Ljava/lang/String;)V
10-31 08:31:09.178  3059  3081 D M_InsDal: Lcom/fsck/k9/mailstore/LockableDatabase;--->getStorageManager()Lcom/fsck/k9/mailstore/StorageManager;
10-31 08:31:09.179  3059  3081 D M_InsDal: Lcom/fsck/k9/mailstore/StorageManager;--->getInstance(Landroid/content/Context;)Lcom/fsck/k9/mailstore/StorageManager;
10-31 08:31:09.179  3059  3081 D M_InsDal: Lcom/fsck/k9/mailstore/StorageManager;--->lockProvider(Ljava/lang/String;)V
10-31 08:31:09.179  3059  3081 D M_InsDal: Lcom/fsck/k9/mailstore/StorageManager;--->getProvider(Ljava/lang/String;)Lcom/fsck/k9/mailstore/StorageManager$StorageProvider;
10-31 08:31:09.179  3059  3059 D M_InsDal: Lcom/fsck/k9/helper/K9AlarmManager;--->getAlarmManager(Landroid/content/Context;)Lcom/fsck/k9/helper/K9AlarmManager;
10-31 08:31:09.179  3059  3059 D M_InsDal: Lcom/fsck/k9/power/DozeChecker;---><init>(Landroid/content/Context;)V
10-31 08:31:09.179  3059  3059 D M_InsDal: Lcom/fsck/k9/helper/K9AlarmManager;---><init>(Landroid/app/AlarmManager;Lcom/fsck/k9/power/DozeChecker;)V
10-31 08:31:09.179  3059  3059 D M_InsDal: Lcom/fsck/k9/helper/K9AlarmManager;--->cancel(Landroid/app/PendingIntent;)V
10-31 08:31:09.179  3059  3059 D M_InsDal: Lcom/fsck/k9/service/CoreReceiver;--->releaseWakeLock(Ljava/lang/Integer;)V
10-31 08:31:09.179  3059  3059 D M_InsDal: Lcom/fsck/k9/mail/power/TracingPowerManager$TracingWakeLock;--->release()V
10-31 08:31:09.179  3059  3059 D M_InsDal: Lcom/fsck/k9/mail/K9MailLib;--->isDebug()Z
10-31 08:31:09.179  3059  3059 D M_InsDal: Lcom/fsck/k9/K9$2;--->enabled()Z
10-31 08:31:09.179  3059  3059 D M_InsDal: Lcom/fsck/k9/mail/power/TracingPowerManager$TracingWakeLock;--->cancelNotification()V
10-31 08:31:09.180  3059  3081 D M_InsDal: Lcom/fsck/k9/mailstore/StorageManager$InternalStorageProvider;--->isReady(Landroid/content/Context;)Z
10-31 08:31:09.180  3059  3081 D M_InsDal: Lcom/fsck/k9/mailstore/LockableDatabase;--->openOrCreateDataspace()V
10-31 08:31:09.180  3059  3081 D M_InsDal: Lcom/fsck/k9/mailstore/LockableDatabase;--->lockWrite()V
10-31 08:31:09.180  3059  3059 D M_InsDal: Lcom/fsck/k9/service/PushService;---><init>()V
10-31 08:31:09.180  3059  3081 D M_InsDal: Lcom/fsck/k9/mailstore/LockableDatabase;--->lockWrite(Ljava/lang/String;)V
10-31 08:31:09.180  3059  3059 D M_InsDal: Lcom/fsck/k9/service/CoreService;---><init>()V
10-31 08:31:09.180  3059  3081 D M_InsDal: Lcom/fsck/k9/mailstore/LockableDatabase;--->getStorageManager()Lcom/fsck/k9/mailstore/StorageManager;
10-31 08:31:09.180  3059  3081 D M_InsDal: Lcom/fsck/k9/mailstore/StorageManager;--->getInstance(Landroid/content/Context;)Lcom/fsck/k9/mailstore/StorageManager;
10-31 08:31:09.180  3059  3081 D M_InsDal: Lcom/fsck/k9/mailstore/StorageManager;--->lockProvider(Ljava/lang/String;)V
10-31 08:31:09.180  3059  3081 D M_InsDal: Lcom/fsck/k9/mailstore/StorageManager;--->getProvider(Ljava/lang/String;)Lcom/fsck/k9/mailstore/StorageManager$StorageProvider;
10-31 08:31:09.180  3059  3059 D M_InsDal: Lcom/fsck/k9/service/CoreService;--->onCreate()V
10-31 08:31:09.180  3059  3081 D M_InsDal: Lcom/fsck/k9/mailstore/StorageManager$InternalStorageProvider;--->isReady(Landroid/content/Context;)Z
10-31 08:31:09.180  3059  3081 D M_InsDal: Lcom/fsck/k9/mailstore/LockableDatabase;--->prepareStorage(Ljava/lang/String;)Ljava/io/File;
10-31 08:31:09.180  3059  3081 D M_InsDal: Lcom/fsck/k9/mailstore/LockableDatabase;--->getStorageManager()Lcom/fsck/k9/mailstore/StorageManager;
10-31 08:31:09.180  3059  3081 D M_InsDal: Lcom/fsck/k9/mailstore/StorageManager;--->getInstance(Landroid/content/Context;)Lcom/fsck/k9/mailstore/StorageManager;
10-31 08:31:09.180  3059  3081 D M_InsDal: Lcom/fsck/k9/mailstore/StorageManager;--->getDatabase(Ljava/lang/String;Ljava/lang/String;)Ljava/io/File;
10-31 08:31:09.180  3059  3081 D M_InsDal: Lcom/fsck/k9/mailstore/StorageManager;--->getProvider(Ljava/lang/String;)Lcom/fsck/k9/mailstore/StorageManager$StorageProvider;
10-31 08:31:09.180  3059  3059 D M_InsDal: Lcom/fsck/k9/service/PushService;--->onCreate()V
10-31 08:31:09.180  3059  3059 D M_InsDal: Lcom/fsck/k9/service/CoreService;--->setAutoShutdown(Z)V
10-31 08:31:09.180  3059  3081 D M_InsDal: Lcom/fsck/k9/mailstore/StorageManager$InternalStorageProvider;--->getDatabase(Landroid/content/Context;Ljava/lang/String;)Ljava/io/File;
10-31 08:31:09.180  3059  3059 D M_InsDal: Lcom/fsck/k9/service/CoreService;--->onStartCommand(Landroid/content/Intent;II)I
10-31 08:31:09.180  3059  3059 D M_InsDal: Lcom/fsck/k9/service/CoreService;--->acquireWakeLock(Landroid/content/Context;Ljava/lang/String;J)Lcom/fsck/k9/mail/power/TracingPowerManager$TracingWakeLock;
10-31 08:31:09.180  3059  3059 D M_InsDal: Lcom/fsck/k9/mail/power/TracingPowerManager;--->getPowerManager(Landroid/content/Context;)Lcom/fsck/k9/mail/power/TracingPowerManager;
10-31 08:31:09.180  3059  3059 D M_InsDal: Lcom/fsck/k9/mail/power/TracingPowerManager;--->newWakeLock(ILjava/lang/String;)Lcom/fsck/k9/mail/power/TracingPowerManager$TracingWakeLock;
10-31 08:31:09.180  3059  3059 D M_InsDal: Lcom/fsck/k9/mail/power/TracingPowerManager$TracingWakeLock;---><init>(Lcom/fsck/k9/mail/power/TracingPowerManager;ILjava/lang/String;)V
10-31 08:31:09.180  3059  3059 D M_InsDal: Lcom/fsck/k9/mail/K9MailLib;--->isDebug()Z
10-31 08:31:09.180  3059  3059 D M_InsDal: Lcom/fsck/k9/K9$2;--->enabled()Z
10-31 08:31:09.180  3059  3059 D M_InsDal: Lcom/fsck/k9/mail/power/TracingPowerManager$TracingWakeLock;--->setReferenceCounted(Z)V
10-31 08:31:09.180  3059  3059 D M_InsDal: Lcom/fsck/k9/mail/power/TracingPowerManager$TracingWakeLock;--->acquire(J)V
10-31 08:31:09.180  3059  3081 D M_InsDal: Lcom/fsck/k9/mailstore/StorageManager;--->getAttachmentDirectory(Ljava/lang/String;Ljava/lang/String;)Ljava/io/File;
10-31 08:31:09.180  3059  3081 D M_InsDal: Lcom/fsck/k9/mailstore/StorageManager;--->getProvider(Ljava/lang/String;)Lcom/fsck/k9/mailstore/StorageManager$StorageProvider;
10-31 08:31:09.180  3059  3081 D M_InsDal: Lcom/fsck/k9/mailstore/StorageManager$InternalStorageProvider;--->getAttachmentDirectory(Landroid/content/Context;Ljava/lang/String;)Ljava/io/File;
10-31 08:31:09.180  3059  3081 D M_InsDal: Lcom/fsck/k9/mailstore/LockableDatabase;--->doOpenOrCreateDb(Ljava/io/File;)V
10-31 08:31:09.181  3059  3059 D M_InsDal: Lcom/fsck/k9/mail/K9MailLib;--->isDebug()Z
10-31 08:31:09.181  3059  3059 D M_InsDal: Lcom/fsck/k9/K9$2;--->enabled()Z
10-31 08:31:09.181  3059  3059 D M_InsDal: Lcom/fsck/k9/mail/power/TracingPowerManager$TracingWakeLock;--->raiseNotification()V
10-31 08:31:09.181  3059  3059 D M_InsDal: Lcom/fsck/k9/mail/power/TracingPowerManager$TracingWakeLock;--->release()V
10-31 08:31:09.181  3059  3059 D M_InsDal: Lcom/fsck/k9/mail/K9MailLib;--->isDebug()Z
10-31 08:31:09.181  3059  3059 D M_InsDal: Lcom/fsck/k9/K9$2;--->enabled()Z
10-31 08:31:09.181  3059  3059 D M_InsDal: Lcom/fsck/k9/mail/power/TracingPowerManager$TracingWakeLock;--->cancelNotification()V
10-31 08:31:09.181  3059  3059 D M_InsDal: Lcom/fsck/k9/service/PushService;--->startService(Landroid/content/Intent;I)I
10-31 08:31:09.182  3059  3059 D M_InsDal: Lcom/fsck/k9/mail/power/TracingPowerManager$TracingWakeLock;--->release()V
10-31 08:31:09.182  3059  3059 D M_InsDal: Lcom/fsck/k9/mail/K9MailLib;--->isDebug()Z
10-31 08:31:09.182  3059  3059 D M_InsDal: Lcom/fsck/k9/K9$2;--->enabled()Z
10-31 08:31:09.182  3059  3059 D M_InsDal: Lcom/fsck/k9/mail/power/TracingPowerManager$TracingWakeLock;--->cancelNotification()V
10-31 08:31:09.184  3059  3081 D M_InsDal: Lcom/fsck/k9/mailstore/StoreSchemaDefinition;--->getVersion()I
10-31 08:31:09.184  3059  3081 D M_InsDal: Lcom/fsck/k9/mailstore/LockableDatabase;--->unlockWrite()V
10-31 08:31:09.184  3059  3081 D M_InsDal: Lcom/fsck/k9/mailstore/LockableDatabase;--->unlockWrite(Ljava/lang/String;)V
10-31 08:31:09.184  3059  3081 D M_InsDal: Lcom/fsck/k9/mailstore/LockableDatabase;--->getStorageManager()Lcom/fsck/k9/mailstore/StorageManager;
10-31 08:31:09.184  3059  3081 D M_InsDal: Lcom/fsck/k9/mailstore/StorageManager;--->getInstance(Landroid/content/Context;)Lcom/fsck/k9/mailstore/StorageManager;
10-31 08:31:09.184  3059  3081 D M_InsDal: Lcom/fsck/k9/mailstore/StorageManager;--->unlockProvider(Ljava/lang/String;)V
10-31 08:31:09.184  3059  3081 D M_InsDal: Lcom/fsck/k9/mailstore/StorageManager;--->getProvider(Ljava/lang/String;)Lcom/fsck/k9/mailstore/StorageManager$StorageProvider;
10-31 08:31:09.184  3059  3081 D M_InsDal: Lcom/fsck/k9/mailstore/LockableDatabase;--->unlockWrite()V
10-31 08:31:09.184  3059  3081 D M_InsDal: Lcom/fsck/k9/mailstore/LockableDatabase;--->unlockWrite(Ljava/lang/String;)V
10-31 08:31:09.184  3059  3081 D M_InsDal: Lcom/fsck/k9/mailstore/LockableDatabase;--->getStorageManager()Lcom/fsck/k9/mailstore/StorageManager;
10-31 08:31:09.184  3059  3081 D M_InsDal: Lcom/fsck/k9/mailstore/StorageManager;--->getInstance(Landroid/content/Context;)Lcom/fsck/k9/mailstore/StorageManager;
10-31 08:31:09.184  3059  3081 D M_InsDal: Lcom/fsck/k9/mailstore/StorageManager;--->unlockProvider(Ljava/lang/String;)V
10-31 08:31:09.184  3059  3081 D M_InsDal: Lcom/fsck/k9/mailstore/StorageManager;--->getProvider(Ljava/lang/String;)Lcom/fsck/k9/mailstore/StorageManager$StorageProvider;
10-31 08:31:09.184  3059  3081 D M_InsDal: Lcom/fsck/k9/mailstore/StorageManager;--->getInstance(Landroid/content/Context;)Lcom/fsck/k9/mailstore/StorageManager;
10-31 08:31:09.184  3059  3081 D M_InsDal: Lcom/fsck/k9/mailstore/StorageManager;--->addListener(Lcom/fsck/k9/mailstore/StorageManager$StorageListener;)V
10-31 08:31:09.184  3059  3081 D M_InsDal: Lcom/fsck/k9/mailstore/LocalStore;--->getPersonalNamespaces(Z)Ljava/util/List;
10-31 08:31:09.184  3059  3081 D M_InsDal: Lcom/fsck/k9/mailstore/LocalStore$6;---><init>(Lcom/fsck/k9/mailstore/LocalStore;Ljava/util/List;)V
10-31 08:31:09.184  3059  3081 D M_InsDal: Lcom/fsck/k9/mailstore/LockableDatabase;--->execute(ZLcom/fsck/k9/mailstore/LockableDatabase$DbCallback;)Ljava/lang/Object;
10-31 08:31:09.184  3059  3081 D M_InsDal: Lcom/fsck/k9/mailstore/LockableDatabase;--->lockRead()V
10-31 08:31:09.184  3059  3081 D M_InsDal: Lcom/fsck/k9/mailstore/LockableDatabase;--->getStorageManager()Lcom/fsck/k9/mailstore/StorageManager;
10-31 08:31:09.184  3059  3081 D M_InsDal: Lcom/fsck/k9/mailstore/StorageManager;--->getInstance(Landroid/content/Context;)Lcom/fsck/k9/mailstore/StorageManager;
10-31 08:31:09.184  3059  3081 D M_InsDal: Lcom/fsck/k9/mailstore/StorageManager;--->lockProvider(Ljava/lang/String;)V
10-31 08:31:09.184  3059  3081 D M_InsDal: Lcom/fsck/k9/mailstore/StorageManager;--->getProvider(Ljava/lang/String;)Lcom/fsck/k9/mailstore/StorageManager$StorageProvider;
10-31 08:31:09.184  3059  3081 D M_InsDal: Lcom/fsck/k9/mailstore/StorageManager$InternalStorageProvider;--->isReady(Landroid/content/Context;)Z
10-31 08:31:09.184  3059  3081 D M_InsDal: Lcom/fsck/k9/K9;--->isDebug()Z
10-31 08:31:09.184  3059  3081 D M_InsDal: Lcom/fsck/k9/mailstore/LocalStore$6;--->doDbWork(Landroid/database/sqlite/SQLiteDatabase;)Ljava/util/List;
10-31 08:31:09.185  3059  3081 D M_InsDal: Lcom/fsck/k9/mailstore/LocalFolder;---><init>(Lcom/fsck/k9/mailstore/LocalStore;Ljava/lang/String;)V
10-31 08:31:09.185  3059  3081 D M_InsDal: Lcom/fsck/k9/mail/Folder;---><init>()V
10-31 08:31:09.185  3059  3081 D M_InsDal: Lcom/fsck/k9/mail/Folder$FolderClass;---><clinit>()V
10-31 08:31:09.186  3059  3081 D M_InsDal: Lcom/fsck/k9/mail/Folder$FolderClass;---><init>(Ljava/lang/String;I)V
10-31 08:31:09.186  3059  3081 D M_InsDal: Lcom/fsck/k9/mail/Folder$FolderClass;---><init>(Ljava/lang/String;I)V
10-31 08:31:09.186  3059  3081 D M_InsDal: Lcom/fsck/k9/mailstore/LocalFolder$MoreMessages;---><clinit>()V
10-31 08:31:09.186  3059  3081 D M_InsDal: Lcom/fsck/k9/mailstore/LocalFolder$MoreMessages;---><init>(Ljava/lang/String;ILjava/lang/String;)V
10-31 08:31:09.186  3059  3081 D M_InsDal: Lcom/fsck/k9/mailstore/LocalFolder$MoreMessages;---><init>(Ljava/lang/String;ILjava/lang/String;)V
10-31 08:31:09.186  3059  3081 D M_InsDal: Lcom/fsck/k9/mailstore/LocalStore;--->getAttachmentInfoExtractor()Lcom/fsck/k9/message/extractors/AttachmentInfoExtractor;
10-31 08:31:09.186  3059  3081 D M_InsDal: Lcom/fsck/k9/mailstore/LocalFolder;--->getAccount()Lcom/fsck/k9/Account;
10-31 08:31:09.186  3059  3081 D M_InsDal: Lcom/fsck/k9/mailstore/LocalStore;--->getAccount()Lcom/fsck/k9/Account;
10-31 08:31:09.186  3059  3081 D M_InsDal: Lcom/fsck/k9/Account;--->getInboxFolderName()Ljava/lang/String;
10-31 08:31:09.186  3059  3081 D M_InsDal: Lcom/fsck/k9/mailstore/LocalFolder;--->getName()Ljava/lang/String;
10-31 08:31:09.187  3059  3081 D M_InsDal: Lcom/fsck/k9/mailstore/LocalFolder;--->open(Landroid/database/Cursor;)V
10-31 08:31:09.187  3059  3081 D M_InsDal: Lcom/fsck/k9/mail/Folder;--->setStatus(Ljava/lang/String;)V
10-31 08:31:09.187  3059  3081 D M_InsDal: Lcom/fsck/k9/mail/Folder;--->setLastChecked(J)V
10-31 08:31:09.187  3059  3081 D M_InsDal: Lcom/fsck/k9/mail/Folder;--->setLastPush(J)V
10-31 08:31:09.187  3059  3081 D M_InsDal: Lcom/fsck/k9/mail/Folder$FolderClass;--->valueOf(Ljava/lang/String;)Lcom/fsck/k9/mail/Folder$FolderClass;
10-31 08:31:09.187  3059  3081 D M_InsDal: Lcom/fsck/k9/mail/Folder$FolderClass;--->values()[Lcom/fsck/k9/mail/Folder$FolderClass;
10-31 08:31:09.187  3059  3081 D M_InsDal: Lcom/fsck/k9/mail/Folder$FolderClass;--->valueOf(Ljava/lang/String;)Lcom/fsck/k9/mail/Folder$FolderClass;
10-31 08:31:09.187  3059  3081 D M_InsDal: Lcom/fsck/k9/mail/Folder$FolderClass;--->valueOf(Ljava/lang/String;)Lcom/fsck/k9/mail/Folder$FolderClass;
10-31 08:31:09.187  3059  3081 D M_InsDal: Lcom/fsck/k9/mailstore/LocalFolder$MoreMessages;--->fromDatabaseName(Ljava/lang/String;)Lcom/fsck/k9/mailstore/LocalFolder$MoreMessages;
10-31 08:31:09.187  3059  3081 D M_InsDal: Lcom/fsck/k9/mailstore/LocalFolder$MoreMessages;--->values()[Lcom/fsck/k9/mailstore/LocalFolder$MoreMessages;
10-31 08:31:09.187  3059  3081 D M_InsDal: Lcom/fsck/k9/mailstore/LocalFolder;---><init>(Lcom/fsck/k9/mailstore/LocalStore;Ljava/lang/String;)V
10-31 08:31:09.187  3059  3081 D M_InsDal: Lcom/fsck/k9/mail/Folder;---><init>()V
10-31 08:31:09.187  3059  3081 D M_InsDal: Lcom/fsck/k9/mailstore/LocalStore;--->getAttachmentInfoExtractor()Lcom/fsck/k9/message/extractors/AttachmentInfoExtractor;
10-31 08:31:09.187  3059  3081 D M_InsDal: Lcom/fsck/k9/mailstore/LocalFolder;--->getAccount()Lcom/fsck/k9/Account;
10-31 08:31:09.187  3059  3081 D M_InsDal: Lcom/fsck/k9/mailstore/LocalStore;--->getAccount()Lcom/fsck/k9/Account;
10-31 08:31:09.187  3059  3081 D M_InsDal: Lcom/fsck/k9/Account;--->getInboxFolderName()Ljava/lang/String;
10-31 08:31:09.187  3059  3081 D M_InsDal: Lcom/fsck/k9/mailstore/LocalFolder;--->getName()Ljava/lang/String;
10-31 08:31:09.187  3059  3081 D M_InsDal: Lcom/fsck/k9/mailstore/LocalFolder;--->open(Landroid/database/Cursor;)V
10-31 08:31:09.187  3059  3081 D M_InsDal: Lcom/fsck/k9/mail/Folder;--->setStatus(Ljava/lang/String;)V
10-31 08:31:09.187  3059  3081 D M_InsDal: Lcom/fsck/k9/mail/Folder;--->setLastChecked(J)V
10-31 08:31:09.187  3059  3081 D M_InsDal: Lcom/fsck/k9/mail/Folder;--->setLastPush(J)V
10-31 08:31:09.187  3059  3081 D M_InsDal: Lcom/fsck/k9/mail/Folder$FolderClass;--->valueOf(Ljava/lang/String;)Lcom/fsck/k9/mail/Folder$FolderClass;
10-31 08:31:09.187  3059  3081 D M_InsDal: Lcom/fsck/k9/mail/Folder$FolderClass;--->valueOf(Ljava/lang/String;)Lcom/fsck/k9/mail/Folder$FolderClass;
10-31 08:31:09.187  3059  3081 D M_InsDal: Lcom/fsck/k9/mailstore/LocalFolder$MoreMessages;--->fromDatabaseName(Ljava/lang/String;)Lcom/fsck/k9/mailstore/LocalFolder$MoreMessages;
10-31 08:31:09.187  3059  3081 D M_InsDal: Lcom/fsck/k9/mailstore/LocalFolder$MoreMessages;--->values()[Lcom/fsck/k9/mailstore/LocalFolder$MoreMessages;
10-31 08:31:09.187  3059  3081 D M_InsDal: Lcom/fsck/k9/mailstore/LocalFolder;---><init>(Lcom/fsck/k9/mailstore/LocalStore;Ljava/lang/String;)V
10-31 08:31:09.187  3059  3081 D M_InsDal: Lcom/fsck/k9/mail/Folder;---><init>()V
10-31 08:31:09.187  3059  3081 D M_InsDal: Lcom/fsck/k9/mailstore/LocalStore;--->getAttachmentInfoExtractor()Lcom/fsck/k9/message/extractors/AttachmentInfoExtractor;
10-31 08:31:09.187  3059  3081 D M_InsDal: Lcom/fsck/k9/mailstore/LocalFolder;--->getAccount()Lcom/fsck/k9/Account;
10-31 08:31:09.187  3059  3081 D M_InsDal: Lcom/fsck/k9/mailstore/LocalStore;--->getAccount()Lcom/fsck/k9/Account;
10-31 08:31:09.187  3059  3081 D M_InsDal: Lcom/fsck/k9/Account;--->getInboxFolderName()Ljava/lang/String;
10-31 08:31:09.187  3059  3081 D M_InsDal: Lcom/fsck/k9/mailstore/LocalFolder;--->getName()Ljava/lang/String;
10-31 08:31:09.187  3059  3081 D M_InsDal: Lcom/fsck/k9/mailstore/LocalFolder;--->open(Landroid/database/Cursor;)V
10-31 08:31:09.187  3059  3081 D M_InsDal: Lcom/fsck/k9/mail/Folder;--->setStatus(Ljava/lang/String;)V
10-31 08:31:09.187  3059  3081 D M_InsDal: Lcom/fsck/k9/mail/Folder;--->setLastChecked(J)V
10-31 08:31:09.187  3059  3081 D M_InsDal: Lcom/fsck/k9/mail/Folder;--->setLastPush(J)V
10-31 08:31:09.187  3059  3081 D M_InsDal: Lcom/fsck/k9/mail/Folder$FolderClass;--->valueOf(Ljava/lang/String;)Lcom/fsck/k9/mail/Folder$FolderClass;
10-31 08:31:09.187  3059  3081 D M_InsDal: Lcom/fsck/k9/mail/Folder$FolderClass;--->valueOf(Ljava/lang/String;)Lcom/fsck/k9/mail/Folder$FolderClass;
10-31 08:31:09.187  3059  3081 D M_InsDal: Lcom/fsck/k9/mailstore/LocalFolder$MoreMessages;--->fromDatabaseName(Ljava/lang/String;)Lcom/fsck/k9/mailstore/LocalFolder$MoreMessages;
10-31 08:31:09.187  3059  3081 D M_InsDal: Lcom/fsck/k9/mailstore/LocalFolder$MoreMessages;--->values()[Lcom/fsck/k9/mailstore/LocalFolder$MoreMessages;
10-31 08:31:09.187  3059  3081 D M_InsDal: Lcom/fsck/k9/mailstore/LocalFolder;---><init>(Lcom/fsck/k9/mailstore/LocalStore;Ljava/lang/String;)V
10-31 08:31:09.187  3059  3081 D M_InsDal: Lcom/fsck/k9/mail/Folder;---><init>()V
10-31 08:31:09.187  3059  3081 D M_InsDal: Lcom/fsck/k9/mailstore/LocalStore;--->getAttachmentInfoExtractor()Lcom/fsck/k9/message/extractors/AttachmentInfoExtractor;
10-31 08:31:09.187  3059  3081 D M_InsDal: Lcom/fsck/k9/mailstore/LocalFolder;--->getAccount()Lcom/fsck/k9/Account;
10-31 08:31:09.187  3059  3081 D M_InsDal: Lcom/fsck/k9/mailstore/LocalStore;--->getAccount()Lcom/fsck/k9/Account;
10-31 08:31:09.187  3059  3081 D M_InsDal: Lcom/fsck/k9/Account;--->getInboxFolderName()Ljava/lang/String;
10-31 08:31:09.187  3059  3081 D M_InsDal: Lcom/fsck/k9/mailstore/LocalFolder;--->getName()Ljava/lang/String;
10-31 08:31:09.187  3059  3081 D M_InsDal: Lcom/fsck/k9/mailstore/LocalFolder;--->open(Landroid/database/Cursor;)V
10-31 08:31:09.187  3059  3081 D M_InsDal: Lcom/fsck/k9/mail/Folder;--->setStatus(Ljava/lang/String;)V
10-31 08:31:09.187  3059  3081 D M_InsDal: Lcom/fsck/k9/mail/Folder;--->setLastChecked(J)V
10-31 08:31:09.187  3059  3081 D M_InsDal: Lcom/fsck/k9/mail/Folder;--->setLastPush(J)V
10-31 08:31:09.187  3059  3081 D M_InsDal: Lcom/fsck/k9/mail/Folder$FolderClass;--->valueOf(Ljava/lang/String;)Lcom/fsck/k9/mail/Folder$FolderClass;
10-31 08:31:09.187  3059  3081 D M_InsDal: Lcom/fsck/k9/mail/Folder$FolderClass;--->valueOf(Ljava/lang/String;)Lcom/fsck/k9/mail/Folder$FolderClass;
10-31 08:31:09.187  3059  3081 D M_InsDal: Lcom/fsck/k9/mailstore/LocalFolder$MoreMessages;--->fromDatabaseName(Ljava/lang/String;)Lcom/fsck/k9/mailstore/LocalFolder$MoreMessages;
10-31 08:31:09.187  3059  3081 D M_InsDal: Lcom/fsck/k9/mailstore/LocalFolder$MoreMessages;--->values()[Lcom/fsck/k9/mailstore/LocalFolder$MoreMessages;
10-31 08:31:09.187  3059  3081 D M_InsDal: Lcom/fsck/k9/mailstore/LocalFolder;---><init>(Lcom/fsck/k9/mailstore/LocalStore;Ljava/lang/String;)V
10-31 08:31:09.187  3059  3081 D M_InsDal: Lcom/fsck/k9/mail/Folder;---><init>()V
10-31 08:31:09.187  3059  3081 D M_InsDal: Lcom/fsck/k9/mailstore/LocalStore;--->getAttachmentInfoExtractor()Lcom/fsck/k9/message/extractors/AttachmentInfoExtractor;
10-31 08:31:09.187  3059  3081 D M_InsDal: Lcom/fsck/k9/mailstore/LocalFolder;--->getAccount()Lcom/fsck/k9/Account;
10-31 08:31:09.187  3059  3081 D M_InsDal: Lcom/fsck/k9/mailstore/LocalStore;--->getAccount()Lcom/fsck/k9/Account;
10-31 08:31:09.187  3059  3081 D M_InsDal: Lcom/fsck/k9/Account;--->getInboxFolderName()Ljava/lang/String;
10-31 08:31:09.187  3059  3081 D M_InsDal: Lcom/fsck/k9/mailstore/LocalFolder;--->getName()Ljava/lang/String;
10-31 08:31:09.187  3059  3081 D M_InsDal: Lcom/fsck/k9/mailstore/LocalFolder;--->open(Landroid/database/Cursor;)V
10-31 08:31:09.187  3059  3081 D M_InsDal: Lcom/fsck/k9/mail/Folder;--->setStatus(Ljava/lang/String;)V
10-31 08:31:09.187  3059  3081 D M_InsDal: Lcom/fsck/k9/mail/Folder;--->setLastChecked(J)V
10-31 08:31:09.187  3059  3081 D M_InsDal: Lcom/fsck/k9/mail/Folder;--->setLastPush(J)V
10-31 08:31:09.187  3059  3081 D M_InsDal: Lcom/fsck/k9/mail/Folder$FolderClass;--->valueOf(Ljava/lang/String;)Lcom/fsck/k9/mail/Folder$FolderClass;
10-31 08:31:09.187  3059  3081 D M_InsDal: Lcom/fsck/k9/mail/Folder$FolderClass;--->valueOf(Ljava/lang/String;)Lcom/fsck/k9/mail/Folder$FolderClass;
10-31 08:31:09.187  3059  3081 D M_InsDal: Lcom/fsck/k9/mailstore/LocalFolder$MoreMessages;--->fromDatabaseName(Ljava/lang/String;)Lcom/fsck/k9/mailstore/LocalFolder$MoreMessages;
10-31 08:31:09.187  3059  3081 D M_InsDal: Lcom/fsck/k9/mailstore/LocalFolder$MoreMessages;--->values()[Lcom/fsck/k9/mailstore/LocalFolder$MoreMessages;
10-31 08:31:09.187  3059  3081 D M_InsDal: Lcom/fsck/k9/mailstore/LocalFolder;---><init>(Lcom/fsck/k9/mailstore/LocalStore;Ljava/lang/String;)V
10-31 08:31:09.187  3059  3081 D M_InsDal: Lcom/fsck/k9/mail/Folder;---><init>()V
10-31 08:31:09.187  3059  3081 D M_InsDal: Lcom/fsck/k9/mailstore/LocalStore;--->getAttachmentInfoExtractor()Lcom/fsck/k9/message/extractors/AttachmentInfoExtractor;
10-31 08:31:09.187  3059  3081 D M_InsDal: Lcom/fsck/k9/mailstore/LocalFolder;--->getAccount()Lcom/fsck/k9/Account;
10-31 08:31:09.187  3059  3081 D M_InsDal: Lcom/fsck/k9/mailstore/LocalStore;--->getAccount()Lcom/fsck/k9/Account;
10-31 08:31:09.187  3059  3081 D M_InsDal: Lcom/fsck/k9/Account;--->getInboxFolderName()Ljava/lang/String;
10-31 08:31:09.187  3059  3081 D M_InsDal: Lcom/fsck/k9/mailstore/LocalFolder;--->getName()Ljava/lang/String;
10-31 08:31:09.187  3059  3081 D M_InsDal: Lcom/fsck/k9/mailstore/LocalFolder;--->open(Landroid/database/Cursor;)V
10-31 08:31:09.187  3059  3081 D M_InsDal: Lcom/fsck/k9/mail/Folder;--->setStatus(Ljava/lang/String;)V
10-31 08:31:09.187  3059  3081 D M_InsDal: Lcom/fsck/k9/mail/Folder;--->setLastChecked(J)V
10-31 08:31:09.187  3059  3081 D M_InsDal: Lcom/fsck/k9/mail/Folder;--->setLastPush(J)V
10-31 08:31:09.187  3059  3081 D M_InsDal: Lcom/fsck/k9/mail/Folder$FolderClass;--->valueOf(Ljava/lang/String;)Lcom/fsck/k9/mail/Folder$FolderClass;
10-31 08:31:09.187  3059  3081 D M_InsDal: Lcom/fsck/k9/mail/Folder$FolderClass;--->valueOf(Ljava/lang/String;)Lcom/fsck/k9/mail/Folder$FolderClass;
10-31 08:31:09.187  3059  3081 D M_InsDal: Lcom/fsck/k9/mailstore/LocalFolder$MoreMessages;--->fromDatabaseName(Ljava/lang/String;)Lcom/fsck/k9/mailstore/LocalFolder$MoreMessages;
10-31 08:31:09.187  3059  3081 D M_InsDal: Lcom/fsck/k9/mailstore/LocalFolder$MoreMessages;--->values()[Lcom/fsck/k9/mailstore/LocalFolder$MoreMessages;
10-31 08:31:09.187  3059  3081 D M_InsDal: Lcom/fsck/k9/helper/Utility;--->closeQuietly(Landroid/database/Cursor;)V
10-31 08:31:09.187  3059  3081 D M_InsDal: Lcom/fsck/k9/mailstore/LockableDatabase;--->unlockRead()V
10-31 08:31:09.187  3059  3081 D M_InsDal: Lcom/fsck/k9/mailstore/LockableDatabase;--->getStorageManager()Lcom/fsck/k9/mailstore/StorageManager;
10-31 08:31:09.187  3059  3081 D M_InsDal: Lcom/fsck/k9/mailstore/StorageManager;--->getInstance(Landroid/content/Context;)Lcom/fsck/k9/mailstore/StorageManager;
10-31 08:31:09.187  3059  3081 D M_InsDal: Lcom/fsck/k9/mailstore/StorageManager;--->unlockProvider(Ljava/lang/String;)V
10-31 08:31:09.187  3059  3081 D M_InsDal: Lcom/fsck/k9/mailstore/StorageManager;--->getProvider(Ljava/lang/String;)Lcom/fsck/k9/mailstore/StorageManager$StorageProvider;
10-31 08:31:09.187  3059  3081 D M_InsDal: Lcom/fsck/k9/mailstore/LocalFolder;--->getName()Ljava/lang/String;
10-31 08:31:09.187  3059  3081 D M_InsDal: Lcom/fsck/k9/Account;--->getOutboxFolderName()Ljava/lang/String;
10-31 08:31:09.187  3059  3081 D M_InsDal: Lcom/fsck/k9/mailstore/LocalFolder;--->open(I)V
10-31 08:31:09.187  3059  3081 D M_InsDal: Lcom/fsck/k9/mailstore/LocalFolder;--->isOpen()Z
10-31 08:31:09.187  3059  3081 D M_InsDal: Lcom/fsck/k9/mailstore/LocalFolder;--->getMode()I
10-31 08:31:09.187  3059  3081 D M_InsDal: Lcom/fsck/k9/mailstore/LocalFolder;--->getDisplayClass()Lcom/fsck/k9/mail/Folder$FolderClass;
10-31 08:31:09.187  3059  3081 D M_InsDal: Lcom/fsck/k9/mailstore/LocalFolder;--->getPushClass()Lcom/fsck/k9/mail/Folder$FolderClass;
10-31 08:31:09.187  3059  3081 D M_InsDal: Lcom/fsck/k9/controller/MessagingController;--->modeMismatch(Lcom/fsck/k9/Account$FolderMode;Lcom/fsck/k9/mail/Folder$FolderClass;)Z
10-31 08:31:09.187  3059  3081 D M_InsDal: Lcom/fsck/k9/controller/MessagingController;--->modeMismatch(Lcom/fsck/k9/Account$FolderMode;Lcom/fsck/k9/mail/Folder$FolderClass;)Z
10-31 08:31:09.187  3059  3081 D M_InsDal: Lcom/fsck/k9/mailstore/LocalFolder;--->getName()Ljava/lang/String;
10-31 08:31:09.187  3059  3081 D M_InsDal: Lcom/fsck/k9/Account;--->getOutboxFolderName()Ljava/lang/String;
10-31 08:31:09.187  3059  3081 D M_InsDal: Lcom/fsck/k9/mailstore/LocalFolder;--->getName()Ljava/lang/String;
10-31 08:31:09.187  3059  3081 D M_InsDal: Lcom/fsck/k9/Account;--->getOutboxFolderName()Ljava/lang/String;
10-31 08:31:09.187  3059  3081 D M_InsDal: Lcom/fsck/k9/mailstore/LocalFolder;--->open(I)V
10-31 08:31:09.187  3059  3081 D M_InsDal: Lcom/fsck/k9/mailstore/LocalFolder;--->isOpen()Z
10-31 08:31:09.187  3059  3081 D M_InsDal: Lcom/fsck/k9/mailstore/LocalFolder;--->getMode()I
10-31 08:31:09.187  3059  3081 D M_InsDal: Lcom/fsck/k9/mailstore/LocalFolder;--->getDisplayClass()Lcom/fsck/k9/mail/Folder$FolderClass;
10-31 08:31:09.187  3059  3081 D M_InsDal: Lcom/fsck/k9/mailstore/LocalFolder;--->getPushClass()Lcom/fsck/k9/mail/Folder$FolderClass;
10-31 08:31:09.187  3059  3081 D M_InsDal: Lcom/fsck/k9/mailstore/LocalFolder;--->getSyncClass()Lcom/fsck/k9/mail/Folder$FolderClass;
10-31 08:31:09.187  3059  3081 D M_InsDal: Lcom/fsck/k9/controller/MessagingController;--->modeMismatch(Lcom/fsck/k9/Account$FolderMode;Lcom/fsck/k9/mail/Folder$FolderClass;)Z
10-31 08:31:09.187  3059  3081 D M_InsDal: Lcom/fsck/k9/controller/MessagingController;--->modeMismatch(Lcom/fsck/k9/Account$FolderMode;Lcom/fsck/k9/mail/Folder$FolderClass;)Z
10-31 08:31:09.187  3059  3081 D M_InsDal: Lcom/fsck/k9/mailstore/LocalFolder;--->getName()Ljava/lang/String;
10-31 08:31:09.187  3059  3081 D M_InsDal: Lcom/fsck/k9/Account;--->getOutboxFolderName()Ljava/lang/String;
10-31 08:31:09.187  3059  3081 D M_InsDal: Lcom/fsck/k9/mailstore/LocalFolder;--->open(I)V
10-31 08:31:09.187  3059  3081 D M_InsDal: Lcom/fsck/k9/mailstore/LocalFolder;--->isOpen()Z
10-31 08:31:09.187  3059  3081 D M_InsDal: Lcom/fsck/k9/mailstore/LocalFolder;--->getMode()I
10-31 08:31:09.187  3059  3081 D M_InsDal: Lcom/fsck/k9/mailstore/LocalFolder;--->getDisplayClass()Lcom/fsck/k9/mail/Folder$FolderClass;
10-31 08:31:09.187  3059  3081 D M_InsDal: Lcom/fsck/k9/mailstore/LocalFolder;--->getPushClass()Lcom/fsck/k9/mail/Folder$FolderClass;
10-31 08:31:09.187  3059  3081 D M_InsDal: Lcom/fsck/k9/mailstore/LocalFolder;--->getSyncClass()Lcom/fsck/k9/mail/Folder$FolderClass;
10-31 08:31:09.187  3059  3081 D M_InsDal: Lcom/fsck/k9/controller/MessagingController;--->modeMismatch(Lcom/fsck/k9/Account$FolderMode;Lcom/fsck/k9/mail/Folder$FolderClass;)Z
10-31 08:31:09.187  3059  3081 D M_InsDal: Lcom/fsck/k9/controller/MessagingController;--->modeMismatch(Lcom/fsck/k9/Account$FolderMode;Lcom/fsck/k9/mail/Folder$FolderClass;)Z
10-31 08:31:09.187  3059  3081 D M_InsDal: Lcom/fsck/k9/mailstore/LocalFolder;--->getName()Ljava/lang/String;
10-31 08:31:09.187  3059  3081 D M_InsDal: Lcom/fsck/k9/Account;--->getOutboxFolderName()Ljava/lang/String;
10-31 08:31:09.187  3059  3081 D M_InsDal: Lcom/fsck/k9/mailstore/LocalFolder;--->open(I)V
10-31 08:31:09.187  3059  3081 D M_InsDal: Lcom/fsck/k9/mailstore/LocalFolder;--->isOpen()Z
10-31 08:31:09.187  3059  3081 D M_InsDal: Lcom/fsck/k9/mailstore/LocalFolder;--->getMode()I
10-31 08:31:09.187  3059  3081 D M_InsDal: Lcom/fsck/k9/mailstore/LocalFolder;--->getDisplayClass()Lcom/fsck/k9/mail/Folder$FolderClass;
10-31 08:31:09.187  3059  3081 D M_InsDal: Lcom/fsck/k9/mailstore/LocalFolder;--->getPushClass()Lcom/fsck/k9/mail/Folder$FolderClass;
10-31 08:31:09.187  3059  3081 D M_InsDal: Lcom/fsck/k9/mailstore/LocalFolder;--->getSyncClass()Lcom/fsck/k9/mail/Folder$FolderClass;
10-31 08:31:09.187  3059  3081 D M_InsDal: Lcom/fsck/k9/controller/MessagingController;--->modeMismatch(Lcom/fsck/k9/Account$FolderMode;Lcom/fsck/k9/mail/Folder$FolderClass;)Z
10-31 08:31:09.187  3059  3081 D M_InsDal: Lcom/fsck/k9/controller/MessagingController;--->modeMismatch(Lcom/fsck/k9/Account$FolderMode;Lcom/fsck/k9/mail/Folder$FolderClass;)Z
10-31 08:31:09.187  3059  3081 D M_InsDal: Lcom/fsck/k9/mailstore/LocalFolder;--->getName()Ljava/lang/String;
10-31 08:31:09.187  3059  3081 D M_InsDal: Lcom/fsck/k9/Account;--->getOutboxFolderName()Ljava/lang/String;
10-31 08:31:09.187  3059  3081 D M_InsDal: Lcom/fsck/k9/mailstore/LocalFolder;--->open(I)V
10-31 08:31:09.187  3059  3081 D M_InsDal: Lcom/fsck/k9/mailstore/LocalFolder;--->isOpen()Z
10-31 08:31:09.187  3059  3081 D M_InsDal: Lcom/fsck/k9/mailstore/LocalFolder;--->getMode()I
10-31 08:31:09.187  3059  3081 D M_InsDal: Lcom/fsck/k9/mailstore/LocalFolder;--->getDisplayClass()Lcom/fsck/k9/mail/Folder$FolderClass;
10-31 08:31:09.187  3059  3081 D M_InsDal: Lcom/fsck/k9/mailstore/LocalFolder;--->getPushClass()Lcom/fsck/k9/mail/Folder$FolderClass;
10-31 08:31:09.187  3059  3081 D M_InsDal: Lcom/fsck/k9/mailstore/LocalFolder;--->getSyncClass()Lcom/fsck/k9/mail/Folder$FolderClass;
10-31 08:31:09.187  3059  3081 D M_InsDal: Lcom/fsck/k9/controller/MessagingController;--->modeMismatch(Lcom/fsck/k9/Account$FolderMode;Lcom/fsck/k9/mail/Folder$FolderClass;)Z
10-31 08:31:09.187  3059  3081 D M_InsDal: Lcom/fsck/k9/controller/MessagingController;--->modeMismatch(Lcom/fsck/k9/Account$FolderMode;Lcom/fsck/k9/mail/Folder$FolderClass;)Z
10-31 08:31:09.187  3059  3081 D M_InsDal: Lcom/fsck/k9/Account;--->getDescription()Ljava/lang/String;
10-31 08:31:09.188  3059  3081 D M_InsDal: Lcom/fsck/k9/service/MailService;--->schedulePushers()V
10-31 08:31:09.188  3059  3081 D M_InsDal: Lcom/fsck/k9/controller/MessagingController;--->getInstance(Landroid/content/Context;)Lcom/fsck/k9/controller/MessagingController;
10-31 08:31:09.188  3059  3081 D M_InsDal: Lcom/fsck/k9/controller/MessagingController;--->getPushers()Ljava/util/Collection;
10-31 08:31:09.188  3059  3081 D M_InsDal: Lcom/fsck/k9/service/MailService;--->isSyncDisabled()Z
10-31 08:31:09.188  3059  3081 D M_InsDal: Lcom/fsck/k9/mail/power/TracingPowerManager$TracingWakeLock;--->release()V
10-31 08:31:09.188  3059  3081 D M_InsDal: Lcom/fsck/k9/mail/K9MailLib;--->isDebug()Z
10-31 08:31:09.188  3059  3081 D M_InsDal: Lcom/fsck/k9/K9$2;--->enabled()Z
10-31 08:31:09.188  3059  3081 D M_InsDal: Lcom/fsck/k9/mail/power/TracingPowerManager$TracingWakeLock;--->cancelNotification()V
10-31 08:31:09.283  3059  3059 D M_InsDal: Lcom/fsck/k9/service/CoreService;--->onDestroy()V
10-31 08:31:09.283  3059  3059 D M_InsDal: Lcom/fsck/k9/service/MailService;--->onDestroy()V
10-31 08:31:09.283  3059  3059 D M_InsDal: Lcom/fsck/k9/service/CoreService;--->onDestroy()V
10-31 08:31:11.237  3059  3059 D M_InsDal: Lcom/fsck/k9/activity/K9Activity;--->dispatchTouchEvent(Landroid/view/MotionEvent;)Z
10-31 08:31:11.237  3059  3059 D M_InsDal: Lcom/fsck/k9/activity/K9ActivityCommon;--->preDispatchTouchEvent(Landroid/view/MotionEvent;)V
10-31 08:31:11.238  3059  3059 D M_InsDal: Lcom/fsck/k9/activity/K9Activity;--->dispatchTouchEvent(Landroid/view/MotionEvent;)Z
10-31 08:31:11.238  3059  3059 D M_InsDal: Lcom/fsck/k9/activity/K9ActivityCommon;--->preDispatchTouchEvent(Landroid/view/MotionEvent;)V
10-31 08:31:11.238  3059  3059 D M_InsDal: Lcom/fsck/k9/activity/K9Activity;--->dispatchTouchEvent(Landroid/view/MotionEvent;)Z
10-31 08:31:11.238  3059  3059 D M_InsDal: Lcom/fsck/k9/activity/K9ActivityCommon;--->preDispatchTouchEvent(Landroid/view/MotionEvent;)V
10-31 08:31:11.239  3059  3059 D M_InsDal: Lcom/fsck/k9/activity/K9Activity;--->dispatchTouchEvent(Landroid/view/MotionEvent;)Z
10-31 08:31:11.239  3059  3059 D M_InsDal: Lcom/fsck/k9/activity/K9ActivityCommon;--->preDispatchTouchEvent(Landroid/view/MotionEvent;)V
10-31 08:31:11.239  3059  3059 D M_InsDal: Lcom/fsck/k9/activity/K9Activity;--->dispatchTouchEvent(Landroid/view/MotionEvent;)Z
10-31 08:31:11.239  3059  3059 D M_InsDal: Lcom/fsck/k9/activity/K9ActivityCommon;--->preDispatchTouchEvent(Landroid/view/MotionEvent;)V
10-31 08:31:11.240  3059  3059 D M_InsDal: Lcom/fsck/k9/activity/K9Activity;--->dispatchTouchEvent(Landroid/view/MotionEvent;)Z
10-31 08:31:11.240  3059  3059 D M_InsDal: Lcom/fsck/k9/activity/K9ActivityCommon;--->preDispatchTouchEvent(Landroid/view/MotionEvent;)V
10-31 08:31:11.242  3059  3059 D M_InsDal: Lcom/fsck/k9/activity/K9Activity;--->dispatchTouchEvent(Landroid/view/MotionEvent;)Z
10-31 08:31:11.242  3059  3059 D M_InsDal: Lcom/fsck/k9/activity/K9ActivityCommon;--->preDispatchTouchEvent(Landroid/view/MotionEvent;)V
10-31 08:31:11.242  3059  3059 D M_InsDal: Lcom/fsck/k9/activity/K9Activity;--->dispatchTouchEvent(Landroid/view/MotionEvent;)Z
10-31 08:31:11.242  3059  3059 D M_InsDal: Lcom/fsck/k9/activity/K9ActivityCommon;--->preDispatchTouchEvent(Landroid/view/MotionEvent;)V
10-31 08:31:11.242  3059  3059 D M_InsDal: Lcom/fsck/k9/activity/K9Activity;--->dispatchTouchEvent(Landroid/view/MotionEvent;)Z
10-31 08:31:11.242  3059  3059 D M_InsDal: Lcom/fsck/k9/activity/K9ActivityCommon;--->preDispatchTouchEvent(Landroid/view/MotionEvent;)V
10-31 08:31:11.243  3059  3059 D M_InsDal: Lcom/fsck/k9/activity/setup/AccountSetupAccountType;--->onClick(Landroid/view/View;)V
10-31 08:31:11.243  3059  3059 D M_InsDal: Lcom/fsck/k9/activity/setup/AccountSetupAccountType;--->setupDav()V
10-31 08:31:11.243  3059  3059 D M_InsDal: Lcom/fsck/k9/activity/setup/AccountSetupAccountType;--->failure(Ljava/lang/Exception;)V
10-31 08:31:11.251  3059  3059 D M_InsDal: Lcom/fsck/k9/activity/setup/AccountSetupIncoming;--->actionIncomingSettings(Landroid/app/Activity;Lcom/fsck/k9/Account;Z)V
--------- beginning of crash
10-31 08:31:11.252  3059  3059 E AndroidRuntime: FATAL EXCEPTION: main
10-31 08:31:11.252  3059  3059 E AndroidRuntime: Process: com.fsck.k9, PID: 3059
10-31 08:31:11.252  3059  3059 E AndroidRuntime: java.lang.NullPointerException: Attempt to invoke virtual method 'java.lang.String com.fsck.k9.Account.getUuid()' on a null object reference
10-31 08:31:11.252  3059  3059 E AndroidRuntime: 	at com.fsck.k9.activity.setup.AccountSetupIncoming.actionIncomingSettings(AccountSetupIncoming.java:89)
10-31 08:31:11.252  3059  3059 E AndroidRuntime: 	at com.fsck.k9.activity.setup.AccountSetupAccountType.onClick(AccountSetupAccountType.java:122)
10-31 08:31:11.252  3059  3059 E AndroidRuntime: 	at android.view.View.performClick(View.java:6599)
10-31 08:31:11.252  3059  3059 E AndroidRuntime: 	at android.view.View.performClickInternal(View.java:6576)
10-31 08:31:11.252  3059  3059 E AndroidRuntime: 	at android.view.View.access$3100(View.java:780)
10-31 08:31:11.252  3059  3059 E AndroidRuntime: 	at android.view.View$PerformClick.run(View.java:25899)
10-31 08:31:11.252  3059  3059 E AndroidRuntime: 	at android.os.Handler.handleCallback(Handler.java:873)
10-31 08:31:11.252  3059  3059 E AndroidRuntime: 	at android.os.Handler.dispatchMessage(Handler.java:99)
10-31 08:31:11.252  3059  3059 E AndroidRuntime: 	at android.os.Looper.loop(Looper.java:193)
10-31 08:31:11.252  3059  3059 E AndroidRuntime: 	at android.app.ActivityThread.main(ActivityThread.java:6730)
10-31 08:31:11.252  3059  3059 E AndroidRuntime: 	at java.lang.reflect.Method.invoke(Native Method)
10-31 08:31:11.252  3059  3059 E AndroidRuntime: 	at com.android.internal.os.RuntimeInit$MethodAndArgsCaller.run(RuntimeInit.java:493)
10-31 08:31:11.252  3059  3059 E AndroidRuntime: 	at com.android.internal.os.ZygoteInit.main(ZygoteInit.java:860)
--------- beginning of system
10-31 08:31:19.613  3151  3151 D M_InsDal: Lcom/fsck/k9/K9;---><clinit>()V
10-31 08:31:19.614  3151  3151 D M_InsDal: Lcom/fsck/k9/K9$Theme;---><clinit>()V
10-31 08:31:19.614  3151  3151 D M_InsDal: Lcom/fsck/k9/K9$Theme;---><init>(Ljava/lang/String;I)V
10-31 08:31:19.614  3151  3151 D M_InsDal: Lcom/fsck/k9/K9$Theme;---><init>(Ljava/lang/String;I)V
10-31 08:31:19.614  3151  3151 D M_InsDal: Lcom/fsck/k9/FontSizes;---><init>()V
10-31 08:31:19.614  3151  3151 D M_InsDal: Lcom/fsck/k9/K9$BACKGROUND_OPS;---><clinit>()V
10-31 08:31:19.614  3151  3151 D M_InsDal: Lcom/fsck/k9/K9$BACKGROUND_OPS;---><init>(Ljava/lang/String;I)V
10-31 08:31:19.614  3151  3151 D M_InsDal: Lcom/fsck/k9/K9$BACKGROUND_OPS;---><init>(Ljava/lang/String;I)V
10-31 08:31:19.614  3151  3151 D M_InsDal: Lcom/fsck/k9/K9$NotificationHideSubject;---><clinit>()V
10-31 08:31:19.614  3151  3151 D M_InsDal: Lcom/fsck/k9/K9$NotificationHideSubject;---><init>(Ljava/lang/String;I)V
10-31 08:31:19.614  3151  3151 D M_InsDal: Lcom/fsck/k9/K9$NotificationHideSubject;---><init>(Ljava/lang/String;I)V
10-31 08:31:19.614  3151  3151 D M_InsDal: Lcom/fsck/k9/K9$NotificationQuickDelete;---><clinit>()V
10-31 08:31:19.614  3151  3151 D M_InsDal: Lcom/fsck/k9/K9$NotificationQuickDelete;---><init>(Ljava/lang/String;I)V
10-31 08:31:19.614  3151  3151 D M_InsDal: Lcom/fsck/k9/K9$NotificationQuickDelete;---><init>(Ljava/lang/String;I)V
10-31 08:31:19.614  3151  3151 D M_InsDal: Lcom/fsck/k9/K9$LockScreenNotificationVisibility;---><clinit>()V
10-31 08:31:19.614  3151  3151 D M_InsDal: Lcom/fsck/k9/K9$LockScreenNotificationVisibility;---><init>(Ljava/lang/String;I)V
10-31 08:31:19.614  3151  3151 D M_InsDal: Lcom/fsck/k9/K9$LockScreenNotificationVisibility;---><init>(Ljava/lang/String;I)V
10-31 08:31:19.614  3151  3151 D M_InsDal: Lcom/fsck/k9/K9$SplitViewMode;---><clinit>()V
10-31 08:31:19.614  3151  3151 D M_InsDal: Lcom/fsck/k9/K9$SplitViewMode;---><init>(Ljava/lang/String;I)V
10-31 08:31:19.614  3151  3151 D M_InsDal: Lcom/fsck/k9/K9$SplitViewMode;---><init>(Ljava/lang/String;I)V
10-31 08:31:19.614  3151  3151 D M_InsDal: Lcom/fsck/k9/K9;---><init>()V
10-31 08:31:19.614  3151  3151 D M_InsDal: Lcom/fsck/k9/provider/AttachmentTempFileProvider;---><clinit>()V
10-31 08:31:19.614  3151  3151 D M_InsDal: Lcom/fsck/k9/provider/AttachmentTempFileProvider;---><init>()V
10-31 08:31:19.616  3151  3151 D M_InsDal: Lcom/fsck/k9/provider/EmailProvider;---><clinit>()V
10-31 08:31:19.617  3151  3151 D M_InsDal: Lcom/fsck/k9/provider/EmailProvider;---><init>()V
10-31 08:31:19.617  3151  3151 D M_InsDal: Lcom/fsck/k9/provider/EmailProvider;--->onCreate()Z
10-31 08:31:19.617  3151  3151 D M_InsDal: Lcom/fsck/k9/provider/DecryptedFileProvider;---><clinit>()V
10-31 08:31:19.617  3151  3151 D M_InsDal: Lcom/fsck/k9/provider/DecryptedFileProvider;---><init>()V
10-31 08:31:19.618  3151  3151 D M_InsDal: Lcom/fsck/k9/provider/AttachmentProvider;---><clinit>()V
10-31 08:31:19.618  3151  3151 D M_InsDal: Lcom/fsck/k9/provider/AttachmentProvider;---><init>()V
10-31 08:31:19.618  3151  3151 D M_InsDal: Lcom/fsck/k9/provider/AttachmentProvider;--->onCreate()Z
10-31 08:31:19.618  3151  3151 D M_InsDal: Lcom/fsck/k9/provider/RawMessageProvider;---><clinit>()V
10-31 08:31:19.618  3151  3151 D M_InsDal: Lcom/fsck/k9/provider/RawMessageProvider;---><init>()V
10-31 08:31:19.618  3151  3151 D M_InsDal: Lcom/fsck/k9/provider/RawMessageProvider;--->onCreate()Z
10-31 08:31:19.619  3151  3151 D M_InsDal: Lcom/fsck/k9/provider/MessageProvider;---><clinit>()V
10-31 08:31:19.619  3151  3151 D M_InsDal: Lcom/fsck/k9/provider/MessageProvider;---><init>()V
10-31 08:31:19.619  3151  3151 D M_InsDal: Lcom/fsck/k9/provider/MessageProvider;--->onCreate()Z
10-31 08:31:19.619  3151  3151 D M_InsDal: Lcom/fsck/k9/helper/MessageHelper;--->getInstance(Landroid/content/Context;)Lcom/fsck/k9/helper/MessageHelper;
10-31 08:31:19.619  3151  3151 D M_InsDal: Lcom/fsck/k9/helper/MessageHelper;---><init>(Landroid/content/Context;)V
10-31 08:31:19.619  3151  3151 D M_InsDal: Lcom/fsck/k9/provider/MessageProvider$AccountsQueryHandler;---><init>(Lcom/fsck/k9/provider/MessageProvider;)V
10-31 08:31:19.619  3151  3151 D M_InsDal: Lcom/fsck/k9/provider/MessageProvider$ThrottlingQueryHandler;---><init>(Lcom/fsck/k9/provider/MessageProvider;Lcom/fsck/k9/provider/MessageProvider$QueryHandler;)V
10-31 08:31:19.619  3151  3151 D M_InsDal: Lcom/fsck/k9/provider/MessageProvider;--->registerQueryHandler(Lcom/fsck/k9/provider/MessageProvider$QueryHandler;)V
10-31 08:31:19.619  3151  3151 D M_InsDal: Lcom/fsck/k9/provider/MessageProvider$ThrottlingQueryHandler;--->getPath()Ljava/lang/String;
10-31 08:31:19.619  3151  3151 D M_InsDal: Lcom/fsck/k9/provider/MessageProvider$AccountsQueryHandler;--->getPath()Ljava/lang/String;
10-31 08:31:19.619  3151  3151 D M_InsDal: Lcom/fsck/k9/provider/MessageProvider$MessagesQueryHandler;---><init>(Lcom/fsck/k9/provider/MessageProvider;)V
10-31 08:31:19.619  3151  3151 D M_InsDal: Lcom/fsck/k9/provider/MessageProvider$ThrottlingQueryHandler;---><init>(Lcom/fsck/k9/provider/MessageProvider;Lcom/fsck/k9/provider/MessageProvider$QueryHandler;)V
10-31 08:31:19.619  3151  3151 D M_InsDal: Lcom/fsck/k9/provider/MessageProvider;--->registerQueryHandler(Lcom/fsck/k9/provider/MessageProvider$QueryHandler;)V
10-31 08:31:19.619  3151  3151 D M_InsDal: Lcom/fsck/k9/provider/MessageProvider$ThrottlingQueryHandler;--->getPath()Ljava/lang/String;
10-31 08:31:19.619  3151  3151 D M_InsDal: Lcom/fsck/k9/provider/MessageProvider$MessagesQueryHandler;--->getPath()Ljava/lang/String;
10-31 08:31:19.619  3151  3151 D M_InsDal: Lcom/fsck/k9/provider/MessageProvider$UnreadQueryHandler;---><init>(Lcom/fsck/k9/provider/MessageProvider;)V
10-31 08:31:19.619  3151  3151 D M_InsDal: Lcom/fsck/k9/provider/MessageProvider$ThrottlingQueryHandler;---><init>(Lcom/fsck/k9/provider/MessageProvider;Lcom/fsck/k9/provider/MessageProvider$QueryHandler;)V
10-31 08:31:19.619  3151  3151 D M_InsDal: Lcom/fsck/k9/provider/MessageProvider;--->registerQueryHandler(Lcom/fsck/k9/provider/MessageProvider$QueryHandler;)V
10-31 08:31:19.619  3151  3151 D M_InsDal: Lcom/fsck/k9/provider/MessageProvider$ThrottlingQueryHandler;--->getPath()Ljava/lang/String;
10-31 08:31:19.619  3151  3151 D M_InsDal: Lcom/fsck/k9/provider/MessageProvider$UnreadQueryHandler;--->getPath()Ljava/lang/String;
10-31 08:31:19.619  3151  3151 D M_InsDal: Lcom/fsck/k9/provider/MessageProvider$1;---><init>(Lcom/fsck/k9/provider/MessageProvider;)V
10-31 08:31:19.619  3151  3151 D M_InsDal: Lcom/fsck/k9/K9;--->registerApplicationAware(Lcom/fsck/k9/K9$ApplicationAware;)V
10-31 08:31:19.634  3151  3151 D M_InsDal: Lcom/fsck/k9/K9;--->onCreate()V
10-31 08:31:19.635  3151  3151 D M_InsDal: Lcom/fsck/k9/PRNGFixes;---><clinit>()V
10-31 08:31:19.635  3151  3151 D M_InsDal: Lcom/fsck/k9/PRNGFixes;--->getBuildFingerprintAndDeviceSerial()[B
10-31 08:31:19.635  3151  3151 D M_InsDal: Lcom/fsck/k9/PRNGFixes;--->getDeviceSerialNumber()Ljava/lang/String;
10-31 08:31:19.635  3151  3151 D M_InsDal: Lcom/fsck/k9/PRNGFixes;--->apply()V
10-31 08:31:19.635  3151  3151 D M_InsDal: Lcom/fsck/k9/PRNGFixes;--->applyOpenSSLFix()V
10-31 08:31:19.635  3151  3151 D M_InsDal: Lcom/fsck/k9/PRNGFixes;--->installLinuxPRNGSecureRandom()V
10-31 08:31:19.635  3151  3151 D M_InsDal: Lcom/fsck/k9/Globals;--->setContext(Landroid/content/Context;)V
10-31 08:31:19.635  3151  3151 D M_InsDal: Lcom/fsck/k9/K9$2;---><init>(Lcom/fsck/k9/K9;)V
10-31 08:31:19.635  3151  3151 D M_InsDal: Lcom/fsck/k9/mail/K9MailLib;---><clinit>()V
10-31 08:31:19.635  3151  3151 D M_InsDal: Lcom/fsck/k9/mail/K9MailLib$DefaultDebugStatus;---><init>()V
10-31 08:31:19.635  3151  3151 D M_InsDal: Lcom/fsck/k9/mail/K9MailLib;--->setDebugStatus(Lcom/fsck/k9/mail/K9MailLib$DebugStatus;)V
10-31 08:31:19.635  3151  3151 D M_InsDal: Lcom/fsck/k9/K9;--->checkCachedDatabaseVersion()V
10-31 08:31:19.636  3151  3151 D M_InsDal: Lcom/fsck/k9/K9;--->setDatabasesUpToDate(Z)V
10-31 08:31:19.636  3151  3151 D M_InsDal: Lcom/fsck/k9/Preferences;--->getPreferences(Landroid/content/Context;)Lcom/fsck/k9/Preferences;
10-31 08:31:19.636  3151  3151 D M_InsDal: Lcom/fsck/k9/Preferences;---><init>(Landroid/content/Context;)V
10-31 08:31:19.636  3151  3151 D M_InsDal: Lcom/fsck/k9/preferences/Storage;---><clinit>()V
10-31 08:31:19.636  3151  3151 D M_InsDal: Lcom/fsck/k9/preferences/Storage;--->getStorage(Landroid/content/Context;)Lcom/fsck/k9/preferences/Storage;
10-31 08:31:19.637  3151  3151 D M_InsDal: Lcom/fsck/k9/preferences/Storage;---><init>(Landroid/content/Context;)V
10-31 08:31:19.637  3151  3151 D M_InsDal: Lcom/fsck/k9/preferences/Storage;--->loadValues()V
10-31 08:31:19.637  3151  3151 D M_InsDal: Lcom/fsck/k9/preferences/Storage;--->openDB()Landroid/database/sqlite/SQLiteDatabase;
10-31 08:31:19.640  3151  3151 D M_InsDal: Lcom/fsck/k9/helper/Utility;---><clinit>()V
10-31 08:31:19.641  3151  3151 D M_InsDal: Lcom/fsck/k9/helper/Utility;--->closeQuietly(Landroid/database/Cursor;)V
10-31 08:31:19.646  3151  3151 D M_InsDal: Lcom/fsck/k9/preferences/Storage;--->isEmpty()Z
10-31 08:31:19.646  3151  3151 D M_InsDal: Lcom/fsck/k9/K9;--->loadPrefs(Lcom/fsck/k9/Preferences;)V
10-31 08:31:19.646  3151  3151 D M_InsDal: Lcom/fsck/k9/Preferences;--->getStorage()Lcom/fsck/k9/preferences/Storage;
10-31 08:31:19.646  3151  3151 D M_InsDal: Lcom/fsck/k9/preferences/Storage;--->getBoolean(Ljava/lang/String;Z)Z
10-31 08:31:19.646  3151  3151 D M_InsDal: Lcom/fsck/k9/K9;--->setDebug(Z)V
10-31 08:31:19.646  3151  3151 D M_InsDal: Lcom/fsck/k9/K9;--->updateLoggingStatus()V
10-31 08:31:19.646  3151  3151 D M_InsDal: Lcom/fsck/k9/preferences/Storage;--->getBoolean(Ljava/lang/String;Z)Z
10-31 08:31:19.646  3151  3151 D M_InsDal: Lcom/fsck/k9/preferences/Storage;--->getBoolean(Ljava/lang/String;Z)Z
10-31 08:31:19.646  3151  3151 D M_InsDal: Lcom/fsck/k9/preferences/Storage;--->getInt(Ljava/lang/String;I)I
10-31 08:31:19.646  3151  3151 D M_InsDal: Lcom/fsck/k9/preferences/Storage;--->getBoolean(Ljava/lang/String;Z)Z
10-31 08:31:19.646  3151  3151 D M_InsDal: Lcom/fsck/k9/preferences/Storage;--->getBoolean(Ljava/lang/String;Z)Z
10-31 08:31:19.646  3151  3151 D M_InsDal: Lcom/fsck/k9/preferences/Storage;--->getString(Ljava/lang/String;Ljava/lang/String;)Ljava/lang/String;
10-31 08:31:19.646  3151  3151 D M_InsDal: Lcom/fsck/k9/preferences/Storage;--->getString(Ljava/lang/String;Ljava/lang/String;)Ljava/lang/String;
10-31 08:31:19.646  3151  3151 D M_InsDal: Lcom/fsck/k9/preferences/Storage;--->getBoolean(Ljava/lang/String;Z)Z
10-31 08:31:19.646  3151  3151 D M_InsDal: Lcom/fsck/k9/preferences/Storage;--->getBoolean(Ljava/lang/String;Z)Z
10-31 08:31:19.646  3151  3151 D M_InsDal: Lcom/fsck/k9/preferences/Storage;--->getInt(Ljava/lang/String;I)I
10-31 08:31:19.646  3151  3151 D M_InsDal: Lcom/fsck/k9/preferences/Storage;--->getBoolean(Ljava/lang/String;Z)Z
10-31 08:31:19.646  3151  3151 D M_InsDal: Lcom/fsck/k9/preferences/Storage;--->getBoolean(Ljava/lang/String;Z)Z
10-31 08:31:19.646  3151  3151 D M_InsDal: Lcom/fsck/k9/preferences/Storage;--->getString(Ljava/lang/String;Ljava/lang/String;)Ljava/lang/String;
10-31 08:31:19.646  3151  3151 D M_InsDal: Lcom/fsck/k9/preferences/Storage;--->getBoolean(Ljava/lang/String;Z)Z
10-31 08:31:19.646  3151  3151 D M_InsDal: Lcom/fsck/k9/preferences/Storage;--->getBoolean(Ljava/lang/String;Z)Z
10-31 08:31:19.647  3151  3151 D M_InsDal: Lcom/fsck/k9/Account;---><clinit>()V
10-31 08:31:19.647  3151  3151 D M_InsDal: Lcom/fsck/k9/Account$MessageFormat;---><clinit>()V
10-31 08:31:19.647  3151  3151 D M_InsDal: Lcom/fsck/k9/Account$MessageFormat;---><init>(Ljava/lang/String;I)V
