--------- beginning of main
--------- beginning of system
10-31 08:41:45.982  6414  6437 D M_InsDal: Lcom/fsck/k9/Account;--->getInboxFolderName()Ljava/lang/String;
10-31 08:41:45.982  6414  6437 D M_InsDal: Lcom/fsck/k9/mailstore/LocalFolder;--->getName()Ljava/lang/String;
10-31 08:41:45.982  6414  6437 D M_InsDal: Lcom/fsck/k9/mailstore/LocalFolder;--->open(Landroid/database/Cursor;)V
10-31 08:41:45.982  6414  6437 D M_InsDal: Lcom/fsck/k9/mail/Folder;--->setStatus(Ljava/lang/String;)V
10-31 08:41:45.982  6414  6437 D M_InsDal: Lcom/fsck/k9/mail/Folder;--->setLastChecked(J)V
10-31 08:41:45.982  6414  6437 D M_InsDal: Lcom/fsck/k9/mail/Folder;--->setLastPush(J)V
10-31 08:41:45.982  6414  6437 D M_InsDal: Lcom/fsck/k9/mail/Folder$FolderClass;--->valueOf(Ljava/lang/String;)Lcom/fsck/k9/mail/Folder$FolderClass;
10-31 08:41:45.982  6414  6437 D M_InsDal: Lcom/fsck/k9/mail/Folder$FolderClass;--->valueOf(Ljava/lang/String;)Lcom/fsck/k9/mail/Folder$FolderClass;
10-31 08:41:45.982  6414  6437 D M_InsDal: Lcom/fsck/k9/mailstore/LocalFolder$MoreMessages;--->fromDatabaseName(Ljava/lang/String;)Lcom/fsck/k9/mailstore/LocalFolder$MoreMessages;
10-31 08:41:45.982  6414  6437 D M_InsDal: Lcom/fsck/k9/mailstore/LocalFolder$MoreMessages;--->values()[Lcom/fsck/k9/mailstore/LocalFolder$MoreMessages;
10-31 08:41:45.982  6414  6437 D M_InsDal: Lcom/fsck/k9/mailstore/LocalFolder;---><init>(Lcom/fsck/k9/mailstore/LocalStore;Ljava/lang/String;)V
10-31 08:41:45.982  6414  6437 D M_InsDal: Lcom/fsck/k9/mail/Folder;---><init>()V
10-31 08:41:45.982  6414  6437 D M_InsDal: Lcom/fsck/k9/mailstore/LocalStore;--->getAttachmentInfoExtractor()Lcom/fsck/k9/message/extractors/AttachmentInfoExtractor;
10-31 08:41:45.982  6414  6437 D M_InsDal: Lcom/fsck/k9/mailstore/LocalFolder;--->getAccount()Lcom/fsck/k9/Account;
10-31 08:41:45.982  6414  6437 D M_InsDal: Lcom/fsck/k9/mailstore/LocalStore;--->getAccount()Lcom/fsck/k9/Account;
10-31 08:41:45.982  6414  6437 D M_InsDal: Lcom/fsck/k9/Account;--->getInboxFolderName()Ljava/lang/String;
10-31 08:41:45.982  6414  6437 D M_InsDal: Lcom/fsck/k9/mailstore/LocalFolder;--->getName()Ljava/lang/String;
10-31 08:41:45.982  6414  6437 D M_InsDal: Lcom/fsck/k9/mailstore/LocalFolder;--->open(Landroid/database/Cursor;)V
10-31 08:41:45.982  6414  6437 D M_InsDal: Lcom/fsck/k9/mail/Folder;--->setStatus(Ljava/lang/String;)V
10-31 08:41:45.982  6414  6437 D M_InsDal: Lcom/fsck/k9/mail/Folder;--->setLastChecked(J)V
10-31 08:41:45.982  6414  6437 D M_InsDal: Lcom/fsck/k9/mail/Folder;--->setLastPush(J)V
10-31 08:41:45.982  6414  6437 D M_InsDal: Lcom/fsck/k9/mail/Folder$FolderClass;--->valueOf(Ljava/lang/String;)Lcom/fsck/k9/mail/Folder$FolderClass;
10-31 08:41:45.982  6414  6437 D M_InsDal: Lcom/fsck/k9/mail/Folder$FolderClass;--->valueOf(Ljava/lang/String;)Lcom/fsck/k9/mail/Folder$FolderClass;
10-31 08:41:45.982  6414  6437 D M_InsDal: Lcom/fsck/k9/mailstore/LocalFolder$MoreMessages;--->fromDatabaseName(Ljava/lang/String;)Lcom/fsck/k9/mailstore/LocalFolder$MoreMessages;
10-31 08:41:45.982  6414  6437 D M_InsDal: Lcom/fsck/k9/mailstore/LocalFolder$MoreMessages;--->values()[Lcom/fsck/k9/mailstore/LocalFolder$MoreMessages;
10-31 08:41:45.982  6414  6437 D M_InsDal: Lcom/fsck/k9/mailstore/LocalFolder;---><init>(Lcom/fsck/k9/mailstore/LocalStore;Ljava/lang/String;)V
10-31 08:41:45.982  6414  6437 D M_InsDal: Lcom/fsck/k9/mail/Folder;---><init>()V
10-31 08:41:45.982  6414  6437 D M_InsDal: Lcom/fsck/k9/mailstore/LocalStore;--->getAttachmentInfoExtractor()Lcom/fsck/k9/message/extractors/AttachmentInfoExtractor;
10-31 08:41:45.982  6414  6437 D M_InsDal: Lcom/fsck/k9/mailstore/LocalFolder;--->getAccount()Lcom/fsck/k9/Account;
10-31 08:41:45.982  6414  6437 D M_InsDal: Lcom/fsck/k9/mailstore/LocalStore;--->getAccount()Lcom/fsck/k9/Account;
10-31 08:41:45.982  6414  6437 D M_InsDal: Lcom/fsck/k9/Account;--->getInboxFolderName()Ljava/lang/String;
10-31 08:41:45.982  6414  6437 D M_InsDal: Lcom/fsck/k9/mailstore/LocalFolder;--->getName()Ljava/lang/String;
10-31 08:41:45.982  6414  6437 D M_InsDal: Lcom/fsck/k9/mailstore/LocalFolder;--->open(Landroid/database/Cursor;)V
10-31 08:41:45.982  6414  6437 D M_InsDal: Lcom/fsck/k9/mail/Folder;--->setStatus(Ljava/lang/String;)V
10-31 08:41:45.982  6414  6437 D M_InsDal: Lcom/fsck/k9/mail/Folder;--->setLastChecked(J)V
10-31 08:41:45.982  6414  6437 D M_InsDal: Lcom/fsck/k9/mail/Folder;--->setLastPush(J)V
10-31 08:41:45.982  6414  6437 D M_InsDal: Lcom/fsck/k9/mail/Folder$FolderClass;--->valueOf(Ljava/lang/String;)Lcom/fsck/k9/mail/Folder$FolderClass;
10-31 08:41:45.982  6414  6437 D M_InsDal: Lcom/fsck/k9/mail/Folder$FolderClass;--->valueOf(Ljava/lang/String;)Lcom/fsck/k9/mail/Folder$FolderClass;
10-31 08:41:45.982  6414  6437 D M_InsDal: Lcom/fsck/k9/mailstore/LocalFolder$MoreMessages;--->fromDatabaseName(Ljava/lang/String;)Lcom/fsck/k9/mailstore/LocalFolder$MoreMessages;
10-31 08:41:45.982  6414  6437 D M_InsDal: Lcom/fsck/k9/mailstore/LocalFolder$MoreMessages;--->values()[Lcom/fsck/k9/mailstore/LocalFolder$MoreMessages;
10-31 08:41:45.982  6414  6437 D M_InsDal: Lcom/fsck/k9/mailstore/LocalFolder;---><init>(Lcom/fsck/k9/mailstore/LocalStore;Ljava/lang/String;)V
10-31 08:41:45.982  6414  6437 D M_InsDal: Lcom/fsck/k9/mail/Folder;---><init>()V
10-31 08:41:45.982  6414  6437 D M_InsDal: Lcom/fsck/k9/mailstore/LocalStore;--->getAttachmentInfoExtractor()Lcom/fsck/k9/message/extractors/AttachmentInfoExtractor;
10-31 08:41:45.982  6414  6437 D M_InsDal: Lcom/fsck/k9/mailstore/LocalFolder;--->getAccount()Lcom/fsck/k9/Account;
10-31 08:41:45.982  6414  6437 D M_InsDal: Lcom/fsck/k9/mailstore/LocalStore;--->getAccount()Lcom/fsck/k9/Account;
10-31 08:41:45.982  6414  6437 D M_InsDal: Lcom/fsck/k9/Account;--->getInboxFolderName()Ljava/lang/String;
10-31 08:41:45.982  6414  6437 D M_InsDal: Lcom/fsck/k9/mailstore/LocalFolder;--->getName()Ljava/lang/String;
10-31 08:41:45.982  6414  6437 D M_InsDal: Lcom/fsck/k9/mailstore/LocalFolder;--->open(Landroid/database/Cursor;)V
10-31 08:41:45.982  6414  6437 D M_InsDal: Lcom/fsck/k9/mail/Folder;--->setStatus(Ljava/lang/String;)V
10-31 08:41:45.982  6414  6437 D M_InsDal: Lcom/fsck/k9/mail/Folder;--->setLastChecked(J)V
10-31 08:41:45.982  6414  6437 D M_InsDal: Lcom/fsck/k9/mail/Folder;--->setLastPush(J)V
10-31 08:41:45.982  6414  6437 D M_InsDal: Lcom/fsck/k9/mail/Folder$FolderClass;--->valueOf(Ljava/lang/String;)Lcom/fsck/k9/mail/Folder$FolderClass;
10-31 08:41:45.982  6414  6437 D M_InsDal: Lcom/fsck/k9/mail/Folder$FolderClass;--->valueOf(Ljava/lang/String;)Lcom/fsck/k9/mail/Folder$FolderClass;
10-31 08:41:45.982  6414  6437 D M_InsDal: Lcom/fsck/k9/mailstore/LocalFolder$MoreMessages;--->fromDatabaseName(Ljava/lang/String;)Lcom/fsck/k9/mailstore/LocalFolder$MoreMessages;
10-31 08:41:45.982  6414  6437 D M_InsDal: Lcom/fsck/k9/mailstore/LocalFolder$MoreMessages;--->values()[Lcom/fsck/k9/mailstore/LocalFolder$MoreMessages;
10-31 08:41:45.982  6414  6437 D M_InsDal: Lcom/fsck/k9/helper/Utility;--->closeQuietly(Landroid/database/Cursor;)V
10-31 08:41:45.982  6414  6437 D M_InsDal: Lcom/fsck/k9/mailstore/LockableDatabase;--->unlockRead()V
10-31 08:41:45.982  6414  6437 D M_InsDal: Lcom/fsck/k9/mailstore/LockableDatabase;--->getStorageManager()Lcom/fsck/k9/mailstore/StorageManager;
10-31 08:41:45.982  6414  6437 D M_InsDal: Lcom/fsck/k9/mailstore/StorageManager;--->getInstance(Landroid/content/Context;)Lcom/fsck/k9/mailstore/StorageManager;
10-31 08:41:45.982  6414  6437 D M_InsDal: Lcom/fsck/k9/mailstore/StorageManager;--->unlockProvider(Ljava/lang/String;)V
10-31 08:41:45.982  6414  6437 D M_InsDal: Lcom/fsck/k9/mailstore/StorageManager;--->getProvider(Ljava/lang/String;)Lcom/fsck/k9/mailstore/StorageManager$StorageProvider;
10-31 08:41:45.983  6414  6437 D M_InsDal: Lcom/fsck/k9/mailstore/LocalFolder;--->getName()Ljava/lang/String;
10-31 08:41:45.983  6414  6437 D M_InsDal: Lcom/fsck/k9/Account;--->getOutboxFolderName()Ljava/lang/String;
10-31 08:41:45.983  6414  6437 D M_InsDal: Lcom/fsck/k9/mailstore/LocalFolder;--->open(I)V
10-31 08:41:45.983  6414  6437 D M_InsDal: Lcom/fsck/k9/mailstore/LocalFolder;--->isOpen()Z
10-31 08:41:45.983  6414  6437 D M_InsDal: Lcom/fsck/k9/mailstore/LocalFolder;--->getMode()I
10-31 08:41:45.983  6414  6437 D M_InsDal: Lcom/fsck/k9/mailstore/LocalFolder;--->getDisplayClass()Lcom/fsck/k9/mail/Folder$FolderClass;
10-31 08:41:45.983  6414  6437 D M_InsDal: Lcom/fsck/k9/mailstore/LocalFolder;--->getPushClass()Lcom/fsck/k9/mail/Folder$FolderClass;
10-31 08:41:45.983  6414  6437 D M_InsDal: Lcom/fsck/k9/controller/MessagingController;--->modeMismatch(Lcom/fsck/k9/Account$FolderMode;Lcom/fsck/k9/mail/Folder$FolderClass;)Z
10-31 08:41:45.983  6414  6437 D M_InsDal: Lcom/fsck/k9/controller/MessagingController;--->modeMismatch(Lcom/fsck/k9/Account$FolderMode;Lcom/fsck/k9/mail/Folder$FolderClass;)Z
10-31 08:41:45.983  6414  6437 D M_InsDal: Lcom/fsck/k9/mailstore/LocalFolder;--->getName()Ljava/lang/String;
10-31 08:41:45.983  6414  6437 D M_InsDal: Lcom/fsck/k9/Account;--->getOutboxFolderName()Ljava/lang/String;
10-31 08:41:45.983  6414  6414 D M_InsDal: Lcom/fsck/k9/activity/AccountList$AccountsAdapter$AccountViewHolder;---><init>(Lcom/fsck/k9/activity/AccountList$AccountsAdapter;)V
10-31 08:41:45.983  6414  6437 D M_InsDal: Lcom/fsck/k9/mailstore/LocalFolder;--->getName()Ljava/lang/String;
10-31 08:41:45.983  6414  6437 D M_InsDal: Lcom/fsck/k9/Account;--->getOutboxFolderName()Ljava/lang/String;
10-31 08:41:45.983  6414  6437 D M_InsDal: Lcom/fsck/k9/mailstore/LocalFolder;--->open(I)V
10-31 08:41:45.983  6414  6437 D M_InsDal: Lcom/fsck/k9/mailstore/LocalFolder;--->isOpen()Z
10-31 08:41:45.983  6414  6437 D M_InsDal: Lcom/fsck/k9/mailstore/LocalFolder;--->getMode()I
10-31 08:41:45.983  6414  6414 D M_InsDal: Lcom/fsck/k9/Account;--->getDescription()Ljava/lang/String;
10-31 08:41:45.983  6414  6437 D M_InsDal: Lcom/fsck/k9/mailstore/LocalFolder;--->getDisplayClass()Lcom/fsck/k9/mail/Folder$FolderClass;
10-31 08:41:45.983  6414  6437 D M_InsDal: Lcom/fsck/k9/mailstore/LocalFolder;--->getPushClass()Lcom/fsck/k9/mail/Folder$FolderClass;
10-31 08:41:45.983  6414  6414 D M_InsDal: Lcom/fsck/k9/Account;--->getEmail()Ljava/lang/String;
10-31 08:41:45.983  6414  6437 D M_InsDal: Lcom/fsck/k9/mailstore/LocalFolder;--->getSyncClass()Lcom/fsck/k9/mail/Folder$FolderClass;
10-31 08:41:45.983  6414  6414 D M_InsDal: Lcom/fsck/k9/Identity;--->getEmail()Ljava/lang/String;
10-31 08:41:45.983  6414  6414 D M_InsDal: Lcom/fsck/k9/Account;--->getEmail()Ljava/lang/String;
10-31 08:41:45.983  6414  6414 D M_InsDal: Lcom/fsck/k9/Identity;--->getEmail()Ljava/lang/String;
10-31 08:41:45.983  6414  6414 D M_InsDal: Lcom/fsck/k9/Account;--->getChipColor()I
10-31 08:41:45.983  6414  6437 D M_InsDal: Lcom/fsck/k9/controller/MessagingController;--->modeMismatch(Lcom/fsck/k9/Account$FolderMode;Lcom/fsck/k9/mail/Folder$FolderClass;)Z
10-31 08:41:45.983  6414  6437 D M_InsDal: Lcom/fsck/k9/controller/MessagingController;--->modeMismatch(Lcom/fsck/k9/Account$FolderMode;Lcom/fsck/k9/mail/Folder$FolderClass;)Z
10-31 08:41:45.983  6414  6414 D M_InsDal: Lcom/fsck/k9/FontSizes;--->getAccountName()I
10-31 08:41:45.983  6414  6437 D M_InsDal: Lcom/fsck/k9/mailstore/LocalFolder;--->getName()Ljava/lang/String;
10-31 08:41:45.983  6414  6414 D M_InsDal: Lcom/fsck/k9/FontSizes;--->setViewTextSize(Landroid/widget/TextView;I)V
10-31 08:41:45.983  6414  6437 D M_InsDal: Lcom/fsck/k9/Account;--->getOutboxFolderName()Ljava/lang/String;
10-31 08:41:45.983  6414  6437 D M_InsDal: Lcom/fsck/k9/mailstore/LocalFolder;--->open(I)V
10-31 08:41:45.983  6414  6414 D M_InsDal: Lcom/fsck/k9/FontSizes;--->getAccountDescription()I
10-31 08:41:45.983  6414  6437 D M_InsDal: Lcom/fsck/k9/mailstore/LocalFolder;--->isOpen()Z
10-31 08:41:45.983  6414  6414 D M_InsDal: Lcom/fsck/k9/FontSizes;--->setViewTextSize(Landroid/widget/TextView;I)V
10-31 08:41:45.983  6414  6437 D M_InsDal: Lcom/fsck/k9/mailstore/LocalFolder;--->getMode()I
10-31 08:41:45.983  6414  6437 D M_InsDal: Lcom/fsck/k9/mailstore/LocalFolder;--->getDisplayClass()Lcom/fsck/k9/mail/Folder$FolderClass;
10-31 08:41:45.983  6414  6437 D M_InsDal: Lcom/fsck/k9/mailstore/LocalFolder;--->getPushClass()Lcom/fsck/k9/mail/Folder$FolderClass;
10-31 08:41:45.983  6414  6437 D M_InsDal: Lcom/fsck/k9/mailstore/LocalFolder;--->getSyncClass()Lcom/fsck/k9/mail/Folder$FolderClass;
10-31 08:41:45.983  6414  6437 D M_InsDal: Lcom/fsck/k9/controller/MessagingController;--->modeMismatch(Lcom/fsck/k9/Account$FolderMode;Lcom/fsck/k9/mail/Folder$FolderClass;)Z
10-31 08:41:45.983  6414  6437 D M_InsDal: Lcom/fsck/k9/controller/MessagingController;--->modeMismatch(Lcom/fsck/k9/Account$FolderMode;Lcom/fsck/k9/mail/Folder$FolderClass;)Z
10-31 08:41:45.983  6414  6437 D M_InsDal: Lcom/fsck/k9/mailstore/LocalFolder;--->getName()Ljava/lang/String;
10-31 08:41:45.983  6414  6437 D M_InsDal: Lcom/fsck/k9/Account;--->getOutboxFolderName()Ljava/lang/String;
10-31 08:41:45.983  6414  6437 D M_InsDal: Lcom/fsck/k9/mailstore/LocalFolder;--->open(I)V
10-31 08:41:45.983  6414  6437 D M_InsDal: Lcom/fsck/k9/mailstore/LocalFolder;--->isOpen()Z
10-31 08:41:45.983  6414  6437 D M_InsDal: Lcom/fsck/k9/mailstore/LocalFolder;--->getMode()I
10-31 08:41:45.983  6414  6437 D M_InsDal: Lcom/fsck/k9/mailstore/LocalFolder;--->getDisplayClass()Lcom/fsck/k9/mail/Folder$FolderClass;
10-31 08:41:45.983  6414  6437 D M_InsDal: Lcom/fsck/k9/mailstore/LocalFolder;--->getPushClass()Lcom/fsck/k9/mail/Folder$FolderClass;
10-31 08:41:45.983  6414  6437 D M_InsDal: Lcom/fsck/k9/mailstore/LocalFolder;--->getSyncClass()Lcom/fsck/k9/mail/Folder$FolderClass;
10-31 08:41:45.983  6414  6437 D M_InsDal: Lcom/fsck/k9/controller/MessagingController;--->modeMismatch(Lcom/fsck/k9/Account$FolderMode;Lcom/fsck/k9/mail/Folder$FolderClass;)Z
10-31 08:41:45.983  6414  6437 D M_InsDal: Lcom/fsck/k9/controller/MessagingController;--->modeMismatch(Lcom/fsck/k9/Account$FolderMode;Lcom/fsck/k9/mail/Folder$FolderClass;)Z
10-31 08:41:45.983  6414  6437 D M_InsDal: Lcom/fsck/k9/mailstore/LocalFolder;--->getName()Ljava/lang/String;
10-31 08:41:45.983  6414  6437 D M_InsDal: Lcom/fsck/k9/Account;--->getOutboxFolderName()Ljava/lang/String;
10-31 08:41:45.983  6414  6437 D M_InsDal: Lcom/fsck/k9/mailstore/LocalFolder;--->open(I)V
10-31 08:41:45.983  6414  6437 D M_InsDal: Lcom/fsck/k9/mailstore/LocalFolder;--->isOpen()Z
10-31 08:41:45.983  6414  6437 D M_InsDal: Lcom/fsck/k9/mailstore/LocalFolder;--->getMode()I
10-31 08:41:45.983  6414  6437 D M_InsDal: Lcom/fsck/k9/mailstore/LocalFolder;--->getDisplayClass()Lcom/fsck/k9/mail/Folder$FolderClass;
10-31 08:41:45.983  6414  6437 D M_InsDal: Lcom/fsck/k9/mailstore/LocalFolder;--->getPushClass()Lcom/fsck/k9/mail/Folder$FolderClass;
10-31 08:41:45.983  6414  6437 D M_InsDal: Lcom/fsck/k9/mailstore/LocalFolder;--->getSyncClass()Lcom/fsck/k9/mail/Folder$FolderClass;
10-31 08:41:45.983  6414  6437 D M_InsDal: Lcom/fsck/k9/controller/MessagingController;--->modeMismatch(Lcom/fsck/k9/Account$FolderMode;Lcom/fsck/k9/mail/Folder$FolderClass;)Z
10-31 08:41:45.983  6414  6437 D M_InsDal: Lcom/fsck/k9/controller/MessagingController;--->modeMismatch(Lcom/fsck/k9/Account$FolderMode;Lcom/fsck/k9/mail/Folder$FolderClass;)Z
10-31 08:41:45.983  6414  6437 D M_InsDal: Lcom/fsck/k9/Account;--->getDescription()Ljava/lang/String;
10-31 08:41:45.983  6414  6437 D M_InsDal: Lcom/fsck/k9/service/MailService;--->schedulePushers()V
10-31 08:41:45.983  6414  6437 D M_InsDal: Lcom/fsck/k9/controller/MessagingController;--->getInstance(Landroid/content/Context;)Lcom/fsck/k9/controller/MessagingController;
10-31 08:41:45.983  6414  6437 D M_InsDal: Lcom/fsck/k9/controller/MessagingController;--->getPushers()Ljava/util/Collection;
10-31 08:41:45.983  6414  6437 D M_InsDal: Lcom/fsck/k9/service/MailService;--->isSyncDisabled()Z
10-31 08:41:45.983  6414  6437 D M_InsDal: Lcom/fsck/k9/mail/power/TracingPowerManager$TracingWakeLock;--->release()V
10-31 08:41:45.983  6414  6437 D M_InsDal: Lcom/fsck/k9/mail/K9MailLib;--->isDebug()Z
10-31 08:41:45.983  6414  6437 D M_InsDal: Lcom/fsck/k9/K9$2;--->enabled()Z
10-31 08:41:45.983  6414  6437 D M_InsDal: Lcom/fsck/k9/mail/power/TracingPowerManager$TracingWakeLock;--->cancelNotification()V
10-31 08:41:45.986  6414  6414 D M_InsDal: Lcom/fsck/k9/service/BootReceiver;---><init>()V
10-31 08:41:45.986  6414  6414 D M_InsDal: Lcom/fsck/k9/service/CoreReceiver;---><init>()V
10-31 08:41:45.986  6414  6414 D M_InsDal: Lcom/fsck/k9/service/CoreReceiver;--->onReceive(Landroid/content/Context;Landroid/content/Intent;)V
10-31 08:41:45.986  6414  6414 D M_InsDal: Lcom/fsck/k9/service/CoreReceiver;--->getWakeLock(Landroid/content/Context;)Ljava/lang/Integer;
10-31 08:41:45.986  6414  6414 D M_InsDal: Lcom/fsck/k9/mail/power/TracingPowerManager;--->getPowerManager(Landroid/content/Context;)Lcom/fsck/k9/mail/power/TracingPowerManager;
10-31 08:41:45.986  6414  6414 D M_InsDal: Lcom/fsck/k9/mail/power/TracingPowerManager;--->newWakeLock(ILjava/lang/String;)Lcom/fsck/k9/mail/power/TracingPowerManager$TracingWakeLock;
10-31 08:41:45.986  6414  6414 D M_InsDal: Lcom/fsck/k9/mail/power/TracingPowerManager$TracingWakeLock;---><init>(Lcom/fsck/k9/mail/power/TracingPowerManager;ILjava/lang/String;)V
10-31 08:41:45.986  6414  6414 D M_InsDal: Lcom/fsck/k9/mail/K9MailLib;--->isDebug()Z
10-31 08:41:45.986  6414  6414 D M_InsDal: Lcom/fsck/k9/K9$2;--->enabled()Z
10-31 08:41:45.986  6414  6414 D M_InsDal: Lcom/fsck/k9/mail/power/TracingPowerManager$TracingWakeLock;--->setReferenceCounted(Z)V
10-31 08:41:45.986  6414  6414 D M_InsDal: Lcom/fsck/k9/mail/power/TracingPowerManager$TracingWakeLock;--->acquire(J)V
10-31 08:41:45.986  6414  6414 D M_InsDal: Lcom/fsck/k9/mail/K9MailLib;--->isDebug()Z
10-31 08:41:45.986  6414  6414 D M_InsDal: Lcom/fsck/k9/K9$2;--->enabled()Z
10-31 08:41:45.986  6414  6414 D M_InsDal: Lcom/fsck/k9/mail/power/TracingPowerManager$TracingWakeLock;--->raiseNotification()V
10-31 08:41:45.986  6414  6414 D M_InsDal: Lcom/fsck/k9/service/BootReceiver;--->receive(Landroid/content/Context;Landroid/content/Intent;Ljava/lang/Integer;)Ljava/lang/Integer;
10-31 08:41:45.987  6414  6414 D M_InsDal: Lcom/fsck/k9/service/BootReceiver;--->buildPendingIntent(Landroid/content/Context;Landroid/content/Intent;)Landroid/app/PendingIntent;
10-31 08:41:45.987  6414  6414 D M_InsDal: Lcom/fsck/k9/helper/K9AlarmManager;--->getAlarmManager(Landroid/content/Context;)Lcom/fsck/k9/helper/K9AlarmManager;
10-31 08:41:45.987  6414  6414 D M_InsDal: Lcom/fsck/k9/power/DozeChecker;---><init>(Landroid/content/Context;)V
10-31 08:41:45.987  6414  6414 D M_InsDal: Lcom/fsck/k9/helper/K9AlarmManager;---><init>(Landroid/app/AlarmManager;Lcom/fsck/k9/power/DozeChecker;)V
10-31 08:41:45.987  6414  6414 D M_InsDal: Lcom/fsck/k9/helper/K9AlarmManager;--->cancel(Landroid/app/PendingIntent;)V
10-31 08:41:45.987  6414  6414 D M_InsDal: Lcom/fsck/k9/service/CoreReceiver;--->releaseWakeLock(Ljava/lang/Integer;)V
10-31 08:41:45.987  6414  6414 D M_InsDal: Lcom/fsck/k9/mail/power/TracingPowerManager$TracingWakeLock;--->release()V
10-31 08:41:45.987  6414  6414 D M_InsDal: Lcom/fsck/k9/mail/K9MailLib;--->isDebug()Z
10-31 08:41:45.987  6414  6414 D M_InsDal: Lcom/fsck/k9/K9$2;--->enabled()Z
10-31 08:41:45.987  6414  6414 D M_InsDal: Lcom/fsck/k9/mail/power/TracingPowerManager$TracingWakeLock;--->cancelNotification()V
10-31 08:41:45.988  6414  6414 D M_InsDal: Lcom/fsck/k9/service/PushService;---><init>()V
10-31 08:41:45.988  6414  6414 D M_InsDal: Lcom/fsck/k9/service/CoreService;---><init>()V
10-31 08:41:45.988  6414  6414 D M_InsDal: Lcom/fsck/k9/service/CoreService;--->onCreate()V
10-31 08:41:45.988  6414  6414 D M_InsDal: Lcom/fsck/k9/service/PushService;--->onCreate()V
10-31 08:41:45.988  6414  6414 D M_InsDal: Lcom/fsck/k9/service/CoreService;--->setAutoShutdown(Z)V
10-31 08:41:45.988  6414  6414 D M_InsDal: Lcom/fsck/k9/service/CoreService;--->onStartCommand(Landroid/content/Intent;II)I
10-31 08:41:45.988  6414  6414 D M_InsDal: Lcom/fsck/k9/service/CoreService;--->acquireWakeLock(Landroid/content/Context;Ljava/lang/String;J)Lcom/fsck/k9/mail/power/TracingPowerManager$TracingWakeLock;
10-31 08:41:45.988  6414  6414 D M_InsDal: Lcom/fsck/k9/mail/power/TracingPowerManager;--->getPowerManager(Landroid/content/Context;)Lcom/fsck/k9/mail/power/TracingPowerManager;
10-31 08:41:45.988  6414  6414 D M_InsDal: Lcom/fsck/k9/mail/power/TracingPowerManager;--->newWakeLock(ILjava/lang/String;)Lcom/fsck/k9/mail/power/TracingPowerManager$TracingWakeLock;
10-31 08:41:45.988  6414  6414 D M_InsDal: Lcom/fsck/k9/mail/power/TracingPowerManager$TracingWakeLock;---><init>(Lcom/fsck/k9/mail/power/TracingPowerManager;ILjava/lang/String;)V
10-31 08:41:45.988  6414  6414 D M_InsDal: Lcom/fsck/k9/mail/K9MailLib;--->isDebug()Z
10-31 08:41:45.988  6414  6414 D M_InsDal: Lcom/fsck/k9/K9$2;--->enabled()Z
10-31 08:41:45.988  6414  6414 D M_InsDal: Lcom/fsck/k9/mail/power/TracingPowerManager$TracingWakeLock;--->setReferenceCounted(Z)V
10-31 08:41:45.988  6414  6414 D M_InsDal: Lcom/fsck/k9/mail/power/TracingPowerManager$TracingWakeLock;--->acquire(J)V
10-31 08:41:45.989  6414  6414 D M_InsDal: Lcom/fsck/k9/mail/K9MailLib;--->isDebug()Z
10-31 08:41:45.989  6414  6414 D M_InsDal: Lcom/fsck/k9/K9$2;--->enabled()Z
10-31 08:41:45.989  6414  6414 D M_InsDal: Lcom/fsck/k9/mail/power/TracingPowerManager$TracingWakeLock;--->raiseNotification()V
10-31 08:41:45.989  6414  6414 D M_InsDal: Lcom/fsck/k9/mail/power/TracingPowerManager$TracingWakeLock;--->release()V
10-31 08:41:45.989  6414  6414 D M_InsDal: Lcom/fsck/k9/mail/K9MailLib;--->isDebug()Z
10-31 08:41:45.989  6414  6414 D M_InsDal: Lcom/fsck/k9/K9$2;--->enabled()Z
10-31 08:41:45.989  6414  6414 D M_InsDal: Lcom/fsck/k9/mail/power/TracingPowerManager$TracingWakeLock;--->cancelNotification()V
10-31 08:41:45.989  6414  6414 D M_InsDal: Lcom/fsck/k9/service/PushService;--->startService(Landroid/content/Intent;I)I
10-31 08:41:45.989  6414  6414 D M_InsDal: Lcom/fsck/k9/mail/power/TracingPowerManager$TracingWakeLock;--->release()V
10-31 08:41:45.989  6414  6414 D M_InsDal: Lcom/fsck/k9/mail/K9MailLib;--->isDebug()Z
10-31 08:41:45.989  6414  6414 D M_InsDal: Lcom/fsck/k9/K9$2;--->enabled()Z
10-31 08:41:45.989  6414  6414 D M_InsDal: Lcom/fsck/k9/mail/power/TracingPowerManager$TracingWakeLock;--->cancelNotification()V
10-31 08:41:46.105  6414  6414 D M_InsDal: Lcom/fsck/k9/service/MailService;--->onDestroy()V
10-31 08:41:46.105  6414  6414 D M_InsDal: Lcom/fsck/k9/service/CoreService;--->onDestroy()V
10-31 08:41:46.105  6414  6414 D M_InsDal: Lcom/fsck/k9/service/CoreService;--->onDestroy()V
10-31 08:41:48.076  6414  6414 D M_InsDal: Lcom/fsck/k9/activity/K9ListActivity;--->dispatchTouchEvent(Landroid/view/MotionEvent;)Z
10-31 08:41:48.076  6414  6414 D M_InsDal: Lcom/fsck/k9/activity/K9ActivityCommon;--->preDispatchTouchEvent(Landroid/view/MotionEvent;)V
10-31 08:41:48.076  6414  6414 D M_InsDal: Lcom/fsck/k9/activity/K9ListActivity;--->dispatchTouchEvent(Landroid/view/MotionEvent;)Z
10-31 08:41:48.076  6414  6414 D M_InsDal: Lcom/fsck/k9/activity/K9ActivityCommon;--->preDispatchTouchEvent(Landroid/view/MotionEvent;)V
10-31 08:41:48.076  6414  6414 D M_InsDal: Lcom/fsck/k9/activity/K9ListActivity;--->dispatchTouchEvent(Landroid/view/MotionEvent;)Z
10-31 08:41:48.076  6414  6414 D M_InsDal: Lcom/fsck/k9/activity/K9ActivityCommon;--->preDispatchTouchEvent(Landroid/view/MotionEvent;)V
10-31 08:41:48.076  6414  6414 D M_InsDal: Lcom/fsck/k9/activity/K9ListActivity;--->dispatchTouchEvent(Landroid/view/MotionEvent;)Z
10-31 08:41:48.076  6414  6414 D M_InsDal: Lcom/fsck/k9/activity/K9ActivityCommon;--->preDispatchTouchEvent(Landroid/view/MotionEvent;)V
10-31 08:41:48.077  6414  6414 D M_InsDal: Lcom/fsck/k9/activity/K9ListActivity;--->dispatchTouchEvent(Landroid/view/MotionEvent;)Z
10-31 08:41:48.078  6414  6414 D M_InsDal: Lcom/fsck/k9/activity/K9ActivityCommon;--->preDispatchTouchEvent(Landroid/view/MotionEvent;)V
10-31 08:41:48.078  6414  6414 D M_InsDal: Lcom/fsck/k9/activity/K9ListActivity;--->dispatchTouchEvent(Landroid/view/MotionEvent;)Z
10-31 08:41:48.078  6414  6414 D M_InsDal: Lcom/fsck/k9/activity/K9ActivityCommon;--->preDispatchTouchEvent(Landroid/view/MotionEvent;)V
10-31 08:41:48.079  6414  6414 D M_InsDal: Lcom/fsck/k9/activity/K9ListActivity;--->dispatchTouchEvent(Landroid/view/MotionEvent;)Z
10-31 08:41:48.079  6414  6414 D M_InsDal: Lcom/fsck/k9/activity/K9ActivityCommon;--->preDispatchTouchEvent(Landroid/view/MotionEvent;)V
10-31 08:41:48.080  6414  6414 D M_InsDal: Lcom/fsck/k9/activity/K9ListActivity;--->dispatchTouchEvent(Landroid/view/MotionEvent;)Z
10-31 08:41:48.080  6414  6414 D M_InsDal: Lcom/fsck/k9/activity/K9ActivityCommon;--->preDispatchTouchEvent(Landroid/view/MotionEvent;)V
10-31 08:41:48.080  6414  6414 D M_InsDal: Lcom/fsck/k9/activity/K9ListActivity;--->dispatchTouchEvent(Landroid/view/MotionEvent;)Z
10-31 08:41:48.080  6414  6414 D M_InsDal: Lcom/fsck/k9/activity/K9ActivityCommon;--->preDispatchTouchEvent(Landroid/view/MotionEvent;)V
10-31 08:41:48.080  6414  6414 D M_InsDal: Lcom/fsck/k9/activity/K9ListActivity;--->dispatchTouchEvent(Landroid/view/MotionEvent;)Z
10-31 08:41:48.080  6414  6414 D M_InsDal: Lcom/fsck/k9/activity/K9ActivityCommon;--->preDispatchTouchEvent(Landroid/view/MotionEvent;)V
10-31 08:41:48.081  6414  6414 D M_InsDal: Lcom/fsck/k9/activity/K9ListActivity;--->dispatchTouchEvent(Landroid/view/MotionEvent;)Z
10-31 08:41:48.081  6414  6414 D M_InsDal: Lcom/fsck/k9/activity/K9ActivityCommon;--->preDispatchTouchEvent(Landroid/view/MotionEvent;)V
10-31 08:41:48.082  6414  6414 D M_InsDal: Lcom/fsck/k9/activity/K9ListActivity;--->dispatchTouchEvent(Landroid/view/MotionEvent;)Z
10-31 08:41:48.082  6414  6414 D M_InsDal: Lcom/fsck/k9/activity/K9ActivityCommon;--->preDispatchTouchEvent(Landroid/view/MotionEvent;)V
10-31 08:41:48.082  6414  6414 D M_InsDal: Lcom/fsck/k9/activity/K9ListActivity;--->dispatchTouchEvent(Landroid/view/MotionEvent;)Z
10-31 08:41:48.082  6414  6414 D M_InsDal: Lcom/fsck/k9/activity/K9ActivityCommon;--->preDispatchTouchEvent(Landroid/view/MotionEvent;)V
10-31 08:41:48.083  6414  6414 D M_InsDal: Lcom/fsck/k9/activity/K9ListActivity;--->dispatchTouchEvent(Landroid/view/MotionEvent;)Z
10-31 08:41:48.083  6414  6414 D M_InsDal: Lcom/fsck/k9/activity/K9ActivityCommon;--->preDispatchTouchEvent(Landroid/view/MotionEvent;)V
10-31 08:41:48.083  6414  6414 D M_InsDal: Lcom/fsck/k9/activity/K9ListActivity;--->onKeyDown(ILandroid/view/KeyEvent;)Z
10-31 08:41:48.083  6414  6414 D M_InsDal: Lcom/fsck/k9/K9;--->useVolumeKeysForListNavigationEnabled()Z
10-31 08:41:48.084  6414  6414 D M_InsDal: Lcom/fsck/k9/activity/K9ListActivity;--->onKeyUp(ILandroid/view/KeyEvent;)Z
10-31 08:41:48.084  6414  6414 D M_InsDal: Lcom/fsck/k9/K9;--->useVolumeKeysForListNavigationEnabled()Z
10-31 08:41:48.087  6414  6414 D M_InsDal: Lcom/fsck/k9/activity/K9ListActivity;--->dispatchTouchEvent(Landroid/view/MotionEvent;)Z
10-31 08:41:48.087  6414  6414 D M_InsDal: Lcom/fsck/k9/activity/K9ActivityCommon;--->preDispatchTouchEvent(Landroid/view/MotionEvent;)V
10-31 08:41:48.087  6414  6414 D M_InsDal: Lcom/fsck/k9/activity/K9ListActivity;--->dispatchTouchEvent(Landroid/view/MotionEvent;)Z
10-31 08:41:48.087  6414  6414 D M_InsDal: Lcom/fsck/k9/activity/K9ActivityCommon;--->preDispatchTouchEvent(Landroid/view/MotionEvent;)V
10-31 08:41:48.088  6414  6414 D M_InsDal: Lcom/fsck/k9/activity/K9ListActivity;--->dispatchTouchEvent(Landroid/view/MotionEvent;)Z
10-31 08:41:48.088  6414  6414 D M_InsDal: Lcom/fsck/k9/activity/K9ActivityCommon;--->preDispatchTouchEvent(Landroid/view/MotionEvent;)V
10-31 08:41:48.088  6414  6414 D M_InsDal: Lcom/fsck/k9/activity/K9ListActivity;--->dispatchTouchEvent(Landroid/view/MotionEvent;)Z
10-31 08:41:48.088  6414  6414 D M_InsDal: Lcom/fsck/k9/activity/K9ActivityCommon;--->preDispatchTouchEvent(Landroid/view/MotionEvent;)V
10-31 08:41:48.088  6414  6414 D M_InsDal: Lcom/fsck/k9/activity/K9ListActivity;--->dispatchTouchEvent(Landroid/view/MotionEvent;)Z
10-31 08:41:48.088  6414  6414 D M_InsDal: Lcom/fsck/k9/activity/K9ActivityCommon;--->preDispatchTouchEvent(Landroid/view/MotionEvent;)V
10-31 08:41:48.088  6414  6414 D M_InsDal: Lcom/fsck/k9/activity/K9ListActivity;--->dispatchTouchEvent(Landroid/view/MotionEvent;)Z
10-31 08:41:48.088  6414  6414 D M_InsDal: Lcom/fsck/k9/activity/K9ActivityCommon;--->preDispatchTouchEvent(Landroid/view/MotionEvent;)V
10-31 08:41:48.088  6414  6414 D M_InsDal: Lcom/fsck/k9/activity/K9ListActivity;--->dispatchTouchEvent(Landroid/view/MotionEvent;)Z
10-31 08:41:48.088  6414  6414 D M_InsDal: Lcom/fsck/k9/activity/K9ActivityCommon;--->preDispatchTouchEvent(Landroid/view/MotionEvent;)V
10-31 08:41:48.088  6414  6414 D M_InsDal: Lcom/fsck/k9/activity/K9ListActivity;--->dispatchTouchEvent(Landroid/view/MotionEvent;)Z
10-31 08:41:48.088  6414  6414 D M_InsDal: Lcom/fsck/k9/activity/K9ActivityCommon;--->preDispatchTouchEvent(Landroid/view/MotionEvent;)V
10-31 08:41:48.089  6414  6414 D M_InsDal: Lcom/fsck/k9/activity/K9ListActivity;--->dispatchTouchEvent(Landroid/view/MotionEvent;)Z
10-31 08:41:48.089  6414  6414 D M_InsDal: Lcom/fsck/k9/activity/K9ActivityCommon;--->preDispatchTouchEvent(Landroid/view/MotionEvent;)V
10-31 08:41:48.090  6414  6414 D M_InsDal: Lcom/fsck/k9/activity/K9ListActivity;--->dispatchTouchEvent(Landroid/view/MotionEvent;)Z
10-31 08:41:48.090  6414  6414 D M_InsDal: Lcom/fsck/k9/activity/K9ActivityCommon;--->preDispatchTouchEvent(Landroid/view/MotionEvent;)V
10-31 08:41:48.091  6414  6414 D M_InsDal: Lcom/fsck/k9/activity/K9ListActivity;--->dispatchTouchEvent(Landroid/view/MotionEvent;)Z
10-31 08:41:48.091  6414  6414 D M_InsDal: Lcom/fsck/k9/activity/K9ActivityCommon;--->preDispatchTouchEvent(Landroid/view/MotionEvent;)V
10-31 08:41:48.092  6414  6414 D M_InsDal: Lcom/fsck/k9/activity/K9ListActivity;--->dispatchTouchEvent(Landroid/view/MotionEvent;)Z
10-31 08:41:48.092  6414  6414 D M_InsDal: Lcom/fsck/k9/activity/K9ActivityCommon;--->preDispatchTouchEvent(Landroid/view/MotionEvent;)V
10-31 08:41:48.094  6414  6414 D M_InsDal: Lcom/fsck/k9/activity/K9ListActivity;--->dispatchTouchEvent(Landroid/view/MotionEvent;)Z
10-31 08:41:48.094  6414  6414 D M_InsDal: Lcom/fsck/k9/activity/K9ActivityCommon;--->preDispatchTouchEvent(Landroid/view/MotionEvent;)V
10-31 08:41:48.094  6414  6414 D M_InsDal: Lcom/fsck/k9/activity/K9ListActivity;--->dispatchTouchEvent(Landroid/view/MotionEvent;)Z
10-31 08:41:48.094  6414  6414 D M_InsDal: Lcom/fsck/k9/activity/K9ActivityCommon;--->preDispatchTouchEvent(Landroid/view/MotionEvent;)V
10-31 08:41:48.094  6414  6414 D M_InsDal: Lcom/fsck/k9/activity/K9ListActivity;--->dispatchTouchEvent(Landroid/view/MotionEvent;)Z
10-31 08:41:48.094  6414  6414 D M_InsDal: Lcom/fsck/k9/activity/K9ActivityCommon;--->preDispatchTouchEvent(Landroid/view/MotionEvent;)V
10-31 08:41:48.095  6414  6414 D M_InsDal: Lcom/fsck/k9/activity/K9ListActivity;--->dispatchTouchEvent(Landroid/view/MotionEvent;)Z
10-31 08:41:48.095  6414  6414 D M_InsDal: Lcom/fsck/k9/activity/K9ActivityCommon;--->preDispatchTouchEvent(Landroid/view/MotionEvent;)V
10-31 08:41:48.095  6414  6414 D M_InsDal: Lcom/fsck/k9/activity/K9ListActivity;--->dispatchTouchEvent(Landroid/view/MotionEvent;)Z
10-31 08:41:48.095  6414  6414 D M_InsDal: Lcom/fsck/k9/activity/K9ActivityCommon;--->preDispatchTouchEvent(Landroid/view/MotionEvent;)V
10-31 08:41:48.095  6414  6414 D M_InsDal: Lcom/fsck/k9/activity/K9ListActivity;--->dispatchTouchEvent(Landroid/view/MotionEvent;)Z
10-31 08:41:48.095  6414  6414 D M_InsDal: Lcom/fsck/k9/activity/K9ActivityCommon;--->preDispatchTouchEvent(Landroid/view/MotionEvent;)V
10-31 08:41:48.095  6414  6414 D M_InsDal: Lcom/fsck/k9/activity/K9ListActivity;--->dispatchTouchEvent(Landroid/view/MotionEvent;)Z
10-31 08:41:48.095  6414  6414 D M_InsDal: Lcom/fsck/k9/activity/K9ActivityCommon;--->preDispatchTouchEvent(Landroid/view/MotionEvent;)V
10-31 08:41:48.096  6414  6414 D M_InsDal: Lcom/fsck/k9/activity/K9ListActivity;--->dispatchTouchEvent(Landroid/view/MotionEvent;)Z
10-31 08:41:48.096  6414  6414 D M_InsDal: Lcom/fsck/k9/activity/K9ActivityCommon;--->preDispatchTouchEvent(Landroid/view/MotionEvent;)V
10-31 08:41:48.096  6414  6414 D M_InsDal: Lcom/fsck/k9/activity/K9ListActivity;--->dispatchTouchEvent(Landroid/view/MotionEvent;)Z
10-31 08:41:48.096  6414  6414 D M_InsDal: Lcom/fsck/k9/activity/K9ActivityCommon;--->preDispatchTouchEvent(Landroid/view/MotionEvent;)V
10-31 08:41:48.096  6414  6414 D M_InsDal: Lcom/fsck/k9/activity/K9ListActivity;--->dispatchTouchEvent(Landroid/view/MotionEvent;)Z
10-31 08:41:48.096  6414  6414 D M_InsDal: Lcom/fsck/k9/activity/K9ActivityCommon;--->preDispatchTouchEvent(Landroid/view/MotionEvent;)V
10-31 08:41:48.096  6414  6414 D M_InsDal: Lcom/fsck/k9/activity/K9ListActivity;--->dispatchTouchEvent(Landroid/view/MotionEvent;)Z
10-31 08:41:48.097  6414  6414 D M_InsDal: Lcom/fsck/k9/activity/K9ActivityCommon;--->preDispatchTouchEvent(Landroid/view/MotionEvent;)V
10-31 08:41:48.097  6414  6414 D M_InsDal: Lcom/fsck/k9/activity/K9ListActivity;--->dispatchTouchEvent(Landroid/view/MotionEvent;)Z
10-31 08:41:48.097  6414  6414 D M_InsDal: Lcom/fsck/k9/activity/K9ActivityCommon;--->preDispatchTouchEvent(Landroid/view/MotionEvent;)V
10-31 08:41:48.098  6414  6414 D M_InsDal: Lcom/fsck/k9/activity/K9ListActivity;--->dispatchTouchEvent(Landroid/view/MotionEvent;)Z
10-31 08:41:48.098  6414  6414 D M_InsDal: Lcom/fsck/k9/activity/K9ActivityCommon;--->preDispatchTouchEvent(Landroid/view/MotionEvent;)V
10-31 08:41:48.158  6414  6414 D M_InsDal: Lcom/fsck/k9/activity/AccountList;--->onItemClick(Landroid/widget/AdapterView;Landroid/view/View;IJ)V
10-31 08:41:48.158  6414  6414 D M_InsDal: Lcom/fsck/k9/activity/ChooseAccount;--->onAccountSelected(Lcom/fsck/k9/BaseAccount;)V
10-31 08:41:48.158  6414  6414 D M_InsDal: Lcom/fsck/k9/Account;--->getUuid()Ljava/lang/String;
--------- beginning of crash
10-31 08:41:48.161  6414  6414 E AndroidRuntime: FATAL EXCEPTION: main
10-31 08:41:48.161  6414  6414 E AndroidRuntime: Process: com.fsck.k9, PID: 6414
10-31 08:41:48.161  6414  6414 E AndroidRuntime: android.os.BadParcelableException: ClassNotFoundException when unmarshalling: qiu.com.fsck.k9.MyParcelable
10-31 08:41:48.161  6414  6414 E AndroidRuntime: 	at android.os.Parcel.readParcelableCreator(Parcel.java:2839)
10-31 08:41:48.161  6414  6414 E AndroidRuntime: 	at android.os.Parcel.readParcelable(Parcel.java:2765)
10-31 08:41:48.161  6414  6414 E AndroidRuntime: 	at android.os.Parcel.readValue(Parcel.java:2668)
10-31 08:41:48.161  6414  6414 E AndroidRuntime: 	at android.os.Parcel.readArrayMapInternal(Parcel.java:3037)
10-31 08:41:48.161  6414  6414 E AndroidRuntime: 	at android.os.BaseBundle.initializeFromParcelLocked(BaseBundle.java:288)
10-31 08:41:48.161  6414  6414 E AndroidRuntime: 	at android.os.BaseBundle.unparcel(BaseBundle.java:232)
10-31 08:41:48.161  6414  6414 E AndroidRuntime: 	at android.os.BaseBundle.containsKey(BaseBundle.java:504)
10-31 08:41:48.161  6414  6414 E AndroidRuntime: 	at android.content.Intent.hasExtra(Intent.java:7257)
10-31 08:41:48.161  6414  6414 E AndroidRuntime: 	at android.app.Activity.finish(Activity.java:5620)
10-31 08:41:48.161  6414  6414 E AndroidRuntime: 	at android.app.Activity.finish(Activity.java:5632)
10-31 08:41:48.161  6414  6414 E AndroidRuntime: 	at com.fsck.k9.activity.ChooseAccount.onAccountSelected(ChooseAccount.java:21)
10-31 08:41:48.161  6414  6414 E AndroidRuntime: 	at com.fsck.k9.activity.AccountList.onItemClick(AccountList.java:61)
10-31 08:41:48.161  6414  6414 E AndroidRuntime: 	at android.widget.AdapterView.performItemClick(AdapterView.java:318)
10-31 08:41:48.161  6414  6414 E AndroidRuntime: 	at android.widget.AbsListView.performItemClick(AbsListView.java:1159)
10-31 08:41:48.161  6414  6414 E AndroidRuntime: 	at android.widget.AbsListView$PerformClick.run(AbsListView.java:3136)
10-31 08:41:48.161  6414  6414 E AndroidRuntime: 	at android.widget.AbsListView$3.run(AbsListView.java:4052)
10-31 08:41:48.161  6414  6414 E AndroidRuntime: 	at android.os.Handler.handleCallback(Handler.java:873)
10-31 08:41:48.161  6414  6414 E AndroidRuntime: 	at android.os.Handler.dispatchMessage(Handler.java:99)
10-31 08:41:48.161  6414  6414 E AndroidRuntime: 	at android.os.Looper.loop(Looper.java:193)
10-31 08:41:48.161  6414  6414 E AndroidRuntime: 	at android.app.ActivityThread.main(ActivityThread.java:6730)
10-31 08:41:48.161  6414  6414 E AndroidRuntime: 	at java.lang.reflect.Method.invoke(Native Method)
10-31 08:41:48.161  6414  6414 E AndroidRuntime: 	at com.android.internal.os.RuntimeInit$MethodAndArgsCaller.run(RuntimeInit.java:493)
10-31 08:41:48.161  6414  6414 E AndroidRuntime: 	at com.android.internal.os.ZygoteInit.main(ZygoteInit.java:860)
10-31 08:41:54.565  6497  6497 D M_InsDal: Lcom/fsck/k9/K9;---><clinit>()V
10-31 08:41:54.565  6497  6497 D M_InsDal: Lcom/fsck/k9/K9$Theme;---><clinit>()V
10-31 08:41:54.565  6497  6497 D M_InsDal: Lcom/fsck/k9/K9$Theme;---><init>(Ljava/lang/String;I)V
10-31 08:41:54.565  6497  6497 D M_InsDal: Lcom/fsck/k9/K9$Theme;---><init>(Ljava/lang/String;I)V
10-31 08:41:54.565  6497  6497 D M_InsDal: Lcom/fsck/k9/FontSizes;---><init>()V
10-31 08:41:54.565  6497  6497 D M_InsDal: Lcom/fsck/k9/K9$BACKGROUND_OPS;---><clinit>()V
10-31 08:41:54.565  6497  6497 D M_InsDal: Lcom/fsck/k9/K9$BACKGROUND_OPS;---><init>(Ljava/lang/String;I)V
10-31 08:41:54.565  6497  6497 D M_InsDal: Lcom/fsck/k9/K9$BACKGROUND_OPS;---><init>(Ljava/lang/String;I)V
10-31 08:41:54.565  6497  6497 D M_InsDal: Lcom/fsck/k9/K9$NotificationHideSubject;---><clinit>()V
10-31 08:41:54.565  6497  6497 D M_InsDal: Lcom/fsck/k9/K9$NotificationHideSubject;---><init>(Ljava/lang/String;I)V
10-31 08:41:54.565  6497  6497 D M_InsDal: Lcom/fsck/k9/K9$NotificationHideSubject;---><init>(Ljava/lang/String;I)V
10-31 08:41:54.565  6497  6497 D M_InsDal: Lcom/fsck/k9/K9$NotificationQuickDelete;---><clinit>()V
10-31 08:41:54.565  6497  6497 D M_InsDal: Lcom/fsck/k9/K9$NotificationQuickDelete;---><init>(Ljava/lang/String;I)V
10-31 08:41:54.565  6497  6497 D M_InsDal: Lcom/fsck/k9/K9$NotificationQuickDelete;---><init>(Ljava/lang/String;I)V
10-31 08:41:54.565  6497  6497 D M_InsDal: Lcom/fsck/k9/K9$LockScreenNotificationVisibility;---><clinit>()V
10-31 08:41:54.565  6497  6497 D M_InsDal: Lcom/fsck/k9/K9$LockScreenNotificationVisibility;---><init>(Ljava/lang/String;I)V
10-31 08:41:54.565  6497  6497 D M_InsDal: Lcom/fsck/k9/K9$LockScreenNotificationVisibility;---><init>(Ljava/lang/String;I)V
10-31 08:41:54.565  6497  6497 D M_InsDal: Lcom/fsck/k9/K9$SplitViewMode;---><clinit>()V
10-31 08:41:54.565  6497  6497 D M_InsDal: Lcom/fsck/k9/K9$SplitViewMode;---><init>(Ljava/lang/String;I)V
10-31 08:41:54.565  6497  6497 D M_InsDal: Lcom/fsck/k9/K9$SplitViewMode;---><init>(Ljava/lang/String;I)V
10-31 08:41:54.566  6497  6497 D M_InsDal: Lcom/fsck/k9/K9;---><init>()V
10-31 08:41:54.566  6497  6497 D M_InsDal: Lcom/fsck/k9/provider/AttachmentTempFileProvider;---><clinit>()V
10-31 08:41:54.566  6497  6497 D M_InsDal: Lcom/fsck/k9/provider/AttachmentTempFileProvider;---><init>()V
10-31 08:41:54.569  6497  6497 D M_InsDal: Lcom/fsck/k9/provider/EmailProvider;---><clinit>()V
10-31 08:41:54.569  6497  6497 D M_InsDal: Lcom/fsck/k9/provider/EmailProvider;---><init>()V
10-31 08:41:54.569  6497  6497 D M_InsDal: Lcom/fsck/k9/provider/EmailProvider;--->onCreate()Z
10-31 08:41:54.569  6497  6497 D M_InsDal: Lcom/fsck/k9/provider/DecryptedFileProvider;---><clinit>()V
10-31 08:41:54.569  6497  6497 D M_InsDal: Lcom/fsck/k9/provider/DecryptedFileProvider;---><init>()V
10-31 08:41:54.570  6497  6497 D M_InsDal: Lcom/fsck/k9/provider/AttachmentProvider;---><clinit>()V
10-31 08:41:54.570  6497  6497 D M_InsDal: Lcom/fsck/k9/provider/AttachmentProvider;---><init>()V
10-31 08:41:54.570  6497  6497 D M_InsDal: Lcom/fsck/k9/provider/AttachmentProvider;--->onCreate()Z
10-31 08:41:54.570  6497  6497 D M_InsDal: Lcom/fsck/k9/provider/RawMessageProvider;---><clinit>()V
10-31 08:41:54.570  6497  6497 D M_InsDal: Lcom/fsck/k9/provider/RawMessageProvider;---><init>()V
10-31 08:41:54.570  6497  6497 D M_InsDal: Lcom/fsck/k9/provider/RawMessageProvider;--->onCreate()Z
10-31 08:41:54.570  6497  6497 D M_InsDal: Lcom/fsck/k9/provider/MessageProvider;---><clinit>()V
10-31 08:41:54.570  6497  6497 D M_InsDal: Lcom/fsck/k9/provider/MessageProvider;---><init>()V
10-31 08:41:54.570  6497  6497 D M_InsDal: Lcom/fsck/k9/provider/MessageProvider;--->onCreate()Z
10-31 08:41:54.570  6497  6497 D M_InsDal: Lcom/fsck/k9/helper/MessageHelper;--->getInstance(Landroid/content/Context;)Lcom/fsck/k9/helper/MessageHelper;
10-31 08:41:54.570  6497  6497 D M_InsDal: Lcom/fsck/k9/helper/MessageHelper;---><init>(Landroid/content/Context;)V
10-31 08:41:54.570  6497  6497 D M_InsDal: Lcom/fsck/k9/provider/MessageProvider$AccountsQueryHandler;---><init>(Lcom/fsck/k9/provider/MessageProvider;)V
10-31 08:41:54.570  6497  6497 D M_InsDal: Lcom/fsck/k9/provider/MessageProvider$ThrottlingQueryHandler;---><init>(Lcom/fsck/k9/provider/MessageProvider;Lcom/fsck/k9/provider/MessageProvider$QueryHandler;)V
10-31 08:41:54.570  6497  6497 D M_InsDal: Lcom/fsck/k9/provider/MessageProvider;--->registerQueryHandler(Lcom/fsck/k9/provider/MessageProvider$QueryHandler;)V
10-31 08:41:54.570  6497  6497 D M_InsDal: Lcom/fsck/k9/provider/MessageProvider$ThrottlingQueryHandler;--->getPath()Ljava/lang/String;
10-31 08:41:54.570  6497  6497 D M_InsDal: Lcom/fsck/k9/provider/MessageProvider$AccountsQueryHandler;--->getPath()Ljava/lang/String;
10-31 08:41:54.570  6497  6497 D M_InsDal: Lcom/fsck/k9/provider/MessageProvider$MessagesQueryHandler;---><init>(Lcom/fsck/k9/provider/MessageProvider;)V
10-31 08:41:54.570  6497  6497 D M_InsDal: Lcom/fsck/k9/provider/MessageProvider$ThrottlingQueryHandler;---><init>(Lcom/fsck/k9/provider/MessageProvider;Lcom/fsck/k9/provider/MessageProvider$QueryHandler;)V
10-31 08:41:54.570  6497  6497 D M_InsDal: Lcom/fsck/k9/provider/MessageProvider;--->registerQueryHandler(Lcom/fsck/k9/provider/MessageProvider$QueryHandler;)V
10-31 08:41:54.570  6497  6497 D M_InsDal: Lcom/fsck/k9/provider/MessageProvider$ThrottlingQueryHandler;--->getPath()Ljava/lang/String;
10-31 08:41:54.570  6497  6497 D M_InsDal: Lcom/fsck/k9/provider/MessageProvider$MessagesQueryHandler;--->getPath()Ljava/lang/String;
10-31 08:41:54.570  6497  6497 D M_InsDal: Lcom/fsck/k9/provider/MessageProvider$UnreadQueryHandler;---><init>(Lcom/fsck/k9/provider/MessageProvider;)V
10-31 08:41:54.570  6497  6497 D M_InsDal: Lcom/fsck/k9/provider/MessageProvider$ThrottlingQueryHandler;---><init>(Lcom/fsck/k9/provider/MessageProvider;Lcom/fsck/k9/provider/MessageProvider$QueryHandler;)V
10-31 08:41:54.570  6497  6497 D M_InsDal: Lcom/fsck/k9/provider/MessageProvider;--->registerQueryHandler(Lcom/fsck/k9/provider/MessageProvider$QueryHandler;)V
10-31 08:41:54.570  6497  6497 D M_InsDal: Lcom/fsck/k9/provider/MessageProvider$ThrottlingQueryHandler;--->getPath()Ljava/lang/String;
10-31 08:41:54.570  6497  6497 D M_InsDal: Lcom/fsck/k9/provider/MessageProvider$UnreadQueryHandler;--->getPath()Ljava/lang/String;
10-31 08:41:54.570  6497  6497 D M_InsDal: Lcom/fsck/k9/provider/MessageProvider$1;---><init>(Lcom/fsck/k9/provider/MessageProvider;)V
10-31 08:41:54.570  6497  6497 D M_InsDal: Lcom/fsck/k9/K9;--->registerApplicationAware(Lcom/fsck/k9/K9$ApplicationAware;)V
10-31 08:41:54.571  6497  6497 D M_InsDal: Lcom/fsck/k9/K9;--->onCreate()V
10-31 08:41:54.572  6497  6497 D M_InsDal: Lcom/fsck/k9/PRNGFixes;---><clinit>()V
10-31 08:41:54.572  6497  6497 D M_InsDal: Lcom/fsck/k9/PRNGFixes;--->getBuildFingerprintAndDeviceSerial()[B
10-31 08:41:54.572  6497  6497 D M_InsDal: Lcom/fsck/k9/PRNGFixes;--->getDeviceSerialNumber()Ljava/lang/String;
10-31 08:41:54.572  6497  6497 D M_InsDal: Lcom/fsck/k9/PRNGFixes;--->apply()V
10-31 08:41:54.572  6497  6497 D M_InsDal: Lcom/fsck/k9/PRNGFixes;--->applyOpenSSLFix()V
10-31 08:41:54.572  6497  6497 D M_InsDal: Lcom/fsck/k9/PRNGFixes;--->installLinuxPRNGSecureRandom()V
10-31 08:41:54.572  6497  6497 D M_InsDal: Lcom/fsck/k9/Globals;--->setContext(Landroid/content/Context;)V
10-31 08:41:54.572  6497  6497 D M_InsDal: Lcom/fsck/k9/K9$2;---><init>(Lcom/fsck/k9/K9;)V
10-31 08:41:54.572  6497  6497 D M_InsDal: Lcom/fsck/k9/mail/K9MailLib;---><clinit>()V
10-31 08:41:54.572  6497  6497 D M_InsDal: Lcom/fsck/k9/mail/K9MailLib$DefaultDebugStatus;---><init>()V
10-31 08:41:54.572  6497  6497 D M_InsDal: Lcom/fsck/k9/mail/K9MailLib;--->setDebugStatus(Lcom/fsck/k9/mail/K9MailLib$DebugStatus;)V
10-31 08:41:54.572  6497  6497 D M_InsDal: Lcom/fsck/k9/K9;--->checkCachedDatabaseVersion()V
10-31 08:41:54.573  6497  6497 D M_InsDal: Lcom/fsck/k9/K9;--->setDatabasesUpToDate(Z)V
10-31 08:41:54.573  6497  6497 D M_InsDal: Lcom/fsck/k9/Preferences;--->getPreferences(Landroid/content/Context;)Lcom/fsck/k9/Preferences;
10-31 08:41:54.573  6497  6497 D M_InsDal: Lcom/fsck/k9/Preferences;---><init>(Landroid/content/Context;)V
10-31 08:41:54.573  6497  6497 D M_InsDal: Lcom/fsck/k9/preferences/Storage;---><clinit>()V
10-31 08:41:54.573  6497  6497 D M_InsDal: Lcom/fsck/k9/preferences/Storage;--->getStorage(Landroid/content/Context;)Lcom/fsck/k9/preferences/Storage;
10-31 08:41:54.573  6497  6497 D M_InsDal: Lcom/fsck/k9/preferences/Storage;---><init>(Landroid/content/Context;)V
10-31 08:41:54.573  6497  6497 D M_InsDal: Lcom/fsck/k9/preferences/Storage;--->loadValues()V
10-31 08:41:54.573  6497  6497 D M_InsDal: Lcom/fsck/k9/preferences/Storage;--->openDB()Landroid/database/sqlite/SQLiteDatabase;
10-31 08:41:54.582  6497  6497 D M_InsDal: Lcom/fsck/k9/helper/Utility;---><clinit>()V
10-31 08:41:54.582  6497  6497 D M_InsDal: Lcom/fsck/k9/helper/Utility;--->closeQuietly(Landroid/database/Cursor;)V
10-31 08:41:54.584  6497  6497 D M_InsDal: Lcom/fsck/k9/preferences/Storage;--->isEmpty()Z
10-31 08:41:54.584  6497  6497 D M_InsDal: Lcom/fsck/k9/K9;--->loadPrefs(Lcom/fsck/k9/Preferences;)V
10-31 08:41:54.584  6497  6497 D M_InsDal: Lcom/fsck/k9/Preferences;--->getStorage()Lcom/fsck/k9/preferences/Storage;
10-31 08:41:54.584  6497  6497 D M_InsDal: Lcom/fsck/k9/preferences/Storage;--->getBoolean(Ljava/lang/String;Z)Z
10-31 08:41:54.584  6497  6497 D M_InsDal: Lcom/fsck/k9/K9;--->setDebug(Z)V
10-31 08:41:54.584  6497  6497 D M_InsDal: Lcom/fsck/k9/K9;--->updateLoggingStatus()V
10-31 08:41:54.584  6497  6497 D M_InsDal: Lcom/fsck/k9/preferences/Storage;--->getBoolean(Ljava/lang/String;Z)Z
10-31 08:41:54.584  6497  6497 D M_InsDal: Lcom/fsck/k9/preferences/Storage;--->getBoolean(Ljava/lang/String;Z)Z
10-31 08:41:54.584  6497  6497 D M_InsDal: Lcom/fsck/k9/preferences/Storage;--->getInt(Ljava/lang/String;I)I
10-31 08:41:54.584  6497  6497 D M_InsDal: Lcom/fsck/k9/preferences/Storage;--->getBoolean(Ljava/lang/String;Z)Z
10-31 08:41:54.584  6497  6497 D M_InsDal: Lcom/fsck/k9/preferences/Storage;--->getBoolean(Ljava/lang/String;Z)Z
10-31 08:41:54.584  6497  6497 D M_InsDal: Lcom/fsck/k9/preferences/Storage;--->getString(Ljava/lang/String;Ljava/lang/String;)Ljava/lang/String;
10-31 08:41:54.584  6497  6497 D M_InsDal: Lcom/fsck/k9/preferences/Storage;--->getString(Ljava/lang/String;Ljava/lang/String;)Ljava/lang/String;
10-31 08:41:54.584  6497  6497 D M_InsDal: Lcom/fsck/k9/preferences/Storage;--->getBoolean(Ljava/lang/String;Z)Z
10-31 08:41:54.584  6497  6497 D M_InsDal: Lcom/fsck/k9/preferences/Storage;--->getBoolean(Ljava/lang/String;Z)Z
10-31 08:41:54.584  6497  6497 D M_InsDal: Lcom/fsck/k9/preferences/Storage;--->getInt(Ljava/lang/String;I)I
10-31 08:41:54.584  6497  6497 D M_InsDal: Lcom/fsck/k9/preferences/Storage;--->getBoolean(Ljava/lang/String;Z)Z
10-31 08:41:54.584  6497  6497 D M_InsDal: Lcom/fsck/k9/preferences/Storage;--->getBoolean(Ljava/lang/String;Z)Z
10-31 08:41:54.584  6497  6497 D M_InsDal: Lcom/fsck/k9/preferences/Storage;--->getString(Ljava/lang/String;Ljava/lang/String;)Ljava/lang/String;
10-31 08:41:54.584  6497  6497 D M_InsDal: Lcom/fsck/k9/preferences/Storage;--->getBoolean(Ljava/lang/String;Z)Z
10-31 08:41:54.584  6497  6497 D M_InsDal: Lcom/fsck/k9/preferences/Storage;--->getBoolean(Ljava/lang/String;Z)Z
10-31 08:41:54.584  6497  6497 D M_InsDal: Lcom/fsck/k9/Account;---><clinit>()V
10-31 08:41:54.584  6497  6497 D M_InsDal: Lcom/fsck/k9/Account$MessageFormat;---><clinit>()V
10-31 08:41:54.584  6497  6497 D M_InsDal: Lcom/fsck/k9/Account$MessageFormat;---><init>(Ljava/lang/String;I)V
10-31 08:41:54.585  6497  6497 D M_InsDal: Lcom/fsck/k9/Account$MessageFormat;---><init>(Ljava/lang/String;I)V
10-31 08:41:54.585  6497  6497 D M_InsDal: Lcom/fsck/k9/Account$QuoteStyle;---><clinit>()V
10-31 08:41:54.585  6497  6497 D M_InsDal: Lcom/fsck/k9/Account$QuoteStyle;---><init>(Ljava/lang/String;I)V
10-31 08:41:54.585  6497  6497 D M_InsDal: Lcom/fsck/k9/Account$QuoteStyle;---><init>(Ljava/lang/String;I)V
10-31 08:41:54.585  6497  6497 D M_InsDal: Lcom/fsck/k9/Account$SortType;---><clinit>()V
10-31 08:41:54.585  6497  6497 D M_InsDal: Lcom/fsck/k9/Account$SortType;---><init>(Ljava/lang/String;IIIZ)V
10-31 08:41:54.585  6497  6497 D M_InsDal: Lcom/fsck/k9/Account$SortType;---><init>(Ljava/lang/String;IIIZ)V
10-31 08:41:54.585  6497  6497 D M_InsDal: Lcom/fsck/k9/preferences/Storage;--->getString(Ljava/lang/String;Ljava/lang/String;)Ljava/lang/String;
10-31 08:41:54.585  6497  6497 D M_InsDal: Lcom/fsck/k9/Account$SortType;--->valueOf(Ljava/lang/String;)Lcom/fsck/k9/Account$SortType;
10-31 08:41:54.585  6497  6497 D M_InsDal: Lcom/fsck/k9/Account$SortType;--->values()[Lcom/fsck/k9/Account$SortType;
10-31 08:41:54.585  6497  6497 D M_InsDal: Lcom/fsck/k9/preferences/Storage;--->getBoolean(Ljava/lang/String;Z)Z
10-31 08:41:54.585  6497  6497 D M_InsDal: Lcom/fsck/k9/preferences/Storage;--->getString(Ljava/lang/String;Ljava/lang/String;)Ljava/lang/String;
10-31 08:41:54.585  6497  6497 D M_InsDal: Lcom/fsck/k9/preferences/Storage;--->getBoolean(Ljava/lang/String;Z)Z
