10-31 08:42:22.749  6676  6697 D M_InsDal: Lcom/fsck/k9/mail/K9MailLib;--->isDebug()Z
10-31 08:42:22.749  6676  6697 D M_InsDal: Lcom/fsck/k9/K9$2;--->enabled()Z
10-31 08:42:22.749  6676  6697 D M_InsDal: Lcom/fsck/k9/mail/power/TracingPowerManager$TracingWakeLock;--->setReferenceCounted(Z)V
10-31 08:42:22.749  6676  6697 D M_InsDal: Lcom/fsck/k9/mail/power/TracingPowerManager$TracingWakeLock;--->acquire(J)V
10-31 08:42:22.750  6676  6697 D M_InsDal: Lcom/fsck/k9/mail/K9MailLib;--->isDebug()Z
10-31 08:42:22.750  6676  6697 D M_InsDal: Lcom/fsck/k9/K9$2;--->enabled()Z
10-31 08:42:22.750  6676  6697 D M_InsDal: Lcom/fsck/k9/mail/power/TracingPowerManager$TracingWakeLock;--->raiseNotification()V
10-31 08:42:22.750  6676  6697 D M_InsDal: Lcom/fsck/k9/service/CoreService;--->registerWakeLock(Lcom/fsck/k9/mail/power/TracingPowerManager$TracingWakeLock;)Ljava/lang/Integer;
10-31 08:42:22.751  6676  6697 D M_InsDal: Lcom/fsck/k9/service/MailService;--->setupPushers()V
10-31 08:42:22.751  6676  6697 D M_InsDal: Lcom/fsck/k9/Preferences;--->getPreferences(Landroid/content/Context;)Lcom/fsck/k9/Preferences;
10-31 08:42:22.751  6676  6697 D M_InsDal: Lcom/fsck/k9/Preferences;--->getAccounts()Ljava/util/List;
10-31 08:42:22.751  6676  6676 D M_InsDal: Lcom/fsck/k9/service/PushService;---><init>()V
10-31 08:42:22.751  6676  6676 D M_InsDal: Lcom/fsck/k9/service/CoreService;---><init>()V
10-31 08:42:22.751  6676  6697 D M_InsDal: Lcom/fsck/k9/Account;--->getDescription()Ljava/lang/String;
10-31 08:42:22.751  6676  6697 D M_InsDal: Lcom/fsck/k9/Account;--->isEnabled()Z
10-31 08:42:22.751  6676  6697 D M_InsDal: Lcom/fsck/k9/Account;--->isAvailable(Landroid/content/Context;)Z
10-31 08:42:22.751  6676  6697 D M_InsDal: Lcom/fsck/k9/Account;--->getLocalStorageProviderId()Ljava/lang/String;
10-31 08:42:22.751  6676  6676 D M_InsDal: Lcom/fsck/k9/service/CoreService;--->onCreate()V
10-31 08:42:22.751  6676  6697 D M_InsDal: Lcom/fsck/k9/mailstore/StorageManager;--->getInstance(Landroid/content/Context;)Lcom/fsck/k9/mailstore/StorageManager;
10-31 08:42:22.751  6676  6697 D M_InsDal: Lcom/fsck/k9/mailstore/StorageManager;--->isReady(Ljava/lang/String;)Z
10-31 08:42:22.751  6676  6697 D M_InsDal: Lcom/fsck/k9/mailstore/StorageManager;--->getProvider(Ljava/lang/String;)Lcom/fsck/k9/mailstore/StorageManager$StorageProvider;
10-31 08:42:22.751  6676  6697 D M_InsDal: Lcom/fsck/k9/mailstore/StorageManager$InternalStorageProvider;--->isReady(Landroid/content/Context;)Z
10-31 08:42:22.751  6676  6697 D M_InsDal: Lcom/fsck/k9/controller/MessagingController;--->getInstance(Landroid/content/Context;)Lcom/fsck/k9/controller/MessagingController;
10-31 08:42:22.751  6676  6676 D M_InsDal: Lcom/fsck/k9/service/PushService;--->onCreate()V
10-31 08:42:22.751  6676  6697 D M_InsDal: Lcom/fsck/k9/controller/MessagingController;--->setupPushing(Lcom/fsck/k9/Account;)Z
10-31 08:42:22.751  6676  6676 D M_InsDal: Lcom/fsck/k9/service/CoreService;--->setAutoShutdown(Z)V
10-31 08:42:22.751  6676  6697 D M_InsDal: Lcom/fsck/k9/Account;--->hashCode()I
10-31 08:42:22.751  6676  6676 D M_InsDal: Lcom/fsck/k9/service/CoreService;--->onStartCommand(Landroid/content/Intent;II)I
10-31 08:42:22.751  6676  6676 D M_InsDal: Lcom/fsck/k9/service/CoreService;--->acquireWakeLock(Landroid/content/Context;Ljava/lang/String;J)Lcom/fsck/k9/mail/power/TracingPowerManager$TracingWakeLock;
10-31 08:42:22.751  6676  6676 D M_InsDal: Lcom/fsck/k9/mail/power/TracingPowerManager;--->getPowerManager(Landroid/content/Context;)Lcom/fsck/k9/mail/power/TracingPowerManager;
10-31 08:42:22.751  6676  6676 D M_InsDal: Lcom/fsck/k9/mail/power/TracingPowerManager;--->newWakeLock(ILjava/lang/String;)Lcom/fsck/k9/mail/power/TracingPowerManager$TracingWakeLock;
10-31 08:42:22.751  6676  6676 D M_InsDal: Lcom/fsck/k9/mail/power/TracingPowerManager$TracingWakeLock;---><init>(Lcom/fsck/k9/mail/power/TracingPowerManager;ILjava/lang/String;)V
10-31 08:42:22.751  6676  6697 D M_InsDal: Lcom/fsck/k9/Account;--->getFolderDisplayMode()Lcom/fsck/k9/Account$FolderMode;
10-31 08:42:22.751  6676  6676 D M_InsDal: Lcom/fsck/k9/mail/K9MailLib;--->isDebug()Z
10-31 08:42:22.751  6676  6697 D M_InsDal: Lcom/fsck/k9/Account;--->getFolderPushMode()Lcom/fsck/k9/Account$FolderMode;
10-31 08:42:22.751  6676  6676 D M_InsDal: Lcom/fsck/k9/K9$2;--->enabled()Z
10-31 08:42:22.751  6676  6676 D M_InsDal: Lcom/fsck/k9/mail/power/TracingPowerManager$TracingWakeLock;--->setReferenceCounted(Z)V
10-31 08:42:22.751  6676  6697 D M_InsDal: Lcom/fsck/k9/Account;--->getLocalStore()Lcom/fsck/k9/mailstore/LocalStore;
10-31 08:42:22.751  6676  6676 D M_InsDal: Lcom/fsck/k9/mail/power/TracingPowerManager$TracingWakeLock;--->acquire(J)V
10-31 08:42:22.752  6676  6697 D M_InsDal: Lcom/fsck/k9/mailstore/LocalStore;---><clinit>()V
10-31 08:42:22.752  6676  6697 D M_InsDal: Lcom/fsck/k9/mailstore/LocalStore;--->getInstance(Lcom/fsck/k9/Account;Landroid/content/Context;)Lcom/fsck/k9/mailstore/LocalStore;
10-31 08:42:22.752  6676  6697 D M_InsDal: Lcom/fsck/k9/Account;--->getUuid()Ljava/lang/String;
10-31 08:42:22.752  6676  6697 D M_InsDal: Lcom/fsck/k9/mailstore/LocalStore;---><init>(Lcom/fsck/k9/Account;Landroid/content/Context;)V
10-31 08:42:22.753  6676  6697 D M_InsDal: Lcom/fsck/k9/mail/Store;---><init>()V
10-31 08:42:22.753  6676  6697 D M_InsDal: Lcom/fsck/k9/message/extractors/MessagePreviewCreator;--->newInstance()Lcom/fsck/k9/message/extractors/MessagePreviewCreator;
10-31 08:42:22.753  6676  6697 D M_InsDal: Lcom/fsck/k9/message/extractors/TextPartFinder;---><init>()V
10-31 08:42:22.753  6676  6697 D M_InsDal: Lcom/fsck/k9/message/extractors/PreviewTextExtractor;---><init>()V
10-31 08:42:22.753  6676  6697 D M_InsDal: Lcom/fsck/k9/message/extractors/EncryptionDetector;---><init>(Lcom/fsck/k9/message/extractors/TextPartFinder;)V
10-31 08:42:22.753  6676  6697 D M_InsDal: Lcom/fsck/k9/message/extractors/MessagePreviewCreator;---><init>(Lcom/fsck/k9/message/extractors/TextPartFinder;Lcom/fsck/k9/message/extractors/PreviewTextExtractor;Lcom/fsck/k9/message/extractors/EncryptionDetector;)V
10-31 08:42:22.753  6676  6697 D M_InsDal: Lcom/fsck/k9/message/extractors/MessageFulltextCreator;--->newInstance()Lcom/fsck/k9/message/extractors/MessageFulltextCreator;
10-31 08:42:22.753  6676  6697 D M_InsDal: Lcom/fsck/k9/message/extractors/TextPartFinder;---><init>()V
10-31 08:42:22.753  6676  6697 D M_InsDal: Lcom/fsck/k9/message/extractors/EncryptionDetector;---><init>(Lcom/fsck/k9/message/extractors/TextPartFinder;)V
10-31 08:42:22.753  6676  6697 D M_InsDal: Lcom/fsck/k9/message/extractors/MessageFulltextCreator;---><init>(Lcom/fsck/k9/message/extractors/TextPartFinder;Lcom/fsck/k9/message/extractors/EncryptionDetector;)V
10-31 08:42:22.753  6676  6697 D M_InsDal: Lcom/fsck/k9/message/extractors/AttachmentCounter;--->newInstance()Lcom/fsck/k9/message/extractors/AttachmentCounter;
10-31 08:42:22.753  6676  6697 D M_InsDal: Lcom/fsck/k9/message/extractors/TextPartFinder;---><init>()V
10-31 08:42:22.753  6676  6697 D M_InsDal: Lcom/fsck/k9/message/extractors/EncryptionDetector;---><init>(Lcom/fsck/k9/message/extractors/TextPartFinder;)V
10-31 08:42:22.753  6676  6697 D M_InsDal: Lcom/fsck/k9/message/extractors/AttachmentCounter;---><init>(Lcom/fsck/k9/message/extractors/EncryptionDetector;)V
10-31 08:42:22.753  6676  6697 D M_InsDal: Lcom/fsck/k9/controller/PendingCommandSerializer;---><clinit>()V
10-31 08:42:22.753  6676  6697 D M_InsDal: Lcom/fsck/k9/controller/PendingCommandSerializer;---><init>()V
10-31 08:42:22.755  6676  6676 D M_InsDal: Lcom/fsck/k9/mail/K9MailLib;--->isDebug()Z
10-31 08:42:22.755  6676  6676 D M_InsDal: Lcom/fsck/k9/K9$2;--->enabled()Z
10-31 08:42:22.755  6676  6676 D M_InsDal: Lcom/fsck/k9/mail/power/TracingPowerManager$TracingWakeLock;--->raiseNotification()V
10-31 08:42:22.755  6676  6676 D M_InsDal: Lcom/fsck/k9/mail/power/TracingPowerManager$TracingWakeLock;--->release()V
10-31 08:42:22.755  6676  6676 D M_InsDal: Lcom/fsck/k9/mail/K9MailLib;--->isDebug()Z
10-31 08:42:22.755  6676  6676 D M_InsDal: Lcom/fsck/k9/K9$2;--->enabled()Z
10-31 08:42:22.755  6676  6676 D M_InsDal: Lcom/fsck/k9/mail/power/TracingPowerManager$TracingWakeLock;--->cancelNotification()V
10-31 08:42:22.755  6676  6676 D M_InsDal: Lcom/fsck/k9/service/PushService;--->startService(Landroid/content/Intent;I)I
10-31 08:42:22.756  6676  6676 D M_InsDal: Lcom/fsck/k9/mail/power/TracingPowerManager$TracingWakeLock;--->release()V
10-31 08:42:22.756  6676  6676 D M_InsDal: Lcom/fsck/k9/mail/K9MailLib;--->isDebug()Z
10-31 08:42:22.756  6676  6676 D M_InsDal: Lcom/fsck/k9/K9$2;--->enabled()Z
10-31 08:42:22.756  6676  6676 D M_InsDal: Lcom/fsck/k9/mail/power/TracingPowerManager$TracingWakeLock;--->cancelNotification()V
10-31 08:42:22.758  6676  6697 D M_InsDal: Lcom/fsck/k9/controller/PendingCommandSerializer;--->getInstance()Lcom/fsck/k9/controller/PendingCommandSerializer;
10-31 08:42:22.758  6676  6697 D M_InsDal: Lcom/fsck/k9/message/extractors/AttachmentInfoExtractor;--->getInstance()Lcom/fsck/k9/message/extractors/AttachmentInfoExtractor;
10-31 08:42:22.758  6676  6697 D M_InsDal: Lcom/fsck/k9/Globals;--->getContext()Landroid/content/Context;
10-31 08:42:22.758  6676  6697 D M_InsDal: Lcom/fsck/k9/message/extractors/AttachmentInfoExtractor;---><init>(Landroid/content/Context;)V
10-31 08:42:22.758  6676  6697 D M_InsDal: Lcom/fsck/k9/Account;--->getUuid()Ljava/lang/String;
10-31 08:42:22.758  6676  6697 D M_InsDal: Lcom/fsck/k9/mailstore/StoreSchemaDefinition;---><init>(Lcom/fsck/k9/mailstore/LocalStore;)V
10-31 08:42:22.758  6676  6697 D M_InsDal: Lcom/fsck/k9/mailstore/LockableDatabase;---><init>(Landroid/content/Context;Ljava/lang/String;Lcom/fsck/k9/mailstore/LockableDatabase$SchemaDefinition;)V
10-31 08:42:22.758  6676  6697 D M_InsDal: Lcom/fsck/k9/mailstore/LockableDatabase$StorageListener;---><init>(Lcom/fsck/k9/mailstore/LockableDatabase;)V
10-31 08:42:22.758  6676  6697 D M_InsDal: Lcom/fsck/k9/Account;--->getLocalStorageProviderId()Ljava/lang/String;
10-31 08:42:22.758  6676  6697 D M_InsDal: Lcom/fsck/k9/mailstore/LockableDatabase;--->setStorageProviderId(Ljava/lang/String;)V
10-31 08:42:22.758  6676  6697 D M_InsDal: Lcom/fsck/k9/mailstore/LockableDatabase;--->open()V
10-31 08:42:22.758  6676  6697 D M_InsDal: Lcom/fsck/k9/mailstore/LockableDatabase;--->lockWrite()V
10-31 08:42:22.758  6676  6697 D M_InsDal: Lcom/fsck/k9/mailstore/LockableDatabase;--->lockWrite(Ljava/lang/String;)V
10-31 08:42:22.758  6676  6697 D M_InsDal: Lcom/fsck/k9/mailstore/LockableDatabase;--->getStorageManager()Lcom/fsck/k9/mailstore/StorageManager;
10-31 08:42:22.758  6676  6697 D M_InsDal: Lcom/fsck/k9/mailstore/StorageManager;--->getInstance(Landroid/content/Context;)Lcom/fsck/k9/mailstore/StorageManager;
10-31 08:42:22.758  6676  6697 D M_InsDal: Lcom/fsck/k9/mailstore/StorageManager;--->lockProvider(Ljava/lang/String;)V
10-31 08:42:22.758  6676  6697 D M_InsDal: Lcom/fsck/k9/mailstore/StorageManager;--->getProvider(Ljava/lang/String;)Lcom/fsck/k9/mailstore/StorageManager$StorageProvider;
10-31 08:42:22.758  6676  6697 D M_InsDal: Lcom/fsck/k9/mailstore/StorageManager$InternalStorageProvider;--->isReady(Landroid/content/Context;)Z
10-31 08:42:22.758  6676  6697 D M_InsDal: Lcom/fsck/k9/mailstore/LockableDatabase;--->openOrCreateDataspace()V
10-31 08:42:22.758  6676  6697 D M_InsDal: Lcom/fsck/k9/mailstore/LockableDatabase;--->lockWrite()V
10-31 08:42:22.758  6676  6697 D M_InsDal: Lcom/fsck/k9/mailstore/LockableDatabase;--->lockWrite(Ljava/lang/String;)V
10-31 08:42:22.758  6676  6697 D M_InsDal: Lcom/fsck/k9/mailstore/LockableDatabase;--->getStorageManager()Lcom/fsck/k9/mailstore/StorageManager;
10-31 08:42:22.758  6676  6697 D M_InsDal: Lcom/fsck/k9/mailstore/StorageManager;--->getInstance(Landroid/content/Context;)Lcom/fsck/k9/mailstore/StorageManager;
10-31 08:42:22.758  6676  6697 D M_InsDal: Lcom/fsck/k9/mailstore/StorageManager;--->lockProvider(Ljava/lang/String;)V
10-31 08:42:22.758  6676  6697 D M_InsDal: Lcom/fsck/k9/mailstore/StorageManager;--->getProvider(Ljava/lang/String;)Lcom/fsck/k9/mailstore/StorageManager$StorageProvider;
10-31 08:42:22.758  6676  6697 D M_InsDal: Lcom/fsck/k9/mailstore/StorageManager$InternalStorageProvider;--->isReady(Landroid/content/Context;)Z
10-31 08:42:22.758  6676  6697 D M_InsDal: Lcom/fsck/k9/mailstore/LockableDatabase;--->prepareStorage(Ljava/lang/String;)Ljava/io/File;
10-31 08:42:22.758  6676  6697 D M_InsDal: Lcom/fsck/k9/mailstore/LockableDatabase;--->getStorageManager()Lcom/fsck/k9/mailstore/StorageManager;
10-31 08:42:22.758  6676  6697 D M_InsDal: Lcom/fsck/k9/mailstore/StorageManager;--->getInstance(Landroid/content/Context;)Lcom/fsck/k9/mailstore/StorageManager;
10-31 08:42:22.758  6676  6697 D M_InsDal: Lcom/fsck/k9/mailstore/StorageManager;--->getDatabase(Ljava/lang/String;Ljava/lang/String;)Ljava/io/File;
10-31 08:42:22.758  6676  6697 D M_InsDal: Lcom/fsck/k9/mailstore/StorageManager;--->getProvider(Ljava/lang/String;)Lcom/fsck/k9/mailstore/StorageManager$StorageProvider;
10-31 08:42:22.758  6676  6697 D M_InsDal: Lcom/fsck/k9/mailstore/StorageManager$InternalStorageProvider;--->getDatabase(Landroid/content/Context;Ljava/lang/String;)Ljava/io/File;
10-31 08:42:22.758  6676  6697 D M_InsDal: Lcom/fsck/k9/mailstore/StorageManager;--->getAttachmentDirectory(Ljava/lang/String;Ljava/lang/String;)Ljava/io/File;
10-31 08:42:22.758  6676  6697 D M_InsDal: Lcom/fsck/k9/mailstore/StorageManager;--->getProvider(Ljava/lang/String;)Lcom/fsck/k9/mailstore/StorageManager$StorageProvider;
10-31 08:42:22.758  6676  6697 D M_InsDal: Lcom/fsck/k9/mailstore/StorageManager$InternalStorageProvider;--->getAttachmentDirectory(Landroid/content/Context;Ljava/lang/String;)Ljava/io/File;
10-31 08:42:22.758  6676  6697 D M_InsDal: Lcom/fsck/k9/mailstore/LockableDatabase;--->doOpenOrCreateDb(Ljava/io/File;)V
10-31 08:42:22.760  6676  6697 D M_InsDal: Lcom/fsck/k9/mailstore/StoreSchemaDefinition;--->getVersion()I
10-31 08:42:22.760  6676  6697 D M_InsDal: Lcom/fsck/k9/mailstore/LockableDatabase;--->unlockWrite()V
10-31 08:42:22.760  6676  6697 D M_InsDal: Lcom/fsck/k9/mailstore/LockableDatabase;--->unlockWrite(Ljava/lang/String;)V
10-31 08:42:22.760  6676  6697 D M_InsDal: Lcom/fsck/k9/mailstore/LockableDatabase;--->getStorageManager()Lcom/fsck/k9/mailstore/StorageManager;
10-31 08:42:22.760  6676  6697 D M_InsDal: Lcom/fsck/k9/mailstore/StorageManager;--->getInstance(Landroid/content/Context;)Lcom/fsck/k9/mailstore/StorageManager;
10-31 08:42:22.760  6676  6697 D M_InsDal: Lcom/fsck/k9/mailstore/StorageManager;--->unlockProvider(Ljava/lang/String;)V
10-31 08:42:22.760  6676  6697 D M_InsDal: Lcom/fsck/k9/mailstore/StorageManager;--->getProvider(Ljava/lang/String;)Lcom/fsck/k9/mailstore/StorageManager$StorageProvider;
10-31 08:42:22.760  6676  6697 D M_InsDal: Lcom/fsck/k9/mailstore/LockableDatabase;--->unlockWrite()V
10-31 08:42:22.760  6676  6697 D M_InsDal: Lcom/fsck/k9/mailstore/LockableDatabase;--->unlockWrite(Ljava/lang/String;)V
10-31 08:42:22.760  6676  6697 D M_InsDal: Lcom/fsck/k9/mailstore/LockableDatabase;--->getStorageManager()Lcom/fsck/k9/mailstore/StorageManager;
10-31 08:42:22.760  6676  6697 D M_InsDal: Lcom/fsck/k9/mailstore/StorageManager;--->getInstance(Landroid/content/Context;)Lcom/fsck/k9/mailstore/StorageManager;
10-31 08:42:22.760  6676  6697 D M_InsDal: Lcom/fsck/k9/mailstore/StorageManager;--->unlockProvider(Ljava/lang/String;)V
10-31 08:42:22.760  6676  6697 D M_InsDal: Lcom/fsck/k9/mailstore/StorageManager;--->getProvider(Ljava/lang/String;)Lcom/fsck/k9/mailstore/StorageManager$StorageProvider;
10-31 08:42:22.760  6676  6697 D M_InsDal: Lcom/fsck/k9/mailstore/StorageManager;--->getInstance(Landroid/content/Context;)Lcom/fsck/k9/mailstore/StorageManager;
10-31 08:42:22.760  6676  6697 D M_InsDal: Lcom/fsck/k9/mailstore/StorageManager;--->addListener(Lcom/fsck/k9/mailstore/StorageManager$StorageListener;)V
10-31 08:42:22.760  6676  6697 D M_InsDal: Lcom/fsck/k9/mailstore/LocalStore;--->getPersonalNamespaces(Z)Ljava/util/List;
10-31 08:42:22.760  6676  6697 D M_InsDal: Lcom/fsck/k9/mailstore/LocalStore$6;---><init>(Lcom/fsck/k9/mailstore/LocalStore;Ljava/util/List;)V
10-31 08:42:22.760  6676  6697 D M_InsDal: Lcom/fsck/k9/mailstore/LockableDatabase;--->execute(ZLcom/fsck/k9/mailstore/LockableDatabase$DbCallback;)Ljava/lang/Object;
10-31 08:42:22.760  6676  6697 D M_InsDal: Lcom/fsck/k9/mailstore/LockableDatabase;--->lockRead()V
10-31 08:42:22.760  6676  6697 D M_InsDal: Lcom/fsck/k9/mailstore/LockableDatabase;--->getStorageManager()Lcom/fsck/k9/mailstore/StorageManager;
10-31 08:42:22.760  6676  6697 D M_InsDal: Lcom/fsck/k9/mailstore/StorageManager;--->getInstance(Landroid/content/Context;)Lcom/fsck/k9/mailstore/StorageManager;
10-31 08:42:22.760  6676  6697 D M_InsDal: Lcom/fsck/k9/mailstore/StorageManager;--->lockProvider(Ljava/lang/String;)V
10-31 08:42:22.760  6676  6697 D M_InsDal: Lcom/fsck/k9/mailstore/StorageManager;--->getProvider(Ljava/lang/String;)Lcom/fsck/k9/mailstore/StorageManager$StorageProvider;
10-31 08:42:22.760  6676  6676 D M_InsDal: Lcom/fsck/k9/service/CoreService;--->onDestroy()V
10-31 08:42:22.760  6676  6697 D M_InsDal: Lcom/fsck/k9/mailstore/StorageManager$InternalStorageProvider;--->isReady(Landroid/content/Context;)Z
10-31 08:42:22.760  6676  6697 D M_InsDal: Lcom/fsck/k9/K9;--->isDebug()Z
10-31 08:42:22.760  6676  6697 D M_InsDal: Lcom/fsck/k9/mailstore/LocalStore$6;--->doDbWork(Landroid/database/sqlite/SQLiteDatabase;)Ljava/util/List;
10-31 08:42:22.760  6676  6676 D M_InsDal: Lcom/fsck/k9/service/BootReceiver;---><init>()V
10-31 08:42:22.760  6676  6676 D M_InsDal: Lcom/fsck/k9/service/CoreReceiver;---><init>()V
10-31 08:42:22.760  6676  6676 D M_InsDal: Lcom/fsck/k9/service/CoreReceiver;--->onReceive(Landroid/content/Context;Landroid/content/Intent;)V
10-31 08:42:22.760  6676  6676 D M_InsDal: Lcom/fsck/k9/service/CoreReceiver;--->getWakeLock(Landroid/content/Context;)Ljava/lang/Integer;
10-31 08:42:22.760  6676  6676 D M_InsDal: Lcom/fsck/k9/mail/power/TracingPowerManager;--->getPowerManager(Landroid/content/Context;)Lcom/fsck/k9/mail/power/TracingPowerManager;
10-31 08:42:22.760  6676  6676 D M_InsDal: Lcom/fsck/k9/mail/power/TracingPowerManager;--->newWakeLock(ILjava/lang/String;)Lcom/fsck/k9/mail/power/TracingPowerManager$TracingWakeLock;
10-31 08:42:22.760  6676  6676 D M_InsDal: Lcom/fsck/k9/mail/power/TracingPowerManager$TracingWakeLock;---><init>(Lcom/fsck/k9/mail/power/TracingPowerManager;ILjava/lang/String;)V
10-31 08:42:22.760  6676  6676 D M_InsDal: Lcom/fsck/k9/mail/K9MailLib;--->isDebug()Z
10-31 08:42:22.760  6676  6676 D M_InsDal: Lcom/fsck/k9/K9$2;--->enabled()Z
10-31 08:42:22.760  6676  6676 D M_InsDal: Lcom/fsck/k9/mail/power/TracingPowerManager$TracingWakeLock;--->setReferenceCounted(Z)V
10-31 08:42:22.760  6676  6676 D M_InsDal: Lcom/fsck/k9/mail/power/TracingPowerManager$TracingWakeLock;--->acquire(J)V
10-31 08:42:22.761  6676  6697 D M_InsDal: Lcom/fsck/k9/mailstore/LocalFolder;---><init>(Lcom/fsck/k9/mailstore/LocalStore;Ljava/lang/String;)V
10-31 08:42:22.761  6676  6697 D M_InsDal: Lcom/fsck/k9/mail/Folder;---><init>()V
10-31 08:42:22.761  6676  6697 D M_InsDal: Lcom/fsck/k9/mail/Folder$FolderClass;---><clinit>()V
10-31 08:42:22.761  6676  6697 D M_InsDal: Lcom/fsck/k9/mail/Folder$FolderClass;---><init>(Ljava/lang/String;I)V
10-31 08:42:22.761  6676  6697 D M_InsDal: Lcom/fsck/k9/mail/Folder$FolderClass;---><init>(Ljava/lang/String;I)V
10-31 08:42:22.761  6676  6676 D M_InsDal: Lcom/fsck/k9/mail/K9MailLib;--->isDebug()Z
10-31 08:42:22.761  6676  6697 D M_InsDal: Lcom/fsck/k9/mail/Folder$FolderClass;---><init>(Ljava/lang/String;I)V
10-31 08:42:22.761  6676  6676 D M_InsDal: Lcom/fsck/k9/K9$2;--->enabled()Z
10-31 08:42:22.761  6676  6676 D M_InsDal: Lcom/fsck/k9/mail/power/TracingPowerManager$TracingWakeLock;--->raiseNotification()V
10-31 08:42:22.761  6676  6697 D M_InsDal: Lcom/fsck/k9/mail/Folder$FolderClass;---><init>(Ljava/lang/String;I)V
10-31 08:42:22.761  6676  6697 D M_InsDal: Lcom/fsck/k9/mail/Folder$FolderClass;---><init>(Ljava/lang/String;I)V
10-31 08:42:22.761  6676  6676 D M_InsDal: Lcom/fsck/k9/service/BootReceiver;--->receive(Landroid/content/Context;Landroid/content/Intent;Ljava/lang/Integer;)Ljava/lang/Integer;
10-31 08:42:22.761  6676  6697 D M_InsDal: Lcom/fsck/k9/mailstore/LocalFolder$MoreMessages;---><clinit>()V
10-31 08:42:22.761  6676  6697 D M_InsDal: Lcom/fsck/k9/mailstore/LocalFolder$MoreMessages;---><init>(Ljava/lang/String;ILjava/lang/String;)V
10-31 08:42:22.761  6676  6697 D M_InsDal: Lcom/fsck/k9/mailstore/LocalFolder$MoreMessages;---><init>(Ljava/lang/String;ILjava/lang/String;)V
10-31 08:42:22.761  6676  6697 D M_InsDal: Lcom/fsck/k9/mailstore/LocalStore;--->getAttachmentInfoExtractor()Lcom/fsck/k9/message/extractors/AttachmentInfoExtractor;
10-31 08:42:22.761  6676  6697 D M_InsDal: Lcom/fsck/k9/mailstore/LocalFolder;--->getAccount()Lcom/fsck/k9/Account;
10-31 08:42:22.761  6676  6676 D M_InsDal: Lcom/fsck/k9/service/BootReceiver;--->buildPendingIntent(Landroid/content/Context;Landroid/content/Intent;)Landroid/app/PendingIntent;
10-31 08:42:22.761  6676  6697 D M_InsDal: Lcom/fsck/k9/mailstore/LocalStore;--->getAccount()Lcom/fsck/k9/Account;
10-31 08:42:22.761  6676  6697 D M_InsDal: Lcom/fsck/k9/Account;--->getInboxFolderName()Ljava/lang/String;
10-31 08:42:22.761  6676  6697 D M_InsDal: Lcom/fsck/k9/mailstore/LocalFolder;--->getName()Ljava/lang/String;
10-31 08:42:22.761  6676  6697 D M_InsDal: Lcom/fsck/k9/mailstore/LocalFolder;--->open(Landroid/database/Cursor;)V
10-31 08:42:22.761  6676  6697 D M_InsDal: Lcom/fsck/k9/mail/Folder;--->setStatus(Ljava/lang/String;)V
10-31 08:42:22.761  6676  6697 D M_InsDal: Lcom/fsck/k9/mail/Folder;--->setLastChecked(J)V
10-31 08:42:22.761  6676  6697 D M_InsDal: Lcom/fsck/k9/mail/Folder;--->setLastPush(J)V
10-31 08:42:22.761  6676  6697 D M_InsDal: Lcom/fsck/k9/mail/Folder$FolderClass;--->valueOf(Ljava/lang/String;)Lcom/fsck/k9/mail/Folder$FolderClass;
10-31 08:42:22.761  6676  6697 D M_InsDal: Lcom/fsck/k9/mail/Folder$FolderClass;--->values()[Lcom/fsck/k9/mail/Folder$FolderClass;
10-31 08:42:22.761  6676  6697 D M_InsDal: Lcom/fsck/k9/mail/Folder$FolderClass;--->valueOf(Ljava/lang/String;)Lcom/fsck/k9/mail/Folder$FolderClass;
10-31 08:42:22.761  6676  6697 D M_InsDal: Lcom/fsck/k9/mail/Folder$FolderClass;--->valueOf(Ljava/lang/String;)Lcom/fsck/k9/mail/Folder$FolderClass;
10-31 08:42:22.761  6676  6697 D M_InsDal: Lcom/fsck/k9/mailstore/LocalFolder$MoreMessages;--->fromDatabaseName(Ljava/lang/String;)Lcom/fsck/k9/mailstore/LocalFolder$MoreMessages;
10-31 08:42:22.761  6676  6697 D M_InsDal: Lcom/fsck/k9/mailstore/LocalFolder$MoreMessages;--->values()[Lcom/fsck/k9/mailstore/LocalFolder$MoreMessages;
10-31 08:42:22.761  6676  6697 D M_InsDal: Lcom/fsck/k9/mailstore/LocalFolder;---><init>(Lcom/fsck/k9/mailstore/LocalStore;Ljava/lang/String;)V
10-31 08:42:22.761  6676  6697 D M_InsDal: Lcom/fsck/k9/mail/Folder;---><init>()V
10-31 08:42:22.761  6676  6697 D M_InsDal: Lcom/fsck/k9/mailstore/LocalStore;--->getAttachmentInfoExtractor()Lcom/fsck/k9/message/extractors/AttachmentInfoExtractor;
10-31 08:42:22.761  6676  6697 D M_InsDal: Lcom/fsck/k9/mailstore/LocalFolder;--->getAccount()Lcom/fsck/k9/Account;
10-31 08:42:22.761  6676  6697 D M_InsDal: Lcom/fsck/k9/mailstore/LocalStore;--->getAccount()Lcom/fsck/k9/Account;
10-31 08:42:22.761  6676  6697 D M_InsDal: Lcom/fsck/k9/Account;--->getInboxFolderName()Ljava/lang/String;
10-31 08:42:22.761  6676  6697 D M_InsDal: Lcom/fsck/k9/mailstore/LocalFolder;--->getName()Ljava/lang/String;
10-31 08:42:22.761  6676  6697 D M_InsDal: Lcom/fsck/k9/mailstore/LocalFolder;--->open(Landroid/database/Cursor;)V
10-31 08:42:22.761  6676  6697 D M_InsDal: Lcom/fsck/k9/mail/Folder;--->setStatus(Ljava/lang/String;)V
10-31 08:42:22.761  6676  6697 D M_InsDal: Lcom/fsck/k9/mail/Folder;--->setLastChecked(J)V
10-31 08:42:22.761  6676  6697 D M_InsDal: Lcom/fsck/k9/mail/Folder;--->setLastPush(J)V
10-31 08:42:22.761  6676  6697 D M_InsDal: Lcom/fsck/k9/mail/Folder$FolderClass;--->valueOf(Ljava/lang/String;)Lcom/fsck/k9/mail/Folder$FolderClass;
10-31 08:42:22.761  6676  6697 D M_InsDal: Lcom/fsck/k9/mail/Folder$FolderClass;--->valueOf(Ljava/lang/String;)Lcom/fsck/k9/mail/Folder$FolderClass;
10-31 08:42:22.761  6676  6697 D M_InsDal: Lcom/fsck/k9/mailstore/LocalFolder$MoreMessages;--->fromDatabaseName(Ljava/lang/String;)Lcom/fsck/k9/mailstore/LocalFolder$MoreMessages;
10-31 08:42:22.761  6676  6697 D M_InsDal: Lcom/fsck/k9/mailstore/LocalFolder$MoreMessages;--->values()[Lcom/fsck/k9/mailstore/LocalFolder$MoreMessages;
10-31 08:42:22.761  6676  6697 D M_InsDal: Lcom/fsck/k9/mailstore/LocalFolder;---><init>(Lcom/fsck/k9/mailstore/LocalStore;Ljava/lang/String;)V
10-31 08:42:22.761  6676  6697 D M_InsDal: Lcom/fsck/k9/mail/Folder;---><init>()V
10-31 08:42:22.761  6676  6697 D M_InsDal: Lcom/fsck/k9/mailstore/LocalStore;--->getAttachmentInfoExtractor()Lcom/fsck/k9/message/extractors/AttachmentInfoExtractor;
10-31 08:42:22.761  6676  6697 D M_InsDal: Lcom/fsck/k9/mailstore/LocalFolder;--->getAccount()Lcom/fsck/k9/Account;
10-31 08:42:22.761  6676  6697 D M_InsDal: Lcom/fsck/k9/mailstore/LocalStore;--->getAccount()Lcom/fsck/k9/Account;
10-31 08:42:22.761  6676  6697 D M_InsDal: Lcom/fsck/k9/Account;--->getInboxFolderName()Ljava/lang/String;
10-31 08:42:22.761  6676  6697 D M_InsDal: Lcom/fsck/k9/mailstore/LocalFolder;--->getName()Ljava/lang/String;
10-31 08:42:22.761  6676  6697 D M_InsDal: Lcom/fsck/k9/mailstore/LocalFolder;--->open(Landroid/database/Cursor;)V
10-31 08:42:22.761  6676  6697 D M_InsDal: Lcom/fsck/k9/mail/Folder;--->setStatus(Ljava/lang/String;)V
10-31 08:42:22.761  6676  6697 D M_InsDal: Lcom/fsck/k9/mail/Folder;--->setLastChecked(J)V
10-31 08:42:22.761  6676  6697 D M_InsDal: Lcom/fsck/k9/mail/Folder;--->setLastPush(J)V
10-31 08:42:22.761  6676  6697 D M_InsDal: Lcom/fsck/k9/mail/Folder$FolderClass;--->valueOf(Ljava/lang/String;)Lcom/fsck/k9/mail/Folder$FolderClass;
10-31 08:42:22.761  6676  6697 D M_InsDal: Lcom/fsck/k9/mail/Folder$FolderClass;--->valueOf(Ljava/lang/String;)Lcom/fsck/k9/mail/Folder$FolderClass;
10-31 08:42:22.761  6676  6697 D M_InsDal: Lcom/fsck/k9/mailstore/LocalFolder$MoreMessages;--->fromDatabaseName(Ljava/lang/String;)Lcom/fsck/k9/mailstore/LocalFolder$MoreMessages;
10-31 08:42:22.761  6676  6697 D M_InsDal: Lcom/fsck/k9/mailstore/LocalFolder$MoreMessages;--->values()[Lcom/fsck/k9/mailstore/LocalFolder$MoreMessages;
10-31 08:42:22.761  6676  6697 D M_InsDal: Lcom/fsck/k9/mailstore/LocalFolder;---><init>(Lcom/fsck/k9/mailstore/LocalStore;Ljava/lang/String;)V
10-31 08:42:22.761  6676  6697 D M_InsDal: Lcom/fsck/k9/mail/Folder;---><init>()V
10-31 08:42:22.761  6676  6697 D M_InsDal: Lcom/fsck/k9/mailstore/LocalStore;--->getAttachmentInfoExtractor()Lcom/fsck/k9/message/extractors/AttachmentInfoExtractor;
10-31 08:42:22.761  6676  6697 D M_InsDal: Lcom/fsck/k9/mailstore/LocalFolder;--->getAccount()Lcom/fsck/k9/Account;
10-31 08:42:22.761  6676  6697 D M_InsDal: Lcom/fsck/k9/mailstore/LocalStore;--->getAccount()Lcom/fsck/k9/Account;
10-31 08:42:22.761  6676  6697 D M_InsDal: Lcom/fsck/k9/Account;--->getInboxFolderName()Ljava/lang/String;
10-31 08:42:22.761  6676  6697 D M_InsDal: Lcom/fsck/k9/mailstore/LocalFolder;--->getName()Ljava/lang/String;
10-31 08:42:22.761  6676  6697 D M_InsDal: Lcom/fsck/k9/mailstore/LocalFolder;--->open(Landroid/database/Cursor;)V
10-31 08:42:22.761  6676  6697 D M_InsDal: Lcom/fsck/k9/mail/Folder;--->setStatus(Ljava/lang/String;)V
10-31 08:42:22.761  6676  6697 D M_InsDal: Lcom/fsck/k9/mail/Folder;--->setLastChecked(J)V
10-31 08:42:22.761  6676  6697 D M_InsDal: Lcom/fsck/k9/mail/Folder;--->setLastPush(J)V
10-31 08:42:22.761  6676  6697 D M_InsDal: Lcom/fsck/k9/mail/Folder$FolderClass;--->valueOf(Ljava/lang/String;)Lcom/fsck/k9/mail/Folder$FolderClass;
10-31 08:42:22.761  6676  6697 D M_InsDal: Lcom/fsck/k9/mail/Folder$FolderClass;--->valueOf(Ljava/lang/String;)Lcom/fsck/k9/mail/Folder$FolderClass;
10-31 08:42:22.761  6676  6676 D M_InsDal: Lcom/fsck/k9/helper/K9AlarmManager;--->getAlarmManager(Landroid/content/Context;)Lcom/fsck/k9/helper/K9AlarmManager;
10-31 08:42:22.761  6676  6697 D M_InsDal: Lcom/fsck/k9/mail/Folder$FolderClass;--->valueOf(Ljava/lang/String;)Lcom/fsck/k9/mail/Folder$FolderClass;
10-31 08:42:22.761  6676  6697 D M_InsDal: Lcom/fsck/k9/mail/Folder$FolderClass;--->valueOf(Ljava/lang/String;)Lcom/fsck/k9/mail/Folder$FolderClass;
10-31 08:42:22.761  6676  6697 D M_InsDal: Lcom/fsck/k9/mailstore/LocalFolder$MoreMessages;--->fromDatabaseName(Ljava/lang/String;)Lcom/fsck/k9/mailstore/LocalFolder$MoreMessages;
10-31 08:42:22.761  6676  6697 D M_InsDal: Lcom/fsck/k9/mailstore/LocalFolder$MoreMessages;--->values()[Lcom/fsck/k9/mailstore/LocalFolder$MoreMessages;
10-31 08:42:22.761  6676  6697 D M_InsDal: Lcom/fsck/k9/mailstore/LocalFolder;---><init>(Lcom/fsck/k9/mailstore/LocalStore;Ljava/lang/String;)V
10-31 08:42:22.761  6676  6697 D M_InsDal: Lcom/fsck/k9/mail/Folder;---><init>()V
10-31 08:42:22.761  6676  6697 D M_InsDal: Lcom/fsck/k9/mailstore/LocalStore;--->getAttachmentInfoExtractor()Lcom/fsck/k9/message/extractors/AttachmentInfoExtractor;
10-31 08:42:22.761  6676  6697 D M_InsDal: Lcom/fsck/k9/mailstore/LocalFolder;--->getAccount()Lcom/fsck/k9/Account;
10-31 08:42:22.761  6676  6697 D M_InsDal: Lcom/fsck/k9/mailstore/LocalStore;--->getAccount()Lcom/fsck/k9/Account;
10-31 08:42:22.761  6676  6697 D M_InsDal: Lcom/fsck/k9/Account;--->getInboxFolderName()Ljava/lang/String;
10-31 08:42:22.761  6676  6676 D M_InsDal: Lcom/fsck/k9/power/DozeChecker;---><init>(Landroid/content/Context;)V
10-31 08:42:22.761  6676  6697 D M_InsDal: Lcom/fsck/k9/mailstore/LocalFolder;--->getName()Ljava/lang/String;
10-31 08:42:22.761  6676  6697 D M_InsDal: Lcom/fsck/k9/mailstore/LocalFolder;--->open(Landroid/database/Cursor;)V
10-31 08:42:22.761  6676  6697 D M_InsDal: Lcom/fsck/k9/mail/Folder;--->setStatus(Ljava/lang/String;)V
10-31 08:42:22.761  6676  6697 D M_InsDal: Lcom/fsck/k9/mail/Folder;--->setLastChecked(J)V
10-31 08:42:22.761  6676  6697 D M_InsDal: Lcom/fsck/k9/mail/Folder;--->setLastPush(J)V
10-31 08:42:22.761  6676  6676 D M_InsDal: Lcom/fsck/k9/helper/K9AlarmManager;---><init>(Landroid/app/AlarmManager;Lcom/fsck/k9/power/DozeChecker;)V
10-31 08:42:22.761  6676  6697 D M_InsDal: Lcom/fsck/k9/mail/Folder$FolderClass;--->valueOf(Ljava/lang/String;)Lcom/fsck/k9/mail/Folder$FolderClass;
10-31 08:42:22.761  6676  6697 D M_InsDal: Lcom/fsck/k9/mail/Folder$FolderClass;--->valueOf(Ljava/lang/String;)Lcom/fsck/k9/mail/Folder$FolderClass;
10-31 08:42:22.761  6676  6676 D M_InsDal: Lcom/fsck/k9/helper/K9AlarmManager;--->cancel(Landroid/app/PendingIntent;)V
10-31 08:42:22.761  6676  6697 D M_InsDal: Lcom/fsck/k9/mail/Folder$FolderClass;--->valueOf(Ljava/lang/String;)Lcom/fsck/k9/mail/Folder$FolderClass;
10-31 08:42:22.761  6676  6697 D M_InsDal: Lcom/fsck/k9/mailstore/LocalFolder$MoreMessages;--->fromDatabaseName(Ljava/lang/String;)Lcom/fsck/k9/mailstore/LocalFolder$MoreMessages;
10-31 08:42:22.761  6676  6697 D M_InsDal: Lcom/fsck/k9/mailstore/LocalFolder$MoreMessages;--->values()[Lcom/fsck/k9/mailstore/LocalFolder$MoreMessages;
10-31 08:42:22.761  6676  6697 D M_InsDal: Lcom/fsck/k9/mailstore/LocalFolder;---><init>(Lcom/fsck/k9/mailstore/LocalStore;Ljava/lang/String;)V
10-31 08:42:22.761  6676  6697 D M_InsDal: Lcom/fsck/k9/mail/Folder;---><init>()V
10-31 08:42:22.761  6676  6697 D M_InsDal: Lcom/fsck/k9/mailstore/LocalStore;--->getAttachmentInfoExtractor()Lcom/fsck/k9/message/extractors/AttachmentInfoExtractor;
10-31 08:42:22.761  6676  6697 D M_InsDal: Lcom/fsck/k9/mailstore/LocalFolder;--->getAccount()Lcom/fsck/k9/Account;
10-31 08:42:22.761  6676  6697 D M_InsDal: Lcom/fsck/k9/mailstore/LocalStore;--->getAccount()Lcom/fsck/k9/Account;
10-31 08:42:22.761  6676  6697 D M_InsDal: Lcom/fsck/k9/Account;--->getInboxFolderName()Ljava/lang/String;
10-31 08:42:22.761  6676  6697 D M_InsDal: Lcom/fsck/k9/mailstore/LocalFolder;--->getName()Ljava/lang/String;
10-31 08:42:22.761  6676  6697 D M_InsDal: Lcom/fsck/k9/mailstore/LocalFolder;--->open(Landroid/database/Cursor;)V
10-31 08:42:22.761  6676  6697 D M_InsDal: Lcom/fsck/k9/mail/Folder;--->setStatus(Ljava/lang/String;)V
10-31 08:42:22.761  6676  6697 D M_InsDal: Lcom/fsck/k9/mail/Folder;--->setLastChecked(J)V
10-31 08:42:22.761  6676  6697 D M_InsDal: Lcom/fsck/k9/mail/Folder;--->setLastPush(J)V
10-31 08:42:22.761  6676  6697 D M_InsDal: Lcom/fsck/k9/mail/Folder$FolderClass;--->valueOf(Ljava/lang/String;)Lcom/fsck/k9/mail/Folder$FolderClass;
10-31 08:42:22.761  6676  6697 D M_InsDal: Lcom/fsck/k9/mail/Folder$FolderClass;--->valueOf(Ljava/lang/String;)Lcom/fsck/k9/mail/Folder$FolderClass;
10-31 08:42:22.761  6676  6697 D M_InsDal: Lcom/fsck/k9/mailstore/LocalFolder$MoreMessages;--->fromDatabaseName(Ljava/lang/String;)Lcom/fsck/k9/mailstore/LocalFolder$MoreMessages;
10-31 08:42:22.761  6676  6697 D M_InsDal: Lcom/fsck/k9/mailstore/LocalFolder$MoreMessages;--->values()[Lcom/fsck/k9/mailstore/LocalFolder$MoreMessages;
10-31 08:42:22.761  6676  6697 D M_InsDal: Lcom/fsck/k9/helper/Utility;--->closeQuietly(Landroid/database/Cursor;)V
10-31 08:42:22.762  6676  6697 D M_InsDal: Lcom/fsck/k9/mailstore/LockableDatabase;--->unlockRead()V
10-31 08:42:22.762  6676  6697 D M_InsDal: Lcom/fsck/k9/mailstore/LockableDatabase;--->getStorageManager()Lcom/fsck/k9/mailstore/StorageManager;
10-31 08:42:22.762  6676  6697 D M_InsDal: Lcom/fsck/k9/mailstore/StorageManager;--->getInstance(Landroid/content/Context;)Lcom/fsck/k9/mailstore/StorageManager;
10-31 08:42:22.762  6676  6697 D M_InsDal: Lcom/fsck/k9/mailstore/StorageManager;--->unlockProvider(Ljava/lang/String;)V
10-31 08:42:22.762  6676  6697 D M_InsDal: Lcom/fsck/k9/mailstore/StorageManager;--->getProvider(Ljava/lang/String;)Lcom/fsck/k9/mailstore/StorageManager$StorageProvider;
10-31 08:42:22.762  6676  6676 D M_InsDal: Lcom/fsck/k9/service/CoreReceiver;--->releaseWakeLock(Ljava/lang/Integer;)V
10-31 08:42:22.762  6676  6697 D M_InsDal: Lcom/fsck/k9/mailstore/LocalFolder;--->getName()Ljava/lang/String;
10-31 08:42:22.762  6676  6676 D M_InsDal: Lcom/fsck/k9/mail/power/TracingPowerManager$TracingWakeLock;--->release()V
10-31 08:42:22.762  6676  6697 D M_InsDal: Lcom/fsck/k9/Account;--->getOutboxFolderName()Ljava/lang/String;
10-31 08:42:22.762  6676  6697 D M_InsDal: Lcom/fsck/k9/mailstore/LocalFolder;--->open(I)V
10-31 08:42:22.762  6676  6676 D M_InsDal: Lcom/fsck/k9/mail/K9MailLib;--->isDebug()Z
10-31 08:42:22.762  6676  6697 D M_InsDal: Lcom/fsck/k9/mailstore/LocalFolder;--->isOpen()Z
10-31 08:42:22.762  6676  6676 D M_InsDal: Lcom/fsck/k9/K9$2;--->enabled()Z
10-31 08:42:22.762  6676  6697 D M_InsDal: Lcom/fsck/k9/mailstore/LocalFolder;--->getMode()I
10-31 08:42:22.762  6676  6697 D M_InsDal: Lcom/fsck/k9/mailstore/LocalFolder;--->getDisplayClass()Lcom/fsck/k9/mail/Folder$FolderClass;
10-31 08:42:22.762  6676  6697 D M_InsDal: Lcom/fsck/k9/mailstore/LocalFolder;--->getPushClass()Lcom/fsck/k9/mail/Folder$FolderClass;
10-31 08:42:22.762  6676  6697 D M_InsDal: Lcom/fsck/k9/controller/MessagingController;--->modeMismatch(Lcom/fsck/k9/Account$FolderMode;Lcom/fsck/k9/mail/Folder$FolderClass;)Z
10-31 08:42:22.762  6676  6697 D M_InsDal: Lcom/fsck/k9/controller/MessagingController;--->modeMismatch(Lcom/fsck/k9/Account$FolderMode;Lcom/fsck/k9/mail/Folder$FolderClass;)Z
10-31 08:42:22.762  6676  6697 D M_InsDal: Lcom/fsck/k9/mailstore/LocalFolder;--->getName()Ljava/lang/String;
10-31 08:42:22.762  6676  6697 D M_InsDal: Lcom/fsck/k9/Account;--->getOutboxFolderName()Ljava/lang/String;
10-31 08:42:22.762  6676  6697 D M_InsDal: Lcom/fsck/k9/mailstore/LocalFolder;--->getName()Ljava/lang/String;
10-31 08:42:22.762  6676  6697 D M_InsDal: Lcom/fsck/k9/Account;--->getOutboxFolderName()Ljava/lang/String;
10-31 08:42:22.762  6676  6697 D M_InsDal: Lcom/fsck/k9/mailstore/LocalFolder;--->open(I)V
10-31 08:42:22.762  6676  6697 D M_InsDal: Lcom/fsck/k9/mailstore/LocalFolder;--->isOpen()Z
10-31 08:42:22.762  6676  6697 D M_InsDal: Lcom/fsck/k9/mailstore/LocalFolder;--->getMode()I
10-31 08:42:22.762  6676  6697 D M_InsDal: Lcom/fsck/k9/mailstore/LocalFolder;--->getDisplayClass()Lcom/fsck/k9/mail/Folder$FolderClass;
10-31 08:42:22.762  6676  6697 D M_InsDal: Lcom/fsck/k9/mailstore/LocalFolder;--->getPushClass()Lcom/fsck/k9/mail/Folder$FolderClass;
10-31 08:42:22.762  6676  6697 D M_InsDal: Lcom/fsck/k9/mailstore/LocalFolder;--->getSyncClass()Lcom/fsck/k9/mail/Folder$FolderClass;
10-31 08:42:22.762  6676  6697 D M_InsDal: Lcom/fsck/k9/controller/MessagingController;--->modeMismatch(Lcom/fsck/k9/Account$FolderMode;Lcom/fsck/k9/mail/Folder$FolderClass;)Z
10-31 08:42:22.762  6676  6697 D M_InsDal: Lcom/fsck/k9/controller/MessagingController;--->modeMismatch(Lcom/fsck/k9/Account$FolderMode;Lcom/fsck/k9/mail/Folder$FolderClass;)Z
10-31 08:42:22.762  6676  6697 D M_InsDal: Lcom/fsck/k9/mailstore/LocalFolder;--->getName()Ljava/lang/String;
10-31 08:42:22.762  6676  6697 D M_InsDal: Lcom/fsck/k9/Account;--->getOutboxFolderName()Ljava/lang/String;
10-31 08:42:22.762  6676  6697 D M_InsDal: Lcom/fsck/k9/mailstore/LocalFolder;--->open(I)V
10-31 08:42:22.762  6676  6697 D M_InsDal: Lcom/fsck/k9/mailstore/LocalFolder;--->isOpen()Z
10-31 08:42:22.762  6676  6697 D M_InsDal: Lcom/fsck/k9/mailstore/LocalFolder;--->getMode()I
10-31 08:42:22.762  6676  6697 D M_InsDal: Lcom/fsck/k9/mailstore/LocalFolder;--->getDisplayClass()Lcom/fsck/k9/mail/Folder$FolderClass;
10-31 08:42:22.762  6676  6697 D M_InsDal: Lcom/fsck/k9/mailstore/LocalFolder;--->getPushClass()Lcom/fsck/k9/mail/Folder$FolderClass;
10-31 08:42:22.762  6676  6697 D M_InsDal: Lcom/fsck/k9/mailstore/LocalFolder;--->getSyncClass()Lcom/fsck/k9/mail/Folder$FolderClass;
10-31 08:42:22.762  6676  6697 D M_InsDal: Lcom/fsck/k9/controller/MessagingController;--->modeMismatch(Lcom/fsck/k9/Account$FolderMode;Lcom/fsck/k9/mail/Folder$FolderClass;)Z
10-31 08:42:22.762  6676  6697 D M_InsDal: Lcom/fsck/k9/controller/MessagingController;--->modeMismatch(Lcom/fsck/k9/Account$FolderMode;Lcom/fsck/k9/mail/Folder$FolderClass;)Z
10-31 08:42:22.762  6676  6697 D M_InsDal: Lcom/fsck/k9/mailstore/LocalFolder;--->getName()Ljava/lang/String;
10-31 08:42:22.762  6676  6697 D M_InsDal: Lcom/fsck/k9/Account;--->getOutboxFolderName()Ljava/lang/String;
10-31 08:42:22.762  6676  6697 D M_InsDal: Lcom/fsck/k9/mailstore/LocalFolder;--->open(I)V
10-31 08:42:22.762  6676  6697 D M_InsDal: Lcom/fsck/k9/mailstore/LocalFolder;--->isOpen()Z
10-31 08:42:22.762  6676  6697 D M_InsDal: Lcom/fsck/k9/mailstore/LocalFolder;--->getMode()I
10-31 08:42:22.762  6676  6697 D M_InsDal: Lcom/fsck/k9/mailstore/LocalFolder;--->getDisplayClass()Lcom/fsck/k9/mail/Folder$FolderClass;
10-31 08:42:22.762  6676  6697 D M_InsDal: Lcom/fsck/k9/mailstore/LocalFolder;--->getPushClass()Lcom/fsck/k9/mail/Folder$FolderClass;
10-31 08:42:22.762  6676  6697 D M_InsDal: Lcom/fsck/k9/mailstore/LocalFolder;--->getSyncClass()Lcom/fsck/k9/mail/Folder$FolderClass;
10-31 08:42:22.762  6676  6697 D M_InsDal: Lcom/fsck/k9/controller/MessagingController;--->modeMismatch(Lcom/fsck/k9/Account$FolderMode;Lcom/fsck/k9/mail/Folder$FolderClass;)Z
10-31 08:42:22.762  6676  6697 D M_InsDal: Lcom/fsck/k9/controller/MessagingController;--->modeMismatch(Lcom/fsck/k9/Account$FolderMode;Lcom/fsck/k9/mail/Folder$FolderClass;)Z
10-31 08:42:22.762  6676  6697 D M_InsDal: Lcom/fsck/k9/mailstore/LocalFolder;--->getName()Ljava/lang/String;
10-31 08:42:22.762  6676  6697 D M_InsDal: Lcom/fsck/k9/Account;--->getOutboxFolderName()Ljava/lang/String;
10-31 08:42:22.762  6676  6697 D M_InsDal: Lcom/fsck/k9/mailstore/LocalFolder;--->open(I)V
10-31 08:42:22.762  6676  6697 D M_InsDal: Lcom/fsck/k9/mailstore/LocalFolder;--->isOpen()Z
10-31 08:42:22.762  6676  6697 D M_InsDal: Lcom/fsck/k9/mailstore/LocalFolder;--->getMode()I
10-31 08:42:22.762  6676  6697 D M_InsDal: Lcom/fsck/k9/mailstore/LocalFolder;--->getDisplayClass()Lcom/fsck/k9/mail/Folder$FolderClass;
10-31 08:42:22.762  6676  6697 D M_InsDal: Lcom/fsck/k9/mailstore/LocalFolder;--->getPushClass()Lcom/fsck/k9/mail/Folder$FolderClass;
10-31 08:42:22.762  6676  6697 D M_InsDal: Lcom/fsck/k9/mailstore/LocalFolder;--->getSyncClass()Lcom/fsck/k9/mail/Folder$FolderClass;
10-31 08:42:22.762  6676  6697 D M_InsDal: Lcom/fsck/k9/controller/MessagingController;--->modeMismatch(Lcom/fsck/k9/Account$FolderMode;Lcom/fsck/k9/mail/Folder$FolderClass;)Z
10-31 08:42:22.762  6676  6697 D M_InsDal: Lcom/fsck/k9/controller/MessagingController;--->modeMismatch(Lcom/fsck/k9/Account$FolderMode;Lcom/fsck/k9/mail/Folder$FolderClass;)Z
10-31 08:42:22.762  6676  6697 D M_InsDal: Lcom/fsck/k9/Account;--->getDescription()Ljava/lang/String;
10-31 08:42:22.762  6676  6697 D M_InsDal: Lcom/fsck/k9/service/MailService;--->schedulePushers()V
10-31 08:42:22.762  6676  6697 D M_InsDal: Lcom/fsck/k9/controller/MessagingController;--->getInstance(Landroid/content/Context;)Lcom/fsck/k9/controller/MessagingController;
10-31 08:42:22.762  6676  6676 D M_InsDal: Lcom/fsck/k9/mail/power/TracingPowerManager$TracingWakeLock;--->cancelNotification()V
10-31 08:42:22.762  6676  6697 D M_InsDal: Lcom/fsck/k9/controller/MessagingController;--->getPushers()Ljava/util/Collection;
10-31 08:42:22.762  6676  6697 D M_InsDal: Lcom/fsck/k9/service/MailService;--->isSyncDisabled()Z
10-31 08:42:22.762  6676  6697 D M_InsDal: Lcom/fsck/k9/mail/power/TracingPowerManager$TracingWakeLock;--->release()V
10-31 08:42:22.762  6676  6697 D M_InsDal: Lcom/fsck/k9/mail/K9MailLib;--->isDebug()Z
10-31 08:42:22.762  6676  6697 D M_InsDal: Lcom/fsck/k9/K9$2;--->enabled()Z
10-31 08:42:22.762  6676  6697 D M_InsDal: Lcom/fsck/k9/mail/power/TracingPowerManager$TracingWakeLock;--->cancelNotification()V
10-31 08:42:22.764  6676  6676 D M_InsDal: Lcom/fsck/k9/service/MailService;--->onDestroy()V
10-31 08:42:22.764  6676  6676 D M_InsDal: Lcom/fsck/k9/service/CoreService;--->onDestroy()V
10-31 08:42:22.839  6676  6676 D M_InsDal: Lcom/fsck/k9/provider/AttachmentTempFileProvider;--->onTrimMemory(I)V
10-31 08:42:22.839  6676  6676 D M_InsDal: Lcom/fsck/k9/provider/DecryptedFileProvider;--->onTrimMemory(I)V
--------- beginning of system
10-31 08:42:32.486  6747  6747 D M_InsDal: Lcom/fsck/k9/K9;---><clinit>()V
10-31 08:42:32.486  6747  6747 D M_InsDal: Lcom/fsck/k9/K9$Theme;---><clinit>()V
10-31 08:42:32.486  6747  6747 D M_InsDal: Lcom/fsck/k9/K9$Theme;---><init>(Ljava/lang/String;I)V
10-31 08:42:32.486  6747  6747 D M_InsDal: Lcom/fsck/k9/K9$Theme;---><init>(Ljava/lang/String;I)V
10-31 08:42:32.486  6747  6747 D M_InsDal: Lcom/fsck/k9/FontSizes;---><init>()V
10-31 08:42:32.486  6747  6747 D M_InsDal: Lcom/fsck/k9/K9$BACKGROUND_OPS;---><clinit>()V
10-31 08:42:32.486  6747  6747 D M_InsDal: Lcom/fsck/k9/K9$BACKGROUND_OPS;---><init>(Ljava/lang/String;I)V
10-31 08:42:32.486  6747  6747 D M_InsDal: Lcom/fsck/k9/K9$BACKGROUND_OPS;---><init>(Ljava/lang/String;I)V
10-31 08:42:32.486  6747  6747 D M_InsDal: Lcom/fsck/k9/K9$NotificationHideSubject;---><clinit>()V
10-31 08:42:32.486  6747  6747 D M_InsDal: Lcom/fsck/k9/K9$NotificationHideSubject;---><init>(Ljava/lang/String;I)V
10-31 08:42:32.486  6747  6747 D M_InsDal: Lcom/fsck/k9/K9$NotificationHideSubject;---><init>(Ljava/lang/String;I)V
10-31 08:42:32.486  6747  6747 D M_InsDal: Lcom/fsck/k9/K9$NotificationQuickDelete;---><clinit>()V
10-31 08:42:32.486  6747  6747 D M_InsDal: Lcom/fsck/k9/K9$NotificationQuickDelete;---><init>(Ljava/lang/String;I)V
10-31 08:42:32.486  6747  6747 D M_InsDal: Lcom/fsck/k9/K9$NotificationQuickDelete;---><init>(Ljava/lang/String;I)V
10-31 08:42:32.486  6747  6747 D M_InsDal: Lcom/fsck/k9/K9$LockScreenNotificationVisibility;---><clinit>()V
10-31 08:42:32.486  6747  6747 D M_InsDal: Lcom/fsck/k9/K9$LockScreenNotificationVisibility;---><init>(Ljava/lang/String;I)V
10-31 08:42:32.486  6747  6747 D M_InsDal: Lcom/fsck/k9/K9$LockScreenNotificationVisibility;---><init>(Ljava/lang/String;I)V
10-31 08:42:32.486  6747  6747 D M_InsDal: Lcom/fsck/k9/K9$SplitViewMode;---><clinit>()V
10-31 08:42:32.486  6747  6747 D M_InsDal: Lcom/fsck/k9/K9$SplitViewMode;---><init>(Ljava/lang/String;I)V
10-31 08:42:32.486  6747  6747 D M_InsDal: Lcom/fsck/k9/K9$SplitViewMode;---><init>(Ljava/lang/String;I)V
10-31 08:42:32.486  6747  6747 D M_InsDal: Lcom/fsck/k9/K9;---><init>()V
10-31 08:42:32.486  6747  6747 D M_InsDal: Lcom/fsck/k9/provider/AttachmentTempFileProvider;---><clinit>()V
10-31 08:42:32.486  6747  6747 D M_InsDal: Lcom/fsck/k9/provider/AttachmentTempFileProvider;---><init>()V
10-31 08:42:32.488  6747  6747 D M_InsDal: Lcom/fsck/k9/provider/EmailProvider;---><clinit>()V
10-31 08:42:32.489  6747  6747 D M_InsDal: Lcom/fsck/k9/provider/EmailProvider;---><init>()V
10-31 08:42:32.489  6747  6747 D M_InsDal: Lcom/fsck/k9/provider/EmailProvider;--->onCreate()Z
10-31 08:42:32.489  6747  6747 D M_InsDal: Lcom/fsck/k9/provider/DecryptedFileProvider;---><clinit>()V
10-31 08:42:32.489  6747  6747 D M_InsDal: Lcom/fsck/k9/provider/DecryptedFileProvider;---><init>()V
10-31 08:42:32.489  6747  6747 D M_InsDal: Lcom/fsck/k9/provider/AttachmentProvider;---><clinit>()V
10-31 08:42:32.489  6747  6747 D M_InsDal: Lcom/fsck/k9/provider/AttachmentProvider;---><init>()V
10-31 08:42:32.489  6747  6747 D M_InsDal: Lcom/fsck/k9/provider/AttachmentProvider;--->onCreate()Z
10-31 08:42:32.489  6747  6747 D M_InsDal: Lcom/fsck/k9/provider/RawMessageProvider;---><clinit>()V
10-31 08:42:32.489  6747  6747 D M_InsDal: Lcom/fsck/k9/provider/RawMessageProvider;---><init>()V
10-31 08:42:32.489  6747  6747 D M_InsDal: Lcom/fsck/k9/provider/RawMessageProvider;--->onCreate()Z
10-31 08:42:32.490  6747  6747 D M_InsDal: Lcom/fsck/k9/provider/MessageProvider;---><clinit>()V
10-31 08:42:32.490  6747  6747 D M_InsDal: Lcom/fsck/k9/provider/MessageProvider;---><init>()V
10-31 08:42:32.490  6747  6747 D M_InsDal: Lcom/fsck/k9/provider/MessageProvider;--->onCreate()Z
10-31 08:42:32.490  6747  6747 D M_InsDal: Lcom/fsck/k9/helper/MessageHelper;--->getInstance(Landroid/content/Context;)Lcom/fsck/k9/helper/MessageHelper;
10-31 08:42:32.490  6747  6747 D M_InsDal: Lcom/fsck/k9/helper/MessageHelper;---><init>(Landroid/content/Context;)V
10-31 08:42:32.490  6747  6747 D M_InsDal: Lcom/fsck/k9/provider/MessageProvider$AccountsQueryHandler;---><init>(Lcom/fsck/k9/provider/MessageProvider;)V
10-31 08:42:32.490  6747  6747 D M_InsDal: Lcom/fsck/k9/provider/MessageProvider$ThrottlingQueryHandler;---><init>(Lcom/fsck/k9/provider/MessageProvider;Lcom/fsck/k9/provider/MessageProvider$QueryHandler;)V
10-31 08:42:32.490  6747  6747 D M_InsDal: Lcom/fsck/k9/provider/MessageProvider;--->registerQueryHandler(Lcom/fsck/k9/provider/MessageProvider$QueryHandler;)V
10-31 08:42:32.490  6747  6747 D M_InsDal: Lcom/fsck/k9/provider/MessageProvider$ThrottlingQueryHandler;--->getPath()Ljava/lang/String;
10-31 08:42:32.490  6747  6747 D M_InsDal: Lcom/fsck/k9/provider/MessageProvider$AccountsQueryHandler;--->getPath()Ljava/lang/String;
10-31 08:42:32.490  6747  6747 D M_InsDal: Lcom/fsck/k9/provider/MessageProvider$MessagesQueryHandler;---><init>(Lcom/fsck/k9/provider/MessageProvider;)V
10-31 08:42:32.490  6747  6747 D M_InsDal: Lcom/fsck/k9/provider/MessageProvider$ThrottlingQueryHandler;---><init>(Lcom/fsck/k9/provider/MessageProvider;Lcom/fsck/k9/provider/MessageProvider$QueryHandler;)V
10-31 08:42:32.490  6747  6747 D M_InsDal: Lcom/fsck/k9/provider/MessageProvider;--->registerQueryHandler(Lcom/fsck/k9/provider/MessageProvider$QueryHandler;)V
10-31 08:42:32.490  6747  6747 D M_InsDal: Lcom/fsck/k9/provider/MessageProvider$ThrottlingQueryHandler;--->getPath()Ljava/lang/String;
10-31 08:42:32.490  6747  6747 D M_InsDal: Lcom/fsck/k9/provider/MessageProvider$MessagesQueryHandler;--->getPath()Ljava/lang/String;
10-31 08:42:32.490  6747  6747 D M_InsDal: Lcom/fsck/k9/provider/MessageProvider$UnreadQueryHandler;---><init>(Lcom/fsck/k9/provider/MessageProvider;)V
10-31 08:42:32.490  6747  6747 D M_InsDal: Lcom/fsck/k9/provider/MessageProvider$ThrottlingQueryHandler;---><init>(Lcom/fsck/k9/provider/MessageProvider;Lcom/fsck/k9/provider/MessageProvider$QueryHandler;)V
10-31 08:42:32.490  6747  6747 D M_InsDal: Lcom/fsck/k9/provider/MessageProvider;--->registerQueryHandler(Lcom/fsck/k9/provider/MessageProvider$QueryHandler;)V
10-31 08:42:32.490  6747  6747 D M_InsDal: Lcom/fsck/k9/provider/MessageProvider$ThrottlingQueryHandler;--->getPath()Ljava/lang/String;
10-31 08:42:32.490  6747  6747 D M_InsDal: Lcom/fsck/k9/provider/MessageProvider$UnreadQueryHandler;--->getPath()Ljava/lang/String;
10-31 08:42:32.490  6747  6747 D M_InsDal: Lcom/fsck/k9/provider/MessageProvider$1;---><init>(Lcom/fsck/k9/provider/MessageProvider;)V
10-31 08:42:32.490  6747  6747 D M_InsDal: Lcom/fsck/k9/K9;--->registerApplicationAware(Lcom/fsck/k9/K9$ApplicationAware;)V
10-31 08:42:32.491  6747  6747 D M_InsDal: Lcom/fsck/k9/K9;--->onCreate()V
10-31 08:42:32.491  6747  6747 D M_InsDal: Lcom/fsck/k9/PRNGFixes;---><clinit>()V
10-31 08:42:32.491  6747  6747 D M_InsDal: Lcom/fsck/k9/PRNGFixes;--->getBuildFingerprintAndDeviceSerial()[B
10-31 08:42:32.491  6747  6747 D M_InsDal: Lcom/fsck/k9/PRNGFixes;--->getDeviceSerialNumber()Ljava/lang/String;
10-31 08:42:32.491  6747  6747 D M_InsDal: Lcom/fsck/k9/PRNGFixes;--->apply()V
10-31 08:42:32.491  6747  6747 D M_InsDal: Lcom/fsck/k9/PRNGFixes;--->applyOpenSSLFix()V
10-31 08:42:32.491  6747  6747 D M_InsDal: Lcom/fsck/k9/PRNGFixes;--->installLinuxPRNGSecureRandom()V
10-31 08:42:32.491  6747  6747 D M_InsDal: Lcom/fsck/k9/Globals;--->setContext(Landroid/content/Context;)V
10-31 08:42:32.491  6747  6747 D M_InsDal: Lcom/fsck/k9/K9$2;---><init>(Lcom/fsck/k9/K9;)V
10-31 08:42:32.491  6747  6747 D M_InsDal: Lcom/fsck/k9/mail/K9MailLib;---><clinit>()V
10-31 08:42:32.491  6747  6747 D M_InsDal: Lcom/fsck/k9/mail/K9MailLib$DefaultDebugStatus;---><init>()V
