10-31 08:42:08.320  6584  6584 D M_InsDal: Lcom/fsck/k9/Account$Expunge;---><clinit>()V
10-31 08:42:08.320  6584  6584 D M_InsDal: Lcom/fsck/k9/Account$Expunge;---><init>(Ljava/lang/String;I)V
10-31 08:42:08.320  6584  6584 D M_InsDal: Lcom/fsck/k9/Account$Expunge;---><init>(Ljava/lang/String;I)V
10-31 08:42:08.320  6584  6584 D M_InsDal: Lcom/fsck/k9/NotificationSetting;---><init>()V
10-31 08:42:08.320  6584  6584 D M_InsDal: Lcom/fsck/k9/Account;--->loadAccount(Lcom/fsck/k9/Preferences;)V
10-31 08:42:08.320  6584  6584 D M_InsDal: Lcom/fsck/k9/Preferences;--->getStorage()Lcom/fsck/k9/preferences/Storage;
10-31 08:42:08.320  6584  6584 D M_InsDal: Lcom/fsck/k9/preferences/Storage;--->getString(Ljava/lang/String;Ljava/lang/String;)Ljava/lang/String;
10-31 08:42:08.320  6584  6584 D M_InsDal: Lcom/fsck/k9/mail/filter/Base64;---><clinit>()V
10-31 08:42:08.320  6584  6584 D M_InsDal: Lcom/fsck/k9/mail/filter/Base64;--->decode(Ljava/lang/String;)Ljava/lang/String;
10-31 08:42:08.320  6584  6584 D M_InsDal: Lcom/fsck/k9/mail/filter/Base64;---><init>()V
10-31 08:42:08.320  6584  6584 D M_InsDal: Lcom/fsck/k9/mail/filter/Base64;---><init>(I[B)V
10-31 08:42:08.320  6584  6584 D M_InsDal: Lcom/fsck/k9/mail/filter/Base64;--->containsBase64Byte([B)Z
10-31 08:42:08.320  6584  6584 D M_InsDal: Lcom/fsck/k9/mail/filter/Base64;--->isBase64(B)Z
10-31 08:42:08.320  6584  6584 D M_InsDal: Lcom/fsck/k9/mail/filter/Base64;--->isBase64(B)Z
10-31 08:42:08.320  6584  6584 D M_InsDal: Lcom/fsck/k9/mail/filter/Base64;--->decode([B)[B
10-31 08:42:08.320  6584  6584 D M_InsDal: Lcom/fsck/k9/mail/filter/Base64;--->decodeBase64([B)[B
10-31 08:42:08.320  6584  6584 D M_InsDal: Lcom/fsck/k9/mail/filter/Base64;---><init>()V
10-31 08:42:08.320  6584  6584 D M_InsDal: Lcom/fsck/k9/mail/filter/Base64;---><init>(I[B)V
10-31 08:42:08.320  6584  6584 D M_InsDal: Lcom/fsck/k9/mail/filter/Base64;--->containsBase64Byte([B)Z
10-31 08:42:08.320  6584  6584 D M_InsDal: Lcom/fsck/k9/mail/filter/Base64;--->isBase64(B)Z
10-31 08:42:08.320  6584  6584 D M_InsDal: Lcom/fsck/k9/mail/filter/Base64;--->isBase64(B)Z
10-31 08:42:08.320  6584  6584 D M_InsDal: Lcom/fsck/k9/mail/filter/Base64;--->setInitialBuffer([BII)V
10-31 08:42:08.320  6584  6584 D M_InsDal: Lcom/fsck/k9/mail/filter/Base64;--->decode([BII)V
10-31 08:42:08.320  6584  6584 D M_InsDal: Lcom/fsck/k9/mail/filter/Base64;--->resizeBuf()V
10-31 08:42:08.320  6584  6584 D M_InsDal: Lcom/fsck/k9/mail/filter/Base64;--->decode([BII)V
10-31 08:42:08.320  6584  6584 D M_InsDal: Lcom/fsck/k9/mail/filter/Base64;--->readResults([BII)I
10-31 08:42:08.320  6584  6584 D M_InsDal: Lcom/fsck/k9/mail/filter/Base64;--->avail()I
10-31 08:42:08.320  6584  6584 D M_InsDal: Lcom/fsck/k9/mailstore/StorageManager;--->getInstance(Landroid/content/Context;)Lcom/fsck/k9/mailstore/StorageManager;
10-31 08:42:08.320  6584  6584 D M_InsDal: Lcom/fsck/k9/mailstore/StorageManager;---><init>(Landroid/content/Context;)V
10-31 08:42:08.320  6584  6584 D M_InsDal: Lcom/fsck/k9/mailstore/StorageManager$InternalStorageProvider;---><init>()V
10-31 08:42:08.320  6584  6584 D M_InsDal: Lcom/fsck/k9/mailstore/StorageManager$ExternalStorageProvider;---><init>()V
10-31 08:42:08.320  6584  6584 D M_InsDal: Lcom/fsck/k9/mailstore/StorageManager$InternalStorageProvider;--->isSupported(Landroid/content/Context;)Z
10-31 08:42:08.320  6584  6584 D M_InsDal: Lcom/fsck/k9/mailstore/StorageManager$InternalStorageProvider;--->init(Landroid/content/Context;)V
10-31 08:42:08.320  6584  6584 D M_InsDal: Lcom/fsck/k9/mailstore/StorageManager$InternalStorageProvider;--->getId()Ljava/lang/String;
10-31 08:42:08.320  6584  6584 D M_InsDal: Lcom/fsck/k9/mailstore/StorageManager$SynchronizationAid;---><init>()V
10-31 08:42:08.320  6584  6584 D M_InsDal: Lcom/fsck/k9/mailstore/StorageManager$ExternalStorageProvider;--->isSupported(Landroid/content/Context;)Z
10-31 08:42:08.320  6584  6584 D M_InsDal: Lcom/fsck/k9/mailstore/StorageManager$ExternalStorageProvider;--->init(Landroid/content/Context;)V
10-31 08:42:08.322  6584  6584 D M_InsDal: Lcom/fsck/k9/mailstore/StorageManager$ExternalStorageProvider;--->getId()Ljava/lang/String;
10-31 08:42:08.322  6584  6584 D M_InsDal: Lcom/fsck/k9/mailstore/StorageManager$SynchronizationAid;---><init>()V
10-31 08:42:08.322  6584  6584 D M_InsDal: Lcom/fsck/k9/mailstore/StorageManager;--->getDefaultProviderId()Ljava/lang/String;
10-31 08:42:08.322  6584  6584 D M_InsDal: Lcom/fsck/k9/preferences/Storage;--->getString(Ljava/lang/String;Ljava/lang/String;)Ljava/lang/String;
10-31 08:42:08.322  6584  6584 D M_InsDal: Lcom/fsck/k9/preferences/Storage;--->getString(Ljava/lang/String;Ljava/lang/String;)Ljava/lang/String;
10-31 08:42:08.322  6584  6584 D M_InsDal: Lcom/fsck/k9/mail/filter/Base64;--->decode(Ljava/lang/String;)Ljava/lang/String;
10-31 08:42:08.322  6584  6584 D M_InsDal: Lcom/fsck/k9/mail/filter/Base64;---><init>()V
10-31 08:42:08.322  6584  6584 D M_InsDal: Lcom/fsck/k9/mail/filter/Base64;---><init>(I[B)V
10-31 08:42:08.322  6584  6584 D M_InsDal: Lcom/fsck/k9/mail/filter/Base64;--->containsBase64Byte([B)Z
10-31 08:42:08.322  6584  6584 D M_InsDal: Lcom/fsck/k9/mail/filter/Base64;--->isBase64(B)Z
10-31 08:42:08.322  6584  6584 D M_InsDal: Lcom/fsck/k9/mail/filter/Base64;--->isBase64(B)Z
10-31 08:42:08.322  6584  6584 D M_InsDal: Lcom/fsck/k9/mail/filter/Base64;--->decode([B)[B
10-31 08:42:08.322  6584  6584 D M_InsDal: Lcom/fsck/k9/mail/filter/Base64;--->decodeBase64([B)[B
10-31 08:42:08.322  6584  6584 D M_InsDal: Lcom/fsck/k9/mail/filter/Base64;---><init>()V
10-31 08:42:08.322  6584  6584 D M_InsDal: Lcom/fsck/k9/mail/filter/Base64;---><init>(I[B)V
10-31 08:42:08.322  6584  6584 D M_InsDal: Lcom/fsck/k9/mail/filter/Base64;--->containsBase64Byte([B)Z
10-31 08:42:08.322  6584  6584 D M_InsDal: Lcom/fsck/k9/mail/filter/Base64;--->isBase64(B)Z
10-31 08:42:08.322  6584  6584 D M_InsDal: Lcom/fsck/k9/mail/filter/Base64;--->isBase64(B)Z
10-31 08:42:08.322  6584  6584 D M_InsDal: Lcom/fsck/k9/mail/filter/Base64;--->setInitialBuffer([BII)V
10-31 08:42:08.322  6584  6584 D M_InsDal: Lcom/fsck/k9/mail/filter/Base64;--->decode([BII)V
10-31 08:42:08.322  6584  6584 D M_InsDal: Lcom/fsck/k9/mail/filter/Base64;--->resizeBuf()V
10-31 08:42:08.322  6584  6584 D M_InsDal: Lcom/fsck/k9/mail/filter/Base64;--->decode([BII)V
10-31 08:42:08.322  6584  6584 D M_InsDal: Lcom/fsck/k9/mail/filter/Base64;--->readResults([BII)I
10-31 08:42:08.322  6584  6584 D M_InsDal: Lcom/fsck/k9/mail/filter/Base64;--->avail()I
10-31 08:42:08.322  6584  6584 D M_InsDal: Lcom/fsck/k9/preferences/Storage;--->getString(Ljava/lang/String;Ljava/lang/String;)Ljava/lang/String;
10-31 08:42:08.322  6584  6584 D M_InsDal: Lcom/fsck/k9/preferences/Storage;--->getString(Ljava/lang/String;Ljava/lang/String;)Ljava/lang/String;
10-31 08:42:08.322  6584  6584 D M_InsDal: Lcom/fsck/k9/preferences/Storage;--->getInt(Ljava/lang/String;I)I
10-31 08:42:08.322  6584  6584 D M_InsDal: Lcom/fsck/k9/preferences/Storage;--->getInt(Ljava/lang/String;I)I
10-31 08:42:08.322  6584  6584 D M_InsDal: Lcom/fsck/k9/preferences/Storage;--->getBoolean(Ljava/lang/String;Z)Z
10-31 08:42:08.322  6584  6584 D M_InsDal: Lcom/fsck/k9/preferences/Storage;--->getInt(Ljava/lang/String;I)I
10-31 08:42:08.322  6584  6584 D M_InsDal: Lcom/fsck/k9/preferences/Storage;--->getLong(Ljava/lang/String;J)J
10-31 08:42:08.322  6584  6584 D M_InsDal: Lcom/fsck/k9/preferences/Storage;--->getBoolean(Ljava/lang/String;Z)Z
10-31 08:42:08.323  6584  6584 D M_InsDal: Lcom/fsck/k9/Account$FolderMode;---><clinit>()V
10-31 08:42:08.323  6584  6584 D M_InsDal: Lcom/fsck/k9/Account$FolderMode;---><init>(Ljava/lang/String;I)V
10-31 08:42:08.323  6584  6584 D M_InsDal: Lcom/fsck/k9/Account$FolderMode;---><init>(Ljava/lang/String;I)V
10-31 08:42:08.323  6584  6584 D M_InsDal: Lcom/fsck/k9/Preferences;--->getEnumStringPref(Lcom/fsck/k9/preferences/Storage;Ljava/lang/String;Ljava/lang/Enum;)Ljava/lang/Enum;
10-31 08:42:08.323  6584  6584 D M_InsDal: Lcom/fsck/k9/preferences/Storage;--->getString(Ljava/lang/String;Ljava/lang/String;)Ljava/lang/String;
10-31 08:42:08.323  6584  6584 D M_InsDal: Lcom/fsck/k9/Account$FolderMode;--->values()[Lcom/fsck/k9/Account$FolderMode;
10-31 08:42:08.323  6584  6584 D M_InsDal: Lcom/fsck/k9/preferences/Storage;--->getBoolean(Ljava/lang/String;Z)Z
10-31 08:42:08.323  6584  6584 D M_InsDal: Lcom/fsck/k9/preferences/Storage;--->getBoolean(Ljava/lang/String;Z)Z
10-31 08:42:08.323  6584  6584 D M_InsDal: Lcom/fsck/k9/preferences/Storage;--->getInt(Ljava/lang/String;I)I
10-31 08:42:08.323  6584  6584 D M_InsDal: Lcom/fsck/k9/Account$DeletePolicy;--->fromInt(I)Lcom/fsck/k9/Account$DeletePolicy;
10-31 08:42:08.323  6584  6584 D M_InsDal: Lcom/fsck/k9/Account$DeletePolicy;--->values()[Lcom/fsck/k9/Account$DeletePolicy;
10-31 08:42:08.323  6584  6584 D M_InsDal: Lcom/fsck/k9/preferences/Storage;--->getString(Ljava/lang/String;Ljava/lang/String;)Ljava/lang/String;
10-31 08:42:08.323  6584  6584 D M_InsDal: Lcom/fsck/k9/preferences/Storage;--->getString(Ljava/lang/String;Ljava/lang/String;)Ljava/lang/String;
10-31 08:42:08.323  6584  6584 D M_InsDal: Lcom/fsck/k9/Preferences;--->getEnumStringPref(Lcom/fsck/k9/preferences/Storage;Ljava/lang/String;Ljava/lang/Enum;)Ljava/lang/Enum;
10-31 08:42:08.323  6584  6584 D M_InsDal: Lcom/fsck/k9/preferences/Storage;--->getString(Ljava/lang/String;Ljava/lang/String;)Ljava/lang/String;
10-31 08:42:08.323  6584  6584 D M_InsDal: Lcom/fsck/k9/Account$Expunge;--->values()[Lcom/fsck/k9/Account$Expunge;
10-31 08:42:08.323  6584  6584 D M_InsDal: Lcom/fsck/k9/preferences/Storage;--->getBoolean(Ljava/lang/String;Z)Z
10-31 08:42:08.323  6584  6584 D M_InsDal: Lcom/fsck/k9/preferences/Storage;--->getInt(Ljava/lang/String;I)I
10-31 08:42:08.323  6584  6584 D M_InsDal: Lcom/fsck/k9/preferences/Storage;--->getBoolean(Ljava/lang/String;Z)Z
10-31 08:42:08.323  6584  6584 D M_InsDal: Lcom/fsck/k9/preferences/Storage;--->getBoolean(Ljava/lang/String;Z)Z
10-31 08:42:08.323  6584  6584 D M_InsDal: Lcom/fsck/k9/preferences/Storage;--->getInt(Ljava/lang/String;I)I
10-31 08:42:08.323  6584  6584 D M_InsDal: Lcom/fsck/k9/preferences/Storage;--->getInt(Ljava/lang/String;I)I
10-31 08:42:08.323  6584  6584 D M_InsDal: Lcom/fsck/k9/Preferences;--->getEnumStringPref(Lcom/fsck/k9/preferences/Storage;Ljava/lang/String;Ljava/lang/Enum;)Ljava/lang/Enum;
10-31 08:42:08.323  6584  6584 D M_InsDal: Lcom/fsck/k9/preferences/Storage;--->getString(Ljava/lang/String;Ljava/lang/String;)Ljava/lang/String;
10-31 08:42:08.323  6584  6584 D M_InsDal: Lcom/fsck/k9/Account$MessageFormat;--->values()[Lcom/fsck/k9/Account$MessageFormat;
10-31 08:42:08.323  6584  6584 D M_InsDal: Lcom/fsck/k9/preferences/Storage;--->getBoolean(Ljava/lang/String;Z)Z
10-31 08:42:08.323  6584  6584 D M_InsDal: Lcom/fsck/k9/preferences/Storage;--->getBoolean(Ljava/lang/String;Z)Z
10-31 08:42:08.323  6584  6584 D M_InsDal: Lcom/fsck/k9/Preferences;--->getEnumStringPref(Lcom/fsck/k9/preferences/Storage;Ljava/lang/String;Ljava/lang/Enum;)Ljava/lang/Enum;
10-31 08:42:08.323  6584  6584 D M_InsDal: Lcom/fsck/k9/preferences/Storage;--->getString(Ljava/lang/String;Ljava/lang/String;)Ljava/lang/String;
10-31 08:42:08.323  6584  6584 D M_InsDal: Lcom/fsck/k9/Account$QuoteStyle;--->values()[Lcom/fsck/k9/Account$QuoteStyle;
10-31 08:42:08.323  6584  6584 D M_InsDal: Lcom/fsck/k9/preferences/Storage;--->getString(Ljava/lang/String;Ljava/lang/String;)Ljava/lang/String;
10-31 08:42:08.323  6584  6584 D M_InsDal: Lcom/fsck/k9/preferences/Storage;--->getBoolean(Ljava/lang/String;Z)Z
10-31 08:42:08.323  6584  6584 D M_InsDal: Lcom/fsck/k9/preferences/Storage;--->getBoolean(Ljava/lang/String;Z)Z
10-31 08:42:08.323  6584  6584 D M_InsDal: Lcom/fsck/k9/mail/NetworkType;---><clinit>()V
10-31 08:42:08.323  6584  6584 D M_InsDal: Lcom/fsck/k9/mail/NetworkType;---><init>(Ljava/lang/String;I)V
10-31 08:42:08.323  6584  6584 D M_InsDal: Lcom/fsck/k9/mail/NetworkType;---><init>(Ljava/lang/String;I)V
10-31 08:42:08.323  6584  6584 D M_InsDal: Lcom/fsck/k9/mail/NetworkType;--->values()[Lcom/fsck/k9/mail/NetworkType;
10-31 08:42:08.323  6584  6584 D M_InsDal: Lcom/fsck/k9/preferences/Storage;--->getBoolean(Ljava/lang/String;Z)Z
10-31 08:42:08.323  6584  6584 D M_InsDal: Lcom/fsck/k9/preferences/Storage;--->getBoolean(Ljava/lang/String;Z)Z
10-31 08:42:08.323  6584  6584 D M_InsDal: Lcom/fsck/k9/preferences/Storage;--->getString(Ljava/lang/String;Ljava/lang/String;)Ljava/lang/String;
10-31 08:42:08.323  6584  6584 D M_InsDal: Lcom/fsck/k9/preferences/Storage;--->getInt(Ljava/lang/String;I)I
10-31 08:42:08.324  6584  6584 D M_InsDal: Lcom/fsck/k9/preferences/Storage;--->getInt(Ljava/lang/String;I)I
10-31 08:42:08.324  6584  6584 D M_InsDal: Lcom/fsck/k9/Preferences;--->getEnumStringPref(Lcom/fsck/k9/preferences/Storage;Ljava/lang/String;Ljava/lang/Enum;)Ljava/lang/Enum;
10-31 08:42:08.324  6584  6584 D M_InsDal: Lcom/fsck/k9/preferences/Storage;--->getString(Ljava/lang/String;Ljava/lang/String;)Ljava/lang/String;
10-31 08:42:08.324  6584  6584 D M_InsDal: Lcom/fsck/k9/preferences/Storage;--->getBoolean(Ljava/lang/String;Z)Z
10-31 08:42:08.324  6584  6584 D M_InsDal: Lcom/fsck/k9/Account$ShowPictures;---><clinit>()V
10-31 08:42:08.324  6584  6584 D M_InsDal: Lcom/fsck/k9/Account$ShowPictures;---><init>(Ljava/lang/String;I)V
10-31 08:42:08.324  6584  6584 D M_InsDal: Lcom/fsck/k9/Account$ShowPictures;---><init>(Ljava/lang/String;I)V
10-31 08:42:08.324  6584  6584 D M_InsDal: Lcom/fsck/k9/Preferences;--->getEnumStringPref(Lcom/fsck/k9/preferences/Storage;Ljava/lang/String;Ljava/lang/Enum;)Ljava/lang/Enum;
10-31 08:42:08.324  6584  6584 D M_InsDal: Lcom/fsck/k9/preferences/Storage;--->getString(Ljava/lang/String;Ljava/lang/String;)Ljava/lang/String;
10-31 08:42:08.324  6584  6584 D M_InsDal: Lcom/fsck/k9/Account$ShowPictures;--->values()[Lcom/fsck/k9/Account$ShowPictures;
10-31 08:42:08.324  6584  6584 D M_InsDal: Lcom/fsck/k9/preferences/Storage;--->getBoolean(Ljava/lang/String;Z)Z
10-31 08:42:08.324  6584  6584 D M_InsDal: Lcom/fsck/k9/NotificationSetting;--->setVibrate(Z)V
10-31 08:42:08.324  6584  6584 D M_InsDal: Lcom/fsck/k9/preferences/Storage;--->getInt(Ljava/lang/String;I)I
10-31 08:42:08.324  6584  6584 D M_InsDal: Lcom/fsck/k9/NotificationSetting;--->setVibratePattern(I)V
10-31 08:42:08.324  6584  6584 D M_InsDal: Lcom/fsck/k9/preferences/Storage;--->getInt(Ljava/lang/String;I)I
10-31 08:42:08.324  6584  6584 D M_InsDal: Lcom/fsck/k9/NotificationSetting;--->setVibrateTimes(I)V
10-31 08:42:08.324  6584  6584 D M_InsDal: Lcom/fsck/k9/preferences/Storage;--->getBoolean(Ljava/lang/String;Z)Z
10-31 08:42:08.324  6584  6584 D M_InsDal: Lcom/fsck/k9/NotificationSetting;--->setRingEnabled(Z)V
10-31 08:42:08.324  6584  6584 D M_InsDal: Lcom/fsck/k9/preferences/Storage;--->getString(Ljava/lang/String;Ljava/lang/String;)Ljava/lang/String;
10-31 08:42:08.324  6584  6584 D M_InsDal: Lcom/fsck/k9/NotificationSetting;--->setRingtone(Ljava/lang/String;)V
10-31 08:42:08.325  6584  6584 D M_InsDal: Lcom/fsck/k9/preferences/Storage;--->getBoolean(Ljava/lang/String;Z)Z
10-31 08:42:08.325  6584  6584 D M_InsDal: Lcom/fsck/k9/NotificationSetting;--->setLed(Z)V
10-31 08:42:08.325  6584  6584 D M_InsDal: Lcom/fsck/k9/preferences/Storage;--->getInt(Ljava/lang/String;I)I
10-31 08:42:08.325  6584  6584 D M_InsDal: Lcom/fsck/k9/NotificationSetting;--->setLedColor(I)V
10-31 08:42:08.325  6584  6584 D M_InsDal: Lcom/fsck/k9/Preferences;--->getEnumStringPref(Lcom/fsck/k9/preferences/Storage;Ljava/lang/String;Ljava/lang/Enum;)Ljava/lang/Enum;
10-31 08:42:08.325  6584  6584 D M_InsDal: Lcom/fsck/k9/preferences/Storage;--->getString(Ljava/lang/String;Ljava/lang/String;)Ljava/lang/String;
10-31 08:42:08.325  6584  6584 D M_InsDal: Lcom/fsck/k9/Preferences;--->getEnumStringPref(Lcom/fsck/k9/preferences/Storage;Ljava/lang/String;Ljava/lang/Enum;)Ljava/lang/Enum;
10-31 08:42:08.325  6584  6584 D M_InsDal: Lcom/fsck/k9/preferences/Storage;--->getString(Ljava/lang/String;Ljava/lang/String;)Ljava/lang/String;
10-31 08:42:08.325  6584  6584 D M_InsDal: Lcom/fsck/k9/Preferences;--->getEnumStringPref(Lcom/fsck/k9/preferences/Storage;Ljava/lang/String;Ljava/lang/Enum;)Ljava/lang/Enum;
10-31 08:42:08.325  6584  6584 D M_InsDal: Lcom/fsck/k9/preferences/Storage;--->getString(Ljava/lang/String;Ljava/lang/String;)Ljava/lang/String;
10-31 08:42:08.325  6584  6584 D M_InsDal: Lcom/fsck/k9/Preferences;--->getEnumStringPref(Lcom/fsck/k9/preferences/Storage;Ljava/lang/String;Ljava/lang/Enum;)Ljava/lang/Enum;
10-31 08:42:08.325  6584  6584 D M_InsDal: Lcom/fsck/k9/preferences/Storage;--->getString(Ljava/lang/String;Ljava/lang/String;)Ljava/lang/String;
10-31 08:42:08.325  6584  6584 D M_InsDal: Lcom/fsck/k9/Account$Searchable;---><clinit>()V
10-31 08:42:08.325  6584  6584 D M_InsDal: Lcom/fsck/k9/Account$Searchable;---><init>(Ljava/lang/String;I)V
10-31 08:42:08.325  6584  6584 D M_InsDal: Lcom/fsck/k9/Account$Searchable;---><init>(Ljava/lang/String;I)V
10-31 08:42:08.325  6584  6584 D M_InsDal: Lcom/fsck/k9/Preferences;--->getEnumStringPref(Lcom/fsck/k9/preferences/Storage;Ljava/lang/String;Ljava/lang/Enum;)Ljava/lang/Enum;
10-31 08:42:08.325  6584  6584 D M_InsDal: Lcom/fsck/k9/preferences/Storage;--->getString(Ljava/lang/String;Ljava/lang/String;)Ljava/lang/String;
10-31 08:42:08.325  6584  6584 D M_InsDal: Lcom/fsck/k9/Account$Searchable;--->values()[Lcom/fsck/k9/Account$Searchable;
10-31 08:42:08.325  6584  6584 D M_InsDal: Lcom/fsck/k9/preferences/Storage;--->getBoolean(Ljava/lang/String;Z)Z
10-31 08:42:08.325  6584  6584 D M_InsDal: Lcom/fsck/k9/Account;--->loadIdentities(Lcom/fsck/k9/preferences/Storage;)Ljava/util/List;
10-31 08:42:08.325  6584  6584 D M_InsDal: Lcom/fsck/k9/preferences/Storage;--->getString(Ljava/lang/String;Ljava/lang/String;)Ljava/lang/String;
10-31 08:42:08.325  6584  6584 D M_InsDal: Lcom/fsck/k9/preferences/Storage;--->getString(Ljava/lang/String;Ljava/lang/String;)Ljava/lang/String;
10-31 08:42:08.325  6584  6584 D M_InsDal: Lcom/fsck/k9/preferences/Storage;--->getBoolean(Ljava/lang/String;Z)Z
10-31 08:42:08.325  6584  6584 D M_InsDal: Lcom/fsck/k9/preferences/Storage;--->getString(Ljava/lang/String;Ljava/lang/String;)Ljava/lang/String;
10-31 08:42:08.325  6584  6584 D M_InsDal: Lcom/fsck/k9/preferences/Storage;--->getString(Ljava/lang/String;Ljava/lang/String;)Ljava/lang/String;
10-31 08:42:08.325  6584  6584 D M_InsDal: Lcom/fsck/k9/Identity;---><init>()V
10-31 08:42:08.325  6584  6584 D M_InsDal: Lcom/fsck/k9/Identity;--->setName(Ljava/lang/String;)V
10-31 08:42:08.325  6584  6584 D M_InsDal: Lcom/fsck/k9/Identity;--->setEmail(Ljava/lang/String;)V
10-31 08:42:08.325  6584  6584 D M_InsDal: Lcom/fsck/k9/Identity;--->setSignatureUse(Z)V
10-31 08:42:08.325  6584  6584 D M_InsDal: Lcom/fsck/k9/Identity;--->setSignature(Ljava/lang/String;)V
10-31 08:42:08.325  6584  6584 D M_InsDal: Lcom/fsck/k9/Identity;--->setDescription(Ljava/lang/String;)V
10-31 08:42:08.325  6584  6584 D M_InsDal: Lcom/fsck/k9/Identity;--->setReplyTo(Ljava/lang/String;)V
10-31 08:42:08.325  6584  6584 D M_InsDal: Lcom/fsck/k9/preferences/Storage;--->getString(Ljava/lang/String;Ljava/lang/String;)Ljava/lang/String;
10-31 08:42:08.325  6584  6584 D M_InsDal: Lcom/fsck/k9/preferences/Storage;--->getString(Ljava/lang/String;Ljava/lang/String;)Ljava/lang/String;
10-31 08:42:08.325  6584  6584 D M_InsDal: Lcom/fsck/k9/preferences/Storage;--->getBoolean(Ljava/lang/String;Z)Z
10-31 08:42:08.325  6584  6584 D M_InsDal: Lcom/fsck/k9/preferences/Storage;--->getString(Ljava/lang/String;Ljava/lang/String;)Ljava/lang/String;
10-31 08:42:08.325  6584  6584 D M_InsDal: Lcom/fsck/k9/preferences/Storage;--->getString(Ljava/lang/String;Ljava/lang/String;)Ljava/lang/String;
10-31 08:42:08.325  6584  6584 D M_InsDal: Lcom/fsck/k9/preferences/Storage;--->getLong(Ljava/lang/String;J)J
10-31 08:42:08.325  6584  6584 D M_InsDal: Lcom/fsck/k9/preferences/Storage;--->getBoolean(Ljava/lang/String;Z)Z
10-31 08:42:08.325  6584  6584 D M_InsDal: Lcom/fsck/k9/preferences/Storage;--->getBoolean(Ljava/lang/String;Z)Z
10-31 08:42:08.325  6584  6584 D M_InsDal: Lcom/fsck/k9/preferences/Storage;--->getInt(Ljava/lang/String;I)I
10-31 08:42:08.325  6584  6584 D M_InsDal: Lcom/fsck/k9/preferences/Storage;--->getBoolean(Ljava/lang/String;Z)Z
10-31 08:42:08.325  6584  6584 D M_InsDal: Lcom/fsck/k9/preferences/Storage;--->getBoolean(Ljava/lang/String;Z)Z
10-31 08:42:08.325  6584  6584 D M_InsDal: Lcom/fsck/k9/Account;--->cacheChips()V
10-31 08:42:08.325  6584  6584 D M_InsDal: Lcom/fsck/k9/view/ColorChip;---><clinit>()V
10-31 08:42:08.325  6584  6584 D M_InsDal: Lcom/fsck/k9/view/ColorChip;---><init>(IZLandroid/graphics/Path;)V
10-31 08:42:08.326  6584  6584 D M_InsDal: Lcom/fsck/k9/view/ColorChip;---><init>(IZLandroid/graphics/Path;)V
10-31 08:42:08.326  6584  6584 D M_InsDal: Lcom/fsck/k9/Account;--->isEnabled()Z
10-31 08:42:08.326  6584  6584 D M_InsDal: Lcom/fsck/k9/Account;--->isAvailable(Landroid/content/Context;)Z
10-31 08:42:08.326  6584  6584 D M_InsDal: Lcom/fsck/k9/Account;--->getLocalStorageProviderId()Ljava/lang/String;
10-31 08:42:08.326  6584  6584 D M_InsDal: Lcom/fsck/k9/mailstore/StorageManager;--->getInstance(Landroid/content/Context;)Lcom/fsck/k9/mailstore/StorageManager;
10-31 08:42:08.326  6584  6584 D M_InsDal: Lcom/fsck/k9/mailstore/StorageManager;--->isReady(Ljava/lang/String;)Z
10-31 08:42:08.326  6584  6584 D M_InsDal: Lcom/fsck/k9/mailstore/StorageManager;--->getProvider(Ljava/lang/String;)Lcom/fsck/k9/mailstore/StorageManager$StorageProvider;
10-31 08:42:08.326  6584  6584 D M_InsDal: Lcom/fsck/k9/mailstore/StorageManager$InternalStorageProvider;--->isReady(Landroid/content/Context;)Z
10-31 08:42:08.326  6584  6584 D M_InsDal: Lcom/fsck/k9/K9;--->setServicesEnabled(Landroid/content/Context;ZLjava/lang/Integer;)V
10-31 08:42:08.327  6584  6584 D M_InsDal: Lcom/fsck/k9/service/CoreService;---><clinit>()V
10-31 08:42:08.328  6584  6584 D M_InsDal: Lcom/fsck/k9/service/MailService;---><clinit>()V
10-31 08:42:08.328  6584  6584 D M_InsDal: Lcom/fsck/k9/service/MailService;--->actionReset(Landroid/content/Context;Ljava/lang/Integer;)V
10-31 08:42:08.328  6584  6584 D M_InsDal: Lcom/fsck/k9/service/CoreService;--->addWakeLockId(Landroid/content/Context;Landroid/content/Intent;Ljava/lang/Integer;Z)V
10-31 08:42:08.328  6584  6584 D M_InsDal: Lcom/fsck/k9/service/CoreService;--->addWakeLock(Landroid/content/Context;Landroid/content/Intent;)V
10-31 08:42:08.328  6584  6584 D M_InsDal: Lcom/fsck/k9/service/CoreService;--->acquireWakeLock(Landroid/content/Context;Ljava/lang/String;J)Lcom/fsck/k9/mail/power/TracingPowerManager$TracingWakeLock;
10-31 08:42:08.328  6584  6584 D M_InsDal: Lcom/fsck/k9/mail/power/TracingPowerManager;---><clinit>()V
10-31 08:42:08.328  6584  6584 D M_InsDal: Lcom/fsck/k9/mail/power/TracingPowerManager;--->getPowerManager(Landroid/content/Context;)Lcom/fsck/k9/mail/power/TracingPowerManager;
10-31 08:42:08.328  6584  6584 D M_InsDal: Lcom/fsck/k9/mail/K9MailLib;--->isDebug()Z
10-31 08:42:08.328  6584  6584 D M_InsDal: Lcom/fsck/k9/K9$2;--->enabled()Z
10-31 08:42:08.328  6584  6584 D M_InsDal: Lcom/fsck/k9/mail/power/TracingPowerManager;---><init>(Landroid/content/Context;)V
10-31 08:42:08.328  6584  6584 D M_InsDal: Lcom/fsck/k9/mail/power/TracingPowerManager;--->newWakeLock(ILjava/lang/String;)Lcom/fsck/k9/mail/power/TracingPowerManager$TracingWakeLock;
10-31 08:42:08.328  6584  6584 D M_InsDal: Lcom/fsck/k9/mail/power/TracingPowerManager$TracingWakeLock;---><init>(Lcom/fsck/k9/mail/power/TracingPowerManager;ILjava/lang/String;)V
10-31 08:42:08.328  6584  6584 D M_InsDal: Lcom/fsck/k9/mail/K9MailLib;--->isDebug()Z
10-31 08:42:08.328  6584  6584 D M_InsDal: Lcom/fsck/k9/K9$2;--->enabled()Z
10-31 08:42:08.328  6584  6584 D M_InsDal: Lcom/fsck/k9/mail/power/TracingPowerManager$TracingWakeLock;--->setReferenceCounted(Z)V
10-31 08:42:08.328  6584  6584 D M_InsDal: Lcom/fsck/k9/mail/power/TracingPowerManager$TracingWakeLock;--->acquire(J)V
10-31 08:42:08.329  6584  6584 D M_InsDal: Lcom/fsck/k9/mail/K9MailLib;--->isDebug()Z
10-31 08:42:08.329  6584  6584 D M_InsDal: Lcom/fsck/k9/K9$2;--->enabled()Z
10-31 08:42:08.329  6584  6584 D M_InsDal: Lcom/fsck/k9/mail/power/TracingPowerManager$TracingWakeLock;--->raiseNotification()V
10-31 08:42:08.329  6584  6584 D M_InsDal: Lcom/fsck/k9/service/CoreService;--->registerWakeLock(Lcom/fsck/k9/mail/power/TracingPowerManager$TracingWakeLock;)Ljava/lang/Integer;
10-31 08:42:08.367  6584  6584 D M_InsDal: Lcom/fsck/k9/K9;--->updateDeviceIdleReceiver(Landroid/content/Context;Z)V
10-31 08:42:08.367  6584  6584 D M_InsDal: Lcom/fsck/k9/power/DeviceIdleManager;--->getInstance(Landroid/content/Context;)Lcom/fsck/k9/power/DeviceIdleManager;
10-31 08:42:08.367  6584  6584 D M_InsDal: Lcom/fsck/k9/power/DozeChecker;---><init>(Landroid/content/Context;)V
10-31 08:42:08.367  6584  6584 D M_InsDal: Lcom/fsck/k9/power/DozeChecker;--->isDeviceIdleModeSupported()Z
10-31 08:42:08.367  6584  6584 D M_InsDal: Lcom/fsck/k9/power/DozeChecker;--->isAppWhitelisted()Z
10-31 08:42:08.367  6584  6584 D M_InsDal: Lcom/fsck/k9/power/DeviceIdleManager$RealDeviceIdleManager;--->newInstance(Landroid/content/Context;)Lcom/fsck/k9/power/DeviceIdleManager$RealDeviceIdleManager;
10-31 08:42:08.368  6584  6584 D M_InsDal: Lcom/fsck/k9/power/DeviceIdleManager$RealDeviceIdleManager;---><init>(Landroid/content/Context;)V
10-31 08:42:08.368  6584  6584 D M_InsDal: Lcom/fsck/k9/power/DeviceIdleManager;---><init>()V
10-31 08:42:08.368  6584  6584 D M_InsDal: Lcom/fsck/k9/power/DeviceIdleReceiver;---><init>(Landroid/os/PowerManager;)V
10-31 08:42:08.368  6584  6584 D M_InsDal: Lcom/fsck/k9/power/DeviceIdleManager$RealDeviceIdleManager;--->registerReceiver()V
10-31 08:42:08.368  6584  6584 D M_InsDal: Lcom/fsck/k9/K9;--->registerReceivers()V
10-31 08:42:08.368  6584  6584 D M_InsDal: Lcom/fsck/k9/service/StorageGoneReceiver;---><init>()V
10-31 08:42:08.368  6584  6584 D M_InsDal: Lcom/fsck/k9/K9$1;---><init>(Lcom/fsck/k9/K9;Ljava/util/concurrent/BlockingQueue;)V
10-31 08:42:08.369  6584  6602 D M_InsDal: Lcom/fsck/k9/K9$1;--->run()V
10-31 08:42:08.370  6584  6584 D M_InsDal: Lcom/fsck/k9/service/ShutdownReceiver;---><init>()V
10-31 08:42:08.370  6584  6584 D M_InsDal: Lcom/fsck/k9/controller/MessagingController;---><clinit>()V
10-31 08:42:08.370  6584  6584 D M_InsDal: Lcom/fsck/k9/mail/Flag;---><clinit>()V
10-31 08:42:08.370  6584  6584 D M_InsDal: Lcom/fsck/k9/mail/Flag;---><init>(Ljava/lang/String;I)V
10-31 08:42:08.371  6584  6584 D M_InsDal: Lcom/fsck/k9/mail/Flag;---><init>(Ljava/lang/String;I)V
10-31 08:42:08.371  6584  6584 D M_InsDal: Lcom/fsck/k9/mail/Flag;--->values()[Lcom/fsck/k9/mail/Flag;
10-31 08:42:08.371  6584  6584 D M_InsDal: Lcom/fsck/k9/controller/MessagingController;--->getInstance(Landroid/content/Context;)Lcom/fsck/k9/controller/MessagingController;
10-31 08:42:08.371  6584  6584 D M_InsDal: Lcom/fsck/k9/notification/NotificationController;--->newInstance(Landroid/content/Context;)Lcom/fsck/k9/notification/NotificationController;
10-31 08:42:08.371  6584  6584 D M_InsDal: Lcom/fsck/k9/notification/NotificationController;---><init>(Landroid/content/Context;Landroid/support/v4/app/NotificationManagerCompat;)V
10-31 08:42:08.371  6584  6584 D M_InsDal: Lcom/fsck/k9/notification/NotificationActionCreator;---><init>(Landroid/content/Context;)V
10-31 08:42:08.371  6584  6584 D M_InsDal: Lcom/fsck/k9/notification/CertificateErrorNotifications;---><init>(Lcom/fsck/k9/notification/NotificationController;)V
10-31 08:42:08.371  6584  6584 D M_InsDal: Lcom/fsck/k9/notification/AuthenticationErrorNotifications;---><init>(Lcom/fsck/k9/notification/NotificationController;)V
10-31 08:42:08.371  6584  6584 D M_InsDal: Lcom/fsck/k9/notification/SyncNotifications;---><init>(Lcom/fsck/k9/notification/NotificationController;Lcom/fsck/k9/notification/NotificationActionCreator;)V
10-31 08:42:08.371  6584  6584 D M_InsDal: Lcom/fsck/k9/notification/SendFailedNotifications;---><init>(Lcom/fsck/k9/notification/NotificationController;Lcom/fsck/k9/notification/NotificationActionCreator;)V
10-31 08:42:08.371  6584  6584 D M_InsDal: Lcom/fsck/k9/notification/NewMailNotifications;--->newInstance(Lcom/fsck/k9/notification/NotificationController;Lcom/fsck/k9/notification/NotificationActionCreator;)Lcom/fsck/k9/notification/NewMailNotifications;
10-31 08:42:08.371  6584  6584 D M_InsDal: Lcom/fsck/k9/notification/NotificationController;--->getContext()Landroid/content/Context;
10-31 08:42:08.371  6584  6584 D M_InsDal: Lcom/fsck/k9/notification/NotificationContentCreator;---><init>(Landroid/content/Context;)V
10-31 08:42:08.371  6584  6584 D M_InsDal: Lcom/fsck/k9/notification/WearNotifications;---><init>(Lcom/fsck/k9/notification/NotificationController;Lcom/fsck/k9/notification/NotificationActionCreator;)V
10-31 08:42:08.371  6584  6584 D M_InsDal: Lcom/fsck/k9/notification/BaseNotifications;---><init>(Lcom/fsck/k9/notification/NotificationController;Lcom/fsck/k9/notification/NotificationActionCreator;)V
10-31 08:42:08.371  6584  6584 D M_InsDal: Lcom/fsck/k9/notification/NotificationController;--->getContext()Landroid/content/Context;
10-31 08:42:08.371  6584  6584 D M_InsDal: Lcom/fsck/k9/notification/DeviceNotifications;--->newInstance(Lcom/fsck/k9/notification/NotificationController;Lcom/fsck/k9/notification/NotificationActionCreator;Lcom/fsck/k9/notification/WearNotifications;)Lcom/fsck/k9/notification/DeviceNotifications;
10-31 08:42:08.371  6584  6584 D M_InsDal: Lcom/fsck/k9/notification/LockScreenNotification;--->newInstance(Lcom/fsck/k9/notification/NotificationController;)Lcom/fsck/k9/notification/LockScreenNotification;
10-31 08:42:08.371  6584  6584 D M_InsDal: Lcom/fsck/k9/notification/LockScreenNotification;---><init>(Lcom/fsck/k9/notification/NotificationController;)V
10-31 08:42:08.371  6584  6584 D M_InsDal: Lcom/fsck/k9/notification/NotificationController;--->getContext()Landroid/content/Context;
10-31 08:42:08.371  6584  6584 D M_InsDal: Lcom/fsck/k9/notification/DeviceNotifications;---><init>(Lcom/fsck/k9/notification/NotificationController;Lcom/fsck/k9/notification/NotificationActionCreator;Lcom/fsck/k9/notification/LockScreenNotification;Lcom/fsck/k9/notification/WearNotifications;)V
10-31 08:42:08.371  6584  6584 D M_InsDal: Lcom/fsck/k9/notification/BaseNotifications;---><init>(Lcom/fsck/k9/notification/NotificationController;Lcom/fsck/k9/notification/NotificationActionCreator;)V
10-31 08:42:08.371  6584  6584 D M_InsDal: Lcom/fsck/k9/notification/NotificationController;--->getContext()Landroid/content/Context;
10-31 08:42:08.371  6584  6584 D M_InsDal: Lcom/fsck/k9/notification/NewMailNotifications;---><init>(Lcom/fsck/k9/notification/NotificationController;Lcom/fsck/k9/notification/NotificationContentCreator;Lcom/fsck/k9/notification/DeviceNotifications;Lcom/fsck/k9/notification/WearNotifications;)V
10-31 08:42:08.371  6584  6584 D M_InsDal: Lcom/fsck/k9/helper/Contacts;---><clinit>()V
10-31 08:42:08.371  6584  6584 D M_InsDal: Lcom/fsck/k9/helper/Contacts;--->getInstance(Landroid/content/Context;)Lcom/fsck/k9/helper/Contacts;
10-31 08:42:08.371  6584  6584 D M_InsDal: Lcom/fsck/k9/helper/Contacts;---><init>(Landroid/content/Context;)V
10-31 08:42:08.371  6584  6584 D M_InsDal: Lcom/fsck/k9/mail/TransportProvider;---><clinit>()V
10-31 08:42:08.371  6584  6584 D M_InsDal: Lcom/fsck/k9/mail/TransportProvider;---><init>()V
10-31 08:42:08.371  6584  6584 D M_InsDal: Lcom/fsck/k9/mail/TransportProvider;--->getInstance()Lcom/fsck/k9/mail/TransportProvider;
10-31 08:42:08.372  6584  6584 D M_InsDal: Lcom/fsck/k9/controller/MessagingController;---><init>(Landroid/content/Context;Lcom/fsck/k9/notification/NotificationController;Lcom/fsck/k9/helper/Contacts;Lcom/fsck/k9/mail/TransportProvider;)V
10-31 08:42:08.372  6584  6584 D M_InsDal: Lcom/fsck/k9/controller/MemorizingMessagingListener;---><init>()V
10-31 08:42:08.372  6584  6584 D M_InsDal: Lcom/fsck/k9/controller/SimpleMessagingListener;---><init>()V
10-31 08:42:08.372  6584  6584 D M_InsDal: Lcom/fsck/k9/controller/MessagingController$1;---><init>(Lcom/fsck/k9/controller/MessagingController;)V
10-31 08:42:08.372  6584  6584 D M_InsDal: Lcom/fsck/k9/controller/MessagingController;--->addListener(Lcom/fsck/k9/controller/MessagingListener;)V
10-31 08:42:08.373  6584  6584 D M_InsDal: Lcom/fsck/k9/controller/MessagingController;--->refreshListener(Lcom/fsck/k9/controller/MessagingListener;)V
10-31 08:42:08.373  6584  6584 D M_InsDal: Lcom/fsck/k9/controller/MemorizingMessagingListener;--->refreshOther(Lcom/fsck/k9/controller/MessagingListener;)V
10-31 08:42:08.373  6584  6584 D M_InsDal: Lcom/fsck/k9/K9$3;---><init>(Lcom/fsck/k9/K9;)V
10-31 08:42:08.373  6584  6584 D M_InsDal: Lcom/fsck/k9/controller/SimpleMessagingListener;---><init>()V
10-31 08:42:08.373  6584  6584 D M_InsDal: Lcom/fsck/k9/controller/MessagingController;--->addListener(Lcom/fsck/k9/controller/MessagingListener;)V
10-31 08:42:08.373  6584  6584 D M_InsDal: Lcom/fsck/k9/controller/MessagingController;--->refreshListener(Lcom/fsck/k9/controller/MessagingListener;)V
10-31 08:42:08.373  6584  6584 D M_InsDal: Lcom/fsck/k9/controller/MemorizingMessagingListener;--->refreshOther(Lcom/fsck/k9/controller/MessagingListener;)V
10-31 08:42:08.373  6584  6584 D M_InsDal: Lcom/fsck/k9/K9;--->notifyObservers()V
10-31 08:42:08.373  6584  6584 D M_InsDal: Lcom/fsck/k9/provider/MessageProvider$1;--->initializeComponent(Landroid/app/Application;)V
10-31 08:42:08.373  6584  6584 D M_InsDal: Lcom/fsck/k9/controller/MessagingController;--->getInstance(Landroid/content/Context;)Lcom/fsck/k9/controller/MessagingController;
10-31 08:42:08.373  6584  6584 D M_InsDal: Lcom/fsck/k9/provider/MessageProvider$1$1;---><init>(Lcom/fsck/k9/provider/MessageProvider$1;Landroid/app/Application;)V
10-31 08:42:08.373  6584  6584 D M_InsDal: Lcom/fsck/k9/controller/SimpleMessagingListener;---><init>()V
10-31 08:42:08.373  6584  6584 D M_InsDal: Lcom/fsck/k9/controller/MessagingController;--->addListener(Lcom/fsck/k9/controller/MessagingListener;)V
10-31 08:42:08.373  6584  6603 D M_InsDal: Lcom/fsck/k9/controller/MessagingController$1;--->run()V
10-31 08:42:08.373  6584  6584 D M_InsDal: Lcom/fsck/k9/controller/MessagingController;--->refreshListener(Lcom/fsck/k9/controller/MessagingListener;)V
10-31 08:42:08.373  6584  6584 D M_InsDal: Lcom/fsck/k9/controller/MemorizingMessagingListener;--->refreshOther(Lcom/fsck/k9/controller/MessagingListener;)V
10-31 08:42:08.373  6584  6603 D M_InsDal: Lcom/fsck/k9/controller/MessagingController;--->runInBackground()V
10-31 08:42:08.377  6584  6584 D M_InsDal: Lcom/fsck/k9/activity/setup/AccountSetupCheckSettings;---><init>()V
10-31 08:42:08.377  6584  6584 D M_InsDal: Lcom/fsck/k9/activity/K9Activity;---><init>()V
10-31 08:42:08.379  6584  6584 D M_InsDal: Lcom/fsck/k9/activity/K9Activity;--->onCreate(Landroid/os/Bundle;)V
10-31 08:42:08.380  6584  6584 D M_InsDal: Lcom/fsck/k9/activity/K9ActivityCommon;--->newInstance(Landroid/app/Activity;)Lcom/fsck/k9/activity/K9ActivityCommon;
10-31 08:42:08.380  6584  6584 D M_InsDal: Lcom/fsck/k9/activity/K9ActivityCommon;---><init>(Landroid/app/Activity;)V
10-31 08:42:08.380  6584  6584 D M_InsDal: Lcom/fsck/k9/K9;--->getK9Language()Ljava/lang/String;
10-31 08:42:08.380  6584  6584 D M_InsDal: Lcom/fsck/k9/activity/K9ActivityCommon;--->setLanguage(Landroid/content/Context;Ljava/lang/String;)V
10-31 08:42:08.380  6584  6584 D M_InsDal: Lcom/fsck/k9/K9;--->getK9ThemeResourceId()I
10-31 08:42:08.380  6584  6584 D M_InsDal: Lcom/fsck/k9/K9;--->getK9ThemeResourceId(Lcom/fsck/k9/K9$Theme;)I
10-31 08:42:08.383  6584  6584 D M_InsDal: Lcom/fsck/k9/activity/setup/AccountSetupCheckSettings;--->onCreate(Landroid/os/Bundle;)V
10-31 08:42:08.408  6584  6584 D M_InsDal: Lcom/fsck/k9/activity/setup/AccountSetupCheckSettings;--->setMessage(I)V
10-31 08:42:08.408  6584  6584 D M_InsDal: Lcom/fsck/k9/Preferences;--->getPreferences(Landroid/content/Context;)Lcom/fsck/k9/Preferences;
10-31 08:42:08.408  6584  6584 D M_InsDal: Lcom/fsck/k9/Preferences;--->getAccount(Ljava/lang/String;)Lcom/fsck/k9/Account;
10-31 08:42:08.409  6584  6584 D M_InsDal: Lcom/fsck/k9/activity/setup/AccountSetupCheckSettings$CheckAccountTask;---><init>(Lcom/fsck/k9/activity/setup/AccountSetupCheckSettings;Lcom/fsck/k9/Account;)V
10-31 08:42:08.409  6584  6605 D M_InsDal: Lcom/fsck/k9/activity/setup/AccountSetupCheckSettings$CheckAccountTask;--->doInBackground([Lcom/fsck/k9/activity/setup/AccountSetupCheckSettings$CheckDirection;)Ljava/lang/Void;
10-31 08:42:08.410  6584  6605 D M_InsDal: Lcom/fsck/k9/activity/setup/AccountSetupCheckSettings$CheckAccountTask;--->cancelled()Z
10-31 08:42:08.410  6584  6605 D M_InsDal: Lcom/fsck/k9/activity/setup/AccountSetupCheckSettings$CheckAccountTask;--->clearCertificateErrorNotifications(Lcom/fsck/k9/activity/setup/AccountSetupCheckSettings$CheckDirection;)V
10-31 08:42:08.410  6584  6605 D M_InsDal: Lcom/fsck/k9/controller/MessagingController;--->getInstance(Landroid/content/Context;)Lcom/fsck/k9/controller/MessagingController;
10-31 08:42:08.410  6584  6605 D M_InsDal: Lcom/fsck/k9/controller/MessagingController;--->clearCertificateErrorNotifications(Lcom/fsck/k9/Account;Lcom/fsck/k9/activity/setup/AccountSetupCheckSettings$CheckDirection;)V
10-31 08:42:08.410  6584  6605 D M_InsDal: Lcom/fsck/k9/activity/setup/AccountSetupCheckSettings$CheckDirection;---><clinit>()V
10-31 08:42:08.410  6584  6605 D M_InsDal: Lcom/fsck/k9/activity/setup/AccountSetupCheckSettings$CheckDirection;---><init>(Ljava/lang/String;I)V
10-31 08:42:08.410  6584  6605 D M_InsDal: Lcom/fsck/k9/activity/setup/AccountSetupCheckSettings$CheckDirection;---><init>(Ljava/lang/String;I)V
10-31 08:42:08.410  6584  6605 D M_InsDal: Lcom/fsck/k9/notification/NotificationController;--->clearCertificateErrorNotifications(Lcom/fsck/k9/Account;Z)V
10-31 08:42:08.410  6584  6605 D M_InsDal: Lcom/fsck/k9/notification/CertificateErrorNotifications;--->clearCertificateErrorNotifications(Lcom/fsck/k9/Account;Z)V
10-31 08:42:08.410  6584  6605 D M_InsDal: Lcom/fsck/k9/notification/NotificationIds;--->getCertificateErrorNotificationId(Lcom/fsck/k9/Account;Z)I
10-31 08:42:08.410  6584  6605 D M_InsDal: Lcom/fsck/k9/notification/NotificationIds;--->getBaseNotificationId(Lcom/fsck/k9/Account;)I
10-31 08:42:08.410  6584  6605 D M_InsDal: Lcom/fsck/k9/activity/setup/AccountSetupCheckSettings;--->showErrorDialog(I[Ljava/lang/Object;)V
10-31 08:42:08.410  6584  6605 D M_InsDal: Lcom/fsck/k9/activity/setup/AccountSetupCheckSettings$2;---><init>(Lcom/fsck/k9/activity/setup/AccountSetupCheckSettings;I[Ljava/lang/Object;)V
10-31 08:42:08.423  6584  6584 D M_InsDal: Lcom/fsck/k9/service/MailService;---><init>()V
10-31 08:42:08.423  6584  6584 D M_InsDal: Lcom/fsck/k9/service/CoreService;---><init>()V
10-31 08:42:08.423  6584  6584 D M_InsDal: Lcom/fsck/k9/service/CoreService;--->onCreate()V
10-31 08:42:08.423  6584  6584 D M_InsDal: Lcom/fsck/k9/service/MailService;--->onCreate()V
10-31 08:42:08.424  6584  6584 D M_InsDal: Lcom/fsck/k9/service/CoreService;--->onStartCommand(Landroid/content/Intent;II)I
10-31 08:42:08.424  6584  6584 D M_InsDal: Lcom/fsck/k9/service/CoreService;--->acquireWakeLock(Landroid/content/Context;Ljava/lang/String;J)Lcom/fsck/k9/mail/power/TracingPowerManager$TracingWakeLock;
10-31 08:42:08.424  6584  6584 D M_InsDal: Lcom/fsck/k9/mail/power/TracingPowerManager;--->getPowerManager(Landroid/content/Context;)Lcom/fsck/k9/mail/power/TracingPowerManager;
10-31 08:42:08.424  6584  6584 D M_InsDal: Lcom/fsck/k9/mail/power/TracingPowerManager;--->newWakeLock(ILjava/lang/String;)Lcom/fsck/k9/mail/power/TracingPowerManager$TracingWakeLock;
10-31 08:42:08.424  6584  6584 D M_InsDal: Lcom/fsck/k9/mail/power/TracingPowerManager$TracingWakeLock;---><init>(Lcom/fsck/k9/mail/power/TracingPowerManager;ILjava/lang/String;)V
10-31 08:42:08.424  6584  6584 D M_InsDal: Lcom/fsck/k9/mail/K9MailLib;--->isDebug()Z
10-31 08:42:08.424  6584  6584 D M_InsDal: Lcom/fsck/k9/K9$2;--->enabled()Z
10-31 08:42:08.424  6584  6584 D M_InsDal: Lcom/fsck/k9/mail/power/TracingPowerManager$TracingWakeLock;--->setReferenceCounted(Z)V
10-31 08:42:08.424  6584  6584 D M_InsDal: Lcom/fsck/k9/mail/power/TracingPowerManager$TracingWakeLock;--->acquire(J)V
10-31 08:42:08.424  6584  6584 D M_InsDal: Lcom/fsck/k9/mail/K9MailLib;--->isDebug()Z
10-31 08:42:08.424  6584  6584 D M_InsDal: Lcom/fsck/k9/K9$2;--->enabled()Z
10-31 08:42:08.424  6584  6584 D M_InsDal: Lcom/fsck/k9/mail/power/TracingPowerManager$TracingWakeLock;--->raiseNotification()V
10-31 08:42:08.425  6584  6584 D M_InsDal: Lcom/fsck/k9/mail/power/TracingPowerManager$TracingWakeLock;--->release()V
10-31 08:42:08.425  6584  6584 D M_InsDal: Lcom/fsck/k9/mail/K9MailLib;--->isDebug()Z
10-31 08:42:08.425  6584  6584 D M_InsDal: Lcom/fsck/k9/K9$2;--->enabled()Z
10-31 08:42:08.425  6584  6584 D M_InsDal: Lcom/fsck/k9/mail/power/TracingPowerManager$TracingWakeLock;--->cancelNotification()V
10-31 08:42:08.427  6584  6584 D M_InsDal: Lcom/fsck/k9/service/MailService;--->startService(Landroid/content/Intent;I)I
10-31 08:42:08.427  6584  6584 D M_InsDal: Lcom/fsck/k9/service/MailService;--->isSyncDisabled()Z
10-31 08:42:08.427  6584  6584 D M_InsDal: Lcom/fsck/k9/helper/Utility;--->hasConnectivity(Landroid/content/Context;)Z
10-31 08:42:08.428  6584  6584 D M_InsDal: Lcom/fsck/k9/K9;--->getBackgroundOps()Lcom/fsck/k9/K9$BACKGROUND_OPS;
10-31 08:42:08.428  6584  6584 D M_InsDal: Lcom/fsck/k9/service/MailService$5;---><clinit>()V
10-31 08:42:08.428  6584  6584 D M_InsDal: Lcom/fsck/k9/K9$BACKGROUND_OPS;--->values()[Lcom/fsck/k9/K9$BACKGROUND_OPS;
10-31 08:42:08.429  6584  6584 D M_InsDal: Lcom/fsck/k9/service/MailService;--->rescheduleAllInBackground(ZZLjava/lang/Integer;)V
10-31 08:42:08.429  6584  6584 D M_InsDal: Lcom/fsck/k9/service/MailService$1;---><init>(Lcom/fsck/k9/service/MailService;ZZ)V
10-31 08:42:08.429  6584  6584 D M_InsDal: Lcom/fsck/k9/service/CoreService;--->execute(Landroid/content/Context;Ljava/lang/Runnable;ILjava/lang/Integer;)V
10-31 08:42:08.429  6584  6584 D M_InsDal: Lcom/fsck/k9/service/CoreService;--->acquireWakeLock(Landroid/content/Context;Ljava/lang/String;J)Lcom/fsck/k9/mail/power/TracingPowerManager$TracingWakeLock;
10-31 08:42:08.429  6584  6584 D M_InsDal: Lcom/fsck/k9/mail/power/TracingPowerManager;--->getPowerManager(Landroid/content/Context;)Lcom/fsck/k9/mail/power/TracingPowerManager;
10-31 08:42:08.429  6584  6584 D M_InsDal: Lcom/fsck/k9/mail/power/TracingPowerManager;--->newWakeLock(ILjava/lang/String;)Lcom/fsck/k9/mail/power/TracingPowerManager$TracingWakeLock;
10-31 08:42:08.429  6584  6584 D M_InsDal: Lcom/fsck/k9/mail/power/TracingPowerManager$TracingWakeLock;---><init>(Lcom/fsck/k9/mail/power/TracingPowerManager;ILjava/lang/String;)V
10-31 08:42:08.429  6584  6584 D M_InsDal: Lcom/fsck/k9/mail/K9MailLib;--->isDebug()Z
10-31 08:42:08.429  6584  6584 D M_InsDal: Lcom/fsck/k9/K9$2;--->enabled()Z
10-31 08:42:08.429  6584  6584 D M_InsDal: Lcom/fsck/k9/mail/power/TracingPowerManager$TracingWakeLock;--->setReferenceCounted(Z)V
10-31 08:42:08.429  6584  6584 D M_InsDal: Lcom/fsck/k9/mail/power/TracingPowerManager$TracingWakeLock;--->acquire(J)V
10-31 08:42:08.430  6584  6584 D M_InsDal: Lcom/fsck/k9/mail/K9MailLib;--->isDebug()Z
10-31 08:42:08.430  6584  6584 D M_InsDal: Lcom/fsck/k9/K9$2;--->enabled()Z
10-31 08:42:08.430  6584  6584 D M_InsDal: Lcom/fsck/k9/mail/power/TracingPowerManager$TracingWakeLock;--->raiseNotification()V
10-31 08:42:08.430  6584  6584 D M_InsDal: Lcom/fsck/k9/service/CoreService$1;---><init>(Lcom/fsck/k9/service/CoreService;Ljava/lang/Runnable;Ljava/lang/Integer;Lcom/fsck/k9/mail/power/TracingPowerManager$TracingWakeLock;Z)V
10-31 08:42:08.431  6584  6584 D M_InsDal: Lcom/fsck/k9/service/MailService;--->isSyncDisabled()Z
10-31 08:42:08.431  6584  6584 D M_InsDal: Lcom/fsck/k9/mail/power/TracingPowerManager$TracingWakeLock;--->release()V
10-31 08:42:08.431  6584  6584 D M_InsDal: Lcom/fsck/k9/mail/K9MailLib;--->isDebug()Z
10-31 08:42:08.431  6584  6584 D M_InsDal: Lcom/fsck/k9/K9$2;--->enabled()Z
10-31 08:42:08.431  6584  6584 D M_InsDal: Lcom/fsck/k9/mail/power/TracingPowerManager$TracingWakeLock;--->cancelNotification()V
10-31 08:42:08.431  6584  6607 D M_InsDal: Lcom/fsck/k9/service/CoreService$1;--->run()V
10-31 08:42:08.431  6584  6607 D M_InsDal: Lcom/fsck/k9/service/MailService;--->isSyncDisabled()Z
10-31 08:42:08.431  6584  6607 D M_InsDal: Lcom/fsck/k9/service/MailService$1;--->run()V
10-31 08:42:08.431  6584  6607 D M_InsDal: Lcom/fsck/k9/service/MailService;--->reschedulePoll(ZZZ)V
10-31 08:42:08.431  6584  6607 D M_InsDal: Lcom/fsck/k9/Preferences;--->getPreferences(Landroid/content/Context;)Lcom/fsck/k9/Preferences;
10-31 08:42:08.431  6584  6607 D M_InsDal: Lcom/fsck/k9/Preferences;--->getStorage()Lcom/fsck/k9/preferences/Storage;
10-31 08:42:08.431  6584  6607 D M_InsDal: Lcom/fsck/k9/preferences/Storage;--->getInt(Ljava/lang/String;I)I
10-31 08:42:08.431  6584  6607 D M_InsDal: Lcom/fsck/k9/preferences/Storage;--->getLong(Ljava/lang/String;J)J
10-31 08:42:08.431  6584  6607 D M_InsDal: Lcom/fsck/k9/Preferences;--->getAvailableAccounts()Ljava/util/Collection;
10-31 08:42:08.431  6584  6607 D M_InsDal: Lcom/fsck/k9/Preferences;--->getAccounts()Ljava/util/List;
10-31 08:42:08.431  6584  6607 D M_InsDal: Lcom/fsck/k9/Account;--->isEnabled()Z
10-31 08:42:08.431  6584  6607 D M_InsDal: Lcom/fsck/k9/Account;--->isAvailable(Landroid/content/Context;)Z
10-31 08:42:08.431  6584  6607 D M_InsDal: Lcom/fsck/k9/Account;--->getLocalStorageProviderId()Ljava/lang/String;
10-31 08:42:08.431  6584  6607 D M_InsDal: Lcom/fsck/k9/mailstore/StorageManager;--->getInstance(Landroid/content/Context;)Lcom/fsck/k9/mailstore/StorageManager;
10-31 08:42:08.431  6584  6607 D M_InsDal: Lcom/fsck/k9/mailstore/StorageManager;--->isReady(Ljava/lang/String;)Z
10-31 08:42:08.431  6584  6607 D M_InsDal: Lcom/fsck/k9/mailstore/StorageManager;--->getProvider(Ljava/lang/String;)Lcom/fsck/k9/mailstore/StorageManager$StorageProvider;
10-31 08:42:08.431  6584  6607 D M_InsDal: Lcom/fsck/k9/mailstore/StorageManager$InternalStorageProvider;--->isReady(Landroid/content/Context;)Z
10-31 08:42:08.431  6584  6607 D M_InsDal: Lcom/fsck/k9/Account;--->getAutomaticCheckIntervalMinutes()I
10-31 08:42:08.431  6584  6607 D M_InsDal: Lcom/fsck/k9/preferences/Storage;--->edit()Lcom/fsck/k9/preferences/StorageEditor;
10-31 08:42:08.432  6584  6607 D M_InsDal: Lcom/fsck/k9/preferences/StorageEditor;---><init>(Lcom/fsck/k9/preferences/Storage;)V
10-31 08:42:08.432  6584  6607 D M_InsDal: Lcom/fsck/k9/preferences/Storage;--->getAll()Ljava/util/Map;
10-31 08:42:08.432  6584  6607 D M_InsDal: Lcom/fsck/k9/preferences/StorageEditor;--->putInt(Ljava/lang/String;I)Lcom/fsck/k9/preferences/StorageEditor;
10-31 08:42:08.432  6584  6607 D M_InsDal: Lcom/fsck/k9/preferences/StorageEditor;--->commit()Z
10-31 08:42:08.432  6584  6607 D M_InsDal: Lcom/fsck/k9/preferences/StorageEditor;--->commitChanges()V
10-31 08:42:08.432  6584  6607 D M_InsDal: Lcom/fsck/k9/preferences/StorageEditor$1;---><init>(Lcom/fsck/k9/preferences/StorageEditor;)V
10-31 08:42:08.432  6584  6607 D M_InsDal: Lcom/fsck/k9/preferences/Storage;--->doInTransaction(Ljava/lang/Runnable;)V
10-31 08:42:08.432  6584  6607 D M_InsDal: Lcom/fsck/k9/preferences/Storage;--->openDB()Landroid/database/sqlite/SQLiteDatabase;
10-31 08:42:08.433  6584  6584 D M_InsDal: Lcom/fsck/k9/activity/setup/AccountSetupCheckSettings$2;--->run()V
10-31 08:42:08.434  6584  6584 D M_InsDal: Lcom/fsck/k9/activity/setup/AccountSetupCheckSettings;--->showDialogFragment(ILjava/lang/String;)V
10-31 08:42:08.434  6584  6607 D M_InsDal: Lcom/fsck/k9/preferences/StorageEditor$1;--->run()V
10-31 08:42:08.434  6584  6584 D M_InsDal: Lcom/fsck/k9/fragment/ConfirmationDialogFragment;--->newInstance(ILjava/lang/String;Ljava/lang/String;Ljava/lang/String;Ljava/lang/String;)Lcom/fsck/k9/fragment/ConfirmationDialogFragment;
10-31 08:42:08.434  6584  6584 D M_InsDal: Lcom/fsck/k9/fragment/ConfirmationDialogFragment;---><init>()V
10-31 08:42:08.434  6584  6607 D M_InsDal: Lcom/fsck/k9/preferences/Storage;--->put(Ljava/util/Map;)V
10-31 08:42:08.434  6584  6584 D M_InsDal: Lcom/fsck/k9/activity/setup/AccountSetupCheckSettings;--->getDialogTag(I)Ljava/lang/String;
10-31 08:42:08.435  6584  6607 D M_InsDal: Lcom/fsck/k9/service/MailService;--->cancel()V
10-31 08:42:08.435  6584  6607 D M_InsDal: Lcom/fsck/k9/service/CoreReceiver;---><clinit>()V
10-31 08:42:08.435  6584  6607 D M_InsDal: Lcom/fsck/k9/service/BootReceiver;--->cancelIntent(Landroid/content/Context;Landroid/content/Intent;)V
10-31 08:42:08.436  6584  6607 D M_InsDal: Lcom/fsck/k9/service/MailService;--->reschedulePushers(ZZ)V
10-31 08:42:08.436  6584  6607 D M_InsDal: Lcom/fsck/k9/service/MailService;--->stopPushers()V
10-31 08:42:08.436  6584  6607 D M_InsDal: Lcom/fsck/k9/controller/MessagingController;--->getInstance(Landroid/content/Context;)Lcom/fsck/k9/controller/MessagingController;
10-31 08:42:08.436  6584  6607 D M_InsDal: Lcom/fsck/k9/controller/MessagingController;--->stopAllPushing()V
10-31 08:42:08.436  6584  6607 D M_InsDal: Lcom/fsck/k9/service/PushService;--->stopService(Landroid/content/Context;)V
10-31 08:42:08.436  6584  6607 D M_InsDal: Lcom/fsck/k9/service/CoreService;--->addWakeLock(Landroid/content/Context;Landroid/content/Intent;)V
10-31 08:42:08.436  6584  6607 D M_InsDal: Lcom/fsck/k9/service/CoreService;--->acquireWakeLock(Landroid/content/Context;Ljava/lang/String;J)Lcom/fsck/k9/mail/power/TracingPowerManager$TracingWakeLock;
10-31 08:42:08.436  6584  6607 D M_InsDal: Lcom/fsck/k9/mail/power/TracingPowerManager;--->getPowerManager(Landroid/content/Context;)Lcom/fsck/k9/mail/power/TracingPowerManager;
10-31 08:42:08.436  6584  6607 D M_InsDal: Lcom/fsck/k9/mail/power/TracingPowerManager;--->newWakeLock(ILjava/lang/String;)Lcom/fsck/k9/mail/power/TracingPowerManager$TracingWakeLock;
