10-31 08:40:49.343  6014  6014 D M_InsDal: Lcom/fsck/k9/Account;--->getSentFolderName()Ljava/lang/String;
10-31 08:40:49.343  6014  6014 D M_InsDal: Lcom/fsck/k9/Account;--->getTrashFolderName()Ljava/lang/String;
10-31 08:40:49.343  6014  6014 D M_InsDal: Lcom/fsck/k9/Account;--->getDraftsFolderName()Ljava/lang/String;
10-31 08:40:49.343  6014  6046 D M_InsDal: Lcom/fsck/k9/provider/EmailProvider$SpecialColumnsCursor;--->getColumnIndex(Ljava/lang/String;)I
10-31 08:40:49.343  6014  6014 D M_InsDal: Lcom/fsck/k9/Account;--->getOutboxFolderName()Ljava/lang/String;
10-31 08:40:49.343  6014  6046 D M_InsDal: Lcom/fsck/k9/provider/EmailProvider$SpecialColumnsCursor;--->getColumnIndex(Ljava/lang/String;)I
10-31 08:40:49.343  6014  6014 D M_InsDal: Lcom/fsck/k9/Account;--->getInboxFolderName()Ljava/lang/String;
10-31 08:40:49.343  6014  6036 D M_InsDal: Lcom/fsck/k9/controller/MessagingController$24;--->run()V
10-31 08:40:49.343  6014  6046 D M_InsDal: Lcom/fsck/k9/provider/EmailProvider$SpecialColumnsCursor;--->getColumnIndex(Ljava/lang/String;)I
10-31 08:40:49.343  6014  6036 D M_InsDal: Lcom/fsck/k9/Account;--->getLocalStore()Lcom/fsck/k9/mailstore/LocalStore;
10-31 08:40:49.343  6014  6036 D M_InsDal: Lcom/fsck/k9/mailstore/LocalStore;--->getInstance(Lcom/fsck/k9/Account;Landroid/content/Context;)Lcom/fsck/k9/mailstore/LocalStore;
10-31 08:40:49.343  6014  6036 D M_InsDal: Lcom/fsck/k9/Account;--->getUuid()Ljava/lang/String;
10-31 08:40:49.343  6014  6036 D M_InsDal: Lcom/fsck/k9/mailstore/LocalStore;--->getFolder(Ljava/lang/String;)Lcom/fsck/k9/mailstore/LocalFolder;
10-31 08:40:49.343  6014  6014 D M_InsDal: Lcom/fsck/k9/activity/MessageList;--->setMessageListTitle(Ljava/lang/String;)V
10-31 08:40:49.343  6014  6036 D M_InsDal: Lcom/fsck/k9/mailstore/LocalFolder;---><init>(Lcom/fsck/k9/mailstore/LocalStore;Ljava/lang/String;)V
10-31 08:40:49.343  6014  6036 D M_InsDal: Lcom/fsck/k9/mail/Folder;---><init>()V
10-31 08:40:49.343  6014  6014 D M_InsDal: Lcom/fsck/k9/activity/MessageList;--->setActionBarTitle(Ljava/lang/String;)V
10-31 08:40:49.343  6014  6036 D M_InsDal: Lcom/fsck/k9/mailstore/LocalStore;--->getAttachmentInfoExtractor()Lcom/fsck/k9/message/extractors/AttachmentInfoExtractor;
10-31 08:40:49.343  6014  6036 D M_InsDal: Lcom/fsck/k9/mailstore/LocalFolder;--->getAccount()Lcom/fsck/k9/Account;
10-31 08:40:49.343  6014  6036 D M_InsDal: Lcom/fsck/k9/mailstore/LocalStore;--->getAccount()Lcom/fsck/k9/Account;
10-31 08:40:49.343  6014  6036 D M_InsDal: Lcom/fsck/k9/Account;--->getInboxFolderName()Ljava/lang/String;
10-31 08:40:49.343  6014  6036 D M_InsDal: Lcom/fsck/k9/mailstore/LocalFolder;--->getName()Ljava/lang/String;
10-31 08:40:49.343  6014  6014 D M_InsDal: Lcom/fsck/k9/activity/ActivityListener;--->getOperation(Landroid/content/Context;)Ljava/lang/String;
10-31 08:40:49.343  6014  6036 D M_InsDal: Lcom/fsck/k9/mailstore/LocalFolder;--->getUnreadMessageCount()I
10-31 08:40:49.343  6014  6036 D M_InsDal: Lcom/fsck/k9/mailstore/LocalFolder;--->open(I)V
10-31 08:40:49.343  6014  6014 D M_InsDal: Lcom/fsck/k9/service/MailService;--->getNextPollTime()J
10-31 08:40:49.343  6014  6036 D M_InsDal: Lcom/fsck/k9/mailstore/LocalFolder;--->isOpen()Z
10-31 08:40:49.343  6014  6014 D M_InsDal: Lcom/fsck/k9/K9;--->isDebug()Z
10-31 08:40:49.343  6014  6036 D M_InsDal: Lcom/fsck/k9/mailstore/LocalFolder;--->isOpen()Z
10-31 08:40:49.343  6014  6014 D M_InsDal: Lcom/fsck/k9/service/MailService;--->isSyncDisabled()Z
10-31 08:40:49.343  6014  6036 D M_InsDal: Lcom/fsck/k9/mailstore/LocalStore;--->getDatabase()Lcom/fsck/k9/mailstore/LockableDatabase;
10-31 08:40:49.343  6014  6036 D M_InsDal: Lcom/fsck/k9/mailstore/LocalFolder$1;---><init>(Lcom/fsck/k9/mailstore/LocalFolder;I)V
10-31 08:40:49.343  6014  6036 D M_InsDal: Lcom/fsck/k9/mailstore/LockableDatabase;--->execute(ZLcom/fsck/k9/mailstore/LockableDatabase$DbCallback;)Ljava/lang/Object;
10-31 08:40:49.343  6014  6036 D M_InsDal: Lcom/fsck/k9/mailstore/LockableDatabase;--->lockRead()V
10-31 08:40:49.343  6014  6036 D M_InsDal: Lcom/fsck/k9/mailstore/LockableDatabase;--->getStorageManager()Lcom/fsck/k9/mailstore/StorageManager;
10-31 08:40:49.343  6014  6014 D M_InsDal: Lcom/fsck/k9/activity/MessageList;--->setMessageListSubTitle(Ljava/lang/String;)V
10-31 08:40:49.343  6014  6036 D M_InsDal: Lcom/fsck/k9/mailstore/StorageManager;--->getInstance(Landroid/content/Context;)Lcom/fsck/k9/mailstore/StorageManager;
10-31 08:40:49.343  6014  6014 D M_InsDal: Lcom/fsck/k9/activity/MessageList;--->setActionBarSubTitle(Ljava/lang/String;)V
10-31 08:40:49.343  6014  6036 D M_InsDal: Lcom/fsck/k9/mailstore/StorageManager;--->lockProvider(Ljava/lang/String;)V
10-31 08:40:49.343  6014  6036 D M_InsDal: Lcom/fsck/k9/mailstore/StorageManager;--->getProvider(Ljava/lang/String;)Lcom/fsck/k9/mailstore/StorageManager$StorageProvider;
10-31 08:40:49.343  6014  6014 D M_InsDal: Lcom/fsck/k9/activity/MessageList;--->setUnreadCount(I)V
10-31 08:40:49.343  6014  6014 D M_InsDal: Lcom/fsck/k9/activity/MessageList;--->setActionBarUnread(I)V
10-31 08:40:49.343  6014  6036 D M_InsDal: Lcom/fsck/k9/mailstore/StorageManager$InternalStorageProvider;--->isReady(Landroid/content/Context;)Z
10-31 08:40:49.343  6014  6014 D M_InsDal: Lcom/fsck/k9/search/LocalSearch;--->isManualSearch()Z
10-31 08:40:49.343  6014  6036 D M_InsDal: Lcom/fsck/k9/K9;--->isDebug()Z
10-31 08:40:49.343  6014  6036 D M_InsDal: Lcom/fsck/k9/mailstore/LocalFolder$1;--->doDbWork(Landroid/database/sqlite/SQLiteDatabase;)Ljava/lang/Void;
10-31 08:40:49.343  6014  6014 D M_InsDal: Lcom/fsck/k9/fragment/MessageListFragment;--->setWindowProgress()V
10-31 08:40:49.343  6014  6014 D M_InsDal: Lcom/fsck/k9/activity/MessageList;--->setMessageListProgress(I)V
10-31 08:40:49.343  6014  6046 D M_InsDal: Lcom/fsck/k9/provider/EmailProvider$SpecialColumnsCursor;--->getLong(I)J
10-31 08:40:49.343  6014  6046 D M_InsDal: Lcom/fsck/k9/provider/EmailProvider$SpecialColumnsCursor;--->getLong(I)J
10-31 08:40:49.343  6014  6046 D M_InsDal: Lcom/fsck/k9/cache/EmailProviderCache;--->isMessageHidden(Ljava/lang/Long;J)Z
10-31 08:40:49.343  6014  6046 D M_InsDal: Lcom/fsck/k9/provider/EmailProvider$SpecialColumnsCursor;--->getLong(I)J
10-31 08:40:49.343  6014  6046 D M_InsDal: Lcom/fsck/k9/provider/EmailProvider$SpecialColumnsCursor;--->getLong(I)J
10-31 08:40:49.343  6014  6046 D M_InsDal: Lcom/fsck/k9/cache/EmailProviderCache;--->isMessageHidden(Ljava/lang/Long;J)Z
10-31 08:40:49.343  6014  6046 D M_InsDal: Lcom/fsck/k9/provider/EmailProvider$SpecialColumnsCursor;--->getLong(I)J
10-31 08:40:49.343  6014  6046 D M_InsDal: Lcom/fsck/k9/provider/EmailProvider$SpecialColumnsCursor;--->getLong(I)J
10-31 08:40:49.343  6014  6046 D M_InsDal: Lcom/fsck/k9/cache/EmailProviderCache;--->isMessageHidden(Ljava/lang/Long;J)Z
10-31 08:40:49.343  6014  6046 D M_InsDal: Lcom/fsck/k9/provider/EmailProvider$SpecialColumnsCursor;--->getLong(I)J
10-31 08:40:49.343  6014  6046 D M_InsDal: Lcom/fsck/k9/provider/EmailProvider$SpecialColumnsCursor;--->getLong(I)J
10-31 08:40:49.343  6014  6046 D M_InsDal: Lcom/fsck/k9/cache/EmailProviderCache;--->isMessageHidden(Ljava/lang/Long;J)Z
10-31 08:40:49.343  6014  6046 D M_InsDal: Lcom/fsck/k9/provider/EmailProvider$SpecialColumnsCursor;--->getLong(I)J
10-31 08:40:49.343  6014  6046 D M_InsDal: Lcom/fsck/k9/provider/EmailProvider$SpecialColumnsCursor;--->getLong(I)J
10-31 08:40:49.343  6014  6046 D M_InsDal: Lcom/fsck/k9/cache/EmailProviderCache;--->isMessageHidden(Ljava/lang/Long;J)Z
10-31 08:40:49.343  6014  6046 D M_InsDal: Lcom/fsck/k9/provider/EmailProvider$SpecialColumnsCursor;--->getLong(I)J
10-31 08:40:49.343  6014  6046 D M_InsDal: Lcom/fsck/k9/provider/EmailProvider$SpecialColumnsCursor;--->getLong(I)J
10-31 08:40:49.343  6014  6046 D M_InsDal: Lcom/fsck/k9/cache/EmailProviderCache;--->isMessageHidden(Ljava/lang/Long;J)Z
10-31 08:40:49.343  6014  6046 D M_InsDal: Lcom/fsck/k9/provider/EmailProvider$SpecialColumnsCursor;--->getLong(I)J
10-31 08:40:49.343  6014  6046 D M_InsDal: Lcom/fsck/k9/provider/EmailProvider$SpecialColumnsCursor;--->getLong(I)J
10-31 08:40:49.343  6014  6046 D M_InsDal: Lcom/fsck/k9/cache/EmailProviderCache;--->isMessageHidden(Ljava/lang/Long;J)Z
10-31 08:40:49.343  6014  6046 D M_InsDal: Lcom/fsck/k9/provider/EmailProvider$SpecialColumnsCursor;--->getLong(I)J
10-31 08:40:49.343  6014  6046 D M_InsDal: Lcom/fsck/k9/provider/EmailProvider$SpecialColumnsCursor;--->getLong(I)J
10-31 08:40:49.343  6014  6046 D M_InsDal: Lcom/fsck/k9/cache/EmailProviderCache;--->isMessageHidden(Ljava/lang/Long;J)Z
10-31 08:40:49.343  6014  6046 D M_InsDal: Lcom/fsck/k9/cache/EmailProviderCacheCursor;--->getCount()I
10-31 08:40:49.343  6014  6046 D M_InsDal: Lcom/fsck/k9/cache/EmailProviderCacheCursor;--->getCount()I
10-31 08:40:49.344  6014  6036 D M_InsDal: Lcom/fsck/k9/mailstore/LocalFolder;--->open(Landroid/database/Cursor;)V
10-31 08:40:49.344  6014  6036 D M_InsDal: Lcom/fsck/k9/mail/Folder;--->setStatus(Ljava/lang/String;)V
10-31 08:40:49.344  6014  6036 D M_InsDal: Lcom/fsck/k9/mail/Folder;--->setLastChecked(J)V
10-31 08:40:49.344  6014  6036 D M_InsDal: Lcom/fsck/k9/mail/Folder;--->setLastPush(J)V
10-31 08:40:49.344  6014  6036 D M_InsDal: Lcom/fsck/k9/mail/Folder$FolderClass;--->valueOf(Ljava/lang/String;)Lcom/fsck/k9/mail/Folder$FolderClass;
10-31 08:40:49.344  6014  6036 D M_InsDal: Lcom/fsck/k9/mail/Folder$FolderClass;--->valueOf(Ljava/lang/String;)Lcom/fsck/k9/mail/Folder$FolderClass;
10-31 08:40:49.344  6014  6036 D M_InsDal: Lcom/fsck/k9/mailstore/LocalFolder$MoreMessages;--->fromDatabaseName(Ljava/lang/String;)Lcom/fsck/k9/mailstore/LocalFolder$MoreMessages;
10-31 08:40:49.344  6014  6036 D M_InsDal: Lcom/fsck/k9/mailstore/LocalFolder$MoreMessages;--->values()[Lcom/fsck/k9/mailstore/LocalFolder$MoreMessages;
10-31 08:40:49.344  6014  6036 D M_InsDal: Lcom/fsck/k9/helper/Utility;--->closeQuietly(Landroid/database/Cursor;)V
10-31 08:40:49.344  6014  6036 D M_InsDal: Lcom/fsck/k9/mailstore/LockableDatabase;--->unlockRead()V
10-31 08:40:49.344  6014  6036 D M_InsDal: Lcom/fsck/k9/mailstore/LockableDatabase;--->getStorageManager()Lcom/fsck/k9/mailstore/StorageManager;
10-31 08:40:49.344  6014  6036 D M_InsDal: Lcom/fsck/k9/mailstore/StorageManager;--->getInstance(Landroid/content/Context;)Lcom/fsck/k9/mailstore/StorageManager;
10-31 08:40:49.344  6014  6036 D M_InsDal: Lcom/fsck/k9/mailstore/StorageManager;--->unlockProvider(Ljava/lang/String;)V
10-31 08:40:49.344  6014  6036 D M_InsDal: Lcom/fsck/k9/mailstore/StorageManager;--->getProvider(Ljava/lang/String;)Lcom/fsck/k9/mailstore/StorageManager$StorageProvider;
10-31 08:40:49.344  6014  6036 D M_InsDal: Lcom/fsck/k9/mailstore/LocalStore;--->getDatabase()Lcom/fsck/k9/mailstore/LockableDatabase;
10-31 08:40:49.344  6014  6036 D M_InsDal: Lcom/fsck/k9/mailstore/LocalFolder$4;---><init>(Lcom/fsck/k9/mailstore/LocalFolder;)V
10-31 08:40:49.344  6014  6036 D M_InsDal: Lcom/fsck/k9/mailstore/LockableDatabase;--->execute(ZLcom/fsck/k9/mailstore/LockableDatabase$DbCallback;)Ljava/lang/Object;
10-31 08:40:49.344  6014  6036 D M_InsDal: Lcom/fsck/k9/mailstore/LockableDatabase;--->lockRead()V
10-31 08:40:49.344  6014  6036 D M_InsDal: Lcom/fsck/k9/mailstore/LockableDatabase;--->getStorageManager()Lcom/fsck/k9/mailstore/StorageManager;
10-31 08:40:49.344  6014  6036 D M_InsDal: Lcom/fsck/k9/mailstore/StorageManager;--->getInstance(Landroid/content/Context;)Lcom/fsck/k9/mailstore/StorageManager;
10-31 08:40:49.344  6014  6036 D M_InsDal: Lcom/fsck/k9/mailstore/StorageManager;--->lockProvider(Ljava/lang/String;)V
10-31 08:40:49.344  6014  6036 D M_InsDal: Lcom/fsck/k9/mailstore/StorageManager;--->getProvider(Ljava/lang/String;)Lcom/fsck/k9/mailstore/StorageManager$StorageProvider;
10-31 08:40:49.344  6014  6036 D M_InsDal: Lcom/fsck/k9/mailstore/StorageManager$InternalStorageProvider;--->isReady(Landroid/content/Context;)Z
10-31 08:40:49.344  6014  6036 D M_InsDal: Lcom/fsck/k9/K9;--->isDebug()Z
10-31 08:40:49.344  6014  6036 D M_InsDal: Lcom/fsck/k9/mailstore/LocalFolder$4;--->doDbWork(Landroid/database/sqlite/SQLiteDatabase;)Ljava/lang/Integer;
10-31 08:40:49.344  6014  6036 D M_InsDal: Lcom/fsck/k9/mailstore/LockableDatabase;--->unlockRead()V
10-31 08:40:49.344  6014  6036 D M_InsDal: Lcom/fsck/k9/mailstore/LockableDatabase;--->getStorageManager()Lcom/fsck/k9/mailstore/StorageManager;
10-31 08:40:49.344  6014  6036 D M_InsDal: Lcom/fsck/k9/mailstore/StorageManager;--->getInstance(Landroid/content/Context;)Lcom/fsck/k9/mailstore/StorageManager;
10-31 08:40:49.344  6014  6036 D M_InsDal: Lcom/fsck/k9/mailstore/StorageManager;--->unlockProvider(Ljava/lang/String;)V
10-31 08:40:49.344  6014  6036 D M_InsDal: Lcom/fsck/k9/mailstore/StorageManager;--->getProvider(Ljava/lang/String;)Lcom/fsck/k9/mailstore/StorageManager$StorageProvider;
10-31 08:40:49.344  6014  6036 D M_InsDal: Lcom/fsck/k9/fragment/MessageListFragment$MessageListActivityListener;--->folderStatusChanged(Lcom/fsck/k9/Account;Ljava/lang/String;I)V
10-31 08:40:49.344  6014  6036 D M_InsDal: Lcom/fsck/k9/fragment/MessageListFragment;--->isSingleAccountMode()Z
10-31 08:40:49.344  6014  6036 D M_InsDal: Lcom/fsck/k9/fragment/MessageListFragment;--->isSingleFolderMode()Z
10-31 08:40:49.344  6014  6036 D M_InsDal: Lcom/fsck/k9/Account;--->equals(Ljava/lang/Object;)Z
10-31 08:40:49.344  6014  6036 D M_InsDal: Lcom/fsck/k9/activity/ActivityListener;--->folderStatusChanged(Lcom/fsck/k9/Account;Ljava/lang/String;I)V
10-31 08:40:49.344  6014  6036 D M_InsDal: Lcom/fsck/k9/fragment/MessageListFragment$MessageListActivityListener;--->informUserOfStatus()V
10-31 08:40:49.344  6014  6036 D M_InsDal: Lcom/fsck/k9/fragment/MessageListHandler;--->refreshTitle()V
10-31 08:40:49.350  6014  6014 D M_InsDal: Lcom/fsck/k9/service/BootReceiver;---><init>()V
10-31 08:40:49.350  6014  6014 D M_InsDal: Lcom/fsck/k9/service/CoreReceiver;---><init>()V
10-31 08:40:49.350  6014  6014 D M_InsDal: Lcom/fsck/k9/service/CoreReceiver;--->onReceive(Landroid/content/Context;Landroid/content/Intent;)V
10-31 08:40:49.350  6014  6014 D M_InsDal: Lcom/fsck/k9/service/CoreReceiver;--->getWakeLock(Landroid/content/Context;)Ljava/lang/Integer;
10-31 08:40:49.350  6014  6014 D M_InsDal: Lcom/fsck/k9/mail/power/TracingPowerManager;--->getPowerManager(Landroid/content/Context;)Lcom/fsck/k9/mail/power/TracingPowerManager;
10-31 08:40:49.350  6014  6014 D M_InsDal: Lcom/fsck/k9/mail/power/TracingPowerManager;--->newWakeLock(ILjava/lang/String;)Lcom/fsck/k9/mail/power/TracingPowerManager$TracingWakeLock;
10-31 08:40:49.350  6014  6014 D M_InsDal: Lcom/fsck/k9/mail/power/TracingPowerManager$TracingWakeLock;---><init>(Lcom/fsck/k9/mail/power/TracingPowerManager;ILjava/lang/String;)V
10-31 08:40:49.350  6014  6014 D M_InsDal: Lcom/fsck/k9/mail/K9MailLib;--->isDebug()Z
10-31 08:40:49.350  6014  6014 D M_InsDal: Lcom/fsck/k9/K9$2;--->enabled()Z
10-31 08:40:49.350  6014  6014 D M_InsDal: Lcom/fsck/k9/mail/power/TracingPowerManager$TracingWakeLock;--->setReferenceCounted(Z)V
10-31 08:40:49.350  6014  6014 D M_InsDal: Lcom/fsck/k9/mail/power/TracingPowerManager$TracingWakeLock;--->acquire(J)V
10-31 08:40:49.352  6014  6014 D M_InsDal: Lcom/fsck/k9/mail/K9MailLib;--->isDebug()Z
10-31 08:40:49.352  6014  6014 D M_InsDal: Lcom/fsck/k9/K9$2;--->enabled()Z
10-31 08:40:49.352  6014  6014 D M_InsDal: Lcom/fsck/k9/mail/power/TracingPowerManager$TracingWakeLock;--->raiseNotification()V
10-31 08:40:49.352  6014  6014 D M_InsDal: Lcom/fsck/k9/service/BootReceiver;--->receive(Landroid/content/Context;Landroid/content/Intent;Ljava/lang/Integer;)Ljava/lang/Integer;
10-31 08:40:49.352  6014  6014 D M_InsDal: Lcom/fsck/k9/service/BootReceiver;--->buildPendingIntent(Landroid/content/Context;Landroid/content/Intent;)Landroid/app/PendingIntent;
10-31 08:40:49.353  6014  6014 D M_InsDal: Lcom/fsck/k9/helper/K9AlarmManager;--->getAlarmManager(Landroid/content/Context;)Lcom/fsck/k9/helper/K9AlarmManager;
10-31 08:40:49.353  6014  6014 D M_InsDal: Lcom/fsck/k9/power/DozeChecker;---><init>(Landroid/content/Context;)V
10-31 08:40:49.353  6014  6014 D M_InsDal: Lcom/fsck/k9/helper/K9AlarmManager;---><init>(Landroid/app/AlarmManager;Lcom/fsck/k9/power/DozeChecker;)V
10-31 08:40:49.353  6014  6014 D M_InsDal: Lcom/fsck/k9/helper/K9AlarmManager;--->cancel(Landroid/app/PendingIntent;)V
10-31 08:40:49.353  6014  6014 D M_InsDal: Lcom/fsck/k9/service/CoreReceiver;--->releaseWakeLock(Ljava/lang/Integer;)V
10-31 08:40:49.353  6014  6014 D M_InsDal: Lcom/fsck/k9/mail/power/TracingPowerManager$TracingWakeLock;--->release()V
10-31 08:40:49.353  6014  6014 D M_InsDal: Lcom/fsck/k9/mail/K9MailLib;--->isDebug()Z
10-31 08:40:49.353  6014  6014 D M_InsDal: Lcom/fsck/k9/K9$2;--->enabled()Z
10-31 08:40:49.353  6014  6014 D M_InsDal: Lcom/fsck/k9/mail/power/TracingPowerManager$TracingWakeLock;--->cancelNotification()V
10-31 08:40:49.354  6014  6014 D M_InsDal: Lcom/fsck/k9/service/PushService;---><init>()V
10-31 08:40:49.354  6014  6014 D M_InsDal: Lcom/fsck/k9/service/CoreService;---><init>()V
10-31 08:40:49.354  6014  6014 D M_InsDal: Lcom/fsck/k9/service/CoreService;--->onCreate()V
10-31 08:40:49.354  6014  6014 D M_InsDal: Lcom/fsck/k9/service/PushService;--->onCreate()V
10-31 08:40:49.354  6014  6014 D M_InsDal: Lcom/fsck/k9/service/CoreService;--->setAutoShutdown(Z)V
10-31 08:40:49.354  6014  6014 D M_InsDal: Lcom/fsck/k9/service/CoreService;--->onStartCommand(Landroid/content/Intent;II)I
10-31 08:40:49.354  6014  6014 D M_InsDal: Lcom/fsck/k9/service/CoreService;--->acquireWakeLock(Landroid/content/Context;Ljava/lang/String;J)Lcom/fsck/k9/mail/power/TracingPowerManager$TracingWakeLock;
10-31 08:40:49.354  6014  6014 D M_InsDal: Lcom/fsck/k9/mail/power/TracingPowerManager;--->getPowerManager(Landroid/content/Context;)Lcom/fsck/k9/mail/power/TracingPowerManager;
10-31 08:40:49.354  6014  6014 D M_InsDal: Lcom/fsck/k9/mail/power/TracingPowerManager;--->newWakeLock(ILjava/lang/String;)Lcom/fsck/k9/mail/power/TracingPowerManager$TracingWakeLock;
10-31 08:40:49.354  6014  6014 D M_InsDal: Lcom/fsck/k9/mail/power/TracingPowerManager$TracingWakeLock;---><init>(Lcom/fsck/k9/mail/power/TracingPowerManager;ILjava/lang/String;)V
10-31 08:40:49.354  6014  6014 D M_InsDal: Lcom/fsck/k9/mail/K9MailLib;--->isDebug()Z
10-31 08:40:49.354  6014  6014 D M_InsDal: Lcom/fsck/k9/K9$2;--->enabled()Z
10-31 08:40:49.354  6014  6014 D M_InsDal: Lcom/fsck/k9/mail/power/TracingPowerManager$TracingWakeLock;--->setReferenceCounted(Z)V
10-31 08:40:49.354  6014  6014 D M_InsDal: Lcom/fsck/k9/mail/power/TracingPowerManager$TracingWakeLock;--->acquire(J)V
10-31 08:40:49.355  6014  6014 D M_InsDal: Lcom/fsck/k9/mail/K9MailLib;--->isDebug()Z
10-31 08:40:49.355  6014  6014 D M_InsDal: Lcom/fsck/k9/K9$2;--->enabled()Z
10-31 08:40:49.355  6014  6014 D M_InsDal: Lcom/fsck/k9/mail/power/TracingPowerManager$TracingWakeLock;--->raiseNotification()V
10-31 08:40:49.355  6014  6014 D M_InsDal: Lcom/fsck/k9/mail/power/TracingPowerManager$TracingWakeLock;--->release()V
10-31 08:40:49.355  6014  6014 D M_InsDal: Lcom/fsck/k9/mail/K9MailLib;--->isDebug()Z
10-31 08:40:49.355  6014  6014 D M_InsDal: Lcom/fsck/k9/K9$2;--->enabled()Z
10-31 08:40:49.355  6014  6014 D M_InsDal: Lcom/fsck/k9/mail/power/TracingPowerManager$TracingWakeLock;--->cancelNotification()V
10-31 08:40:49.356  6014  6014 D M_InsDal: Lcom/fsck/k9/service/PushService;--->startService(Landroid/content/Intent;I)I
10-31 08:40:49.356  6014  6014 D M_InsDal: Lcom/fsck/k9/mail/power/TracingPowerManager$TracingWakeLock;--->release()V
10-31 08:40:49.356  6014  6014 D M_InsDal: Lcom/fsck/k9/mail/K9MailLib;--->isDebug()Z
10-31 08:40:49.356  6014  6014 D M_InsDal: Lcom/fsck/k9/K9$2;--->enabled()Z
10-31 08:40:49.356  6014  6014 D M_InsDal: Lcom/fsck/k9/mail/power/TracingPowerManager$TracingWakeLock;--->cancelNotification()V
10-31 08:40:49.356  6014  6014 D M_InsDal: Lcom/fsck/k9/service/MailService;--->onDestroy()V
10-31 08:40:49.356  6014  6014 D M_InsDal: Lcom/fsck/k9/service/CoreService;--->onDestroy()V
10-31 08:40:49.357  6014  6014 D M_InsDal: Lcom/fsck/k9/fragment/MessageListFragment;--->onLoadFinished(Landroid/content/Loader;Landroid/database/Cursor;)V
10-31 08:40:49.357  6014  6014 D M_InsDal: Lcom/fsck/k9/fragment/MessageListFragment;--->isPullToRefreshAllowed()Z
10-31 08:40:49.357  6014  6014 D M_InsDal: Lcom/fsck/k9/fragment/MessageListFragment;--->isRemoteSearchAllowed()Z
10-31 08:40:49.357  6014  6014 D M_InsDal: Lcom/fsck/k9/search/LocalSearch;--->isManualSearch()Z
10-31 08:40:49.357  6014  6014 D M_InsDal: Lcom/fsck/k9/fragment/MessageListFragment;--->isCheckMailAllowed()Z
10-31 08:40:49.357  6014  6014 D M_InsDal: Lcom/fsck/k9/fragment/MessageListFragment;--->isManualSearch()Z
10-31 08:40:49.357  6014  6014 D M_InsDal: Lcom/fsck/k9/search/LocalSearch;--->isManualSearch()Z
10-31 08:40:49.357  6014  6014 D M_InsDal: Lcom/fsck/k9/fragment/MessageListFragment;--->isCheckMailSupported()Z
10-31 08:40:49.357  6014  6014 D M_InsDal: Lcom/fsck/k9/fragment/MessageListFragment;--->isSingleAccountMode()Z
10-31 08:40:49.357  6014  6014 D M_InsDal: Lcom/fsck/k9/fragment/MessageListFragment;--->isSingleFolderMode()Z
10-31 08:40:49.357  6014  6014 D M_InsDal: Lcom/fsck/k9/fragment/MessageListFragment;--->isRemoteFolder()Z
10-31 08:40:49.357  6014  6014 D M_InsDal: Lcom/fsck/k9/search/LocalSearch;--->isManualSearch()Z
10-31 08:40:49.357  6014  6014 D M_InsDal: Lcom/fsck/k9/fragment/MessageListFragment;--->isOutbox()Z
10-31 08:40:49.357  6014  6014 D M_InsDal: Lcom/fsck/k9/Account;--->getOutboxFolderName()Ljava/lang/String;
10-31 08:40:49.357  6014  6014 D M_InsDal: Lcom/fsck/k9/controller/MessagingController;--->isMoveCapable(Lcom/fsck/k9/Account;)Z
10-31 08:40:49.357  6014  6014 D M_InsDal: Lcom/fsck/k9/Account;--->getLocalStore()Lcom/fsck/k9/mailstore/LocalStore;
10-31 08:40:49.357  6014  6014 D M_InsDal: Lcom/fsck/k9/mailstore/LocalStore;--->getInstance(Lcom/fsck/k9/Account;Landroid/content/Context;)Lcom/fsck/k9/mailstore/LocalStore;
10-31 08:40:49.357  6014  6014 D M_InsDal: Lcom/fsck/k9/Account;--->getUuid()Ljava/lang/String;
10-31 08:40:49.357  6014  6014 D M_InsDal: Lcom/fsck/k9/Account;--->getRemoteStore()Lcom/fsck/k9/mail/Store;
10-31 08:40:49.357  6014  6014 D M_InsDal: Lcom/fsck/k9/mail/store/RemoteStore;--->getInstance(Landroid/content/Context;Lcom/fsck/k9/mail/store/StoreConfig;)Lcom/fsck/k9/mail/Store;
10-31 08:40:49.357  6014  6014 D M_InsDal: Lcom/fsck/k9/Account;--->getStoreUri()Ljava/lang/String;
10-31 08:40:49.357  6014  6014 D M_InsDal: Lcom/fsck/k9/mailstore/LocalStore;--->isMoveCapable()Z
10-31 08:40:49.357  6014  6014 D M_InsDal: Lcom/fsck/k9/mail/Store;--->isMoveCapable()Z
10-31 08:40:49.357  6014  6014 D M_InsDal: Lcom/fsck/k9/Account;--->getInboxFolderName()Ljava/lang/String;
10-31 08:40:49.357  6014  6014 D M_InsDal: Lcom/fsck/k9/fragment/MessageListFragment;--->cleanupSelected(Landroid/database/Cursor;)V
10-31 08:40:49.357  6014  6014 D M_InsDal: Lcom/fsck/k9/fragment/MessageListFragment;--->updateContextMenu(Landroid/database/Cursor;)V
10-31 08:40:49.357  6014  6014 D M_InsDal: Lcom/fsck/k9/provider/EmailProvider$SpecialColumnsCursor;--->getColumnIndexOrThrow(Ljava/lang/String;)I
10-31 08:40:49.357  6014  6014 D M_InsDal: Lcom/fsck/k9/provider/EmailProvider$SpecialColumnsCursor;--->getColumnIndex(Ljava/lang/String;)I
10-31 08:40:49.357  6014  6014 D M_InsDal: Lcom/fsck/k9/provider/EmailProvider$IdTrickeryCursor;--->getColumnIndex(Ljava/lang/String;)I
10-31 08:40:49.357  6014  6014 D M_InsDal: Lcom/fsck/k9/cache/EmailProviderCacheCursor;--->getCount()I
10-31 08:40:49.357  6014  6014 D M_InsDal: Lcom/fsck/k9/cache/EmailProviderCacheCursor;--->getCount()I
10-31 08:40:49.357  6014  6014 D M_InsDal: Lcom/fsck/k9/fragment/MessageListFragment;--->resetActionMode()V
10-31 08:40:49.357  6014  6014 D M_InsDal: Lcom/fsck/k9/fragment/MessageListFragment;--->computeBatchDirection()V
10-31 08:40:49.357  6014  6014 D M_InsDal: Lcom/fsck/k9/cache/EmailProviderCacheCursor;--->getCount()I
10-31 08:40:49.357  6014  6014 D M_InsDal: Lcom/fsck/k9/cache/EmailProviderCacheCursor;--->moveToPosition(I)Z
10-31 08:40:49.357  6014  6014 D M_InsDal: Lcom/fsck/k9/provider/EmailProvider$SpecialColumnsCursor;--->getLong(I)J
10-31 08:40:49.357  6014  6014 D M_InsDal: Lcom/fsck/k9/cache/EmailProviderCacheCursor;--->moveToPosition(I)Z
10-31 08:40:49.357  6014  6014 D M_InsDal: Lcom/fsck/k9/provider/EmailProvider$SpecialColumnsCursor;--->getLong(I)J
10-31 08:40:49.357  6014  6014 D M_InsDal: Lcom/fsck/k9/cache/EmailProviderCacheCursor;--->moveToPosition(I)Z
10-31 08:40:49.357  6014  6014 D M_InsDal: Lcom/fsck/k9/provider/EmailProvider$SpecialColumnsCursor;--->getLong(I)J
10-31 08:40:49.357  6014  6014 D M_InsDal: Lcom/fsck/k9/cache/EmailProviderCacheCursor;--->moveToPosition(I)Z
10-31 08:40:49.357  6014  6014 D M_InsDal: Lcom/fsck/k9/provider/EmailProvider$SpecialColumnsCursor;--->getLong(I)J
10-31 08:40:49.357  6014  6014 D M_InsDal: Lcom/fsck/k9/cache/EmailProviderCacheCursor;--->moveToPosition(I)Z
10-31 08:40:49.357  6014  6014 D M_InsDal: Lcom/fsck/k9/provider/EmailProvider$SpecialColumnsCursor;--->getLong(I)J
10-31 08:40:49.357  6014  6014 D M_InsDal: Lcom/fsck/k9/cache/EmailProviderCacheCursor;--->moveToPosition(I)Z
10-31 08:40:49.357  6014  6014 D M_InsDal: Lcom/fsck/k9/provider/EmailProvider$SpecialColumnsCursor;--->getLong(I)J
10-31 08:40:49.357  6014  6014 D M_InsDal: Lcom/fsck/k9/cache/EmailProviderCacheCursor;--->moveToPosition(I)Z
10-31 08:40:49.357  6014  6014 D M_InsDal: Lcom/fsck/k9/provider/EmailProvider$SpecialColumnsCursor;--->getLong(I)J
10-31 08:40:49.357  6014  6014 D M_InsDal: Lcom/fsck/k9/cache/EmailProviderCacheCursor;--->moveToPosition(I)Z
10-31 08:40:49.357  6014  6014 D M_InsDal: Lcom/fsck/k9/provider/EmailProvider$SpecialColumnsCursor;--->getLong(I)J
10-31 08:40:49.357  6014  6014 D M_InsDal: Lcom/fsck/k9/fragment/MessageListFragment$ActionModeCallback;--->showMarkAsRead(Z)V
10-31 08:40:49.357  6014  6014 D M_InsDal: Lcom/fsck/k9/fragment/MessageListFragment$ActionModeCallback;--->showFlag(Z)V
10-31 08:40:49.357  6014  6014 D M_InsDal: Lcom/fsck/k9/fragment/MessageListFragment;--->isLoadFinished()Z
10-31 08:40:49.357  6014  6014 D M_InsDal: Lcom/fsck/k9/activity/MessageList;--->updateMenu()V
10-31 08:40:49.357  6014  6014 D M_InsDal: Lcom/fsck/k9/fragment/MessageListHandler;--->handleMessage(Landroid/os/Message;)V
10-31 08:40:49.357  6014  6014 D M_InsDal: Lcom/fsck/k9/fragment/MessageListFragment;--->updateTitle()V
10-31 08:40:49.357  6014  6014 D M_InsDal: Lcom/fsck/k9/fragment/MessageListFragment;--->setWindowTitle()V
10-31 08:40:49.357  6014  6014 D M_InsDal: Lcom/fsck/k9/fragment/MessageListFragment;--->isManualSearch()Z
10-31 08:40:49.357  6014  6014 D M_InsDal: Lcom/fsck/k9/search/LocalSearch;--->isManualSearch()Z
10-31 08:40:49.357  6014  6014 D M_InsDal: Lcom/fsck/k9/activity/FolderInfoHolder;--->getDisplayName(Landroid/content/Context;Lcom/fsck/k9/Account;Ljava/lang/String;)Ljava/lang/String;
10-31 08:40:49.357  6014  6014 D M_InsDal: Lcom/fsck/k9/Account;--->getSpamFolderName()Ljava/lang/String;
10-31 08:40:49.357  6014  6014 D M_InsDal: Lcom/fsck/k9/Account;--->getArchiveFolderName()Ljava/lang/String;
10-31 08:40:49.357  6014  6014 D M_InsDal: Lcom/fsck/k9/Account;--->getSentFolderName()Ljava/lang/String;
10-31 08:40:49.357  6014  6014 D M_InsDal: Lcom/fsck/k9/Account;--->getTrashFolderName()Ljava/lang/String;
10-31 08:40:49.357  6014  6014 D M_InsDal: Lcom/fsck/k9/Account;--->getDraftsFolderName()Ljava/lang/String;
10-31 08:40:49.357  6014  6014 D M_InsDal: Lcom/fsck/k9/Account;--->getOutboxFolderName()Ljava/lang/String;
10-31 08:40:49.357  6014  6014 D M_InsDal: Lcom/fsck/k9/Account;--->getInboxFolderName()Ljava/lang/String;
10-31 08:40:49.357  6014  6014 D M_InsDal: Lcom/fsck/k9/activity/MessageList;--->setMessageListTitle(Ljava/lang/String;)V
10-31 08:40:49.357  6014  6014 D M_InsDal: Lcom/fsck/k9/activity/MessageList;--->setActionBarTitle(Ljava/lang/String;)V
10-31 08:40:49.358  6014  6014 D M_InsDal: Lcom/fsck/k9/activity/ActivityListener;--->getOperation(Landroid/content/Context;)Ljava/lang/String;
10-31 08:40:49.358  6014  6014 D M_InsDal: Lcom/fsck/k9/service/MailService;--->getNextPollTime()J
10-31 08:40:49.358  6014  6014 D M_InsDal: Lcom/fsck/k9/K9;--->isDebug()Z
10-31 08:40:49.358  6014  6014 D M_InsDal: Lcom/fsck/k9/service/MailService;--->isSyncDisabled()Z
10-31 08:40:49.358  6014  6014 D M_InsDal: Lcom/fsck/k9/activity/MessageList;--->setMessageListSubTitle(Ljava/lang/String;)V
10-31 08:40:49.358  6014  6014 D M_InsDal: Lcom/fsck/k9/activity/MessageList;--->setActionBarSubTitle(Ljava/lang/String;)V
10-31 08:40:49.358  6014  6014 D M_InsDal: Lcom/fsck/k9/activity/MessageList;--->setUnreadCount(I)V
10-31 08:40:49.358  6014  6014 D M_InsDal: Lcom/fsck/k9/activity/MessageList;--->setActionBarUnread(I)V
10-31 08:40:49.358  6014  6014 D M_InsDal: Lcom/fsck/k9/search/LocalSearch;--->isManualSearch()Z
10-31 08:40:49.358  6014  6014 D M_InsDal: Lcom/fsck/k9/fragment/MessageListFragment;--->setWindowProgress()V
10-31 08:40:49.358  6014  6014 D M_InsDal: Lcom/fsck/k9/activity/MessageList;--->setMessageListProgress(I)V
10-31 08:40:49.362  6014  6014 D M_InsDal: Lcom/fsck/k9/cache/EmailProviderCacheCursor;--->getCount()I
10-31 08:40:49.367  6014  6014 D M_InsDal: Lcom/fsck/k9/cache/EmailProviderCacheCursor;--->getCount()I
10-31 08:40:49.368  6014  6014 D M_InsDal: Lcom/fsck/k9/cache/EmailProviderCacheCursor;--->getCount()I
10-31 08:40:49.368  6014  6014 D M_InsDal: Lcom/fsck/k9/cache/EmailProviderCacheCursor;--->getCount()I
10-31 08:40:49.368  6014  6014 D M_InsDal: Lcom/fsck/k9/cache/EmailProviderCacheCursor;--->moveToPosition(I)Z
10-31 08:40:49.368  6014  6014 D M_InsDal: Lcom/fsck/k9/fragment/MessageListAdapter;--->newView(Landroid/content/Context;Landroid/database/Cursor;Landroid/view/ViewGroup;)Landroid/view/View;
10-31 08:40:49.368  6014  6014 D M_InsDal: Lcom/fsck/k9/fragment/MessageListFragment;--->getK9LayoutInflater()Landroid/view/LayoutInflater;
10-31 08:40:49.377  6014  6014 D M_InsDal: Lcom/fsck/k9/ui/ContactBadge;---><clinit>()V
10-31 08:40:49.378  6014  6014 D M_InsDal: Lcom/fsck/k9/ui/ContactBadge;---><init>(Landroid/content/Context;Landroid/util/AttributeSet;)V
10-31 08:40:49.378  6014  6014 D M_InsDal: Lcom/fsck/k9/ui/ContactBadge;---><init>(Landroid/content/Context;Landroid/util/AttributeSet;I)V
10-31 08:40:49.378  6014  6014 D M_InsDal: Lcom/fsck/k9/ui/ContactBadge$QueryHandler;---><init>(Lcom/fsck/k9/ui/ContactBadge;Landroid/content/ContentResolver;)V
10-31 08:40:49.384  6014  6014 D M_InsDal: Lcom/fsck/k9/fragment/MessageViewHolder;---><init>(Lcom/fsck/k9/fragment/MessageListFragment;)V
10-31 08:40:49.384  6014  6014 D M_InsDal: Lcom/fsck/k9/FontSizes;--->getMessageListSubject()I
10-31 08:40:49.384  6014  6014 D M_InsDal: Lcom/fsck/k9/FontSizes;--->setViewTextSize(Landroid/widget/TextView;I)V
10-31 08:40:49.384  6014  6014 D M_InsDal: Lcom/fsck/k9/FontSizes;--->getMessageListDate()I
10-31 08:40:49.384  6014  6014 D M_InsDal: Lcom/fsck/k9/FontSizes;--->setViewTextSize(Landroid/widget/TextView;I)V
10-31 08:40:49.384  6014  6014 D M_InsDal: Lcom/fsck/k9/FontSizes;--->getMessageListPreview()I
10-31 08:40:49.384  6014  6014 D M_InsDal: Lcom/fsck/k9/FontSizes;--->setViewTextSize(Landroid/widget/TextView;I)V
10-31 08:40:49.384  6014  6014 D M_InsDal: Lcom/fsck/k9/FontSizes;--->getMessageListSubject()I
10-31 08:40:49.384  6014  6014 D M_InsDal: Lcom/fsck/k9/FontSizes;--->setViewTextSize(Landroid/widget/TextView;I)V
10-31 08:40:49.384  6014  6014 D M_InsDal: Lcom/fsck/k9/fragment/MessageListAdapter;--->bindView(Landroid/view/View;Landroid/content/Context;Landroid/database/Cursor;)V
10-31 08:40:49.384  6014  6014 D M_InsDal: Lcom/fsck/k9/fragment/MessageListFragment;--->getAccountFromCursor(Landroid/database/Cursor;)Lcom/fsck/k9/Account;
10-31 08:40:49.385  6014  6014 D M_InsDal: Lcom/fsck/k9/Preferences;--->getAccount(Ljava/lang/String;)Lcom/fsck/k9/Account;
10-31 08:40:49.385  6014  6014 D M_InsDal: Lcom/fsck/k9/provider/EmailProvider$SpecialColumnsCursor;--->getString(I)Ljava/lang/String;
10-31 08:40:49.385  6014  6014 D M_InsDal: Lcom/fsck/k9/provider/EmailProvider$SpecialColumnsCursor;--->getString(I)Ljava/lang/String;
10-31 08:40:49.385  6014  6014 D M_InsDal: Lcom/fsck/k9/mail/Address;---><clinit>()V
10-31 08:40:49.385  6014  6014 D M_InsDal: Lcom/fsck/k9/mail/Address;--->unpack(Ljava/lang/String;)[Lcom/fsck/k9/mail/Address;
10-31 08:40:49.385  6014  6014 D M_InsDal: Lcom/fsck/k9/mail/Address;---><init>(Ljava/lang/String;Ljava/lang/String;Z)V
10-31 08:40:49.385  6014  6014 D M_InsDal: Lcom/fsck/k9/mail/Address;--->unpack(Ljava/lang/String;)[Lcom/fsck/k9/mail/Address;
10-31 08:40:49.385  6014  6014 D M_InsDal: Lcom/fsck/k9/mail/Address;---><init>(Ljava/lang/String;Ljava/lang/String;Z)V
10-31 08:40:49.386  6014  6014 D M_InsDal: Lcom/fsck/k9/mail/Address;--->unpack(Ljava/lang/String;)[Lcom/fsck/k9/mail/Address;
10-31 08:40:49.386  6014  6014 D M_InsDal: Lcom/fsck/k9/helper/MessageHelper;--->toMe(Lcom/fsck/k9/Account;[Lcom/fsck/k9/mail/Address;)Z
10-31 08:40:49.386  6014  6014 D M_InsDal: Lcom/fsck/k9/Account;--->isAnIdentity(Lcom/fsck/k9/mail/Address;)Z
10-31 08:40:49.386  6014  6014 D M_InsDal: Lcom/fsck/k9/Account;--->findIdentity(Lcom/fsck/k9/mail/Address;)Lcom/fsck/k9/Identity;
10-31 08:40:49.386  6014  6014 D M_InsDal: Lcom/fsck/k9/Identity;--->getEmail()Ljava/lang/String;
10-31 08:40:49.386  6014  6014 D M_InsDal: Lcom/fsck/k9/mail/Address;--->getAddress()Ljava/lang/String;
10-31 08:40:49.386  6014  6014 D M_InsDal: Lcom/fsck/k9/helper/MessageHelper;--->toMe(Lcom/fsck/k9/Account;[Lcom/fsck/k9/mail/Address;)Z
10-31 08:40:49.386  6014  6014 D M_InsDal: Lcom/fsck/k9/Account;--->isAnIdentity(Lcom/fsck/k9/mail/Address;)Z
10-31 08:40:49.386  6014  6014 D M_InsDal: Lcom/fsck/k9/Account;--->findIdentity(Lcom/fsck/k9/mail/Address;)Lcom/fsck/k9/Identity;
10-31 08:40:49.386  6014  6014 D M_InsDal: Lcom/fsck/k9/Identity;--->getEmail()Ljava/lang/String;
10-31 08:40:49.386  6014  6014 D M_InsDal: Lcom/fsck/k9/mail/Address;--->getAddress()Ljava/lang/String;
10-31 08:40:49.386  6014  6014 D M_InsDal: Lcom/fsck/k9/helper/MessageHelper;--->toMe(Lcom/fsck/k9/Account;[Lcom/fsck/k9/mail/Address;)Z
10-31 08:40:49.386  6014  6014 D M_InsDal: Lcom/fsck/k9/helper/MessageHelper;--->getDisplayName(Lcom/fsck/k9/Account;[Lcom/fsck/k9/mail/Address;[Lcom/fsck/k9/mail/Address;)Ljava/lang/CharSequence;
10-31 08:40:49.386  6014  6014 D M_InsDal: Lcom/fsck/k9/K9;--->showContactName()Z
10-31 08:40:49.386  6014  6014 D M_InsDal: Lcom/fsck/k9/Account;--->isAnIdentity(Lcom/fsck/k9/mail/Address;)Z
10-31 08:40:49.386  6014  6014 D M_InsDal: Lcom/fsck/k9/Account;--->findIdentity(Lcom/fsck/k9/mail/Address;)Lcom/fsck/k9/Identity;
10-31 08:40:49.386  6014  6014 D M_InsDal: Lcom/fsck/k9/Identity;--->getEmail()Ljava/lang/String;
10-31 08:40:49.386  6014  6014 D M_InsDal: Lcom/fsck/k9/mail/Address;--->getAddress()Ljava/lang/String;
10-31 08:40:49.386  6014  6014 D M_InsDal: Lcom/fsck/k9/helper/MessageHelper;--->toFriendly([Lcom/fsck/k9/mail/Address;Lcom/fsck/k9/helper/Contacts;)Ljava/lang/CharSequence;
10-31 08:40:49.386  6014  6014 D M_InsDal: Lcom/fsck/k9/helper/MessageHelper;--->toFriendly(Lcom/fsck/k9/mail/Address;Lcom/fsck/k9/helper/Contacts;)Ljava/lang/CharSequence;
10-31 08:40:49.386  6014  6014 D M_InsDal: Lcom/fsck/k9/K9;--->showCorrespondentNames()Z
10-31 08:40:49.386  6014  6014 D M_InsDal: Lcom/fsck/k9/K9;--->changeContactNameColor()Z
10-31 08:40:49.386  6014  6014 D M_InsDal: Lcom/fsck/k9/K9;--->getContactNameColor()I
10-31 08:40:49.386  6014  6014 D M_InsDal: Lcom/fsck/k9/helper/MessageHelper;--->toFriendly(Lcom/fsck/k9/mail/Address;Lcom/fsck/k9/helper/Contacts;ZZI)Ljava/lang/CharSequence;
10-31 08:40:49.386  6014  6014 D M_InsDal: Lcom/fsck/k9/mail/Address;--->getPersonal()Ljava/lang/String;
10-31 08:40:49.386  6014  6014 D M_InsDal: Lcom/fsck/k9/mail/Address;--->getPersonal()Ljava/lang/String;
10-31 08:40:49.386  6014  6014 D M_InsDal: Lcom/fsck/k9/helper/MessageHelper;--->isSpoofAddress(Ljava/lang/String;)Z
10-31 08:40:49.386  6014  6014 D M_InsDal: Lcom/fsck/k9/mail/Address;--->getPersonal()Ljava/lang/String;
10-31 08:40:49.386  6014  6014 D M_InsDal: Lcom/fsck/k9/provider/EmailProvider$SpecialColumnsCursor;--->getLong(I)J
10-31 08:40:49.389  6014  6014 D M_InsDal: Lcom/fsck/k9/fragment/MessageListAdapter;--->fetchCounterPartyAddress(Z[Lcom/fsck/k9/mail/Address;[Lcom/fsck/k9/mail/Address;[Lcom/fsck/k9/mail/Address;)Lcom/fsck/k9/mail/Address;
10-31 08:40:49.389  6014  6014 D M_InsDal: Lcom/fsck/k9/cache/EmailProviderCacheCursor;--->getInt(I)I
10-31 08:40:49.389  6014  6014 D M_InsDal: Lcom/fsck/k9/provider/EmailProvider$SpecialColumnsCursor;--->getLong(I)J
10-31 08:40:49.389  6014  6014 D M_InsDal: Lcom/fsck/k9/provider/EmailProvider$SpecialColumnsCursor;--->getLong(I)J
10-31 08:40:49.389  6014  6014 D M_InsDal: Lcom/fsck/k9/provider/EmailProvider$SpecialColumnsCursor;--->getColumnName(I)Ljava/lang/String;
10-31 08:40:49.389  6014  6014 D M_InsDal: Lcom/fsck/k9/cache/EmailProviderCache;--->getValueForMessage(Ljava/lang/Long;Ljava/lang/String;)Ljava/lang/String;
10-31 08:40:49.389  6014  6014 D M_InsDal: Lcom/fsck/k9/cache/EmailProviderCache;--->getValueForThread(Ljava/lang/Long;Ljava/lang/String;)Ljava/lang/String;
10-31 08:40:49.389  6014  6014 D M_InsDal: Lcom/fsck/k9/provider/EmailProvider$SpecialColumnsCursor;--->getInt(I)I
10-31 08:40:49.389  6014  6014 D M_InsDal: Lcom/fsck/k9/provider/EmailProvider$SpecialColumnsCursor;--->getString(I)Ljava/lang/String;
10-31 08:40:49.389  6014  6014 D M_InsDal: Lcom/fsck/k9/fragment/MlfUtils;--->buildSubject(Ljava/lang/String;Ljava/lang/String;I)Ljava/lang/String;
10-31 08:40:49.389  6014  6014 D M_InsDal: Lcom/fsck/k9/cache/EmailProviderCacheCursor;--->getInt(I)I
10-31 08:40:49.389  6014  6014 D M_InsDal: Lcom/fsck/k9/provider/EmailProvider$SpecialColumnsCursor;--->getLong(I)J
10-31 08:40:49.389  6014  6014 D M_InsDal: Lcom/fsck/k9/provider/EmailProvider$SpecialColumnsCursor;--->getLong(I)J
10-31 08:40:49.389  6014  6014 D M_InsDal: Lcom/fsck/k9/provider/EmailProvider$SpecialColumnsCursor;--->getColumnName(I)Ljava/lang/String;
10-31 08:40:49.389  6014  6014 D M_InsDal: Lcom/fsck/k9/cache/EmailProviderCache;--->getValueForMessage(Ljava/lang/Long;Ljava/lang/String;)Ljava/lang/String;
10-31 08:40:49.389  6014  6014 D M_InsDal: Lcom/fsck/k9/cache/EmailProviderCache;--->getValueForThread(Ljava/lang/Long;Ljava/lang/String;)Ljava/lang/String;
10-31 08:40:49.389  6014  6014 D M_InsDal: Lcom/fsck/k9/provider/EmailProvider$SpecialColumnsCursor;--->getInt(I)I
10-31 08:40:49.389  6014  6014 D M_InsDal: Lcom/fsck/k9/cache/EmailProviderCacheCursor;--->getInt(I)I
10-31 08:40:49.389  6014  6014 D M_InsDal: Lcom/fsck/k9/provider/EmailProvider$SpecialColumnsCursor;--->getLong(I)J
10-31 08:40:49.389  6014  6014 D M_InsDal: Lcom/fsck/k9/provider/EmailProvider$SpecialColumnsCursor;--->getLong(I)J
10-31 08:40:49.389  6014  6014 D M_InsDal: Lcom/fsck/k9/provider/EmailProvider$SpecialColumnsCursor;--->getColumnName(I)Ljava/lang/String;
10-31 08:40:49.389  6014  6014 D M_InsDal: Lcom/fsck/k9/cache/EmailProviderCache;--->getValueForMessage(Ljava/lang/Long;Ljava/lang/String;)Ljava/lang/String;
10-31 08:40:49.389  6014  6014 D M_InsDal: Lcom/fsck/k9/cache/EmailProviderCache;--->getValueForThread(Ljava/lang/Long;Ljava/lang/String;)Ljava/lang/String;
10-31 08:40:49.389  6014  6014 D M_InsDal: Lcom/fsck/k9/provider/EmailProvider$SpecialColumnsCursor;--->getInt(I)I
10-31 08:40:49.389  6014  6014 D M_InsDal: Lcom/fsck/k9/cache/EmailProviderCacheCursor;--->getInt(I)I
10-31 08:40:49.389  6014  6014 D M_InsDal: Lcom/fsck/k9/provider/EmailProvider$SpecialColumnsCursor;--->getLong(I)J
10-31 08:40:49.389  6014  6014 D M_InsDal: Lcom/fsck/k9/provider/EmailProvider$SpecialColumnsCursor;--->getLong(I)J
10-31 08:40:49.389  6014  6014 D M_InsDal: Lcom/fsck/k9/provider/EmailProvider$SpecialColumnsCursor;--->getColumnName(I)Ljava/lang/String;
10-31 08:40:49.389  6014  6014 D M_InsDal: Lcom/fsck/k9/cache/EmailProviderCache;--->getValueForMessage(Ljava/lang/Long;Ljava/lang/String;)Ljava/lang/String;
10-31 08:40:49.389  6014  6014 D M_InsDal: Lcom/fsck/k9/cache/EmailProviderCache;--->getValueForThread(Ljava/lang/Long;Ljava/lang/String;)Ljava/lang/String;
10-31 08:40:49.389  6014  6014 D M_InsDal: Lcom/fsck/k9/provider/EmailProvider$SpecialColumnsCursor;--->getInt(I)I
10-31 08:40:49.389  6014  6014 D M_InsDal: Lcom/fsck/k9/cache/EmailProviderCacheCursor;--->getInt(I)I
10-31 08:40:49.390  6014  6014 D M_InsDal: Lcom/fsck/k9/provider/EmailProvider$SpecialColumnsCursor;--->getLong(I)J
10-31 08:40:49.390  6014  6014 D M_InsDal: Lcom/fsck/k9/provider/EmailProvider$SpecialColumnsCursor;--->getLong(I)J
10-31 08:40:49.390  6014  6014 D M_InsDal: Lcom/fsck/k9/provider/EmailProvider$SpecialColumnsCursor;--->getColumnName(I)Ljava/lang/String;
10-31 08:40:49.390  6014  6014 D M_InsDal: Lcom/fsck/k9/cache/EmailProviderCache;--->getValueForMessage(Ljava/lang/Long;Ljava/lang/String;)Ljava/lang/String;
10-31 08:40:49.390  6014  6014 D M_InsDal: Lcom/fsck/k9/cache/EmailProviderCache;--->getValueForThread(Ljava/lang/Long;Ljava/lang/String;)Ljava/lang/String;
10-31 08:40:49.390  6014  6014 D M_InsDal: Lcom/fsck/k9/provider/EmailProvider$SpecialColumnsCursor;--->getInt(I)I
10-31 08:40:49.390  6014  6014 D M_InsDal: Lcom/fsck/k9/cache/EmailProviderCacheCursor;--->getInt(I)I
10-31 08:40:49.390  6014  6014 D M_InsDal: Lcom/fsck/k9/provider/EmailProvider$SpecialColumnsCursor;--->getLong(I)J
10-31 08:40:49.390  6014  6014 D M_InsDal: Lcom/fsck/k9/provider/EmailProvider$SpecialColumnsCursor;--->getLong(I)J
10-31 08:40:49.390  6014  6014 D M_InsDal: Lcom/fsck/k9/provider/EmailProvider$SpecialColumnsCursor;--->getColumnName(I)Ljava/lang/String;
10-31 08:40:49.390  6014  6014 D M_InsDal: Lcom/fsck/k9/cache/EmailProviderCache;--->getValueForMessage(Ljava/lang/Long;Ljava/lang/String;)Ljava/lang/String;
10-31 08:40:49.390  6014  6014 D M_InsDal: Lcom/fsck/k9/cache/EmailProviderCache;--->getValueForThread(Ljava/lang/Long;Ljava/lang/String;)Ljava/lang/String;
10-31 08:40:49.390  6014  6014 D M_InsDal: Lcom/fsck/k9/provider/EmailProvider$SpecialColumnsCursor;--->getInt(I)I
10-31 08:40:49.390  6014  6014 D M_InsDal: Lcom/fsck/k9/provider/EmailProvider$SpecialColumnsCursor;--->getLong(I)J
10-31 08:40:49.390  6014  6014 D M_InsDal: Lcom/fsck/k9/Account;--->getChipColor()I
10-31 08:40:49.390  6014  6014 D M_InsDal: Lcom/fsck/k9/cache/EmailProviderCacheCursor;--->getPosition()I
10-31 08:40:49.390  6014  6014 D M_InsDal: Lcom/fsck/k9/fragment/MessageListAdapter;--->updateContactBadge(Lcom/fsck/k9/fragment/MessageViewHolder;Lcom/fsck/k9/mail/Address;)V
10-31 08:40:49.390  6014  6014 D M_InsDal: Lcom/fsck/k9/helper/Utility;--->setContactForBadge(Lcom/fsck/k9/ui/ContactBadge;Lcom/fsck/k9/mail/Address;)V
10-31 08:40:49.390  6014  6014 D M_InsDal: Lcom/fsck/k9/mail/Address;--->getPersonal()Ljava/lang/String;
10-31 08:40:49.390  6014  6014 D M_InsDal: Lcom/fsck/k9/mail/Address;--->getAddress()Ljava/lang/String;
10-31 08:40:49.390  6014  6014 D M_InsDal: Lcom/fsck/k9/ui/ContactBadge;--->assignContactFromEmail(Ljava/lang/String;ZLandroid/os/Bundle;)V
10-31 08:40:49.390  6014  6014 D M_InsDal: Lcom/fsck/k9/ui/ContactBadge;--->onContactUriChanged()V
10-31 08:40:49.390  6014  6014 D M_InsDal: Lcom/fsck/k9/ui/ContactBadge;--->isAssigned()Z
10-31 08:40:49.390  6014  6014 D M_InsDal: Lcom/fsck/k9/activity/misc/ContactPictureLoader;--->loadContactPicture(Lcom/fsck/k9/mail/Address;Landroid/widget/ImageView;)V
10-31 08:40:49.390  6014  6014 D M_InsDal: Lcom/fsck/k9/mail/Address;--->getAddress()Ljava/lang/String;
10-31 08:40:49.390  6014  6014 D M_InsDal: Lcom/fsck/k9/helper/Contacts;--->getPhotoUri(Ljava/lang/String;)Landroid/net/Uri;
10-31 08:40:49.390  6014  6014 D M_InsDal: Lcom/fsck/k9/helper/Contacts;--->getContactByAddress(Ljava/lang/String;)Landroid/database/Cursor;
10-31 08:40:49.404  6014  6014 D M_InsDal: Lcom/fsck/k9/activity/misc/ContactPictureLoader;--->loadContactPicture(Landroid/net/Uri;Lcom/fsck/k9/mail/Address;Landroid/widget/ImageView;)V
10-31 08:40:49.404  6014  6014 D M_InsDal: Lcom/fsck/k9/activity/misc/ContactPictureLoader;--->loadFallbackPicture(Lcom/fsck/k9/mail/Address;Landroid/widget/ImageView;)V
10-31 08:40:49.409  6014  6014 D M_InsDal: Lcom/fsck/k9/activity/misc/ContactPictureLoader$FallbackGlideModelLoader;---><init>(Lcom/fsck/k9/activity/misc/ContactPictureLoader;)V
10-31 08:40:49.410  6014  6014 D M_InsDal: Lcom/fsck/k9/activity/misc/ContactPictureLoader$FallbackGlideBitmapDecoder;---><init>(Lcom/fsck/k9/activity/misc/ContactPictureLoader;Landroid/content/Context;)V
10-31 08:40:49.410  6014  6014 D M_InsDal: Lcom/fsck/k9/activity/misc/ContactPictureLoader$FallbackGlideParams;---><init>(Lcom/fsck/k9/activity/misc/ContactPictureLoader;Lcom/fsck/k9/mail/Address;)V
10-31 08:40:49.410  6014  6014 D M_InsDal: Lcom/fsck/k9/fragment/MessageListAdapter;--->setBackgroundColor(Landroid/view/View;ZZ)V
10-31 08:40:49.410  6014  6014 D M_InsDal: Lcom/fsck/k9/K9;--->useBackgroundAsUnreadIndicator()Z
10-31 08:40:49.410  6014  6014 D M_InsDal: Lcom/fsck/k9/fragment/MessageListAdapter;--->updateWithThreadCount(Lcom/fsck/k9/fragment/MessageViewHolder;I)V
10-31 08:40:49.410  6014  6014 D M_InsDal: Lcom/fsck/k9/fragment/MessageListAdapter;--->recipientSigil(ZZ)Ljava/lang/String;
10-31 08:40:49.410  6014  6014 D M_InsDal: Lcom/fsck/k9/fragment/MessageListAdapter;--->getPreview(Landroid/database/Cursor;)Ljava/lang/String;
10-31 08:40:49.410  6014  6014 D M_InsDal: Lcom/fsck/k9/provider/EmailProvider$SpecialColumnsCursor;--->getString(I)Ljava/lang/String;
10-31 08:40:49.411  6014  6014 D M_InsDal: Lcom/fsck/k9/mailstore/DatabasePreviewType;---><clinit>()V
10-31 08:40:49.411  6014  6014 D M_InsDal: Lcom/fsck/k9/message/extractors/PreviewResult$PreviewType;---><clinit>()V
10-31 08:40:49.411  6014  6014 D M_InsDal: Lcom/fsck/k9/message/extractors/PreviewResult$PreviewType;---><init>(Ljava/lang/String;I)V
10-31 08:40:49.411  6014  6014 D M_InsDal: Lcom/fsck/k9/message/extractors/PreviewResult$PreviewType;---><init>(Ljava/lang/String;I)V
10-31 08:40:49.411  6014  6014 D M_InsDal: Lcom/fsck/k9/mailstore/DatabasePreviewType;---><init>(Ljava/lang/String;ILjava/lang/String;Lcom/fsck/k9/message/extractors/PreviewResult$PreviewType;)V
10-31 08:40:49.411  6014  6014 D M_InsDal: Lcom/fsck/k9/mailstore/DatabasePreviewType;---><init>(Ljava/lang/String;ILjava/lang/String;Lcom/fsck/k9/message/extractors/PreviewResult$PreviewType;)V
10-31 08:40:49.411  6014  6014 D M_InsDal: Lcom/fsck/k9/mailstore/DatabasePreviewType;--->fromDatabaseValue(Ljava/lang/String;)Lcom/fsck/k9/mailstore/DatabasePreviewType;
10-31 08:40:49.411  6014  6014 D M_InsDal: Lcom/fsck/k9/mailstore/DatabasePreviewType;--->values()[Lcom/fsck/k9/mailstore/DatabasePreviewType;
10-31 08:40:49.411  6014  6014 D M_InsDal: Lcom/fsck/k9/mailstore/DatabasePreviewType;--->getDatabaseValue()Ljava/lang/String;
10-31 08:40:49.411  6014  6014 D M_InsDal: Lcom/fsck/k9/mailstore/DatabasePreviewType;--->getDatabaseValue()Ljava/lang/String;
10-31 08:40:49.411  6014  6014 D M_InsDal: Lcom/fsck/k9/fragment/MessageListAdapter$1;---><clinit>()V
10-31 08:40:49.411  6014  6014 D M_InsDal: Lcom/fsck/k9/mailstore/DatabasePreviewType;--->values()[Lcom/fsck/k9/mailstore/DatabasePreviewType;
10-31 08:40:49.411  6014  6014 D M_InsDal: Lcom/fsck/k9/provider/EmailProvider$SpecialColumnsCursor;--->getString(I)Ljava/lang/String;
10-31 08:40:49.411  6014  6014 D M_InsDal: Lcom/fsck/k9/fragment/MessageListAdapter;--->formatPreviewText(Landroid/widget/TextView;Ljava/lang/CharSequence;Ljava/lang/String;)V
10-31 08:40:49.411  6014  6014 D M_InsDal: Lcom/fsck/k9/fragment/MessageListAdapter;--->buildSenderSpan()Landroid/text/style/AbsoluteSizeSpan;
10-31 08:40:49.411  6014  6014 D M_InsDal: Lcom/fsck/k9/FontSizes;--->getMessageListSender()I
10-31 08:40:49.411  6014  6014 D M_InsDal: Lcom/fsck/k9/fragment/MessageListAdapter;--->buildPreviewSpanColor()I
10-31 08:40:49.411  6014  6014 D M_InsDal: Lcom/fsck/k9/K9;--->getK9Theme()Lcom/fsck/k9/K9$Theme;
10-31 08:40:49.411  6014  6014 D M_InsDal: Lcom/fsck/k9/fragment/MessageListAdapter;--->buildStatusHolder(ZZ)Landroid/graphics/drawable/Drawable;
10-31 08:40:49.411  6014  6014 D M_InsDal: Lcom/fsck/k9/cache/EmailProviderCacheCursor;--->getCount()I
10-31 08:40:49.411  6014  6014 D M_InsDal: Lcom/fsck/k9/cache/EmailProviderCacheCursor;--->moveToPosition(I)Z
10-31 08:40:49.411  6014  6014 D M_InsDal: Lcom/fsck/k9/provider/EmailProvider$SpecialColumnsCursor;--->getLong(I)J
10-31 08:40:49.411  6014  6014 D M_InsDal: Lcom/fsck/k9/cache/EmailProviderCacheCursor;--->getCount()I
10-31 08:40:49.416  6014  6014 D M_InsDal: Lcom/fsck/k9/cache/EmailProviderCacheCursor;--->getCount()I
10-31 08:40:49.416  6014  6014 D M_InsDal: Lcom/fsck/k9/cache/EmailProviderCacheCursor;--->moveToPosition(I)Z
10-31 08:40:49.417  6014  6014 D M_InsDal: Lcom/fsck/k9/fragment/MessageListAdapter;--->newView(Landroid/content/Context;Landroid/database/Cursor;Landroid/view/ViewGroup;)Landroid/view/View;
10-31 08:40:49.417  6014  6014 D M_InsDal: Lcom/fsck/k9/fragment/MessageListFragment;--->getK9LayoutInflater()Landroid/view/LayoutInflater;
10-31 08:40:49.417  6014  6014 D M_InsDal: Lcom/fsck/k9/ui/ContactBadge;---><init>(Landroid/content/Context;Landroid/util/AttributeSet;)V
10-31 08:40:49.417  6014  6014 D M_InsDal: Lcom/fsck/k9/ui/ContactBadge;---><init>(Landroid/content/Context;Landroid/util/AttributeSet;I)V
10-31 08:40:49.417  6014  6014 D M_InsDal: Lcom/fsck/k9/ui/ContactBadge$QueryHandler;---><init>(Lcom/fsck/k9/ui/ContactBadge;Landroid/content/ContentResolver;)V
10-31 08:40:49.418  6014  6014 D M_InsDal: Lcom/fsck/k9/fragment/MessageViewHolder;---><init>(Lcom/fsck/k9/fragment/MessageListFragment;)V
10-31 08:40:49.419  6014  6014 D M_InsDal: Lcom/fsck/k9/FontSizes;--->getMessageListSubject()I
10-31 08:40:49.419  6014  6014 D M_InsDal: Lcom/fsck/k9/FontSizes;--->setViewTextSize(Landroid/widget/TextView;I)V
