10-31 08:42:52.068  6887  6887 D M_InsDal: Lcom/fsck/k9/mail/TransportProvider;---><init>()V
10-31 08:42:52.068  6887  6887 D M_InsDal: Lcom/fsck/k9/mail/TransportProvider;--->getInstance()Lcom/fsck/k9/mail/TransportProvider;
10-31 08:42:52.068  6887  6887 D M_InsDal: Lcom/fsck/k9/controller/MessagingController;---><init>(Landroid/content/Context;Lcom/fsck/k9/notification/NotificationController;Lcom/fsck/k9/helper/Contacts;Lcom/fsck/k9/mail/TransportProvider;)V
10-31 08:42:52.068  6887  6887 D M_InsDal: Lcom/fsck/k9/controller/MemorizingMessagingListener;---><init>()V
10-31 08:42:52.068  6887  6887 D M_InsDal: Lcom/fsck/k9/controller/SimpleMessagingListener;---><init>()V
10-31 08:42:52.068  6887  6887 D M_InsDal: Lcom/fsck/k9/controller/MessagingController$1;---><init>(Lcom/fsck/k9/controller/MessagingController;)V
10-31 08:42:52.068  6887  6887 D M_InsDal: Lcom/fsck/k9/controller/MessagingController;--->addListener(Lcom/fsck/k9/controller/MessagingListener;)V
10-31 08:42:52.068  6887  6887 D M_InsDal: Lcom/fsck/k9/controller/MessagingController;--->refreshListener(Lcom/fsck/k9/controller/MessagingListener;)V
10-31 08:42:52.068  6887  6887 D M_InsDal: Lcom/fsck/k9/controller/MemorizingMessagingListener;--->refreshOther(Lcom/fsck/k9/controller/MessagingListener;)V
10-31 08:42:52.069  6887  6887 D M_InsDal: Lcom/fsck/k9/K9$3;---><init>(Lcom/fsck/k9/K9;)V
10-31 08:42:52.069  6887  6887 D M_InsDal: Lcom/fsck/k9/controller/SimpleMessagingListener;---><init>()V
10-31 08:42:52.069  6887  6887 D M_InsDal: Lcom/fsck/k9/controller/MessagingController;--->addListener(Lcom/fsck/k9/controller/MessagingListener;)V
10-31 08:42:52.069  6887  6887 D M_InsDal: Lcom/fsck/k9/controller/MessagingController;--->refreshListener(Lcom/fsck/k9/controller/MessagingListener;)V
10-31 08:42:52.069  6887  6887 D M_InsDal: Lcom/fsck/k9/controller/MemorizingMessagingListener;--->refreshOther(Lcom/fsck/k9/controller/MessagingListener;)V
10-31 08:42:52.069  6887  6887 D M_InsDal: Lcom/fsck/k9/K9;--->notifyObservers()V
10-31 08:42:52.069  6887  6887 D M_InsDal: Lcom/fsck/k9/provider/MessageProvider$1;--->initializeComponent(Landroid/app/Application;)V
10-31 08:42:52.069  6887  6887 D M_InsDal: Lcom/fsck/k9/controller/MessagingController;--->getInstance(Landroid/content/Context;)Lcom/fsck/k9/controller/MessagingController;
10-31 08:42:52.069  6887  6887 D M_InsDal: Lcom/fsck/k9/provider/MessageProvider$1$1;---><init>(Lcom/fsck/k9/provider/MessageProvider$1;Landroid/app/Application;)V
10-31 08:42:52.069  6887  6887 D M_InsDal: Lcom/fsck/k9/controller/SimpleMessagingListener;---><init>()V
10-31 08:42:52.069  6887  6887 D M_InsDal: Lcom/fsck/k9/controller/MessagingController;--->addListener(Lcom/fsck/k9/controller/MessagingListener;)V
10-31 08:42:52.069  6887  6887 D M_InsDal: Lcom/fsck/k9/controller/MessagingController;--->refreshListener(Lcom/fsck/k9/controller/MessagingListener;)V
10-31 08:42:52.069  6887  6887 D M_InsDal: Lcom/fsck/k9/controller/MemorizingMessagingListener;--->refreshOther(Lcom/fsck/k9/controller/MessagingListener;)V
10-31 08:42:52.069  6887  6906 D M_InsDal: Lcom/fsck/k9/controller/MessagingController$1;--->run()V
10-31 08:42:52.069  6887  6906 D M_InsDal: Lcom/fsck/k9/controller/MessagingController;--->runInBackground()V
10-31 08:42:52.074  6887  6887 D M_InsDal: Lcom/fsck/k9/activity/FolderList;---><init>()V
10-31 08:42:52.074  6887  6887 D M_InsDal: Lcom/fsck/k9/activity/K9ListActivity;---><init>()V
10-31 08:42:52.074  6887  6887 D M_InsDal: Lcom/fsck/k9/activity/FolderList$FolderListHandler;---><init>(Lcom/fsck/k9/activity/FolderList;)V
10-31 08:42:52.074  6887  6887 D M_InsDal: Lcom/fsck/k9/K9;--->getFontSizes()Lcom/fsck/k9/FontSizes;
10-31 08:42:52.078  6887  6887 D M_InsDal: Lcom/fsck/k9/activity/K9ListActivity;--->onCreate(Landroid/os/Bundle;)V
10-31 08:42:52.078  6887  6887 D M_InsDal: Lcom/fsck/k9/activity/K9ActivityCommon;--->newInstance(Landroid/app/Activity;)Lcom/fsck/k9/activity/K9ActivityCommon;
10-31 08:42:52.078  6887  6887 D M_InsDal: Lcom/fsck/k9/activity/K9ActivityCommon;---><init>(Landroid/app/Activity;)V
10-31 08:42:52.078  6887  6887 D M_InsDal: Lcom/fsck/k9/K9;--->getK9Language()Ljava/lang/String;
10-31 08:42:52.078  6887  6887 D M_InsDal: Lcom/fsck/k9/activity/K9ActivityCommon;--->setLanguage(Landroid/content/Context;Ljava/lang/String;)V
10-31 08:42:52.078  6887  6887 D M_InsDal: Lcom/fsck/k9/K9;--->getK9ThemeResourceId()I
10-31 08:42:52.078  6887  6887 D M_InsDal: Lcom/fsck/k9/K9;--->getK9ThemeResourceId(Lcom/fsck/k9/K9$Theme;)I
10-31 08:42:52.079  6887  6887 D M_InsDal: Lcom/fsck/k9/activity/FolderList;--->onCreate(Landroid/os/Bundle;)V
10-31 08:42:52.079  6887  6887 D M_InsDal: Lcom/fsck/k9/activity/UpgradeDatabases;--->actionUpgradeDatabases(Landroid/content/Context;Landroid/content/Intent;)Z
10-31 08:42:52.079  6887  6887 D M_InsDal: Lcom/fsck/k9/K9;--->areDatabasesUpToDate()Z
10-31 08:42:52.079  6887  6887 D M_InsDal: Lcom/fsck/k9/activity/FolderList;--->getActionBarProgressView()Landroid/view/View;
10-31 08:42:52.097  6887  6887 D M_InsDal: Lcom/fsck/k9/activity/FolderList;--->initializeActionBar()V
10-31 08:42:52.100  6887  6887 D M_InsDal: Lcom/fsck/k9/view/MessageTitleView;---><init>(Landroid/content/Context;Landroid/util/AttributeSet;)V
10-31 08:42:52.100  6887  6887 D M_InsDal: Lcom/fsck/k9/view/MessageTitleView;---><init>(Landroid/content/Context;Landroid/util/AttributeSet;I)V
10-31 08:42:52.100  6887  6887 D M_InsDal: Lcom/fsck/k9/view/MessageTitleView;--->onTextChanged(Ljava/lang/CharSequence;III)V
10-31 08:42:52.109  6887  6887 D M_InsDal: Lcom/fsck/k9/activity/FolderList$2;---><init>(Lcom/fsck/k9/activity/FolderList;)V
10-31 08:42:52.109  6887  6887 D M_InsDal: Lcom/fsck/k9/activity/FolderList;--->onNewIntent(Landroid/content/Intent;)V
10-31 08:42:52.109  6887  6887 D M_InsDal: Lcom/fsck/k9/Preferences;--->getPreferences(Landroid/content/Context;)Lcom/fsck/k9/Preferences;
10-31 08:42:52.109  6887  6887 D M_InsDal: Lcom/fsck/k9/Preferences;--->getAccount(Ljava/lang/String;)Lcom/fsck/k9/Account;
10-31 08:42:52.113  6887  6887 D M_InsDal: Lcom/fsck/k9/service/MailService;---><init>()V
10-31 08:42:52.113  6887  6887 D M_InsDal: Lcom/fsck/k9/service/CoreService;---><init>()V
10-31 08:42:52.113  6887  6887 D M_InsDal: Lcom/fsck/k9/service/CoreService;--->onCreate()V
10-31 08:42:52.113  6887  6887 D M_InsDal: Lcom/fsck/k9/service/MailService;--->onCreate()V
10-31 08:42:52.114  6887  6887 D M_InsDal: Lcom/fsck/k9/service/CoreService;--->onStartCommand(Landroid/content/Intent;II)I
10-31 08:42:52.114  6887  6887 D M_InsDal: Lcom/fsck/k9/service/CoreService;--->acquireWakeLock(Landroid/content/Context;Ljava/lang/String;J)Lcom/fsck/k9/mail/power/TracingPowerManager$TracingWakeLock;
10-31 08:42:52.114  6887  6887 D M_InsDal: Lcom/fsck/k9/mail/power/TracingPowerManager;--->getPowerManager(Landroid/content/Context;)Lcom/fsck/k9/mail/power/TracingPowerManager;
10-31 08:42:52.114  6887  6887 D M_InsDal: Lcom/fsck/k9/mail/power/TracingPowerManager;--->newWakeLock(ILjava/lang/String;)Lcom/fsck/k9/mail/power/TracingPowerManager$TracingWakeLock;
10-31 08:42:52.114  6887  6887 D M_InsDal: Lcom/fsck/k9/mail/power/TracingPowerManager$TracingWakeLock;---><init>(Lcom/fsck/k9/mail/power/TracingPowerManager;ILjava/lang/String;)V
10-31 08:42:52.114  6887  6887 D M_InsDal: Lcom/fsck/k9/mail/K9MailLib;--->isDebug()Z
10-31 08:42:52.114  6887  6887 D M_InsDal: Lcom/fsck/k9/K9$2;--->enabled()Z
10-31 08:42:52.114  6887  6887 D M_InsDal: Lcom/fsck/k9/mail/power/TracingPowerManager$TracingWakeLock;--->setReferenceCounted(Z)V
10-31 08:42:52.114  6887  6887 D M_InsDal: Lcom/fsck/k9/mail/power/TracingPowerManager$TracingWakeLock;--->acquire(J)V
10-31 08:42:52.114  6887  6887 D M_InsDal: Lcom/fsck/k9/mail/K9MailLib;--->isDebug()Z
10-31 08:42:52.114  6887  6887 D M_InsDal: Lcom/fsck/k9/K9$2;--->enabled()Z
10-31 08:42:52.114  6887  6887 D M_InsDal: Lcom/fsck/k9/mail/power/TracingPowerManager$TracingWakeLock;--->raiseNotification()V
10-31 08:42:52.114  6887  6887 D M_InsDal: Lcom/fsck/k9/mail/power/TracingPowerManager$TracingWakeLock;--->release()V
10-31 08:42:52.114  6887  6887 D M_InsDal: Lcom/fsck/k9/mail/K9MailLib;--->isDebug()Z
10-31 08:42:52.114  6887  6887 D M_InsDal: Lcom/fsck/k9/K9$2;--->enabled()Z
10-31 08:42:52.115  6887  6887 D M_InsDal: Lcom/fsck/k9/mail/power/TracingPowerManager$TracingWakeLock;--->cancelNotification()V
10-31 08:42:52.115  6887  6887 D M_InsDal: Lcom/fsck/k9/service/MailService;--->startService(Landroid/content/Intent;I)I
10-31 08:42:52.115  6887  6887 D M_InsDal: Lcom/fsck/k9/service/MailService;--->isSyncDisabled()Z
10-31 08:42:52.115  6887  6887 D M_InsDal: Lcom/fsck/k9/helper/Utility;--->hasConnectivity(Landroid/content/Context;)Z
10-31 08:42:52.116  6887  6887 D M_InsDal: Lcom/fsck/k9/K9;--->getBackgroundOps()Lcom/fsck/k9/K9$BACKGROUND_OPS;
10-31 08:42:52.116  6887  6887 D M_InsDal: Lcom/fsck/k9/service/MailService$5;---><clinit>()V
10-31 08:42:52.116  6887  6887 D M_InsDal: Lcom/fsck/k9/K9$BACKGROUND_OPS;--->values()[Lcom/fsck/k9/K9$BACKGROUND_OPS;
10-31 08:42:52.116  6887  6887 D M_InsDal: Lcom/fsck/k9/service/MailService;--->rescheduleAllInBackground(ZZLjava/lang/Integer;)V
10-31 08:42:52.116  6887  6887 D M_InsDal: Lcom/fsck/k9/service/MailService$1;---><init>(Lcom/fsck/k9/service/MailService;ZZ)V
10-31 08:42:52.116  6887  6887 D M_InsDal: Lcom/fsck/k9/service/CoreService;--->execute(Landroid/content/Context;Ljava/lang/Runnable;ILjava/lang/Integer;)V
10-31 08:42:52.116  6887  6887 D M_InsDal: Lcom/fsck/k9/service/CoreService;--->acquireWakeLock(Landroid/content/Context;Ljava/lang/String;J)Lcom/fsck/k9/mail/power/TracingPowerManager$TracingWakeLock;
10-31 08:42:52.116  6887  6887 D M_InsDal: Lcom/fsck/k9/mail/power/TracingPowerManager;--->getPowerManager(Landroid/content/Context;)Lcom/fsck/k9/mail/power/TracingPowerManager;
10-31 08:42:52.116  6887  6887 D M_InsDal: Lcom/fsck/k9/mail/power/TracingPowerManager;--->newWakeLock(ILjava/lang/String;)Lcom/fsck/k9/mail/power/TracingPowerManager$TracingWakeLock;
10-31 08:42:52.116  6887  6887 D M_InsDal: Lcom/fsck/k9/mail/power/TracingPowerManager$TracingWakeLock;---><init>(Lcom/fsck/k9/mail/power/TracingPowerManager;ILjava/lang/String;)V
10-31 08:42:52.116  6887  6887 D M_InsDal: Lcom/fsck/k9/mail/K9MailLib;--->isDebug()Z
10-31 08:42:52.116  6887  6887 D M_InsDal: Lcom/fsck/k9/K9$2;--->enabled()Z
10-31 08:42:52.116  6887  6887 D M_InsDal: Lcom/fsck/k9/mail/power/TracingPowerManager$TracingWakeLock;--->setReferenceCounted(Z)V
10-31 08:42:52.116  6887  6887 D M_InsDal: Lcom/fsck/k9/mail/power/TracingPowerManager$TracingWakeLock;--->acquire(J)V
10-31 08:42:52.117  6887  6887 D M_InsDal: Lcom/fsck/k9/mail/K9MailLib;--->isDebug()Z
10-31 08:42:52.117  6887  6887 D M_InsDal: Lcom/fsck/k9/K9$2;--->enabled()Z
10-31 08:42:52.117  6887  6887 D M_InsDal: Lcom/fsck/k9/mail/power/TracingPowerManager$TracingWakeLock;--->raiseNotification()V
10-31 08:42:52.117  6887  6887 D M_InsDal: Lcom/fsck/k9/service/CoreService$1;---><init>(Lcom/fsck/k9/service/CoreService;Ljava/lang/Runnable;Ljava/lang/Integer;Lcom/fsck/k9/mail/power/TracingPowerManager$TracingWakeLock;Z)V
10-31 08:42:52.117  6887  6887 D M_InsDal: Lcom/fsck/k9/service/MailService;--->isSyncDisabled()Z
10-31 08:42:52.117  6887  6887 D M_InsDal: Lcom/fsck/k9/mail/power/TracingPowerManager$TracingWakeLock;--->release()V
10-31 08:42:52.117  6887  6887 D M_InsDal: Lcom/fsck/k9/mail/K9MailLib;--->isDebug()Z
10-31 08:42:52.117  6887  6887 D M_InsDal: Lcom/fsck/k9/K9$2;--->enabled()Z
10-31 08:42:52.117  6887  6887 D M_InsDal: Lcom/fsck/k9/mail/power/TracingPowerManager$TracingWakeLock;--->cancelNotification()V
10-31 08:42:52.118  6887  6908 D M_InsDal: Lcom/fsck/k9/service/CoreService$1;--->run()V
10-31 08:42:52.118  6887  6908 D M_InsDal: Lcom/fsck/k9/service/MailService;--->isSyncDisabled()Z
10-31 08:42:52.118  6887  6908 D M_InsDal: Lcom/fsck/k9/service/MailService$1;--->run()V
10-31 08:42:52.118  6887  6908 D M_InsDal: Lcom/fsck/k9/service/MailService;--->reschedulePoll(ZZZ)V
10-31 08:42:52.118  6887  6908 D M_InsDal: Lcom/fsck/k9/Preferences;--->getPreferences(Landroid/content/Context;)Lcom/fsck/k9/Preferences;
10-31 08:42:52.118  6887  6908 D M_InsDal: Lcom/fsck/k9/Preferences;--->getStorage()Lcom/fsck/k9/preferences/Storage;
10-31 08:42:52.118  6887  6908 D M_InsDal: Lcom/fsck/k9/preferences/Storage;--->getInt(Ljava/lang/String;I)I
10-31 08:42:52.118  6887  6908 D M_InsDal: Lcom/fsck/k9/preferences/Storage;--->getLong(Ljava/lang/String;J)J
10-31 08:42:52.118  6887  6908 D M_InsDal: Lcom/fsck/k9/Preferences;--->getAvailableAccounts()Ljava/util/Collection;
10-31 08:42:52.118  6887  6908 D M_InsDal: Lcom/fsck/k9/Preferences;--->getAccounts()Ljava/util/List;
10-31 08:42:52.118  6887  6908 D M_InsDal: Lcom/fsck/k9/Account;--->isEnabled()Z
10-31 08:42:52.118  6887  6908 D M_InsDal: Lcom/fsck/k9/Account;--->isAvailable(Landroid/content/Context;)Z
10-31 08:42:52.118  6887  6908 D M_InsDal: Lcom/fsck/k9/Account;--->getLocalStorageProviderId()Ljava/lang/String;
10-31 08:42:52.118  6887  6908 D M_InsDal: Lcom/fsck/k9/mailstore/StorageManager;--->getInstance(Landroid/content/Context;)Lcom/fsck/k9/mailstore/StorageManager;
10-31 08:42:52.118  6887  6908 D M_InsDal: Lcom/fsck/k9/mailstore/StorageManager;--->isReady(Ljava/lang/String;)Z
10-31 08:42:52.118  6887  6908 D M_InsDal: Lcom/fsck/k9/mailstore/StorageManager;--->getProvider(Ljava/lang/String;)Lcom/fsck/k9/mailstore/StorageManager$StorageProvider;
10-31 08:42:52.118  6887  6908 D M_InsDal: Lcom/fsck/k9/mailstore/StorageManager$InternalStorageProvider;--->isReady(Landroid/content/Context;)Z
10-31 08:42:52.118  6887  6908 D M_InsDal: Lcom/fsck/k9/Account;--->getAutomaticCheckIntervalMinutes()I
10-31 08:42:52.118  6887  6908 D M_InsDal: Lcom/fsck/k9/preferences/Storage;--->edit()Lcom/fsck/k9/preferences/StorageEditor;
10-31 08:42:52.118  6887  6908 D M_InsDal: Lcom/fsck/k9/preferences/StorageEditor;---><init>(Lcom/fsck/k9/preferences/Storage;)V
10-31 08:42:52.118  6887  6908 D M_InsDal: Lcom/fsck/k9/preferences/Storage;--->getAll()Ljava/util/Map;
10-31 08:42:52.118  6887  6908 D M_InsDal: Lcom/fsck/k9/preferences/StorageEditor;--->putInt(Ljava/lang/String;I)Lcom/fsck/k9/preferences/StorageEditor;
10-31 08:42:52.118  6887  6908 D M_InsDal: Lcom/fsck/k9/preferences/StorageEditor;--->commit()Z
10-31 08:42:52.118  6887  6908 D M_InsDal: Lcom/fsck/k9/preferences/StorageEditor;--->commitChanges()V
10-31 08:42:52.118  6887  6908 D M_InsDal: Lcom/fsck/k9/preferences/StorageEditor$1;---><init>(Lcom/fsck/k9/preferences/StorageEditor;)V
10-31 08:42:52.118  6887  6908 D M_InsDal: Lcom/fsck/k9/preferences/Storage;--->doInTransaction(Ljava/lang/Runnable;)V
10-31 08:42:52.118  6887  6908 D M_InsDal: Lcom/fsck/k9/preferences/Storage;--->openDB()Landroid/database/sqlite/SQLiteDatabase;
10-31 08:42:52.119  6887  6908 D M_InsDal: Lcom/fsck/k9/preferences/StorageEditor$1;--->run()V
10-31 08:42:52.120  6887  6908 D M_InsDal: Lcom/fsck/k9/preferences/Storage;--->put(Ljava/util/Map;)V
10-31 08:42:52.121  6887  6908 D M_InsDal: Lcom/fsck/k9/service/MailService;--->cancel()V
10-31 08:42:52.121  6887  6908 D M_InsDal: Lcom/fsck/k9/service/CoreReceiver;---><clinit>()V
10-31 08:42:52.121  6887  6908 D M_InsDal: Lcom/fsck/k9/service/BootReceiver;--->cancelIntent(Landroid/content/Context;Landroid/content/Intent;)V
10-31 08:42:52.133  6887  6908 D M_InsDal: Lcom/fsck/k9/service/MailService;--->reschedulePushers(ZZ)V
10-31 08:42:52.133  6887  6908 D M_InsDal: Lcom/fsck/k9/service/MailService;--->stopPushers()V
10-31 08:42:52.133  6887  6908 D M_InsDal: Lcom/fsck/k9/controller/MessagingController;--->getInstance(Landroid/content/Context;)Lcom/fsck/k9/controller/MessagingController;
10-31 08:42:52.133  6887  6908 D M_InsDal: Lcom/fsck/k9/controller/MessagingController;--->stopAllPushing()V
10-31 08:42:52.133  6887  6908 D M_InsDal: Lcom/fsck/k9/service/PushService;--->stopService(Landroid/content/Context;)V
10-31 08:42:52.133  6887  6908 D M_InsDal: Lcom/fsck/k9/service/CoreService;--->addWakeLock(Landroid/content/Context;Landroid/content/Intent;)V
10-31 08:42:52.133  6887  6908 D M_InsDal: Lcom/fsck/k9/service/CoreService;--->acquireWakeLock(Landroid/content/Context;Ljava/lang/String;J)Lcom/fsck/k9/mail/power/TracingPowerManager$TracingWakeLock;
10-31 08:42:52.133  6887  6908 D M_InsDal: Lcom/fsck/k9/mail/power/TracingPowerManager;--->getPowerManager(Landroid/content/Context;)Lcom/fsck/k9/mail/power/TracingPowerManager;
10-31 08:42:52.133  6887  6908 D M_InsDal: Lcom/fsck/k9/mail/power/TracingPowerManager;--->newWakeLock(ILjava/lang/String;)Lcom/fsck/k9/mail/power/TracingPowerManager$TracingWakeLock;
10-31 08:42:52.133  6887  6908 D M_InsDal: Lcom/fsck/k9/mail/power/TracingPowerManager$TracingWakeLock;---><init>(Lcom/fsck/k9/mail/power/TracingPowerManager;ILjava/lang/String;)V
10-31 08:42:52.133  6887  6908 D M_InsDal: Lcom/fsck/k9/mail/K9MailLib;--->isDebug()Z
10-31 08:42:52.133  6887  6908 D M_InsDal: Lcom/fsck/k9/K9$2;--->enabled()Z
10-31 08:42:52.133  6887  6908 D M_InsDal: Lcom/fsck/k9/mail/power/TracingPowerManager$TracingWakeLock;--->setReferenceCounted(Z)V
10-31 08:42:52.133  6887  6908 D M_InsDal: Lcom/fsck/k9/mail/power/TracingPowerManager$TracingWakeLock;--->acquire(J)V
10-31 08:42:52.134  6887  6887 D M_InsDal: Lcom/fsck/k9/service/BootReceiver;---><init>()V
10-31 08:42:52.134  6887  6887 D M_InsDal: Lcom/fsck/k9/service/CoreReceiver;---><init>()V
10-31 08:42:52.134  6887  6887 D M_InsDal: Lcom/fsck/k9/service/CoreReceiver;--->onReceive(Landroid/content/Context;Landroid/content/Intent;)V
10-31 08:42:52.134  6887  6887 D M_InsDal: Lcom/fsck/k9/service/CoreReceiver;--->getWakeLock(Landroid/content/Context;)Ljava/lang/Integer;
10-31 08:42:52.134  6887  6887 D M_InsDal: Lcom/fsck/k9/mail/power/TracingPowerManager;--->getPowerManager(Landroid/content/Context;)Lcom/fsck/k9/mail/power/TracingPowerManager;
10-31 08:42:52.134  6887  6887 D M_InsDal: Lcom/fsck/k9/mail/power/TracingPowerManager;--->newWakeLock(ILjava/lang/String;)Lcom/fsck/k9/mail/power/TracingPowerManager$TracingWakeLock;
10-31 08:42:52.134  6887  6887 D M_InsDal: Lcom/fsck/k9/mail/power/TracingPowerManager$TracingWakeLock;---><init>(Lcom/fsck/k9/mail/power/TracingPowerManager;ILjava/lang/String;)V
10-31 08:42:52.134  6887  6887 D M_InsDal: Lcom/fsck/k9/mail/K9MailLib;--->isDebug()Z
10-31 08:42:52.134  6887  6887 D M_InsDal: Lcom/fsck/k9/K9$2;--->enabled()Z
10-31 08:42:52.134  6887  6887 D M_InsDal: Lcom/fsck/k9/mail/power/TracingPowerManager$TracingWakeLock;--->setReferenceCounted(Z)V
10-31 08:42:52.134  6887  6887 D M_InsDal: Lcom/fsck/k9/mail/power/TracingPowerManager$TracingWakeLock;--->acquire(J)V
10-31 08:42:52.135  6887  6908 D M_InsDal: Lcom/fsck/k9/mail/K9MailLib;--->isDebug()Z
10-31 08:42:52.135  6887  6887 D M_InsDal: Lcom/fsck/k9/mail/K9MailLib;--->isDebug()Z
10-31 08:42:52.135  6887  6908 D M_InsDal: Lcom/fsck/k9/K9$2;--->enabled()Z
10-31 08:42:52.135  6887  6887 D M_InsDal: Lcom/fsck/k9/K9$2;--->enabled()Z
10-31 08:42:52.135  6887  6887 D M_InsDal: Lcom/fsck/k9/mail/power/TracingPowerManager$TracingWakeLock;--->raiseNotification()V
10-31 08:42:52.135  6887  6908 D M_InsDal: Lcom/fsck/k9/mail/power/TracingPowerManager$TracingWakeLock;--->raiseNotification()V
10-31 08:42:52.135  6887  6908 D M_InsDal: Lcom/fsck/k9/service/CoreService;--->registerWakeLock(Lcom/fsck/k9/mail/power/TracingPowerManager$TracingWakeLock;)Ljava/lang/Integer;
10-31 08:42:52.135  6887  6887 D M_InsDal: Lcom/fsck/k9/service/BootReceiver;--->receive(Landroid/content/Context;Landroid/content/Intent;Ljava/lang/Integer;)Ljava/lang/Integer;
10-31 08:42:52.135  6887  6887 D M_InsDal: Lcom/fsck/k9/service/BootReceiver;--->buildPendingIntent(Landroid/content/Context;Landroid/content/Intent;)Landroid/app/PendingIntent;
10-31 08:42:52.136  6887  6887 D M_InsDal: Lcom/fsck/k9/helper/K9AlarmManager;--->getAlarmManager(Landroid/content/Context;)Lcom/fsck/k9/helper/K9AlarmManager;
10-31 08:42:52.136  6887  6887 D M_InsDal: Lcom/fsck/k9/power/DozeChecker;---><init>(Landroid/content/Context;)V
10-31 08:42:52.136  6887  6887 D M_InsDal: Lcom/fsck/k9/helper/K9AlarmManager;---><init>(Landroid/app/AlarmManager;Lcom/fsck/k9/power/DozeChecker;)V
10-31 08:42:52.136  6887  6887 D M_InsDal: Lcom/fsck/k9/helper/K9AlarmManager;--->cancel(Landroid/app/PendingIntent;)V
10-31 08:42:52.136  6887  6887 D M_InsDal: Lcom/fsck/k9/service/CoreReceiver;--->releaseWakeLock(Ljava/lang/Integer;)V
10-31 08:42:52.136  6887  6887 D M_InsDal: Lcom/fsck/k9/mail/power/TracingPowerManager$TracingWakeLock;--->release()V
10-31 08:42:52.136  6887  6887 D M_InsDal: Lcom/fsck/k9/mail/K9MailLib;--->isDebug()Z
10-31 08:42:52.136  6887  6887 D M_InsDal: Lcom/fsck/k9/K9$2;--->enabled()Z
10-31 08:42:52.136  6887  6887 D M_InsDal: Lcom/fsck/k9/mail/power/TracingPowerManager$TracingWakeLock;--->cancelNotification()V
10-31 08:42:52.137  6887  6908 D M_InsDal: Lcom/fsck/k9/service/MailService;--->setupPushers()V
10-31 08:42:52.137  6887  6908 D M_InsDal: Lcom/fsck/k9/Preferences;--->getPreferences(Landroid/content/Context;)Lcom/fsck/k9/Preferences;
10-31 08:42:52.137  6887  6887 D M_InsDal: Lcom/fsck/k9/service/PushService;---><init>()V
10-31 08:42:52.137  6887  6887 D M_InsDal: Lcom/fsck/k9/service/CoreService;---><init>()V
10-31 08:42:52.137  6887  6908 D M_InsDal: Lcom/fsck/k9/Preferences;--->getAccounts()Ljava/util/List;
10-31 08:42:52.137  6887  6887 D M_InsDal: Lcom/fsck/k9/service/CoreService;--->onCreate()V
10-31 08:42:52.137  6887  6908 D M_InsDal: Lcom/fsck/k9/Account;--->getDescription()Ljava/lang/String;
10-31 08:42:52.137  6887  6908 D M_InsDal: Lcom/fsck/k9/Account;--->isEnabled()Z
10-31 08:42:52.137  6887  6908 D M_InsDal: Lcom/fsck/k9/Account;--->isAvailable(Landroid/content/Context;)Z
10-31 08:42:52.137  6887  6908 D M_InsDal: Lcom/fsck/k9/Account;--->getLocalStorageProviderId()Ljava/lang/String;
10-31 08:42:52.137  6887  6908 D M_InsDal: Lcom/fsck/k9/mailstore/StorageManager;--->getInstance(Landroid/content/Context;)Lcom/fsck/k9/mailstore/StorageManager;
10-31 08:42:52.137  6887  6908 D M_InsDal: Lcom/fsck/k9/mailstore/StorageManager;--->isReady(Ljava/lang/String;)Z
10-31 08:42:52.137  6887  6908 D M_InsDal: Lcom/fsck/k9/mailstore/StorageManager;--->getProvider(Ljava/lang/String;)Lcom/fsck/k9/mailstore/StorageManager$StorageProvider;
10-31 08:42:52.137  6887  6908 D M_InsDal: Lcom/fsck/k9/mailstore/StorageManager$InternalStorageProvider;--->isReady(Landroid/content/Context;)Z
10-31 08:42:52.137  6887  6887 D M_InsDal: Lcom/fsck/k9/service/PushService;--->onCreate()V
10-31 08:42:52.137  6887  6908 D M_InsDal: Lcom/fsck/k9/controller/MessagingController;--->getInstance(Landroid/content/Context;)Lcom/fsck/k9/controller/MessagingController;
10-31 08:42:52.137  6887  6887 D M_InsDal: Lcom/fsck/k9/service/CoreService;--->setAutoShutdown(Z)V
10-31 08:42:52.137  6887  6908 D M_InsDal: Lcom/fsck/k9/controller/MessagingController;--->setupPushing(Lcom/fsck/k9/Account;)Z
10-31 08:42:52.137  6887  6908 D M_InsDal: Lcom/fsck/k9/Account;--->hashCode()I
10-31 08:42:52.137  6887  6908 D M_InsDal: Lcom/fsck/k9/Account;--->getFolderDisplayMode()Lcom/fsck/k9/Account$FolderMode;
10-31 08:42:52.137  6887  6887 D M_InsDal: Lcom/fsck/k9/service/CoreService;--->onStartCommand(Landroid/content/Intent;II)I
10-31 08:42:52.137  6887  6887 D M_InsDal: Lcom/fsck/k9/service/CoreService;--->acquireWakeLock(Landroid/content/Context;Ljava/lang/String;J)Lcom/fsck/k9/mail/power/TracingPowerManager$TracingWakeLock;
10-31 08:42:52.137  6887  6908 D M_InsDal: Lcom/fsck/k9/Account;--->getFolderPushMode()Lcom/fsck/k9/Account$FolderMode;
10-31 08:42:52.137  6887  6887 D M_InsDal: Lcom/fsck/k9/mail/power/TracingPowerManager;--->getPowerManager(Landroid/content/Context;)Lcom/fsck/k9/mail/power/TracingPowerManager;
10-31 08:42:52.137  6887  6908 D M_InsDal: Lcom/fsck/k9/Account;--->getLocalStore()Lcom/fsck/k9/mailstore/LocalStore;
10-31 08:42:52.137  6887  6887 D M_InsDal: Lcom/fsck/k9/mail/power/TracingPowerManager;--->newWakeLock(ILjava/lang/String;)Lcom/fsck/k9/mail/power/TracingPowerManager$TracingWakeLock;
10-31 08:42:52.137  6887  6887 D M_InsDal: Lcom/fsck/k9/mail/power/TracingPowerManager$TracingWakeLock;---><init>(Lcom/fsck/k9/mail/power/TracingPowerManager;ILjava/lang/String;)V
10-31 08:42:52.137  6887  6887 D M_InsDal: Lcom/fsck/k9/mail/K9MailLib;--->isDebug()Z
10-31 08:42:52.137  6887  6887 D M_InsDal: Lcom/fsck/k9/K9$2;--->enabled()Z
10-31 08:42:52.137  6887  6887 D M_InsDal: Lcom/fsck/k9/mail/power/TracingPowerManager$TracingWakeLock;--->setReferenceCounted(Z)V
10-31 08:42:52.137  6887  6887 D M_InsDal: Lcom/fsck/k9/mail/power/TracingPowerManager$TracingWakeLock;--->acquire(J)V
10-31 08:42:52.137  6887  6908 D M_InsDal: Lcom/fsck/k9/mailstore/LocalStore;---><clinit>()V
10-31 08:42:52.137  6887  6908 D M_InsDal: Lcom/fsck/k9/mailstore/LocalStore;--->getInstance(Lcom/fsck/k9/Account;Landroid/content/Context;)Lcom/fsck/k9/mailstore/LocalStore;
10-31 08:42:52.137  6887  6908 D M_InsDal: Lcom/fsck/k9/Account;--->getUuid()Ljava/lang/String;
10-31 08:42:52.137  6887  6908 D M_InsDal: Lcom/fsck/k9/mailstore/LocalStore;---><init>(Lcom/fsck/k9/Account;Landroid/content/Context;)V
10-31 08:42:52.137  6887  6908 D M_InsDal: Lcom/fsck/k9/mail/Store;---><init>()V
10-31 08:42:52.137  6887  6908 D M_InsDal: Lcom/fsck/k9/message/extractors/MessagePreviewCreator;--->newInstance()Lcom/fsck/k9/message/extractors/MessagePreviewCreator;
10-31 08:42:52.137  6887  6908 D M_InsDal: Lcom/fsck/k9/message/extractors/TextPartFinder;---><init>()V
10-31 08:42:52.137  6887  6908 D M_InsDal: Lcom/fsck/k9/message/extractors/PreviewTextExtractor;---><init>()V
10-31 08:42:52.137  6887  6908 D M_InsDal: Lcom/fsck/k9/message/extractors/EncryptionDetector;---><init>(Lcom/fsck/k9/message/extractors/TextPartFinder;)V
10-31 08:42:52.138  6887  6908 D M_InsDal: Lcom/fsck/k9/message/extractors/MessagePreviewCreator;---><init>(Lcom/fsck/k9/message/extractors/TextPartFinder;Lcom/fsck/k9/message/extractors/PreviewTextExtractor;Lcom/fsck/k9/message/extractors/EncryptionDetector;)V
10-31 08:42:52.138  6887  6908 D M_InsDal: Lcom/fsck/k9/message/extractors/MessageFulltextCreator;--->newInstance()Lcom/fsck/k9/message/extractors/MessageFulltextCreator;
10-31 08:42:52.138  6887  6908 D M_InsDal: Lcom/fsck/k9/message/extractors/TextPartFinder;---><init>()V
10-31 08:42:52.138  6887  6908 D M_InsDal: Lcom/fsck/k9/message/extractors/EncryptionDetector;---><init>(Lcom/fsck/k9/message/extractors/TextPartFinder;)V
10-31 08:42:52.138  6887  6908 D M_InsDal: Lcom/fsck/k9/message/extractors/MessageFulltextCreator;---><init>(Lcom/fsck/k9/message/extractors/TextPartFinder;Lcom/fsck/k9/message/extractors/EncryptionDetector;)V
10-31 08:42:52.138  6887  6908 D M_InsDal: Lcom/fsck/k9/message/extractors/AttachmentCounter;--->newInstance()Lcom/fsck/k9/message/extractors/AttachmentCounter;
10-31 08:42:52.138  6887  6908 D M_InsDal: Lcom/fsck/k9/message/extractors/TextPartFinder;---><init>()V
10-31 08:42:52.138  6887  6908 D M_InsDal: Lcom/fsck/k9/message/extractors/EncryptionDetector;---><init>(Lcom/fsck/k9/message/extractors/TextPartFinder;)V
10-31 08:42:52.138  6887  6908 D M_InsDal: Lcom/fsck/k9/message/extractors/AttachmentCounter;---><init>(Lcom/fsck/k9/message/extractors/EncryptionDetector;)V
10-31 08:42:52.138  6887  6908 D M_InsDal: Lcom/fsck/k9/controller/PendingCommandSerializer;---><clinit>()V
10-31 08:42:52.138  6887  6908 D M_InsDal: Lcom/fsck/k9/controller/PendingCommandSerializer;---><init>()V
10-31 08:42:52.138  6887  6887 D M_InsDal: Lcom/fsck/k9/mail/K9MailLib;--->isDebug()Z
10-31 08:42:52.138  6887  6887 D M_InsDal: Lcom/fsck/k9/K9$2;--->enabled()Z
10-31 08:42:52.138  6887  6887 D M_InsDal: Lcom/fsck/k9/mail/power/TracingPowerManager$TracingWakeLock;--->raiseNotification()V
10-31 08:42:52.138  6887  6887 D M_InsDal: Lcom/fsck/k9/mail/power/TracingPowerManager$TracingWakeLock;--->release()V
10-31 08:42:52.138  6887  6887 D M_InsDal: Lcom/fsck/k9/mail/K9MailLib;--->isDebug()Z
10-31 08:42:52.138  6887  6887 D M_InsDal: Lcom/fsck/k9/K9$2;--->enabled()Z
10-31 08:42:52.138  6887  6887 D M_InsDal: Lcom/fsck/k9/mail/power/TracingPowerManager$TracingWakeLock;--->cancelNotification()V
10-31 08:42:52.139  6887  6887 D M_InsDal: Lcom/fsck/k9/service/PushService;--->startService(Landroid/content/Intent;I)I
10-31 08:42:52.140  6887  6887 D M_InsDal: Lcom/fsck/k9/mail/power/TracingPowerManager$TracingWakeLock;--->release()V
10-31 08:42:52.140  6887  6887 D M_InsDal: Lcom/fsck/k9/mail/K9MailLib;--->isDebug()Z
10-31 08:42:52.140  6887  6887 D M_InsDal: Lcom/fsck/k9/K9$2;--->enabled()Z
10-31 08:42:52.140  6887  6887 D M_InsDal: Lcom/fsck/k9/mail/power/TracingPowerManager$TracingWakeLock;--->cancelNotification()V
10-31 08:42:52.140  6887  6887 D M_InsDal: Lcom/fsck/k9/service/CoreService;--->onDestroy()V
10-31 08:42:52.141  6887  6908 D M_InsDal: Lcom/fsck/k9/controller/PendingCommandSerializer;--->getInstance()Lcom/fsck/k9/controller/PendingCommandSerializer;
10-31 08:42:52.141  6887  6908 D M_InsDal: Lcom/fsck/k9/message/extractors/AttachmentInfoExtractor;--->getInstance()Lcom/fsck/k9/message/extractors/AttachmentInfoExtractor;
10-31 08:42:52.141  6887  6908 D M_InsDal: Lcom/fsck/k9/Globals;--->getContext()Landroid/content/Context;
10-31 08:42:52.141  6887  6908 D M_InsDal: Lcom/fsck/k9/message/extractors/AttachmentInfoExtractor;---><init>(Landroid/content/Context;)V
10-31 08:42:52.141  6887  6908 D M_InsDal: Lcom/fsck/k9/Account;--->getUuid()Ljava/lang/String;
10-31 08:42:52.141  6887  6908 D M_InsDal: Lcom/fsck/k9/mailstore/StoreSchemaDefinition;---><init>(Lcom/fsck/k9/mailstore/LocalStore;)V
10-31 08:42:52.141  6887  6908 D M_InsDal: Lcom/fsck/k9/mailstore/LockableDatabase;---><init>(Landroid/content/Context;Ljava/lang/String;Lcom/fsck/k9/mailstore/LockableDatabase$SchemaDefinition;)V
10-31 08:42:52.141  6887  6908 D M_InsDal: Lcom/fsck/k9/mailstore/LockableDatabase$StorageListener;---><init>(Lcom/fsck/k9/mailstore/LockableDatabase;)V
10-31 08:42:52.141  6887  6908 D M_InsDal: Lcom/fsck/k9/Account;--->getLocalStorageProviderId()Ljava/lang/String;
10-31 08:42:52.141  6887  6908 D M_InsDal: Lcom/fsck/k9/mailstore/LockableDatabase;--->setStorageProviderId(Ljava/lang/String;)V
10-31 08:42:52.141  6887  6908 D M_InsDal: Lcom/fsck/k9/mailstore/LockableDatabase;--->open()V
10-31 08:42:52.141  6887  6908 D M_InsDal: Lcom/fsck/k9/mailstore/LockableDatabase;--->lockWrite()V
10-31 08:42:52.141  6887  6908 D M_InsDal: Lcom/fsck/k9/mailstore/LockableDatabase;--->lockWrite(Ljava/lang/String;)V
10-31 08:42:52.141  6887  6908 D M_InsDal: Lcom/fsck/k9/mailstore/LockableDatabase;--->getStorageManager()Lcom/fsck/k9/mailstore/StorageManager;
10-31 08:42:52.141  6887  6908 D M_InsDal: Lcom/fsck/k9/mailstore/StorageManager;--->getInstance(Landroid/content/Context;)Lcom/fsck/k9/mailstore/StorageManager;
10-31 08:42:52.141  6887  6908 D M_InsDal: Lcom/fsck/k9/mailstore/StorageManager;--->lockProvider(Ljava/lang/String;)V
10-31 08:42:52.141  6887  6908 D M_InsDal: Lcom/fsck/k9/mailstore/StorageManager;--->getProvider(Ljava/lang/String;)Lcom/fsck/k9/mailstore/StorageManager$StorageProvider;
10-31 08:42:52.141  6887  6908 D M_InsDal: Lcom/fsck/k9/mailstore/StorageManager$InternalStorageProvider;--->isReady(Landroid/content/Context;)Z
10-31 08:42:52.141  6887  6908 D M_InsDal: Lcom/fsck/k9/mailstore/LockableDatabase;--->openOrCreateDataspace()V
10-31 08:42:52.141  6887  6908 D M_InsDal: Lcom/fsck/k9/mailstore/LockableDatabase;--->lockWrite()V
10-31 08:42:52.141  6887  6908 D M_InsDal: Lcom/fsck/k9/mailstore/LockableDatabase;--->lockWrite(Ljava/lang/String;)V
10-31 08:42:52.141  6887  6908 D M_InsDal: Lcom/fsck/k9/mailstore/LockableDatabase;--->getStorageManager()Lcom/fsck/k9/mailstore/StorageManager;
10-31 08:42:52.141  6887  6908 D M_InsDal: Lcom/fsck/k9/mailstore/StorageManager;--->getInstance(Landroid/content/Context;)Lcom/fsck/k9/mailstore/StorageManager;
10-31 08:42:52.141  6887  6908 D M_InsDal: Lcom/fsck/k9/mailstore/StorageManager;--->lockProvider(Ljava/lang/String;)V
10-31 08:42:52.141  6887  6908 D M_InsDal: Lcom/fsck/k9/mailstore/StorageManager;--->getProvider(Ljava/lang/String;)Lcom/fsck/k9/mailstore/StorageManager$StorageProvider;
10-31 08:42:52.141  6887  6908 D M_InsDal: Lcom/fsck/k9/mailstore/StorageManager$InternalStorageProvider;--->isReady(Landroid/content/Context;)Z
10-31 08:42:52.141  6887  6908 D M_InsDal: Lcom/fsck/k9/mailstore/LockableDatabase;--->prepareStorage(Ljava/lang/String;)Ljava/io/File;
10-31 08:42:52.141  6887  6908 D M_InsDal: Lcom/fsck/k9/mailstore/LockableDatabase;--->getStorageManager()Lcom/fsck/k9/mailstore/StorageManager;
10-31 08:42:52.141  6887  6908 D M_InsDal: Lcom/fsck/k9/mailstore/StorageManager;--->getInstance(Landroid/content/Context;)Lcom/fsck/k9/mailstore/StorageManager;
10-31 08:42:52.141  6887  6908 D M_InsDal: Lcom/fsck/k9/mailstore/StorageManager;--->getDatabase(Ljava/lang/String;Ljava/lang/String;)Ljava/io/File;
10-31 08:42:52.141  6887  6908 D M_InsDal: Lcom/fsck/k9/mailstore/StorageManager;--->getProvider(Ljava/lang/String;)Lcom/fsck/k9/mailstore/StorageManager$StorageProvider;
10-31 08:42:52.141  6887  6908 D M_InsDal: Lcom/fsck/k9/mailstore/StorageManager$InternalStorageProvider;--->getDatabase(Landroid/content/Context;Ljava/lang/String;)Ljava/io/File;
10-31 08:42:52.141  6887  6908 D M_InsDal: Lcom/fsck/k9/mailstore/StorageManager;--->getAttachmentDirectory(Ljava/lang/String;Ljava/lang/String;)Ljava/io/File;
10-31 08:42:52.141  6887  6908 D M_InsDal: Lcom/fsck/k9/mailstore/StorageManager;--->getProvider(Ljava/lang/String;)Lcom/fsck/k9/mailstore/StorageManager$StorageProvider;
10-31 08:42:52.141  6887  6908 D M_InsDal: Lcom/fsck/k9/mailstore/StorageManager$InternalStorageProvider;--->getAttachmentDirectory(Landroid/content/Context;Ljava/lang/String;)Ljava/io/File;
10-31 08:42:52.141  6887  6908 D M_InsDal: Lcom/fsck/k9/mailstore/LockableDatabase;--->doOpenOrCreateDb(Ljava/io/File;)V
10-31 08:42:52.143  6887  6908 D M_InsDal: Lcom/fsck/k9/mailstore/StoreSchemaDefinition;--->getVersion()I
10-31 08:42:52.143  6887  6908 D M_InsDal: Lcom/fsck/k9/mailstore/LockableDatabase;--->unlockWrite()V
10-31 08:42:52.143  6887  6908 D M_InsDal: Lcom/fsck/k9/mailstore/LockableDatabase;--->unlockWrite(Ljava/lang/String;)V
10-31 08:42:52.143  6887  6908 D M_InsDal: Lcom/fsck/k9/mailstore/LockableDatabase;--->getStorageManager()Lcom/fsck/k9/mailstore/StorageManager;
10-31 08:42:52.143  6887  6908 D M_InsDal: Lcom/fsck/k9/mailstore/StorageManager;--->getInstance(Landroid/content/Context;)Lcom/fsck/k9/mailstore/StorageManager;
10-31 08:42:52.143  6887  6908 D M_InsDal: Lcom/fsck/k9/mailstore/StorageManager;--->unlockProvider(Ljava/lang/String;)V
10-31 08:42:52.143  6887  6908 D M_InsDal: Lcom/fsck/k9/mailstore/StorageManager;--->getProvider(Ljava/lang/String;)Lcom/fsck/k9/mailstore/StorageManager$StorageProvider;
10-31 08:42:52.143  6887  6908 D M_InsDal: Lcom/fsck/k9/mailstore/LockableDatabase;--->unlockWrite()V
10-31 08:42:52.143  6887  6908 D M_InsDal: Lcom/fsck/k9/mailstore/LockableDatabase;--->unlockWrite(Ljava/lang/String;)V
10-31 08:42:52.143  6887  6908 D M_InsDal: Lcom/fsck/k9/mailstore/LockableDatabase;--->getStorageManager()Lcom/fsck/k9/mailstore/StorageManager;
10-31 08:42:52.143  6887  6908 D M_InsDal: Lcom/fsck/k9/mailstore/StorageManager;--->getInstance(Landroid/content/Context;)Lcom/fsck/k9/mailstore/StorageManager;
10-31 08:42:52.143  6887  6908 D M_InsDal: Lcom/fsck/k9/mailstore/StorageManager;--->unlockProvider(Ljava/lang/String;)V
10-31 08:42:52.143  6887  6908 D M_InsDal: Lcom/fsck/k9/mailstore/StorageManager;--->getProvider(Ljava/lang/String;)Lcom/fsck/k9/mailstore/StorageManager$StorageProvider;
10-31 08:42:52.143  6887  6908 D M_InsDal: Lcom/fsck/k9/mailstore/StorageManager;--->getInstance(Landroid/content/Context;)Lcom/fsck/k9/mailstore/StorageManager;
10-31 08:42:52.143  6887  6908 D M_InsDal: Lcom/fsck/k9/mailstore/StorageManager;--->addListener(Lcom/fsck/k9/mailstore/StorageManager$StorageListener;)V
10-31 08:42:52.143  6887  6908 D M_InsDal: Lcom/fsck/k9/mailstore/LocalStore;--->getPersonalNamespaces(Z)Ljava/util/List;
10-31 08:42:52.143  6887  6908 D M_InsDal: Lcom/fsck/k9/mailstore/LocalStore$6;---><init>(Lcom/fsck/k9/mailstore/LocalStore;Ljava/util/List;)V
10-31 08:42:52.143  6887  6908 D M_InsDal: Lcom/fsck/k9/mailstore/LockableDatabase;--->execute(ZLcom/fsck/k9/mailstore/LockableDatabase$DbCallback;)Ljava/lang/Object;
10-31 08:42:52.143  6887  6908 D M_InsDal: Lcom/fsck/k9/mailstore/LockableDatabase;--->lockRead()V
10-31 08:42:52.143  6887  6908 D M_InsDal: Lcom/fsck/k9/mailstore/LockableDatabase;--->getStorageManager()Lcom/fsck/k9/mailstore/StorageManager;
10-31 08:42:52.143  6887  6908 D M_InsDal: Lcom/fsck/k9/mailstore/StorageManager;--->getInstance(Landroid/content/Context;)Lcom/fsck/k9/mailstore/StorageManager;
10-31 08:42:52.143  6887  6908 D M_InsDal: Lcom/fsck/k9/mailstore/StorageManager;--->lockProvider(Ljava/lang/String;)V
10-31 08:42:52.143  6887  6908 D M_InsDal: Lcom/fsck/k9/mailstore/StorageManager;--->getProvider(Ljava/lang/String;)Lcom/fsck/k9/mailstore/StorageManager$StorageProvider;
10-31 08:42:52.143  6887  6908 D M_InsDal: Lcom/fsck/k9/mailstore/StorageManager$InternalStorageProvider;--->isReady(Landroid/content/Context;)Z
10-31 08:42:52.143  6887  6908 D M_InsDal: Lcom/fsck/k9/K9;--->isDebug()Z
10-31 08:42:52.143  6887  6908 D M_InsDal: Lcom/fsck/k9/mailstore/LocalStore$6;--->doDbWork(Landroid/database/sqlite/SQLiteDatabase;)Ljava/util/List;
10-31 08:42:52.144  6887  6908 D M_InsDal: Lcom/fsck/k9/mailstore/LocalFolder;---><init>(Lcom/fsck/k9/mailstore/LocalStore;Ljava/lang/String;)V
10-31 08:42:52.144  6887  6908 D M_InsDal: Lcom/fsck/k9/mail/Folder;---><init>()V
10-31 08:42:52.144  6887  6908 D M_InsDal: Lcom/fsck/k9/mail/Folder$FolderClass;---><clinit>()V
10-31 08:42:52.144  6887  6908 D M_InsDal: Lcom/fsck/k9/mail/Folder$FolderClass;---><init>(Ljava/lang/String;I)V
10-31 08:42:52.144  6887  6908 D M_InsDal: Lcom/fsck/k9/mail/Folder$FolderClass;---><init>(Ljava/lang/String;I)V
10-31 08:42:52.144  6887  6908 D M_InsDal: Lcom/fsck/k9/mailstore/LocalFolder$MoreMessages;---><clinit>()V
10-31 08:42:52.144  6887  6908 D M_InsDal: Lcom/fsck/k9/mailstore/LocalFolder$MoreMessages;---><init>(Ljava/lang/String;ILjava/lang/String;)V
10-31 08:42:52.144  6887  6908 D M_InsDal: Lcom/fsck/k9/mailstore/LocalFolder$MoreMessages;---><init>(Ljava/lang/String;ILjava/lang/String;)V
10-31 08:42:52.144  6887  6908 D M_InsDal: Lcom/fsck/k9/mailstore/LocalStore;--->getAttachmentInfoExtractor()Lcom/fsck/k9/message/extractors/AttachmentInfoExtractor;
10-31 08:42:52.144  6887  6908 D M_InsDal: Lcom/fsck/k9/mailstore/LocalFolder;--->getAccount()Lcom/fsck/k9/Account;
10-31 08:42:52.144  6887  6908 D M_InsDal: Lcom/fsck/k9/mailstore/LocalStore;--->getAccount()Lcom/fsck/k9/Account;
10-31 08:42:52.144  6887  6908 D M_InsDal: Lcom/fsck/k9/Account;--->getInboxFolderName()Ljava/lang/String;
10-31 08:42:52.144  6887  6908 D M_InsDal: Lcom/fsck/k9/mailstore/LocalFolder;--->getName()Ljava/lang/String;
10-31 08:42:52.144  6887  6908 D M_InsDal: Lcom/fsck/k9/mailstore/LocalFolder;--->open(Landroid/database/Cursor;)V
10-31 08:42:52.144  6887  6908 D M_InsDal: Lcom/fsck/k9/mail/Folder;--->setStatus(Ljava/lang/String;)V
10-31 08:42:52.144  6887  6908 D M_InsDal: Lcom/fsck/k9/mail/Folder;--->setLastChecked(J)V
10-31 08:42:52.144  6887  6908 D M_InsDal: Lcom/fsck/k9/mail/Folder;--->setLastPush(J)V
10-31 08:42:52.144  6887  6908 D M_InsDal: Lcom/fsck/k9/mail/Folder$FolderClass;--->valueOf(Ljava/lang/String;)Lcom/fsck/k9/mail/Folder$FolderClass;
10-31 08:42:52.144  6887  6908 D M_InsDal: Lcom/fsck/k9/mail/Folder$FolderClass;--->values()[Lcom/fsck/k9/mail/Folder$FolderClass;
10-31 08:42:52.144  6887  6908 D M_InsDal: Lcom/fsck/k9/mail/Folder$FolderClass;--->valueOf(Ljava/lang/String;)Lcom/fsck/k9/mail/Folder$FolderClass;
10-31 08:42:52.144  6887  6908 D M_InsDal: Lcom/fsck/k9/mail/Folder$FolderClass;--->valueOf(Ljava/lang/String;)Lcom/fsck/k9/mail/Folder$FolderClass;
10-31 08:42:52.144  6887  6908 D M_InsDal: Lcom/fsck/k9/mailstore/LocalFolder$MoreMessages;--->fromDatabaseName(Ljava/lang/String;)Lcom/fsck/k9/mailstore/LocalFolder$MoreMessages;
10-31 08:42:52.144  6887  6908 D M_InsDal: Lcom/fsck/k9/mailstore/LocalFolder$MoreMessages;--->values()[Lcom/fsck/k9/mailstore/LocalFolder$MoreMessages;
10-31 08:42:52.144  6887  6908 D M_InsDal: Lcom/fsck/k9/mailstore/LocalFolder;---><init>(Lcom/fsck/k9/mailstore/LocalStore;Ljava/lang/String;)V
10-31 08:42:52.144  6887  6908 D M_InsDal: Lcom/fsck/k9/mail/Folder;---><init>()V
10-31 08:42:52.144  6887  6908 D M_InsDal: Lcom/fsck/k9/mailstore/LocalStore;--->getAttachmentInfoExtractor()Lcom/fsck/k9/message/extractors/AttachmentInfoExtractor;
10-31 08:42:52.144  6887  6908 D M_InsDal: Lcom/fsck/k9/mailstore/LocalFolder;--->getAccount()Lcom/fsck/k9/Account;
10-31 08:42:52.144  6887  6908 D M_InsDal: Lcom/fsck/k9/mailstore/LocalStore;--->getAccount()Lcom/fsck/k9/Account;
10-31 08:42:52.144  6887  6908 D M_InsDal: Lcom/fsck/k9/Account;--->getInboxFolderName()Ljava/lang/String;
10-31 08:42:52.144  6887  6908 D M_InsDal: Lcom/fsck/k9/mailstore/LocalFolder;--->getName()Ljava/lang/String;
10-31 08:42:52.144  6887  6908 D M_InsDal: Lcom/fsck/k9/mailstore/LocalFolder;--->open(Landroid/database/Cursor;)V
10-31 08:42:52.144  6887  6908 D M_InsDal: Lcom/fsck/k9/mail/Folder;--->setStatus(Ljava/lang/String;)V
10-31 08:42:52.144  6887  6908 D M_InsDal: Lcom/fsck/k9/mail/Folder;--->setLastChecked(J)V
10-31 08:42:52.144  6887  6908 D M_InsDal: Lcom/fsck/k9/mail/Folder;--->setLastPush(J)V
10-31 08:42:52.144  6887  6908 D M_InsDal: Lcom/fsck/k9/mail/Folder$FolderClass;--->valueOf(Ljava/lang/String;)Lcom/fsck/k9/mail/Folder$FolderClass;
10-31 08:42:52.144  6887  6908 D M_InsDal: Lcom/fsck/k9/mail/Folder$FolderClass;--->valueOf(Ljava/lang/String;)Lcom/fsck/k9/mail/Folder$FolderClass;
10-31 08:42:52.144  6887  6908 D M_InsDal: Lcom/fsck/k9/mailstore/LocalFolder$MoreMessages;--->fromDatabaseName(Ljava/lang/String;)Lcom/fsck/k9/mailstore/LocalFolder$MoreMessages;
10-31 08:42:52.144  6887  6908 D M_InsDal: Lcom/fsck/k9/mailstore/LocalFolder$MoreMessages;--->values()[Lcom/fsck/k9/mailstore/LocalFolder$MoreMessages;
10-31 08:42:52.144  6887  6908 D M_InsDal: Lcom/fsck/k9/mailstore/LocalFolder;---><init>(Lcom/fsck/k9/mailstore/LocalStore;Ljava/lang/String;)V
10-31 08:42:52.144  6887  6908 D M_InsDal: Lcom/fsck/k9/mail/Folder;---><init>()V
10-31 08:42:52.144  6887  6908 D M_InsDal: Lcom/fsck/k9/mailstore/LocalStore;--->getAttachmentInfoExtractor()Lcom/fsck/k9/message/extractors/AttachmentInfoExtractor;
10-31 08:42:52.144  6887  6908 D M_InsDal: Lcom/fsck/k9/mailstore/LocalFolder;--->getAccount()Lcom/fsck/k9/Account;
10-31 08:42:52.144  6887  6908 D M_InsDal: Lcom/fsck/k9/mailstore/LocalStore;--->getAccount()Lcom/fsck/k9/Account;
10-31 08:42:52.144  6887  6908 D M_InsDal: Lcom/fsck/k9/Account;--->getInboxFolderName()Ljava/lang/String;
10-31 08:42:52.144  6887  6908 D M_InsDal: Lcom/fsck/k9/mailstore/LocalFolder;--->getName()Ljava/lang/String;
10-31 08:42:52.144  6887  6908 D M_InsDal: Lcom/fsck/k9/mailstore/LocalFolder;--->open(Landroid/database/Cursor;)V
10-31 08:42:52.144  6887  6908 D M_InsDal: Lcom/fsck/k9/mail/Folder;--->setStatus(Ljava/lang/String;)V
10-31 08:42:52.144  6887  6908 D M_InsDal: Lcom/fsck/k9/mail/Folder;--->setLastChecked(J)V
10-31 08:42:52.144  6887  6908 D M_InsDal: Lcom/fsck/k9/mail/Folder;--->setLastPush(J)V
10-31 08:42:52.144  6887  6908 D M_InsDal: Lcom/fsck/k9/mail/Folder$FolderClass;--->valueOf(Ljava/lang/String;)Lcom/fsck/k9/mail/Folder$FolderClass;
10-31 08:42:52.144  6887  6908 D M_InsDal: Lcom/fsck/k9/mail/Folder$FolderClass;--->valueOf(Ljava/lang/String;)Lcom/fsck/k9/mail/Folder$FolderClass;
10-31 08:42:52.144  6887  6908 D M_InsDal: Lcom/fsck/k9/mailstore/LocalFolder$MoreMessages;--->fromDatabaseName(Ljava/lang/String;)Lcom/fsck/k9/mailstore/LocalFolder$MoreMessages;
10-31 08:42:52.144  6887  6908 D M_InsDal: Lcom/fsck/k9/mailstore/LocalFolder$MoreMessages;--->values()[Lcom/fsck/k9/mailstore/LocalFolder$MoreMessages;
10-31 08:42:52.144  6887  6908 D M_InsDal: Lcom/fsck/k9/mailstore/LocalFolder;---><init>(Lcom/fsck/k9/mailstore/LocalStore;Ljava/lang/String;)V
10-31 08:42:52.144  6887  6908 D M_InsDal: Lcom/fsck/k9/mail/Folder;---><init>()V
10-31 08:42:52.144  6887  6908 D M_InsDal: Lcom/fsck/k9/mailstore/LocalStore;--->getAttachmentInfoExtractor()Lcom/fsck/k9/message/extractors/AttachmentInfoExtractor;
10-31 08:42:52.144  6887  6908 D M_InsDal: Lcom/fsck/k9/mailstore/LocalFolder;--->getAccount()Lcom/fsck/k9/Account;
10-31 08:42:52.144  6887  6908 D M_InsDal: Lcom/fsck/k9/mailstore/LocalStore;--->getAccount()Lcom/fsck/k9/Account;
10-31 08:42:52.144  6887  6908 D M_InsDal: Lcom/fsck/k9/Account;--->getInboxFolderName()Ljava/lang/String;
10-31 08:42:52.144  6887  6908 D M_InsDal: Lcom/fsck/k9/mailstore/LocalFolder;--->getName()Ljava/lang/String;
10-31 08:42:52.144  6887  6908 D M_InsDal: Lcom/fsck/k9/mailstore/LocalFolder;--->open(Landroid/database/Cursor;)V
10-31 08:42:52.144  6887  6908 D M_InsDal: Lcom/fsck/k9/mail/Folder;--->setStatus(Ljava/lang/String;)V
10-31 08:42:52.144  6887  6908 D M_InsDal: Lcom/fsck/k9/mail/Folder;--->setLastChecked(J)V
10-31 08:42:52.144  6887  6908 D M_InsDal: Lcom/fsck/k9/mail/Folder;--->setLastPush(J)V
10-31 08:42:52.144  6887  6908 D M_InsDal: Lcom/fsck/k9/mail/Folder$FolderClass;--->valueOf(Ljava/lang/String;)Lcom/fsck/k9/mail/Folder$FolderClass;
10-31 08:42:52.144  6887  6908 D M_InsDal: Lcom/fsck/k9/mail/Folder$FolderClass;--->valueOf(Ljava/lang/String;)Lcom/fsck/k9/mail/Folder$FolderClass;
10-31 08:42:52.144  6887  6908 D M_InsDal: Lcom/fsck/k9/mailstore/LocalFolder$MoreMessages;--->fromDatabaseName(Ljava/lang/String;)Lcom/fsck/k9/mailstore/LocalFolder$MoreMessages;
10-31 08:42:52.144  6887  6908 D M_InsDal: Lcom/fsck/k9/mailstore/LocalFolder$MoreMessages;--->values()[Lcom/fsck/k9/mailstore/LocalFolder$MoreMessages;
10-31 08:42:52.144  6887  6908 D M_InsDal: Lcom/fsck/k9/mailstore/LocalFolder;---><init>(Lcom/fsck/k9/mailstore/LocalStore;Ljava/lang/String;)V
10-31 08:42:52.144  6887  6908 D M_InsDal: Lcom/fsck/k9/mail/Folder;---><init>()V
10-31 08:42:52.144  6887  6908 D M_InsDal: Lcom/fsck/k9/mailstore/LocalStore;--->getAttachmentInfoExtractor()Lcom/fsck/k9/message/extractors/AttachmentInfoExtractor;
10-31 08:42:52.144  6887  6908 D M_InsDal: Lcom/fsck/k9/mailstore/LocalFolder;--->getAccount()Lcom/fsck/k9/Account;
10-31 08:42:52.144  6887  6908 D M_InsDal: Lcom/fsck/k9/mailstore/LocalStore;--->getAccount()Lcom/fsck/k9/Account;
10-31 08:42:52.144  6887  6908 D M_InsDal: Lcom/fsck/k9/Account;--->getInboxFolderName()Ljava/lang/String;
10-31 08:42:52.144  6887  6908 D M_InsDal: Lcom/fsck/k9/mailstore/LocalFolder;--->getName()Ljava/lang/String;
10-31 08:42:52.144  6887  6908 D M_InsDal: Lcom/fsck/k9/mailstore/LocalFolder;--->open(Landroid/database/Cursor;)V
10-31 08:42:52.144  6887  6908 D M_InsDal: Lcom/fsck/k9/mail/Folder;--->setStatus(Ljava/lang/String;)V
10-31 08:42:52.144  6887  6908 D M_InsDal: Lcom/fsck/k9/mail/Folder;--->setLastChecked(J)V
10-31 08:42:52.144  6887  6908 D M_InsDal: Lcom/fsck/k9/mail/Folder;--->setLastPush(J)V
10-31 08:42:52.144  6887  6908 D M_InsDal: Lcom/fsck/k9/mail/Folder$FolderClass;--->valueOf(Ljava/lang/String;)Lcom/fsck/k9/mail/Folder$FolderClass;
10-31 08:42:52.144  6887  6908 D M_InsDal: Lcom/fsck/k9/mail/Folder$FolderClass;--->valueOf(Ljava/lang/String;)Lcom/fsck/k9/mail/Folder$FolderClass;
10-31 08:42:52.144  6887  6908 D M_InsDal: Lcom/fsck/k9/mailstore/LocalFolder$MoreMessages;--->fromDatabaseName(Ljava/lang/String;)Lcom/fsck/k9/mailstore/LocalFolder$MoreMessages;
10-31 08:42:52.144  6887  6908 D M_InsDal: Lcom/fsck/k9/mailstore/LocalFolder$MoreMessages;--->values()[Lcom/fsck/k9/mailstore/LocalFolder$MoreMessages;
10-31 08:42:52.144  6887  6908 D M_InsDal: Lcom/fsck/k9/mailstore/LocalFolder;---><init>(Lcom/fsck/k9/mailstore/LocalStore;Ljava/lang/String;)V
10-31 08:42:52.144  6887  6908 D M_InsDal: Lcom/fsck/k9/mail/Folder;---><init>()V
10-31 08:42:52.144  6887  6908 D M_InsDal: Lcom/fsck/k9/mailstore/LocalStore;--->getAttachmentInfoExtractor()Lcom/fsck/k9/message/extractors/AttachmentInfoExtractor;
10-31 08:42:52.144  6887  6908 D M_InsDal: Lcom/fsck/k9/mailstore/LocalFolder;--->getAccount()Lcom/fsck/k9/Account;
10-31 08:42:52.144  6887  6908 D M_InsDal: Lcom/fsck/k9/mailstore/LocalStore;--->getAccount()Lcom/fsck/k9/Account;
10-31 08:42:52.144  6887  6908 D M_InsDal: Lcom/fsck/k9/Account;--->getInboxFolderName()Ljava/lang/String;
10-31 08:42:52.144  6887  6908 D M_InsDal: Lcom/fsck/k9/mailstore/LocalFolder;--->getName()Ljava/lang/String;
10-31 08:42:52.144  6887  6908 D M_InsDal: Lcom/fsck/k9/mailstore/LocalFolder;--->open(Landroid/database/Cursor;)V
10-31 08:42:52.144  6887  6908 D M_InsDal: Lcom/fsck/k9/mail/Folder;--->setStatus(Ljava/lang/String;)V
10-31 08:42:52.144  6887  6908 D M_InsDal: Lcom/fsck/k9/mail/Folder;--->setLastChecked(J)V
10-31 08:42:52.144  6887  6908 D M_InsDal: Lcom/fsck/k9/mail/Folder;--->setLastPush(J)V
10-31 08:42:52.144  6887  6908 D M_InsDal: Lcom/fsck/k9/mail/Folder$FolderClass;--->valueOf(Ljava/lang/String;)Lcom/fsck/k9/mail/Folder$FolderClass;
10-31 08:42:52.144  6887  6908 D M_InsDal: Lcom/fsck/k9/mail/Folder$FolderClass;--->valueOf(Ljava/lang/String;)Lcom/fsck/k9/mail/Folder$FolderClass;
10-31 08:42:52.144  6887  6908 D M_InsDal: Lcom/fsck/k9/mailstore/LocalFolder$MoreMessages;--->fromDatabaseName(Ljava/lang/String;)Lcom/fsck/k9/mailstore/LocalFolder$MoreMessages;
10-31 08:42:52.144  6887  6908 D M_InsDal: Lcom/fsck/k9/mailstore/LocalFolder$MoreMessages;--->values()[Lcom/fsck/k9/mailstore/LocalFolder$MoreMessages;
10-31 08:42:52.144  6887  6908 D M_InsDal: Lcom/fsck/k9/helper/Utility;--->closeQuietly(Landroid/database/Cursor;)V
10-31 08:42:52.144  6887  6908 D M_InsDal: Lcom/fsck/k9/mailstore/LockableDatabase;--->unlockRead()V
