10-31 08:43:49.499  7369  7392 D M_InsDal: Lcom/fsck/k9/mailstore/LockableDatabase;--->getStorageManager()Lcom/fsck/k9/mailstore/StorageManager;
10-31 08:43:49.499  7369  7392 D M_InsDal: Lcom/fsck/k9/mailstore/StorageManager;--->getInstance(Landroid/content/Context;)Lcom/fsck/k9/mailstore/StorageManager;
10-31 08:43:49.499  7369  7392 D M_InsDal: Lcom/fsck/k9/mailstore/StorageManager;--->getDatabase(Ljava/lang/String;Ljava/lang/String;)Ljava/io/File;
10-31 08:43:49.499  7369  7392 D M_InsDal: Lcom/fsck/k9/mailstore/StorageManager;--->getProvider(Ljava/lang/String;)Lcom/fsck/k9/mailstore/StorageManager$StorageProvider;
10-31 08:43:49.499  7369  7369 D M_InsDal: Lcom/fsck/k9/FontSizes;--->getAccountName()I
10-31 08:43:49.499  7369  7392 D M_InsDal: Lcom/fsck/k9/mailstore/StorageManager$InternalStorageProvider;--->getDatabase(Landroid/content/Context;Ljava/lang/String;)Ljava/io/File;
10-31 08:43:49.499  7369  7369 D M_InsDal: Lcom/fsck/k9/FontSizes;--->setViewTextSize(Landroid/widget/TextView;I)V
10-31 08:43:49.499  7369  7369 D M_InsDal: Lcom/fsck/k9/FontSizes;--->getAccountDescription()I
10-31 08:43:49.499  7369  7369 D M_InsDal: Lcom/fsck/k9/FontSizes;--->setViewTextSize(Landroid/widget/TextView;I)V
10-31 08:43:49.499  7369  7392 D M_InsDal: Lcom/fsck/k9/mailstore/StorageManager;--->getAttachmentDirectory(Ljava/lang/String;Ljava/lang/String;)Ljava/io/File;
10-31 08:43:49.499  7369  7392 D M_InsDal: Lcom/fsck/k9/mailstore/StorageManager;--->getProvider(Ljava/lang/String;)Lcom/fsck/k9/mailstore/StorageManager$StorageProvider;
10-31 08:43:49.499  7369  7392 D M_InsDal: Lcom/fsck/k9/mailstore/StorageManager$InternalStorageProvider;--->getAttachmentDirectory(Landroid/content/Context;Ljava/lang/String;)Ljava/io/File;
10-31 08:43:49.499  7369  7392 D M_InsDal: Lcom/fsck/k9/mailstore/LockableDatabase;--->doOpenOrCreateDb(Ljava/io/File;)V
10-31 08:43:49.501  7369  7369 D M_InsDal: Lcom/fsck/k9/activity/AccountList$AccountsAdapter;--->getView(ILandroid/view/View;Landroid/view/ViewGroup;)Landroid/view/View;
10-31 08:43:49.502  7369  7392 D M_InsDal: Lcom/fsck/k9/mailstore/StoreSchemaDefinition;--->getVersion()I
10-31 08:43:49.502  7369  7392 D M_InsDal: Lcom/fsck/k9/mailstore/LockableDatabase;--->unlockWrite()V
10-31 08:43:49.502  7369  7392 D M_InsDal: Lcom/fsck/k9/mailstore/LockableDatabase;--->unlockWrite(Ljava/lang/String;)V
10-31 08:43:49.502  7369  7392 D M_InsDal: Lcom/fsck/k9/mailstore/LockableDatabase;--->getStorageManager()Lcom/fsck/k9/mailstore/StorageManager;
10-31 08:43:49.502  7369  7392 D M_InsDal: Lcom/fsck/k9/mailstore/StorageManager;--->getInstance(Landroid/content/Context;)Lcom/fsck/k9/mailstore/StorageManager;
10-31 08:43:49.502  7369  7392 D M_InsDal: Lcom/fsck/k9/mailstore/StorageManager;--->unlockProvider(Ljava/lang/String;)V
10-31 08:43:49.502  7369  7392 D M_InsDal: Lcom/fsck/k9/mailstore/StorageManager;--->getProvider(Ljava/lang/String;)Lcom/fsck/k9/mailstore/StorageManager$StorageProvider;
10-31 08:43:49.502  7369  7392 D M_InsDal: Lcom/fsck/k9/mailstore/LockableDatabase;--->unlockWrite()V
10-31 08:43:49.502  7369  7392 D M_InsDal: Lcom/fsck/k9/mailstore/LockableDatabase;--->unlockWrite(Ljava/lang/String;)V
10-31 08:43:49.502  7369  7392 D M_InsDal: Lcom/fsck/k9/mailstore/LockableDatabase;--->getStorageManager()Lcom/fsck/k9/mailstore/StorageManager;
10-31 08:43:49.502  7369  7392 D M_InsDal: Lcom/fsck/k9/mailstore/StorageManager;--->getInstance(Landroid/content/Context;)Lcom/fsck/k9/mailstore/StorageManager;
10-31 08:43:49.502  7369  7392 D M_InsDal: Lcom/fsck/k9/mailstore/StorageManager;--->unlockProvider(Ljava/lang/String;)V
10-31 08:43:49.502  7369  7392 D M_InsDal: Lcom/fsck/k9/mailstore/StorageManager;--->getProvider(Ljava/lang/String;)Lcom/fsck/k9/mailstore/StorageManager$StorageProvider;
10-31 08:43:49.502  7369  7392 D M_InsDal: Lcom/fsck/k9/mailstore/StorageManager;--->getInstance(Landroid/content/Context;)Lcom/fsck/k9/mailstore/StorageManager;
10-31 08:43:49.502  7369  7392 D M_InsDal: Lcom/fsck/k9/mailstore/StorageManager;--->addListener(Lcom/fsck/k9/mailstore/StorageManager$StorageListener;)V
10-31 08:43:49.502  7369  7392 D M_InsDal: Lcom/fsck/k9/mailstore/LocalStore;--->getPersonalNamespaces(Z)Ljava/util/List;
10-31 08:43:49.502  7369  7369 D M_InsDal: Lcom/fsck/k9/activity/AccountList$AccountsAdapter$AccountViewHolder;---><init>(Lcom/fsck/k9/activity/AccountList$AccountsAdapter;)V
10-31 08:43:49.502  7369  7369 D M_InsDal: Lcom/fsck/k9/search/SearchAccount;--->getDescription()Ljava/lang/String;
10-31 08:43:49.502  7369  7369 D M_InsDal: Lcom/fsck/k9/search/SearchAccount;--->getEmail()Ljava/lang/String;
10-31 08:43:49.502  7369  7369 D M_InsDal: Lcom/fsck/k9/search/SearchAccount;--->getEmail()Ljava/lang/String;
10-31 08:43:49.502  7369  7369 D M_InsDal: Lcom/fsck/k9/FontSizes;--->getAccountName()I
10-31 08:43:49.502  7369  7369 D M_InsDal: Lcom/fsck/k9/FontSizes;--->setViewTextSize(Landroid/widget/TextView;I)V
10-31 08:43:49.502  7369  7369 D M_InsDal: Lcom/fsck/k9/FontSizes;--->getAccountDescription()I
10-31 08:43:49.502  7369  7369 D M_InsDal: Lcom/fsck/k9/FontSizes;--->setViewTextSize(Landroid/widget/TextView;I)V
10-31 08:43:49.502  7369  7392 D M_InsDal: Lcom/fsck/k9/mailstore/LocalStore$6;---><init>(Lcom/fsck/k9/mailstore/LocalStore;Ljava/util/List;)V
10-31 08:43:49.502  7369  7392 D M_InsDal: Lcom/fsck/k9/mailstore/LockableDatabase;--->execute(ZLcom/fsck/k9/mailstore/LockableDatabase$DbCallback;)Ljava/lang/Object;
10-31 08:43:49.502  7369  7392 D M_InsDal: Lcom/fsck/k9/mailstore/LockableDatabase;--->lockRead()V
10-31 08:43:49.502  7369  7392 D M_InsDal: Lcom/fsck/k9/mailstore/LockableDatabase;--->getStorageManager()Lcom/fsck/k9/mailstore/StorageManager;
10-31 08:43:49.502  7369  7392 D M_InsDal: Lcom/fsck/k9/mailstore/StorageManager;--->getInstance(Landroid/content/Context;)Lcom/fsck/k9/mailstore/StorageManager;
10-31 08:43:49.502  7369  7392 D M_InsDal: Lcom/fsck/k9/mailstore/StorageManager;--->lockProvider(Ljava/lang/String;)V
10-31 08:43:49.502  7369  7392 D M_InsDal: Lcom/fsck/k9/mailstore/StorageManager;--->getProvider(Ljava/lang/String;)Lcom/fsck/k9/mailstore/StorageManager$StorageProvider;
10-31 08:43:49.502  7369  7392 D M_InsDal: Lcom/fsck/k9/mailstore/StorageManager$InternalStorageProvider;--->isReady(Landroid/content/Context;)Z
10-31 08:43:49.502  7369  7392 D M_InsDal: Lcom/fsck/k9/K9;--->isDebug()Z
10-31 08:43:49.502  7369  7392 D M_InsDal: Lcom/fsck/k9/mailstore/LocalStore$6;--->doDbWork(Landroid/database/sqlite/SQLiteDatabase;)Ljava/util/List;
10-31 08:43:49.503  7369  7369 D M_InsDal: Lcom/fsck/k9/activity/AccountList$AccountsAdapter;--->getView(ILandroid/view/View;Landroid/view/ViewGroup;)Landroid/view/View;
10-31 08:43:49.503  7369  7392 D M_InsDal: Lcom/fsck/k9/mailstore/LocalFolder;---><init>(Lcom/fsck/k9/mailstore/LocalStore;Ljava/lang/String;)V
10-31 08:43:49.503  7369  7392 D M_InsDal: Lcom/fsck/k9/mail/Folder;---><init>()V
10-31 08:43:49.503  7369  7392 D M_InsDal: Lcom/fsck/k9/mail/Folder$FolderClass;---><clinit>()V
10-31 08:43:49.503  7369  7392 D M_InsDal: Lcom/fsck/k9/mail/Folder$FolderClass;---><init>(Ljava/lang/String;I)V
10-31 08:43:49.503  7369  7392 D M_InsDal: Lcom/fsck/k9/mail/Folder$FolderClass;---><init>(Ljava/lang/String;I)V
10-31 08:43:49.503  7369  7392 D M_InsDal: Lcom/fsck/k9/mailstore/LocalFolder$MoreMessages;---><clinit>()V
10-31 08:43:49.503  7369  7392 D M_InsDal: Lcom/fsck/k9/mailstore/LocalFolder$MoreMessages;---><init>(Ljava/lang/String;ILjava/lang/String;)V
10-31 08:43:49.503  7369  7392 D M_InsDal: Lcom/fsck/k9/mailstore/LocalFolder$MoreMessages;---><init>(Ljava/lang/String;ILjava/lang/String;)V
10-31 08:43:49.503  7369  7392 D M_InsDal: Lcom/fsck/k9/mailstore/LocalStore;--->getAttachmentInfoExtractor()Lcom/fsck/k9/message/extractors/AttachmentInfoExtractor;
10-31 08:43:49.503  7369  7392 D M_InsDal: Lcom/fsck/k9/mailstore/LocalFolder;--->getAccount()Lcom/fsck/k9/Account;
10-31 08:43:49.503  7369  7392 D M_InsDal: Lcom/fsck/k9/mailstore/LocalStore;--->getAccount()Lcom/fsck/k9/Account;
10-31 08:43:49.503  7369  7392 D M_InsDal: Lcom/fsck/k9/Account;--->getInboxFolderName()Ljava/lang/String;
10-31 08:43:49.503  7369  7392 D M_InsDal: Lcom/fsck/k9/mailstore/LocalFolder;--->getName()Ljava/lang/String;
10-31 08:43:49.503  7369  7392 D M_InsDal: Lcom/fsck/k9/mailstore/LocalFolder;--->open(Landroid/database/Cursor;)V
10-31 08:43:49.503  7369  7392 D M_InsDal: Lcom/fsck/k9/mail/Folder;--->setStatus(Ljava/lang/String;)V
10-31 08:43:49.503  7369  7392 D M_InsDal: Lcom/fsck/k9/mail/Folder;--->setLastChecked(J)V
10-31 08:43:49.503  7369  7392 D M_InsDal: Lcom/fsck/k9/mail/Folder;--->setLastPush(J)V
10-31 08:43:49.503  7369  7392 D M_InsDal: Lcom/fsck/k9/mail/Folder$FolderClass;--->valueOf(Ljava/lang/String;)Lcom/fsck/k9/mail/Folder$FolderClass;
10-31 08:43:49.503  7369  7392 D M_InsDal: Lcom/fsck/k9/mail/Folder$FolderClass;--->values()[Lcom/fsck/k9/mail/Folder$FolderClass;
10-31 08:43:49.503  7369  7392 D M_InsDal: Lcom/fsck/k9/mail/Folder$FolderClass;--->valueOf(Ljava/lang/String;)Lcom/fsck/k9/mail/Folder$FolderClass;
10-31 08:43:49.503  7369  7392 D M_InsDal: Lcom/fsck/k9/mail/Folder$FolderClass;--->valueOf(Ljava/lang/String;)Lcom/fsck/k9/mail/Folder$FolderClass;
10-31 08:43:49.503  7369  7392 D M_InsDal: Lcom/fsck/k9/mailstore/LocalFolder$MoreMessages;--->fromDatabaseName(Ljava/lang/String;)Lcom/fsck/k9/mailstore/LocalFolder$MoreMessages;
10-31 08:43:49.503  7369  7392 D M_InsDal: Lcom/fsck/k9/mailstore/LocalFolder$MoreMessages;--->values()[Lcom/fsck/k9/mailstore/LocalFolder$MoreMessages;
10-31 08:43:49.503  7369  7392 D M_InsDal: Lcom/fsck/k9/mailstore/LocalFolder;---><init>(Lcom/fsck/k9/mailstore/LocalStore;Ljava/lang/String;)V
10-31 08:43:49.503  7369  7392 D M_InsDal: Lcom/fsck/k9/mail/Folder;---><init>()V
10-31 08:43:49.503  7369  7392 D M_InsDal: Lcom/fsck/k9/mailstore/LocalStore;--->getAttachmentInfoExtractor()Lcom/fsck/k9/message/extractors/AttachmentInfoExtractor;
10-31 08:43:49.503  7369  7392 D M_InsDal: Lcom/fsck/k9/mailstore/LocalFolder;--->getAccount()Lcom/fsck/k9/Account;
10-31 08:43:49.503  7369  7392 D M_InsDal: Lcom/fsck/k9/mailstore/LocalStore;--->getAccount()Lcom/fsck/k9/Account;
10-31 08:43:49.503  7369  7392 D M_InsDal: Lcom/fsck/k9/Account;--->getInboxFolderName()Ljava/lang/String;
10-31 08:43:49.503  7369  7392 D M_InsDal: Lcom/fsck/k9/mailstore/LocalFolder;--->getName()Ljava/lang/String;
10-31 08:43:49.503  7369  7392 D M_InsDal: Lcom/fsck/k9/mailstore/LocalFolder;--->open(Landroid/database/Cursor;)V
10-31 08:43:49.503  7369  7392 D M_InsDal: Lcom/fsck/k9/mail/Folder;--->setStatus(Ljava/lang/String;)V
10-31 08:43:49.503  7369  7392 D M_InsDal: Lcom/fsck/k9/mail/Folder;--->setLastChecked(J)V
10-31 08:43:49.503  7369  7392 D M_InsDal: Lcom/fsck/k9/mail/Folder;--->setLastPush(J)V
10-31 08:43:49.503  7369  7392 D M_InsDal: Lcom/fsck/k9/mail/Folder$FolderClass;--->valueOf(Ljava/lang/String;)Lcom/fsck/k9/mail/Folder$FolderClass;
10-31 08:43:49.503  7369  7392 D M_InsDal: Lcom/fsck/k9/mail/Folder$FolderClass;--->valueOf(Ljava/lang/String;)Lcom/fsck/k9/mail/Folder$FolderClass;
10-31 08:43:49.503  7369  7392 D M_InsDal: Lcom/fsck/k9/mailstore/LocalFolder$MoreMessages;--->fromDatabaseName(Ljava/lang/String;)Lcom/fsck/k9/mailstore/LocalFolder$MoreMessages;
10-31 08:43:49.503  7369  7392 D M_InsDal: Lcom/fsck/k9/mailstore/LocalFolder$MoreMessages;--->values()[Lcom/fsck/k9/mailstore/LocalFolder$MoreMessages;
10-31 08:43:49.503  7369  7392 D M_InsDal: Lcom/fsck/k9/mailstore/LocalFolder;---><init>(Lcom/fsck/k9/mailstore/LocalStore;Ljava/lang/String;)V
10-31 08:43:49.503  7369  7392 D M_InsDal: Lcom/fsck/k9/mail/Folder;---><init>()V
10-31 08:43:49.503  7369  7392 D M_InsDal: Lcom/fsck/k9/mailstore/LocalStore;--->getAttachmentInfoExtractor()Lcom/fsck/k9/message/extractors/AttachmentInfoExtractor;
10-31 08:43:49.503  7369  7392 D M_InsDal: Lcom/fsck/k9/mailstore/LocalFolder;--->getAccount()Lcom/fsck/k9/Account;
10-31 08:43:49.503  7369  7392 D M_InsDal: Lcom/fsck/k9/mailstore/LocalStore;--->getAccount()Lcom/fsck/k9/Account;
10-31 08:43:49.503  7369  7392 D M_InsDal: Lcom/fsck/k9/Account;--->getInboxFolderName()Ljava/lang/String;
10-31 08:43:49.503  7369  7392 D M_InsDal: Lcom/fsck/k9/mailstore/LocalFolder;--->getName()Ljava/lang/String;
10-31 08:43:49.503  7369  7392 D M_InsDal: Lcom/fsck/k9/mailstore/LocalFolder;--->open(Landroid/database/Cursor;)V
10-31 08:43:49.503  7369  7392 D M_InsDal: Lcom/fsck/k9/mail/Folder;--->setStatus(Ljava/lang/String;)V
10-31 08:43:49.503  7369  7392 D M_InsDal: Lcom/fsck/k9/mail/Folder;--->setLastChecked(J)V
10-31 08:43:49.503  7369  7392 D M_InsDal: Lcom/fsck/k9/mail/Folder;--->setLastPush(J)V
10-31 08:43:49.503  7369  7392 D M_InsDal: Lcom/fsck/k9/mail/Folder$FolderClass;--->valueOf(Ljava/lang/String;)Lcom/fsck/k9/mail/Folder$FolderClass;
10-31 08:43:49.503  7369  7392 D M_InsDal: Lcom/fsck/k9/mail/Folder$FolderClass;--->valueOf(Ljava/lang/String;)Lcom/fsck/k9/mail/Folder$FolderClass;
10-31 08:43:49.503  7369  7392 D M_InsDal: Lcom/fsck/k9/mailstore/LocalFolder$MoreMessages;--->fromDatabaseName(Ljava/lang/String;)Lcom/fsck/k9/mailstore/LocalFolder$MoreMessages;
10-31 08:43:49.503  7369  7392 D M_InsDal: Lcom/fsck/k9/mailstore/LocalFolder$MoreMessages;--->values()[Lcom/fsck/k9/mailstore/LocalFolder$MoreMessages;
10-31 08:43:49.503  7369  7392 D M_InsDal: Lcom/fsck/k9/mailstore/LocalFolder;---><init>(Lcom/fsck/k9/mailstore/LocalStore;Ljava/lang/String;)V
10-31 08:43:49.503  7369  7392 D M_InsDal: Lcom/fsck/k9/mail/Folder;---><init>()V
10-31 08:43:49.503  7369  7392 D M_InsDal: Lcom/fsck/k9/mailstore/LocalStore;--->getAttachmentInfoExtractor()Lcom/fsck/k9/message/extractors/AttachmentInfoExtractor;
10-31 08:43:49.503  7369  7392 D M_InsDal: Lcom/fsck/k9/mailstore/LocalFolder;--->getAccount()Lcom/fsck/k9/Account;
10-31 08:43:49.503  7369  7392 D M_InsDal: Lcom/fsck/k9/mailstore/LocalStore;--->getAccount()Lcom/fsck/k9/Account;
10-31 08:43:49.503  7369  7392 D M_InsDal: Lcom/fsck/k9/Account;--->getInboxFolderName()Ljava/lang/String;
10-31 08:43:49.503  7369  7392 D M_InsDal: Lcom/fsck/k9/mailstore/LocalFolder;--->getName()Ljava/lang/String;
10-31 08:43:49.503  7369  7392 D M_InsDal: Lcom/fsck/k9/mailstore/LocalFolder;--->open(Landroid/database/Cursor;)V
10-31 08:43:49.503  7369  7392 D M_InsDal: Lcom/fsck/k9/mail/Folder;--->setStatus(Ljava/lang/String;)V
10-31 08:43:49.503  7369  7392 D M_InsDal: Lcom/fsck/k9/mail/Folder;--->setLastChecked(J)V
10-31 08:43:49.503  7369  7392 D M_InsDal: Lcom/fsck/k9/mail/Folder;--->setLastPush(J)V
10-31 08:43:49.503  7369  7392 D M_InsDal: Lcom/fsck/k9/mail/Folder$FolderClass;--->valueOf(Ljava/lang/String;)Lcom/fsck/k9/mail/Folder$FolderClass;
10-31 08:43:49.503  7369  7392 D M_InsDal: Lcom/fsck/k9/mail/Folder$FolderClass;--->valueOf(Ljava/lang/String;)Lcom/fsck/k9/mail/Folder$FolderClass;
10-31 08:43:49.503  7369  7392 D M_InsDal: Lcom/fsck/k9/mailstore/LocalFolder$MoreMessages;--->fromDatabaseName(Ljava/lang/String;)Lcom/fsck/k9/mailstore/LocalFolder$MoreMessages;
10-31 08:43:49.503  7369  7392 D M_InsDal: Lcom/fsck/k9/mailstore/LocalFolder$MoreMessages;--->values()[Lcom/fsck/k9/mailstore/LocalFolder$MoreMessages;
10-31 08:43:49.503  7369  7392 D M_InsDal: Lcom/fsck/k9/mailstore/LocalFolder;---><init>(Lcom/fsck/k9/mailstore/LocalStore;Ljava/lang/String;)V
10-31 08:43:49.503  7369  7392 D M_InsDal: Lcom/fsck/k9/mail/Folder;---><init>()V
10-31 08:43:49.503  7369  7392 D M_InsDal: Lcom/fsck/k9/mailstore/LocalStore;--->getAttachmentInfoExtractor()Lcom/fsck/k9/message/extractors/AttachmentInfoExtractor;
10-31 08:43:49.503  7369  7392 D M_InsDal: Lcom/fsck/k9/mailstore/LocalFolder;--->getAccount()Lcom/fsck/k9/Account;
10-31 08:43:49.503  7369  7392 D M_InsDal: Lcom/fsck/k9/mailstore/LocalStore;--->getAccount()Lcom/fsck/k9/Account;
10-31 08:43:49.503  7369  7392 D M_InsDal: Lcom/fsck/k9/Account;--->getInboxFolderName()Ljava/lang/String;
10-31 08:43:49.503  7369  7392 D M_InsDal: Lcom/fsck/k9/mailstore/LocalFolder;--->getName()Ljava/lang/String;
10-31 08:43:49.503  7369  7392 D M_InsDal: Lcom/fsck/k9/mailstore/LocalFolder;--->open(Landroid/database/Cursor;)V
10-31 08:43:49.503  7369  7392 D M_InsDal: Lcom/fsck/k9/mail/Folder;--->setStatus(Ljava/lang/String;)V
10-31 08:43:49.503  7369  7392 D M_InsDal: Lcom/fsck/k9/mail/Folder;--->setLastChecked(J)V
10-31 08:43:49.503  7369  7392 D M_InsDal: Lcom/fsck/k9/mail/Folder;--->setLastPush(J)V
10-31 08:43:49.503  7369  7392 D M_InsDal: Lcom/fsck/k9/mail/Folder$FolderClass;--->valueOf(Ljava/lang/String;)Lcom/fsck/k9/mail/Folder$FolderClass;
10-31 08:43:49.503  7369  7392 D M_InsDal: Lcom/fsck/k9/mail/Folder$FolderClass;--->valueOf(Ljava/lang/String;)Lcom/fsck/k9/mail/Folder$FolderClass;
10-31 08:43:49.503  7369  7392 D M_InsDal: Lcom/fsck/k9/mailstore/LocalFolder$MoreMessages;--->fromDatabaseName(Ljava/lang/String;)Lcom/fsck/k9/mailstore/LocalFolder$MoreMessages;
10-31 08:43:49.503  7369  7392 D M_InsDal: Lcom/fsck/k9/mailstore/LocalFolder$MoreMessages;--->values()[Lcom/fsck/k9/mailstore/LocalFolder$MoreMessages;
10-31 08:43:49.503  7369  7392 D M_InsDal: Lcom/fsck/k9/mailstore/LocalFolder;---><init>(Lcom/fsck/k9/mailstore/LocalStore;Ljava/lang/String;)V
10-31 08:43:49.503  7369  7392 D M_InsDal: Lcom/fsck/k9/mail/Folder;---><init>()V
10-31 08:43:49.503  7369  7392 D M_InsDal: Lcom/fsck/k9/mailstore/LocalStore;--->getAttachmentInfoExtractor()Lcom/fsck/k9/message/extractors/AttachmentInfoExtractor;
10-31 08:43:49.503  7369  7392 D M_InsDal: Lcom/fsck/k9/mailstore/LocalFolder;--->getAccount()Lcom/fsck/k9/Account;
10-31 08:43:49.503  7369  7392 D M_InsDal: Lcom/fsck/k9/mailstore/LocalStore;--->getAccount()Lcom/fsck/k9/Account;
10-31 08:43:49.503  7369  7392 D M_InsDal: Lcom/fsck/k9/Account;--->getInboxFolderName()Ljava/lang/String;
10-31 08:43:49.503  7369  7392 D M_InsDal: Lcom/fsck/k9/mailstore/LocalFolder;--->getName()Ljava/lang/String;
10-31 08:43:49.503  7369  7392 D M_InsDal: Lcom/fsck/k9/mailstore/LocalFolder;--->open(Landroid/database/Cursor;)V
10-31 08:43:49.503  7369  7392 D M_InsDal: Lcom/fsck/k9/mail/Folder;--->setStatus(Ljava/lang/String;)V
10-31 08:43:49.503  7369  7392 D M_InsDal: Lcom/fsck/k9/mail/Folder;--->setLastChecked(J)V
10-31 08:43:49.503  7369  7392 D M_InsDal: Lcom/fsck/k9/mail/Folder;--->setLastPush(J)V
10-31 08:43:49.503  7369  7392 D M_InsDal: Lcom/fsck/k9/mail/Folder$FolderClass;--->valueOf(Ljava/lang/String;)Lcom/fsck/k9/mail/Folder$FolderClass;
10-31 08:43:49.503  7369  7392 D M_InsDal: Lcom/fsck/k9/mail/Folder$FolderClass;--->valueOf(Ljava/lang/String;)Lcom/fsck/k9/mail/Folder$FolderClass;
10-31 08:43:49.503  7369  7392 D M_InsDal: Lcom/fsck/k9/mailstore/LocalFolder$MoreMessages;--->fromDatabaseName(Ljava/lang/String;)Lcom/fsck/k9/mailstore/LocalFolder$MoreMessages;
10-31 08:43:49.503  7369  7392 D M_InsDal: Lcom/fsck/k9/mailstore/LocalFolder$MoreMessages;--->values()[Lcom/fsck/k9/mailstore/LocalFolder$MoreMessages;
10-31 08:43:49.503  7369  7392 D M_InsDal: Lcom/fsck/k9/helper/Utility;--->closeQuietly(Landroid/database/Cursor;)V
10-31 08:43:49.503  7369  7392 D M_InsDal: Lcom/fsck/k9/mailstore/LockableDatabase;--->unlockRead()V
10-31 08:43:49.503  7369  7392 D M_InsDal: Lcom/fsck/k9/mailstore/LockableDatabase;--->getStorageManager()Lcom/fsck/k9/mailstore/StorageManager;
10-31 08:43:49.503  7369  7392 D M_InsDal: Lcom/fsck/k9/mailstore/StorageManager;--->getInstance(Landroid/content/Context;)Lcom/fsck/k9/mailstore/StorageManager;
10-31 08:43:49.503  7369  7392 D M_InsDal: Lcom/fsck/k9/mailstore/StorageManager;--->unlockProvider(Ljava/lang/String;)V
10-31 08:43:49.503  7369  7392 D M_InsDal: Lcom/fsck/k9/mailstore/StorageManager;--->getProvider(Ljava/lang/String;)Lcom/fsck/k9/mailstore/StorageManager$StorageProvider;
10-31 08:43:49.503  7369  7392 D M_InsDal: Lcom/fsck/k9/mailstore/LocalFolder;--->getName()Ljava/lang/String;
10-31 08:43:49.503  7369  7392 D M_InsDal: Lcom/fsck/k9/Account;--->getOutboxFolderName()Ljava/lang/String;
10-31 08:43:49.504  7369  7392 D M_InsDal: Lcom/fsck/k9/mailstore/LocalFolder;--->open(I)V
10-31 08:43:49.504  7369  7392 D M_InsDal: Lcom/fsck/k9/mailstore/LocalFolder;--->isOpen()Z
10-31 08:43:49.504  7369  7392 D M_InsDal: Lcom/fsck/k9/mailstore/LocalFolder;--->getMode()I
10-31 08:43:49.504  7369  7392 D M_InsDal: Lcom/fsck/k9/mailstore/LocalFolder;--->getDisplayClass()Lcom/fsck/k9/mail/Folder$FolderClass;
10-31 08:43:49.504  7369  7369 D M_InsDal: Lcom/fsck/k9/activity/AccountList$AccountsAdapter$AccountViewHolder;---><init>(Lcom/fsck/k9/activity/AccountList$AccountsAdapter;)V
10-31 08:43:49.504  7369  7392 D M_InsDal: Lcom/fsck/k9/mailstore/LocalFolder;--->getPushClass()Lcom/fsck/k9/mail/Folder$FolderClass;
10-31 08:43:49.504  7369  7392 D M_InsDal: Lcom/fsck/k9/controller/MessagingController;--->modeMismatch(Lcom/fsck/k9/Account$FolderMode;Lcom/fsck/k9/mail/Folder$FolderClass;)Z
10-31 08:43:49.504  7369  7369 D M_InsDal: Lcom/fsck/k9/Account;--->getDescription()Ljava/lang/String;
10-31 08:43:49.504  7369  7392 D M_InsDal: Lcom/fsck/k9/controller/MessagingController;--->modeMismatch(Lcom/fsck/k9/Account$FolderMode;Lcom/fsck/k9/mail/Folder$FolderClass;)Z
10-31 08:43:49.504  7369  7369 D M_InsDal: Lcom/fsck/k9/Account;--->getEmail()Ljava/lang/String;
10-31 08:43:49.504  7369  7392 D M_InsDal: Lcom/fsck/k9/mailstore/LocalFolder;--->getName()Ljava/lang/String;
10-31 08:43:49.504  7369  7392 D M_InsDal: Lcom/fsck/k9/Account;--->getOutboxFolderName()Ljava/lang/String;
10-31 08:43:49.504  7369  7369 D M_InsDal: Lcom/fsck/k9/Identity;--->getEmail()Ljava/lang/String;
10-31 08:43:49.504  7369  7369 D M_InsDal: Lcom/fsck/k9/Account;--->getEmail()Ljava/lang/String;
10-31 08:43:49.504  7369  7369 D M_InsDal: Lcom/fsck/k9/Identity;--->getEmail()Ljava/lang/String;
10-31 08:43:49.504  7369  7369 D M_InsDal: Lcom/fsck/k9/Account;--->getChipColor()I
10-31 08:43:49.504  7369  7369 D M_InsDal: Lcom/fsck/k9/FontSizes;--->getAccountName()I
10-31 08:43:49.504  7369  7369 D M_InsDal: Lcom/fsck/k9/FontSizes;--->setViewTextSize(Landroid/widget/TextView;I)V
10-31 08:43:49.504  7369  7369 D M_InsDal: Lcom/fsck/k9/FontSizes;--->getAccountDescription()I
10-31 08:43:49.504  7369  7369 D M_InsDal: Lcom/fsck/k9/FontSizes;--->setViewTextSize(Landroid/widget/TextView;I)V
10-31 08:43:49.504  7369  7392 D M_InsDal: Lcom/fsck/k9/mailstore/LocalFolder;--->getName()Ljava/lang/String;
10-31 08:43:49.504  7369  7392 D M_InsDal: Lcom/fsck/k9/Account;--->getOutboxFolderName()Ljava/lang/String;
10-31 08:43:49.504  7369  7392 D M_InsDal: Lcom/fsck/k9/mailstore/LocalFolder;--->open(I)V
10-31 08:43:49.504  7369  7392 D M_InsDal: Lcom/fsck/k9/mailstore/LocalFolder;--->isOpen()Z
10-31 08:43:49.504  7369  7392 D M_InsDal: Lcom/fsck/k9/mailstore/LocalFolder;--->getMode()I
10-31 08:43:49.504  7369  7392 D M_InsDal: Lcom/fsck/k9/mailstore/LocalFolder;--->getDisplayClass()Lcom/fsck/k9/mail/Folder$FolderClass;
10-31 08:43:49.504  7369  7392 D M_InsDal: Lcom/fsck/k9/mailstore/LocalFolder;--->getPushClass()Lcom/fsck/k9/mail/Folder$FolderClass;
10-31 08:43:49.504  7369  7392 D M_InsDal: Lcom/fsck/k9/mailstore/LocalFolder;--->getSyncClass()Lcom/fsck/k9/mail/Folder$FolderClass;
10-31 08:43:49.504  7369  7392 D M_InsDal: Lcom/fsck/k9/controller/MessagingController;--->modeMismatch(Lcom/fsck/k9/Account$FolderMode;Lcom/fsck/k9/mail/Folder$FolderClass;)Z
10-31 08:43:49.504  7369  7392 D M_InsDal: Lcom/fsck/k9/controller/MessagingController;--->modeMismatch(Lcom/fsck/k9/Account$FolderMode;Lcom/fsck/k9/mail/Folder$FolderClass;)Z
10-31 08:43:49.504  7369  7392 D M_InsDal: Lcom/fsck/k9/mailstore/LocalFolder;--->getName()Ljava/lang/String;
10-31 08:43:49.504  7369  7392 D M_InsDal: Lcom/fsck/k9/Account;--->getOutboxFolderName()Ljava/lang/String;
10-31 08:43:49.504  7369  7392 D M_InsDal: Lcom/fsck/k9/mailstore/LocalFolder;--->open(I)V
10-31 08:43:49.504  7369  7392 D M_InsDal: Lcom/fsck/k9/mailstore/LocalFolder;--->isOpen()Z
10-31 08:43:49.504  7369  7392 D M_InsDal: Lcom/fsck/k9/mailstore/LocalFolder;--->getMode()I
10-31 08:43:49.504  7369  7392 D M_InsDal: Lcom/fsck/k9/mailstore/LocalFolder;--->getDisplayClass()Lcom/fsck/k9/mail/Folder$FolderClass;
10-31 08:43:49.504  7369  7392 D M_InsDal: Lcom/fsck/k9/mailstore/LocalFolder;--->getPushClass()Lcom/fsck/k9/mail/Folder$FolderClass;
10-31 08:43:49.504  7369  7392 D M_InsDal: Lcom/fsck/k9/mailstore/LocalFolder;--->getSyncClass()Lcom/fsck/k9/mail/Folder$FolderClass;
10-31 08:43:49.504  7369  7392 D M_InsDal: Lcom/fsck/k9/controller/MessagingController;--->modeMismatch(Lcom/fsck/k9/Account$FolderMode;Lcom/fsck/k9/mail/Folder$FolderClass;)Z
10-31 08:43:49.504  7369  7392 D M_InsDal: Lcom/fsck/k9/controller/MessagingController;--->modeMismatch(Lcom/fsck/k9/Account$FolderMode;Lcom/fsck/k9/mail/Folder$FolderClass;)Z
10-31 08:43:49.504  7369  7392 D M_InsDal: Lcom/fsck/k9/mailstore/LocalFolder;--->getName()Ljava/lang/String;
10-31 08:43:49.504  7369  7392 D M_InsDal: Lcom/fsck/k9/Account;--->getOutboxFolderName()Ljava/lang/String;
10-31 08:43:49.504  7369  7392 D M_InsDal: Lcom/fsck/k9/mailstore/LocalFolder;--->open(I)V
10-31 08:43:49.504  7369  7392 D M_InsDal: Lcom/fsck/k9/mailstore/LocalFolder;--->isOpen()Z
10-31 08:43:49.504  7369  7392 D M_InsDal: Lcom/fsck/k9/mailstore/LocalFolder;--->getMode()I
10-31 08:43:49.504  7369  7392 D M_InsDal: Lcom/fsck/k9/mailstore/LocalFolder;--->getDisplayClass()Lcom/fsck/k9/mail/Folder$FolderClass;
10-31 08:43:49.504  7369  7392 D M_InsDal: Lcom/fsck/k9/mailstore/LocalFolder;--->getPushClass()Lcom/fsck/k9/mail/Folder$FolderClass;
10-31 08:43:49.504  7369  7392 D M_InsDal: Lcom/fsck/k9/mailstore/LocalFolder;--->getSyncClass()Lcom/fsck/k9/mail/Folder$FolderClass;
10-31 08:43:49.504  7369  7392 D M_InsDal: Lcom/fsck/k9/controller/MessagingController;--->modeMismatch(Lcom/fsck/k9/Account$FolderMode;Lcom/fsck/k9/mail/Folder$FolderClass;)Z
10-31 08:43:49.504  7369  7392 D M_InsDal: Lcom/fsck/k9/controller/MessagingController;--->modeMismatch(Lcom/fsck/k9/Account$FolderMode;Lcom/fsck/k9/mail/Folder$FolderClass;)Z
10-31 08:43:49.504  7369  7392 D M_InsDal: Lcom/fsck/k9/mailstore/LocalFolder;--->getName()Ljava/lang/String;
10-31 08:43:49.504  7369  7392 D M_InsDal: Lcom/fsck/k9/Account;--->getOutboxFolderName()Ljava/lang/String;
10-31 08:43:49.504  7369  7392 D M_InsDal: Lcom/fsck/k9/mailstore/LocalFolder;--->open(I)V
10-31 08:43:49.504  7369  7392 D M_InsDal: Lcom/fsck/k9/mailstore/LocalFolder;--->isOpen()Z
10-31 08:43:49.504  7369  7392 D M_InsDal: Lcom/fsck/k9/mailstore/LocalFolder;--->getMode()I
10-31 08:43:49.504  7369  7392 D M_InsDal: Lcom/fsck/k9/mailstore/LocalFolder;--->getDisplayClass()Lcom/fsck/k9/mail/Folder$FolderClass;
10-31 08:43:49.504  7369  7392 D M_InsDal: Lcom/fsck/k9/mailstore/LocalFolder;--->getPushClass()Lcom/fsck/k9/mail/Folder$FolderClass;
10-31 08:43:49.504  7369  7392 D M_InsDal: Lcom/fsck/k9/mailstore/LocalFolder;--->getSyncClass()Lcom/fsck/k9/mail/Folder$FolderClass;
10-31 08:43:49.504  7369  7392 D M_InsDal: Lcom/fsck/k9/controller/MessagingController;--->modeMismatch(Lcom/fsck/k9/Account$FolderMode;Lcom/fsck/k9/mail/Folder$FolderClass;)Z
10-31 08:43:49.504  7369  7392 D M_InsDal: Lcom/fsck/k9/controller/MessagingController;--->modeMismatch(Lcom/fsck/k9/Account$FolderMode;Lcom/fsck/k9/mail/Folder$FolderClass;)Z
10-31 08:43:49.504  7369  7392 D M_InsDal: Lcom/fsck/k9/Account;--->getDescription()Ljava/lang/String;
10-31 08:43:49.504  7369  7392 D M_InsDal: Lcom/fsck/k9/service/MailService;--->schedulePushers()V
10-31 08:43:49.504  7369  7392 D M_InsDal: Lcom/fsck/k9/controller/MessagingController;--->getInstance(Landroid/content/Context;)Lcom/fsck/k9/controller/MessagingController;
10-31 08:43:49.504  7369  7392 D M_InsDal: Lcom/fsck/k9/controller/MessagingController;--->getPushers()Ljava/util/Collection;
10-31 08:43:49.504  7369  7392 D M_InsDal: Lcom/fsck/k9/service/MailService;--->isSyncDisabled()Z
10-31 08:43:49.504  7369  7392 D M_InsDal: Lcom/fsck/k9/mail/power/TracingPowerManager$TracingWakeLock;--->release()V
10-31 08:43:49.504  7369  7392 D M_InsDal: Lcom/fsck/k9/mail/K9MailLib;--->isDebug()Z
10-31 08:43:49.504  7369  7392 D M_InsDal: Lcom/fsck/k9/K9$2;--->enabled()Z
10-31 08:43:49.504  7369  7392 D M_InsDal: Lcom/fsck/k9/mail/power/TracingPowerManager$TracingWakeLock;--->cancelNotification()V
10-31 08:43:49.504  7369  7369 D M_InsDal: Lcom/fsck/k9/service/BootReceiver;---><init>()V
10-31 08:43:49.505  7369  7369 D M_InsDal: Lcom/fsck/k9/service/CoreReceiver;---><init>()V
10-31 08:43:49.505  7369  7369 D M_InsDal: Lcom/fsck/k9/service/CoreReceiver;--->onReceive(Landroid/content/Context;Landroid/content/Intent;)V
10-31 08:43:49.505  7369  7369 D M_InsDal: Lcom/fsck/k9/service/CoreReceiver;--->getWakeLock(Landroid/content/Context;)Ljava/lang/Integer;
10-31 08:43:49.505  7369  7369 D M_InsDal: Lcom/fsck/k9/mail/power/TracingPowerManager;--->getPowerManager(Landroid/content/Context;)Lcom/fsck/k9/mail/power/TracingPowerManager;
10-31 08:43:49.505  7369  7369 D M_InsDal: Lcom/fsck/k9/mail/power/TracingPowerManager;--->newWakeLock(ILjava/lang/String;)Lcom/fsck/k9/mail/power/TracingPowerManager$TracingWakeLock;
10-31 08:43:49.505  7369  7369 D M_InsDal: Lcom/fsck/k9/mail/power/TracingPowerManager$TracingWakeLock;---><init>(Lcom/fsck/k9/mail/power/TracingPowerManager;ILjava/lang/String;)V
10-31 08:43:49.505  7369  7369 D M_InsDal: Lcom/fsck/k9/mail/K9MailLib;--->isDebug()Z
10-31 08:43:49.505  7369  7369 D M_InsDal: Lcom/fsck/k9/K9$2;--->enabled()Z
10-31 08:43:49.505  7369  7369 D M_InsDal: Lcom/fsck/k9/mail/power/TracingPowerManager$TracingWakeLock;--->setReferenceCounted(Z)V
10-31 08:43:49.505  7369  7369 D M_InsDal: Lcom/fsck/k9/mail/power/TracingPowerManager$TracingWakeLock;--->acquire(J)V
10-31 08:43:49.505  7369  7369 D M_InsDal: Lcom/fsck/k9/mail/K9MailLib;--->isDebug()Z
10-31 08:43:49.505  7369  7369 D M_InsDal: Lcom/fsck/k9/K9$2;--->enabled()Z
10-31 08:43:49.505  7369  7369 D M_InsDal: Lcom/fsck/k9/mail/power/TracingPowerManager$TracingWakeLock;--->raiseNotification()V
10-31 08:43:49.505  7369  7369 D M_InsDal: Lcom/fsck/k9/service/BootReceiver;--->receive(Landroid/content/Context;Landroid/content/Intent;Ljava/lang/Integer;)Ljava/lang/Integer;
10-31 08:43:49.505  7369  7369 D M_InsDal: Lcom/fsck/k9/service/BootReceiver;--->buildPendingIntent(Landroid/content/Context;Landroid/content/Intent;)Landroid/app/PendingIntent;
10-31 08:43:49.505  7369  7369 D M_InsDal: Lcom/fsck/k9/helper/K9AlarmManager;--->getAlarmManager(Landroid/content/Context;)Lcom/fsck/k9/helper/K9AlarmManager;
10-31 08:43:49.505  7369  7369 D M_InsDal: Lcom/fsck/k9/power/DozeChecker;---><init>(Landroid/content/Context;)V
10-31 08:43:49.505  7369  7369 D M_InsDal: Lcom/fsck/k9/helper/K9AlarmManager;---><init>(Landroid/app/AlarmManager;Lcom/fsck/k9/power/DozeChecker;)V
10-31 08:43:49.506  7369  7369 D M_InsDal: Lcom/fsck/k9/helper/K9AlarmManager;--->cancel(Landroid/app/PendingIntent;)V
10-31 08:43:49.506  7369  7369 D M_InsDal: Lcom/fsck/k9/service/CoreReceiver;--->releaseWakeLock(Ljava/lang/Integer;)V
10-31 08:43:49.506  7369  7369 D M_InsDal: Lcom/fsck/k9/mail/power/TracingPowerManager$TracingWakeLock;--->release()V
10-31 08:43:49.506  7369  7369 D M_InsDal: Lcom/fsck/k9/mail/K9MailLib;--->isDebug()Z
10-31 08:43:49.506  7369  7369 D M_InsDal: Lcom/fsck/k9/K9$2;--->enabled()Z
10-31 08:43:49.506  7369  7369 D M_InsDal: Lcom/fsck/k9/mail/power/TracingPowerManager$TracingWakeLock;--->cancelNotification()V
10-31 08:43:49.509  7369  7369 D M_InsDal: Lcom/fsck/k9/service/PushService;---><init>()V
10-31 08:43:49.509  7369  7369 D M_InsDal: Lcom/fsck/k9/service/CoreService;---><init>()V
10-31 08:43:49.509  7369  7369 D M_InsDal: Lcom/fsck/k9/service/CoreService;--->onCreate()V
10-31 08:43:49.509  7369  7369 D M_InsDal: Lcom/fsck/k9/service/PushService;--->onCreate()V
10-31 08:43:49.509  7369  7369 D M_InsDal: Lcom/fsck/k9/service/CoreService;--->setAutoShutdown(Z)V
10-31 08:43:49.509  7369  7369 D M_InsDal: Lcom/fsck/k9/service/CoreService;--->onStartCommand(Landroid/content/Intent;II)I
10-31 08:43:49.509  7369  7369 D M_InsDal: Lcom/fsck/k9/service/CoreService;--->acquireWakeLock(Landroid/content/Context;Ljava/lang/String;J)Lcom/fsck/k9/mail/power/TracingPowerManager$TracingWakeLock;
10-31 08:43:49.509  7369  7369 D M_InsDal: Lcom/fsck/k9/mail/power/TracingPowerManager;--->getPowerManager(Landroid/content/Context;)Lcom/fsck/k9/mail/power/TracingPowerManager;
10-31 08:43:49.509  7369  7369 D M_InsDal: Lcom/fsck/k9/mail/power/TracingPowerManager;--->newWakeLock(ILjava/lang/String;)Lcom/fsck/k9/mail/power/TracingPowerManager$TracingWakeLock;
10-31 08:43:49.509  7369  7369 D M_InsDal: Lcom/fsck/k9/mail/power/TracingPowerManager$TracingWakeLock;---><init>(Lcom/fsck/k9/mail/power/TracingPowerManager;ILjava/lang/String;)V
10-31 08:43:49.509  7369  7369 D M_InsDal: Lcom/fsck/k9/mail/K9MailLib;--->isDebug()Z
10-31 08:43:49.509  7369  7369 D M_InsDal: Lcom/fsck/k9/K9$2;--->enabled()Z
10-31 08:43:49.509  7369  7369 D M_InsDal: Lcom/fsck/k9/mail/power/TracingPowerManager$TracingWakeLock;--->setReferenceCounted(Z)V
10-31 08:43:49.509  7369  7369 D M_InsDal: Lcom/fsck/k9/mail/power/TracingPowerManager$TracingWakeLock;--->acquire(J)V
10-31 08:43:49.510  7369  7369 D M_InsDal: Lcom/fsck/k9/mail/K9MailLib;--->isDebug()Z
10-31 08:43:49.510  7369  7369 D M_InsDal: Lcom/fsck/k9/K9$2;--->enabled()Z
10-31 08:43:49.510  7369  7369 D M_InsDal: Lcom/fsck/k9/mail/power/TracingPowerManager$TracingWakeLock;--->raiseNotification()V
10-31 08:43:49.510  7369  7369 D M_InsDal: Lcom/fsck/k9/mail/power/TracingPowerManager$TracingWakeLock;--->release()V
10-31 08:43:49.510  7369  7369 D M_InsDal: Lcom/fsck/k9/mail/K9MailLib;--->isDebug()Z
10-31 08:43:49.510  7369  7369 D M_InsDal: Lcom/fsck/k9/K9$2;--->enabled()Z
10-31 08:43:49.510  7369  7369 D M_InsDal: Lcom/fsck/k9/mail/power/TracingPowerManager$TracingWakeLock;--->cancelNotification()V
10-31 08:43:49.510  7369  7369 D M_InsDal: Lcom/fsck/k9/service/PushService;--->startService(Landroid/content/Intent;I)I
10-31 08:43:49.510  7369  7369 D M_InsDal: Lcom/fsck/k9/mail/power/TracingPowerManager$TracingWakeLock;--->release()V
10-31 08:43:49.510  7369  7369 D M_InsDal: Lcom/fsck/k9/mail/K9MailLib;--->isDebug()Z
10-31 08:43:49.510  7369  7369 D M_InsDal: Lcom/fsck/k9/K9$2;--->enabled()Z
10-31 08:43:49.510  7369  7369 D M_InsDal: Lcom/fsck/k9/mail/power/TracingPowerManager$TracingWakeLock;--->cancelNotification()V
10-31 08:43:49.792  7369  7369 D M_InsDal: Lcom/fsck/k9/service/MailService;--->onDestroy()V
10-31 08:43:49.792  7369  7369 D M_InsDal: Lcom/fsck/k9/service/CoreService;--->onDestroy()V
10-31 08:43:49.793  7369  7369 D M_InsDal: Lcom/fsck/k9/service/CoreService;--->onDestroy()V
10-31 08:43:51.579  7369  7369 D M_InsDal: Lcom/fsck/k9/activity/K9ListActivity;--->dispatchTouchEvent(Landroid/view/MotionEvent;)Z
10-31 08:43:51.579  7369  7369 D M_InsDal: Lcom/fsck/k9/activity/K9ActivityCommon;--->preDispatchTouchEvent(Landroid/view/MotionEvent;)V
10-31 08:43:51.590  7369  7369 D M_InsDal: Lcom/fsck/k9/activity/K9ListActivity;--->dispatchTouchEvent(Landroid/view/MotionEvent;)Z
10-31 08:43:51.590  7369  7369 D M_InsDal: Lcom/fsck/k9/activity/K9ActivityCommon;--->preDispatchTouchEvent(Landroid/view/MotionEvent;)V
10-31 08:43:51.603  7369  7369 D M_InsDal: Lcom/fsck/k9/activity/K9ListActivity;--->dispatchTouchEvent(Landroid/view/MotionEvent;)Z
10-31 08:43:51.603  7369  7369 D M_InsDal: Lcom/fsck/k9/activity/K9ActivityCommon;--->preDispatchTouchEvent(Landroid/view/MotionEvent;)V
10-31 08:43:51.604  7369  7369 D M_InsDal: Lcom/fsck/k9/activity/K9ListActivity;--->dispatchTouchEvent(Landroid/view/MotionEvent;)Z
10-31 08:43:51.604  7369  7369 D M_InsDal: Lcom/fsck/k9/activity/K9ActivityCommon;--->preDispatchTouchEvent(Landroid/view/MotionEvent;)V
10-31 08:43:51.604  7369  7369 D M_InsDal: Lcom/fsck/k9/activity/K9ListActivity;--->dispatchTouchEvent(Landroid/view/MotionEvent;)Z
10-31 08:43:51.604  7369  7369 D M_InsDal: Lcom/fsck/k9/activity/K9ActivityCommon;--->preDispatchTouchEvent(Landroid/view/MotionEvent;)V
10-31 08:43:51.624  7369  7369 D M_InsDal: Lcom/fsck/k9/activity/K9ListActivity;--->dispatchTouchEvent(Landroid/view/MotionEvent;)Z
10-31 08:43:51.624  7369  7369 D M_InsDal: Lcom/fsck/k9/activity/K9ActivityCommon;--->preDispatchTouchEvent(Landroid/view/MotionEvent;)V
10-31 08:43:51.629  7369  7369 D M_InsDal: Lcom/fsck/k9/activity/K9ListActivity;--->dispatchTouchEvent(Landroid/view/MotionEvent;)Z
10-31 08:43:51.629  7369  7369 D M_InsDal: Lcom/fsck/k9/activity/K9ActivityCommon;--->preDispatchTouchEvent(Landroid/view/MotionEvent;)V
10-31 08:43:51.630  7369  7369 D M_InsDal: Lcom/fsck/k9/activity/K9ListActivity;--->dispatchTouchEvent(Landroid/view/MotionEvent;)Z
10-31 08:43:51.630  7369  7369 D M_InsDal: Lcom/fsck/k9/activity/K9ActivityCommon;--->preDispatchTouchEvent(Landroid/view/MotionEvent;)V
10-31 08:43:51.630  7369  7369 D M_InsDal: Lcom/fsck/k9/activity/K9ListActivity;--->dispatchTouchEvent(Landroid/view/MotionEvent;)Z
10-31 08:43:51.630  7369  7369 D M_InsDal: Lcom/fsck/k9/activity/K9ActivityCommon;--->preDispatchTouchEvent(Landroid/view/MotionEvent;)V
10-31 08:43:53.675  7369  7369 D M_InsDal: Lcom/fsck/k9/activity/K9ListActivity;--->dispatchTouchEvent(Landroid/view/MotionEvent;)Z
10-31 08:43:53.675  7369  7369 D M_InsDal: Lcom/fsck/k9/activity/K9ActivityCommon;--->preDispatchTouchEvent(Landroid/view/MotionEvent;)V
10-31 08:43:53.675  7369  7369 D M_InsDal: Lcom/fsck/k9/activity/K9ListActivity;--->dispatchTouchEvent(Landroid/view/MotionEvent;)Z
10-31 08:43:53.675  7369  7369 D M_InsDal: Lcom/fsck/k9/activity/K9ActivityCommon;--->preDispatchTouchEvent(Landroid/view/MotionEvent;)V
10-31 08:43:53.675  7369  7369 D M_InsDal: Lcom/fsck/k9/activity/K9ListActivity;--->dispatchTouchEvent(Landroid/view/MotionEvent;)Z
10-31 08:43:53.675  7369  7369 D M_InsDal: Lcom/fsck/k9/activity/K9ActivityCommon;--->preDispatchTouchEvent(Landroid/view/MotionEvent;)V
10-31 08:43:53.676  7369  7369 D M_InsDal: Lcom/fsck/k9/activity/K9ListActivity;--->dispatchTouchEvent(Landroid/view/MotionEvent;)Z
10-31 08:43:53.676  7369  7369 D M_InsDal: Lcom/fsck/k9/activity/K9ActivityCommon;--->preDispatchTouchEvent(Landroid/view/MotionEvent;)V
10-31 08:43:53.676  7369  7369 D M_InsDal: Lcom/fsck/k9/activity/K9ListActivity;--->dispatchTouchEvent(Landroid/view/MotionEvent;)Z
10-31 08:43:53.676  7369  7369 D M_InsDal: Lcom/fsck/k9/activity/K9ActivityCommon;--->preDispatchTouchEvent(Landroid/view/MotionEvent;)V
10-31 08:43:53.677  7369  7369 D M_InsDal: Lcom/fsck/k9/activity/K9ListActivity;--->dispatchTouchEvent(Landroid/view/MotionEvent;)Z
10-31 08:43:53.677  7369  7369 D M_InsDal: Lcom/fsck/k9/activity/K9ActivityCommon;--->preDispatchTouchEvent(Landroid/view/MotionEvent;)V
10-31 08:43:53.677  7369  7369 D M_InsDal: Lcom/fsck/k9/activity/K9ListActivity;--->dispatchTouchEvent(Landroid/view/MotionEvent;)Z
10-31 08:43:53.677  7369  7369 D M_InsDal: Lcom/fsck/k9/activity/K9ActivityCommon;--->preDispatchTouchEvent(Landroid/view/MotionEvent;)V
10-31 08:43:53.678  7369  7369 D M_InsDal: Lcom/fsck/k9/activity/K9ListActivity;--->dispatchTouchEvent(Landroid/view/MotionEvent;)Z
10-31 08:43:53.678  7369  7369 D M_InsDal: Lcom/fsck/k9/activity/K9ActivityCommon;--->preDispatchTouchEvent(Landroid/view/MotionEvent;)V
10-31 08:43:53.678  7369  7369 D M_InsDal: Lcom/fsck/k9/activity/K9ListActivity;--->dispatchTouchEvent(Landroid/view/MotionEvent;)Z
10-31 08:43:53.678  7369  7369 D M_InsDal: Lcom/fsck/k9/activity/K9ActivityCommon;--->preDispatchTouchEvent(Landroid/view/MotionEvent;)V
10-31 08:43:53.678  7369  7369 D M_InsDal: Lcom/fsck/k9/activity/K9ListActivity;--->dispatchTouchEvent(Landroid/view/MotionEvent;)Z
10-31 08:43:53.678  7369  7369 D M_InsDal: Lcom/fsck/k9/activity/K9ActivityCommon;--->preDispatchTouchEvent(Landroid/view/MotionEvent;)V
10-31 08:43:53.679  7369  7369 D M_InsDal: Lcom/fsck/k9/activity/K9ListActivity;--->dispatchTouchEvent(Landroid/view/MotionEvent;)Z
10-31 08:43:53.679  7369  7369 D M_InsDal: Lcom/fsck/k9/activity/K9ActivityCommon;--->preDispatchTouchEvent(Landroid/view/MotionEvent;)V
10-31 08:43:53.679  7369  7369 D M_InsDal: Lcom/fsck/k9/activity/K9ListActivity;--->dispatchTouchEvent(Landroid/view/MotionEvent;)Z
10-31 08:43:53.679  7369  7369 D M_InsDal: Lcom/fsck/k9/activity/K9ActivityCommon;--->preDispatchTouchEvent(Landroid/view/MotionEvent;)V
10-31 08:43:53.680  7369  7369 D M_InsDal: Lcom/fsck/k9/activity/K9ListActivity;--->dispatchTouchEvent(Landroid/view/MotionEvent;)Z
10-31 08:43:53.680  7369  7369 D M_InsDal: Lcom/fsck/k9/activity/K9ActivityCommon;--->preDispatchTouchEvent(Landroid/view/MotionEvent;)V
10-31 08:43:53.681  7369  7369 D M_InsDal: Lcom/fsck/k9/activity/K9ListActivity;--->dispatchTouchEvent(Landroid/view/MotionEvent;)Z
10-31 08:43:53.681  7369  7369 D M_InsDal: Lcom/fsck/k9/activity/K9ActivityCommon;--->preDispatchTouchEvent(Landroid/view/MotionEvent;)V
10-31 08:43:53.691  7369  7369 D M_InsDal: Lcom/fsck/k9/activity/K9ListActivity;--->dispatchTouchEvent(Landroid/view/MotionEvent;)Z
10-31 08:43:53.691  7369  7369 D M_InsDal: Lcom/fsck/k9/activity/K9ActivityCommon;--->preDispatchTouchEvent(Landroid/view/MotionEvent;)V
10-31 08:43:53.706  7369  7369 D M_InsDal: Lcom/fsck/k9/activity/K9ListActivity;--->dispatchTouchEvent(Landroid/view/MotionEvent;)Z
10-31 08:43:53.706  7369  7369 D M_InsDal: Lcom/fsck/k9/activity/K9ActivityCommon;--->preDispatchTouchEvent(Landroid/view/MotionEvent;)V
10-31 08:43:53.706  7369  7369 D M_InsDal: Lcom/fsck/k9/activity/K9ListActivity;--->dispatchTouchEvent(Landroid/view/MotionEvent;)Z
10-31 08:43:53.706  7369  7369 D M_InsDal: Lcom/fsck/k9/activity/K9ActivityCommon;--->preDispatchTouchEvent(Landroid/view/MotionEvent;)V
10-31 08:43:53.707  7369  7369 D M_InsDal: Lcom/fsck/k9/activity/K9ListActivity;--->dispatchTouchEvent(Landroid/view/MotionEvent;)Z
10-31 08:43:53.707  7369  7369 D M_InsDal: Lcom/fsck/k9/activity/K9ActivityCommon;--->preDispatchTouchEvent(Landroid/view/MotionEvent;)V
10-31 08:43:53.724  7369  7369 D M_InsDal: Lcom/fsck/k9/activity/K9ListActivity;--->dispatchTouchEvent(Landroid/view/MotionEvent;)Z
10-31 08:43:53.724  7369  7369 D M_InsDal: Lcom/fsck/k9/activity/K9ActivityCommon;--->preDispatchTouchEvent(Landroid/view/MotionEvent;)V
10-31 08:43:53.739  7369  7369 D M_InsDal: Lcom/fsck/k9/activity/K9ListActivity;--->dispatchTouchEvent(Landroid/view/MotionEvent;)Z
10-31 08:43:53.739  7369  7369 D M_InsDal: Lcom/fsck/k9/activity/K9ActivityCommon;--->preDispatchTouchEvent(Landroid/view/MotionEvent;)V
10-31 08:43:53.739  7369  7369 D M_InsDal: Lcom/fsck/k9/activity/K9ListActivity;--->dispatchTouchEvent(Landroid/view/MotionEvent;)Z
10-31 08:43:53.739  7369  7369 D M_InsDal: Lcom/fsck/k9/activity/K9ActivityCommon;--->preDispatchTouchEvent(Landroid/view/MotionEvent;)V
10-31 08:43:53.740  7369  7369 D M_InsDal: Lcom/fsck/k9/activity/K9ListActivity;--->dispatchTouchEvent(Landroid/view/MotionEvent;)Z
10-31 08:43:53.740  7369  7369 D M_InsDal: Lcom/fsck/k9/activity/K9ActivityCommon;--->preDispatchTouchEvent(Landroid/view/MotionEvent;)V
10-31 08:43:53.740  7369  7369 D M_InsDal: Lcom/fsck/k9/activity/K9ListActivity;--->dispatchTouchEvent(Landroid/view/MotionEvent;)Z
10-31 08:43:53.740  7369  7369 D M_InsDal: Lcom/fsck/k9/activity/K9ActivityCommon;--->preDispatchTouchEvent(Landroid/view/MotionEvent;)V
10-31 08:43:53.740  7369  7369 D M_InsDal: Lcom/fsck/k9/activity/K9ListActivity;--->dispatchTouchEvent(Landroid/view/MotionEvent;)Z
10-31 08:43:53.740  7369  7369 D M_InsDal: Lcom/fsck/k9/activity/K9ActivityCommon;--->preDispatchTouchEvent(Landroid/view/MotionEvent;)V
10-31 08:43:53.740  7369  7369 D M_InsDal: Lcom/fsck/k9/activity/K9ListActivity;--->dispatchTouchEvent(Landroid/view/MotionEvent;)Z
10-31 08:43:53.740  7369  7369 D M_InsDal: Lcom/fsck/k9/activity/K9ActivityCommon;--->preDispatchTouchEvent(Landroid/view/MotionEvent;)V
10-31 08:43:53.741  7369  7369 D M_InsDal: Lcom/fsck/k9/activity/K9ListActivity;--->dispatchTouchEvent(Landroid/view/MotionEvent;)Z
10-31 08:43:53.741  7369  7369 D M_InsDal: Lcom/fsck/k9/activity/K9ActivityCommon;--->preDispatchTouchEvent(Landroid/view/MotionEvent;)V
10-31 08:43:53.741  7369  7369 D M_InsDal: Lcom/fsck/k9/activity/K9ListActivity;--->dispatchTouchEvent(Landroid/view/MotionEvent;)Z
10-31 08:43:53.741  7369  7369 D M_InsDal: Lcom/fsck/k9/activity/K9ActivityCommon;--->preDispatchTouchEvent(Landroid/view/MotionEvent;)V
10-31 08:43:53.742  7369  7369 D M_InsDal: Lcom/fsck/k9/activity/K9ListActivity;--->dispatchTouchEvent(Landroid/view/MotionEvent;)Z
10-31 08:43:53.742  7369  7369 D M_InsDal: Lcom/fsck/k9/activity/K9ActivityCommon;--->preDispatchTouchEvent(Landroid/view/MotionEvent;)V
10-31 08:43:53.742  7369  7369 D M_InsDal: Lcom/fsck/k9/activity/K9ListActivity;--->dispatchTouchEvent(Landroid/view/MotionEvent;)Z
10-31 08:43:53.742  7369  7369 D M_InsDal: Lcom/fsck/k9/activity/K9ActivityCommon;--->preDispatchTouchEvent(Landroid/view/MotionEvent;)V
10-31 08:43:53.743  7369  7369 D M_InsDal: Lcom/fsck/k9/activity/K9ListActivity;--->dispatchTouchEvent(Landroid/view/MotionEvent;)Z
10-31 08:43:53.743  7369  7369 D M_InsDal: Lcom/fsck/k9/activity/K9ActivityCommon;--->preDispatchTouchEvent(Landroid/view/MotionEvent;)V
10-31 08:43:53.743  7369  7369 D M_InsDal: Lcom/fsck/k9/activity/K9ListActivity;--->dispatchTouchEvent(Landroid/view/MotionEvent;)Z
10-31 08:43:53.743  7369  7369 D M_InsDal: Lcom/fsck/k9/activity/K9ActivityCommon;--->preDispatchTouchEvent(Landroid/view/MotionEvent;)V
10-31 08:43:53.744  7369  7369 D M_InsDal: Lcom/fsck/k9/activity/K9ListActivity;--->dispatchTouchEvent(Landroid/view/MotionEvent;)Z
10-31 08:43:53.744  7369  7369 D M_InsDal: Lcom/fsck/k9/activity/K9ActivityCommon;--->preDispatchTouchEvent(Landroid/view/MotionEvent;)V
10-31 08:43:53.745  7369  7369 D M_InsDal: Lcom/fsck/k9/activity/K9ListActivity;--->dispatchTouchEvent(Landroid/view/MotionEvent;)Z
10-31 08:43:53.745  7369  7369 D M_InsDal: Lcom/fsck/k9/activity/K9ActivityCommon;--->preDispatchTouchEvent(Landroid/view/MotionEvent;)V
10-31 08:43:53.746  7369  7369 D M_InsDal: Lcom/fsck/k9/activity/K9ListActivity;--->dispatchTouchEvent(Landroid/view/MotionEvent;)Z
10-31 08:43:53.746  7369  7369 D M_InsDal: Lcom/fsck/k9/activity/K9ActivityCommon;--->preDispatchTouchEvent(Landroid/view/MotionEvent;)V
10-31 08:43:53.746  7369  7369 D M_InsDal: Lcom/fsck/k9/activity/K9ListActivity;--->dispatchTouchEvent(Landroid/view/MotionEvent;)Z
10-31 08:43:53.746  7369  7369 D M_InsDal: Lcom/fsck/k9/activity/K9ActivityCommon;--->preDispatchTouchEvent(Landroid/view/MotionEvent;)V
10-31 08:43:53.747  7369  7369 D M_InsDal: Lcom/fsck/k9/activity/K9ListActivity;--->dispatchTouchEvent(Landroid/view/MotionEvent;)Z
10-31 08:43:53.747  7369  7369 D M_InsDal: Lcom/fsck/k9/activity/K9ActivityCommon;--->preDispatchTouchEvent(Landroid/view/MotionEvent;)V
10-31 08:43:53.747  7369  7369 D M_InsDal: Lcom/fsck/k9/activity/K9ListActivity;--->dispatchTouchEvent(Landroid/view/MotionEvent;)Z
10-31 08:43:53.747  7369  7369 D M_InsDal: Lcom/fsck/k9/activity/K9ActivityCommon;--->preDispatchTouchEvent(Landroid/view/MotionEvent;)V
10-31 08:43:53.747  7369  7369 D M_InsDal: Lcom/fsck/k9/activity/K9ListActivity;--->dispatchTouchEvent(Landroid/view/MotionEvent;)Z
10-31 08:43:53.747  7369  7369 D M_InsDal: Lcom/fsck/k9/activity/K9ActivityCommon;--->preDispatchTouchEvent(Landroid/view/MotionEvent;)V
10-31 08:43:53.747  7369  7369 D M_InsDal: Lcom/fsck/k9/activity/K9ListActivity;--->dispatchTouchEvent(Landroid/view/MotionEvent;)Z
10-31 08:43:53.747  7369  7369 D M_InsDal: Lcom/fsck/k9/activity/K9ActivityCommon;--->preDispatchTouchEvent(Landroid/view/MotionEvent;)V
10-31 08:43:53.748  7369  7369 D M_InsDal: Lcom/fsck/k9/activity/K9ListActivity;--->dispatchTouchEvent(Landroid/view/MotionEvent;)Z
10-31 08:43:53.748  7369  7369 D M_InsDal: Lcom/fsck/k9/activity/K9ActivityCommon;--->preDispatchTouchEvent(Landroid/view/MotionEvent;)V
10-31 08:43:53.748  7369  7369 D M_InsDal: Lcom/fsck/k9/activity/K9ListActivity;--->dispatchTouchEvent(Landroid/view/MotionEvent;)Z
10-31 08:43:53.748  7369  7369 D M_InsDal: Lcom/fsck/k9/activity/K9ActivityCommon;--->preDispatchTouchEvent(Landroid/view/MotionEvent;)V
10-31 08:43:53.749  7369  7369 D M_InsDal: Lcom/fsck/k9/activity/K9ListActivity;--->dispatchTouchEvent(Landroid/view/MotionEvent;)Z
10-31 08:43:53.749  7369  7369 D M_InsDal: Lcom/fsck/k9/activity/K9ActivityCommon;--->preDispatchTouchEvent(Landroid/view/MotionEvent;)V
10-31 08:43:53.749  7369  7369 D M_InsDal: Lcom/fsck/k9/activity/K9ListActivity;--->dispatchTouchEvent(Landroid/view/MotionEvent;)Z
10-31 08:43:53.749  7369  7369 D M_InsDal: Lcom/fsck/k9/activity/K9ActivityCommon;--->preDispatchTouchEvent(Landroid/view/MotionEvent;)V
10-31 08:43:53.750  7369  7369 D M_InsDal: Lcom/fsck/k9/activity/K9ListActivity;--->dispatchTouchEvent(Landroid/view/MotionEvent;)Z
10-31 08:43:53.750  7369  7369 D M_InsDal: Lcom/fsck/k9/activity/K9ActivityCommon;--->preDispatchTouchEvent(Landroid/view/MotionEvent;)V
10-31 08:43:53.750  7369  7369 D M_InsDal: Lcom/fsck/k9/activity/K9ListActivity;--->dispatchTouchEvent(Landroid/view/MotionEvent;)Z
10-31 08:43:53.750  7369  7369 D M_InsDal: Lcom/fsck/k9/activity/K9ActivityCommon;--->preDispatchTouchEvent(Landroid/view/MotionEvent;)V
10-31 08:43:53.752  7369  7369 D M_InsDal: Lcom/fsck/k9/activity/K9ListActivity;--->dispatchTouchEvent(Landroid/view/MotionEvent;)Z
10-31 08:43:53.752  7369  7369 D M_InsDal: Lcom/fsck/k9/activity/K9ActivityCommon;--->preDispatchTouchEvent(Landroid/view/MotionEvent;)V
10-31 08:43:53.753  7369  7369 D M_InsDal: Lcom/fsck/k9/activity/K9ListActivity;--->dispatchTouchEvent(Landroid/view/MotionEvent;)Z
10-31 08:43:53.753  7369  7369 D M_InsDal: Lcom/fsck/k9/activity/K9ActivityCommon;--->preDispatchTouchEvent(Landroid/view/MotionEvent;)V
10-31 08:43:53.753  7369  7369 D M_InsDal: Lcom/fsck/k9/activity/K9ListActivity;--->dispatchTouchEvent(Landroid/view/MotionEvent;)Z
10-31 08:43:53.753  7369  7369 D M_InsDal: Lcom/fsck/k9/activity/K9ActivityCommon;--->preDispatchTouchEvent(Landroid/view/MotionEvent;)V
