10-31 08:40:49.309  6014  6042 D M_InsDal: Lcom/fsck/k9/K9$2;--->enabled()Z
10-31 08:40:49.309  6014  6014 D M_InsDal: Lcom/fsck/k9/search/SearchSpecification$Attribute;--->values()[Lcom/fsck/k9/search/SearchSpecification$Attribute;
10-31 08:40:49.309  6014  6042 D M_InsDal: Lcom/fsck/k9/mail/power/TracingPowerManager$TracingWakeLock;--->cancelNotification()V
10-31 08:40:49.309  6014  6014 D M_InsDal: Lcom/fsck/k9/search/SearchSpecification$SearchField;--->values()[Lcom/fsck/k9/search/SearchSpecification$SearchField;
10-31 08:40:49.309  6014  6014 D M_InsDal: Lcom/fsck/k9/search/ConditionsTreeNode;--->getLeafSet()Ljava/util/Set;
10-31 08:40:49.309  6014  6014 D M_InsDal: Lcom/fsck/k9/search/ConditionsTreeNode;--->getLeafSet(Ljava/util/Set;)Ljava/util/Set;
10-31 08:40:49.309  6014  6014 D M_InsDal: Lcom/fsck/k9/activity/MessageReference;--->parse(Ljava/lang/String;)Lcom/fsck/k9/activity/MessageReference;
10-31 08:40:49.309  6014  6014 D M_InsDal: Lcom/fsck/k9/Preferences;--->getPreferences(Landroid/content/Context;)Lcom/fsck/k9/Preferences;
10-31 08:40:49.309  6014  6014 D M_InsDal: Lcom/fsck/k9/search/LocalSearch;--->getAccountUuids()[Ljava/lang/String;
10-31 08:40:49.309  6014  6014 D M_InsDal: Lcom/fsck/k9/search/LocalSearch;--->searchAllAccounts()Z
10-31 08:40:49.309  6014  6014 D M_InsDal: Lcom/fsck/k9/Preferences;--->getAccount(Ljava/lang/String;)Lcom/fsck/k9/Account;
10-31 08:40:49.309  6014  6014 D M_InsDal: Lcom/fsck/k9/search/LocalSearch;--->getFolderNames()Ljava/util/List;
10-31 08:40:49.309  6014  6014 D M_InsDal: Lcom/fsck/k9/Account;--->isAvailable(Landroid/content/Context;)Z
10-31 08:40:49.309  6014  6014 D M_InsDal: Lcom/fsck/k9/Account;--->getLocalStorageProviderId()Ljava/lang/String;
10-31 08:40:49.309  6014  6014 D M_InsDal: Lcom/fsck/k9/mailstore/StorageManager;--->getInstance(Landroid/content/Context;)Lcom/fsck/k9/mailstore/StorageManager;
10-31 08:40:49.309  6014  6014 D M_InsDal: Lcom/fsck/k9/mailstore/StorageManager;--->isReady(Ljava/lang/String;)Z
10-31 08:40:49.309  6014  6014 D M_InsDal: Lcom/fsck/k9/mailstore/StorageManager;--->getProvider(Ljava/lang/String;)Lcom/fsck/k9/mailstore/StorageManager$StorageProvider;
10-31 08:40:49.309  6014  6014 D M_InsDal: Lcom/fsck/k9/mailstore/StorageManager$InternalStorageProvider;--->isReady(Landroid/content/Context;)Z
10-31 08:40:49.309  6014  6014 D M_InsDal: Lcom/fsck/k9/search/LocalSearch;--->getFolderNames()Ljava/util/List;
10-31 08:40:49.309  6014  6014 D M_InsDal: Lcom/fsck/k9/activity/MessageList;--->findFragments()V
10-31 08:40:49.309  6014  6014 D M_InsDal: Lcom/fsck/k9/activity/MessageList;--->initializeDisplayMode(Landroid/os/Bundle;)V
10-31 08:40:49.309  6014  6014 D M_InsDal: Lcom/fsck/k9/activity/MessageList;--->useSplitView()Z
10-31 08:40:49.309  6014  6014 D M_InsDal: Lcom/fsck/k9/K9;--->getSplitViewMode()Lcom/fsck/k9/K9$SplitViewMode;
10-31 08:40:49.309  6014  6014 D M_InsDal: Lcom/fsck/k9/activity/MessageList$DisplayMode;---><clinit>()V
10-31 08:40:49.309  6014  6014 D M_InsDal: Lcom/fsck/k9/activity/MessageList$DisplayMode;---><init>(Ljava/lang/String;I)V
10-31 08:40:49.309  6014  6014 D M_InsDal: Lcom/fsck/k9/activity/MessageList$DisplayMode;---><init>(Ljava/lang/String;I)V
10-31 08:40:49.309  6014  6014 D M_InsDal: Lcom/fsck/k9/activity/MessageList;--->initializeLayout()V
10-31 08:40:49.310  6014  6014 D M_InsDal: Lcom/fsck/k9/activity/MessageList;--->initializeFragments()V
10-31 08:40:49.310  6014  6014 D M_InsDal: Lcom/fsck/k9/K9;--->isThreadedViewEnabled()Z
10-31 08:40:49.310  6014  6014 D M_InsDal: Lcom/fsck/k9/fragment/MessageListFragment;---><clinit>()V
10-31 08:40:49.310  6014  6014 D M_InsDal: Lcom/fsck/k9/fragment/MessageListFragmentComparators$AttachmentComparator;---><init>()V
10-31 08:40:49.310  6014  6014 D M_InsDal: Lcom/fsck/k9/fragment/MessageListFragmentComparators$DateComparator;---><init>()V
10-31 08:40:49.310  6014  6014 D M_InsDal: Lcom/fsck/k9/fragment/MessageListFragmentComparators$ArrivalComparator;---><init>()V
10-31 08:40:49.310  6014  6014 D M_InsDal: Lcom/fsck/k9/fragment/MessageListFragmentComparators$FlaggedComparator;---><init>()V
10-31 08:40:49.310  6014  6014 D M_InsDal: Lcom/fsck/k9/fragment/MessageListFragmentComparators$SubjectComparator;---><init>()V
10-31 08:40:49.310  6014  6014 D M_InsDal: Lcom/fsck/k9/fragment/MessageListFragmentComparators$SenderComparator;---><init>()V
10-31 08:40:49.310  6014  6014 D M_InsDal: Lcom/fsck/k9/fragment/MessageListFragmentComparators$UnreadComparator;---><init>()V
10-31 08:40:49.310  6014  6014 D M_InsDal: Lcom/fsck/k9/fragment/MessageListFragment;--->newInstance(Lcom/fsck/k9/search/LocalSearch;ZZ)Lcom/fsck/k9/fragment/MessageListFragment;
10-31 08:40:49.310  6014  6014 D M_InsDal: Lcom/fsck/k9/fragment/MessageListFragment;---><init>()V
10-31 08:40:49.310  6014  6014 D M_InsDal: Lcom/fsck/k9/fragment/MessageListHandler;---><init>(Lcom/fsck/k9/fragment/MessageListFragment;)V
10-31 08:40:49.310  6014  6014 D M_InsDal: Lcom/fsck/k9/fragment/MessageListFragment$ActionModeCallback;---><init>(Lcom/fsck/k9/fragment/MessageListFragment;)V
10-31 08:40:49.310  6014  6014 D M_InsDal: Lcom/fsck/k9/fragment/MessageListFragment$MessageListActivityListener;---><init>(Lcom/fsck/k9/fragment/MessageListFragment;)V
10-31 08:40:49.310  6014  6014 D M_InsDal: Lcom/fsck/k9/activity/ActivityListener;---><init>()V
10-31 08:40:49.310  6014  6014 D M_InsDal: Lcom/fsck/k9/controller/SimpleMessagingListener;---><init>()V
10-31 08:40:49.310  6014  6014 D M_InsDal: Lcom/fsck/k9/activity/ActivityListener$1;---><init>(Lcom/fsck/k9/activity/ActivityListener;)V
10-31 08:40:49.310  6014  6014 D M_InsDal: Lcom/fsck/k9/activity/MessageList;--->displayViews()V
10-31 08:40:49.310  6014  6014 D M_InsDal: Lcom/fsck/k9/activity/MessageList$2;---><clinit>()V
10-31 08:40:49.310  6014  6014 D M_InsDal: Lcom/fsck/k9/activity/MessageList$DisplayMode;--->values()[Lcom/fsck/k9/activity/MessageList$DisplayMode;
10-31 08:40:49.311  6014  6014 D M_InsDal: Lcom/fsck/k9/activity/MessageList;--->showMessageList()V
10-31 08:40:49.311  6014  6014 D M_InsDal: Lcom/fsck/k9/view/ViewSwitcher;--->showFirstView()V
10-31 08:40:49.311  6014  6014 D M_InsDal: Lcom/fsck/k9/fragment/MessageListFragment;--->setActiveMessage(Lcom/fsck/k9/activity/MessageReference;)V
10-31 08:40:49.311  6014  6014 D M_InsDal: Lcom/fsck/k9/activity/MessageList;--->showDefaultTitleView()V
10-31 08:40:49.311  6014  6014 D M_InsDal: Lcom/fsck/k9/fragment/MessageListFragment;--->updateTitle()V
10-31 08:40:49.311  6014  6014 D M_InsDal: Lcom/fsck/k9/view/MessageTitleView;--->setMessageHeader(Lcom/fsck/k9/view/MessageHeader;)V
10-31 08:40:49.311  6014  6014 D M_InsDal: Lcom/fsck/k9/activity/MessageList;--->configureMenu(Landroid/view/Menu;)V
10-31 08:40:49.318  6014  6014 D M_InsDal: Lcom/fsck/k9/fragment/MessageListFragment;--->onAttach(Landroid/app/Activity;)V
10-31 08:40:49.319  6014  6014 D M_InsDal: Lcom/fsck/k9/fragment/MessageListFragment;--->onCreate(Landroid/os/Bundle;)V
10-31 08:40:49.319  6014  6014 D M_InsDal: Lcom/fsck/k9/Preferences;--->getPreferences(Landroid/content/Context;)Lcom/fsck/k9/Preferences;
10-31 08:40:49.319  6014  6014 D M_InsDal: Lcom/fsck/k9/controller/MessagingController;--->getInstance(Landroid/content/Context;)Lcom/fsck/k9/controller/MessagingController;
10-31 08:40:49.319  6014  6014 D M_InsDal: Lcom/fsck/k9/K9;--->messageListPreviewLines()I
10-31 08:40:49.319  6014  6014 D M_InsDal: Lcom/fsck/k9/K9;--->messageListCheckboxes()Z
10-31 08:40:49.319  6014  6014 D M_InsDal: Lcom/fsck/k9/K9;--->messageListStars()Z
10-31 08:40:49.319  6014  6014 D M_InsDal: Lcom/fsck/k9/K9;--->showContactPicture()Z
10-31 08:40:49.319  6014  6014 D M_InsDal: Lcom/fsck/k9/helper/ContactPicture;--->getContactPictureLoader(Landroid/content/Context;)Lcom/fsck/k9/activity/misc/ContactPictureLoader;
10-31 08:40:49.319  6014  6014 D M_InsDal: Lcom/fsck/k9/K9;--->isColorizeMissingContactPictures()Z
10-31 08:40:49.319  6014  6014 D M_InsDal: Lcom/fsck/k9/activity/misc/ContactPictureLoader;---><clinit>()V
10-31 08:40:49.322  6014  6014 D M_InsDal: Lcom/fsck/k9/activity/misc/ContactPictureLoader;---><init>(Landroid/content/Context;I)V
10-31 08:40:49.322  6014  6014 D M_InsDal: Lcom/fsck/k9/helper/Contacts;--->getInstance(Landroid/content/Context;)Lcom/fsck/k9/helper/Contacts;
10-31 08:40:49.322  6014  6014 D M_InsDal: Lcom/fsck/k9/helper/Contacts;---><init>(Landroid/content/Context;)V
10-31 08:40:49.322  6014  6014 D M_InsDal: Lcom/fsck/k9/fragment/MessageListFragment;--->restoreInstanceState(Landroid/os/Bundle;)V
10-31 08:40:49.322  6014  6014 D M_InsDal: Lcom/fsck/k9/fragment/MessageListFragment;--->decodeArguments()V
10-31 08:40:49.322  6014  6014 D M_InsDal: Lcom/fsck/k9/search/LocalSearch;--->getName()Ljava/lang/String;
10-31 08:40:49.322  6014  6014 D M_InsDal: Lcom/fsck/k9/search/LocalSearch;--->getAccountUuids()[Ljava/lang/String;
10-31 08:40:49.322  6014  6014 D M_InsDal: Lcom/fsck/k9/search/LocalSearch;--->searchAllAccounts()Z
10-31 08:40:49.322  6014  6014 D M_InsDal: Lcom/fsck/k9/Preferences;--->getAccount(Ljava/lang/String;)Lcom/fsck/k9/Account;
10-31 08:40:49.322  6014  6014 D M_InsDal: Lcom/fsck/k9/search/LocalSearch;--->getFolderNames()Ljava/util/List;
10-31 08:40:49.322  6014  6014 D M_InsDal: Lcom/fsck/k9/search/LocalSearch;--->getFolderNames()Ljava/util/List;
10-31 08:40:49.322  6014  6014 D M_InsDal: Lcom/fsck/k9/fragment/MessageListFragment;--->getFolderInfoHolder(Ljava/lang/String;Lcom/fsck/k9/Account;)Lcom/fsck/k9/activity/FolderInfoHolder;
10-31 08:40:49.322  6014  6014 D M_InsDal: Lcom/fsck/k9/fragment/MlfUtils;--->getOpenFolder(Ljava/lang/String;Lcom/fsck/k9/Account;)Lcom/fsck/k9/mailstore/LocalFolder;
10-31 08:40:49.322  6014  6014 D M_InsDal: Lcom/fsck/k9/Account;--->getLocalStore()Lcom/fsck/k9/mailstore/LocalStore;
10-31 08:40:49.322  6014  6014 D M_InsDal: Lcom/fsck/k9/mailstore/LocalStore;--->getInstance(Lcom/fsck/k9/Account;Landroid/content/Context;)Lcom/fsck/k9/mailstore/LocalStore;
10-31 08:40:49.322  6014  6014 D M_InsDal: Lcom/fsck/k9/Account;--->getUuid()Ljava/lang/String;
10-31 08:40:49.322  6014  6014 D M_InsDal: Lcom/fsck/k9/mailstore/LocalStore;--->getFolder(Ljava/lang/String;)Lcom/fsck/k9/mailstore/LocalFolder;
10-31 08:40:49.322  6014  6014 D M_InsDal: Lcom/fsck/k9/mailstore/LocalFolder;---><init>(Lcom/fsck/k9/mailstore/LocalStore;Ljava/lang/String;)V
10-31 08:40:49.322  6014  6014 D M_InsDal: Lcom/fsck/k9/mail/Folder;---><init>()V
10-31 08:40:49.322  6014  6014 D M_InsDal: Lcom/fsck/k9/mailstore/LocalStore;--->getAttachmentInfoExtractor()Lcom/fsck/k9/message/extractors/AttachmentInfoExtractor;
10-31 08:40:49.322  6014  6014 D M_InsDal: Lcom/fsck/k9/mailstore/LocalFolder;--->getAccount()Lcom/fsck/k9/Account;
10-31 08:40:49.322  6014  6014 D M_InsDal: Lcom/fsck/k9/mailstore/LocalStore;--->getAccount()Lcom/fsck/k9/Account;
10-31 08:40:49.322  6014  6014 D M_InsDal: Lcom/fsck/k9/Account;--->getInboxFolderName()Ljava/lang/String;
10-31 08:40:49.322  6014  6014 D M_InsDal: Lcom/fsck/k9/mailstore/LocalFolder;--->getName()Ljava/lang/String;
10-31 08:40:49.322  6014  6014 D M_InsDal: Lcom/fsck/k9/mailstore/LocalFolder;--->open(I)V
10-31 08:40:49.322  6014  6014 D M_InsDal: Lcom/fsck/k9/mailstore/LocalFolder;--->isOpen()Z
10-31 08:40:49.322  6014  6014 D M_InsDal: Lcom/fsck/k9/mailstore/LocalFolder;--->isOpen()Z
10-31 08:40:49.322  6014  6014 D M_InsDal: Lcom/fsck/k9/mailstore/LocalStore;--->getDatabase()Lcom/fsck/k9/mailstore/LockableDatabase;
10-31 08:40:49.322  6014  6014 D M_InsDal: Lcom/fsck/k9/mailstore/LocalFolder$1;---><init>(Lcom/fsck/k9/mailstore/LocalFolder;I)V
10-31 08:40:49.322  6014  6014 D M_InsDal: Lcom/fsck/k9/mailstore/LockableDatabase;--->execute(ZLcom/fsck/k9/mailstore/LockableDatabase$DbCallback;)Ljava/lang/Object;
10-31 08:40:49.322  6014  6014 D M_InsDal: Lcom/fsck/k9/mailstore/LockableDatabase;--->lockRead()V
10-31 08:40:49.322  6014  6014 D M_InsDal: Lcom/fsck/k9/mailstore/LockableDatabase;--->getStorageManager()Lcom/fsck/k9/mailstore/StorageManager;
10-31 08:40:49.322  6014  6014 D M_InsDal: Lcom/fsck/k9/mailstore/StorageManager;--->getInstance(Landroid/content/Context;)Lcom/fsck/k9/mailstore/StorageManager;
10-31 08:40:49.322  6014  6014 D M_InsDal: Lcom/fsck/k9/mailstore/StorageManager;--->lockProvider(Ljava/lang/String;)V
10-31 08:40:49.322  6014  6014 D M_InsDal: Lcom/fsck/k9/mailstore/StorageManager;--->getProvider(Ljava/lang/String;)Lcom/fsck/k9/mailstore/StorageManager$StorageProvider;
10-31 08:40:49.322  6014  6014 D M_InsDal: Lcom/fsck/k9/mailstore/StorageManager$InternalStorageProvider;--->isReady(Landroid/content/Context;)Z
10-31 08:40:49.322  6014  6014 D M_InsDal: Lcom/fsck/k9/K9;--->isDebug()Z
10-31 08:40:49.322  6014  6014 D M_InsDal: Lcom/fsck/k9/mailstore/LocalFolder$1;--->doDbWork(Landroid/database/sqlite/SQLiteDatabase;)Ljava/lang/Void;
10-31 08:40:49.323  6014  6014 D M_InsDal: Lcom/fsck/k9/mailstore/LocalFolder;--->open(Landroid/database/Cursor;)V
10-31 08:40:49.323  6014  6014 D M_InsDal: Lcom/fsck/k9/mail/Folder;--->setStatus(Ljava/lang/String;)V
10-31 08:40:49.323  6014  6014 D M_InsDal: Lcom/fsck/k9/mail/Folder;--->setLastChecked(J)V
10-31 08:40:49.323  6014  6014 D M_InsDal: Lcom/fsck/k9/mail/Folder;--->setLastPush(J)V
10-31 08:40:49.323  6014  6014 D M_InsDal: Lcom/fsck/k9/mail/Folder$FolderClass;--->valueOf(Ljava/lang/String;)Lcom/fsck/k9/mail/Folder$FolderClass;
10-31 08:40:49.323  6014  6014 D M_InsDal: Lcom/fsck/k9/mail/Folder$FolderClass;--->valueOf(Ljava/lang/String;)Lcom/fsck/k9/mail/Folder$FolderClass;
10-31 08:40:49.323  6014  6014 D M_InsDal: Lcom/fsck/k9/mailstore/LocalFolder$MoreMessages;--->fromDatabaseName(Ljava/lang/String;)Lcom/fsck/k9/mailstore/LocalFolder$MoreMessages;
10-31 08:40:49.323  6014  6014 D M_InsDal: Lcom/fsck/k9/mailstore/LocalFolder$MoreMessages;--->values()[Lcom/fsck/k9/mailstore/LocalFolder$MoreMessages;
10-31 08:40:49.323  6014  6014 D M_InsDal: Lcom/fsck/k9/helper/Utility;--->closeQuietly(Landroid/database/Cursor;)V
10-31 08:40:49.323  6014  6014 D M_InsDal: Lcom/fsck/k9/mailstore/LockableDatabase;--->unlockRead()V
10-31 08:40:49.323  6014  6014 D M_InsDal: Lcom/fsck/k9/mailstore/LockableDatabase;--->getStorageManager()Lcom/fsck/k9/mailstore/StorageManager;
10-31 08:40:49.323  6014  6014 D M_InsDal: Lcom/fsck/k9/mailstore/StorageManager;--->getInstance(Landroid/content/Context;)Lcom/fsck/k9/mailstore/StorageManager;
10-31 08:40:49.323  6014  6014 D M_InsDal: Lcom/fsck/k9/mailstore/StorageManager;--->unlockProvider(Ljava/lang/String;)V
10-31 08:40:49.323  6014  6014 D M_InsDal: Lcom/fsck/k9/mailstore/StorageManager;--->getProvider(Ljava/lang/String;)Lcom/fsck/k9/mailstore/StorageManager$StorageProvider;
10-31 08:40:49.323  6014  6014 D M_InsDal: Lcom/fsck/k9/activity/FolderInfoHolder;---><init>(Landroid/content/Context;Lcom/fsck/k9/mailstore/LocalFolder;Lcom/fsck/k9/Account;)V
10-31 08:40:49.323  6014  6014 D M_InsDal: Lcom/fsck/k9/activity/FolderInfoHolder;--->populate(Landroid/content/Context;Lcom/fsck/k9/mailstore/LocalFolder;Lcom/fsck/k9/Account;)V
10-31 08:40:49.323  6014  6014 D M_InsDal: Lcom/fsck/k9/mailstore/LocalFolder;--->getName()Ljava/lang/String;
10-31 08:40:49.323  6014  6014 D M_InsDal: Lcom/fsck/k9/mail/Folder;--->getLastUpdate()J
10-31 08:40:49.323  6014  6014 D M_InsDal: Lcom/fsck/k9/mail/Folder;--->getLastChecked()J
10-31 08:40:49.323  6014  6014 D M_InsDal: Lcom/fsck/k9/mail/Folder;--->getLastPush()J
10-31 08:40:49.323  6014  6014 D M_InsDal: Lcom/fsck/k9/mail/Folder;--->getStatus()Ljava/lang/String;
10-31 08:40:49.323  6014  6014 D M_InsDal: Lcom/fsck/k9/activity/FolderInfoHolder;--->truncateStatus(Ljava/lang/String;)Ljava/lang/String;
10-31 08:40:49.323  6014  6014 D M_InsDal: Lcom/fsck/k9/activity/FolderInfoHolder;--->getDisplayName(Landroid/content/Context;Lcom/fsck/k9/Account;Ljava/lang/String;)Ljava/lang/String;
10-31 08:40:49.323  6014  6014 D M_InsDal: Lcom/fsck/k9/Account;--->getSpamFolderName()Ljava/lang/String;
10-31 08:40:49.323  6014  6014 D M_InsDal: Lcom/fsck/k9/Account;--->getArchiveFolderName()Ljava/lang/String;
10-31 08:40:49.323  6014  6014 D M_InsDal: Lcom/fsck/k9/Account;--->getSentFolderName()Ljava/lang/String;
10-31 08:40:49.323  6014  6014 D M_InsDal: Lcom/fsck/k9/Account;--->getTrashFolderName()Ljava/lang/String;
10-31 08:40:49.323  6014  6014 D M_InsDal: Lcom/fsck/k9/Account;--->getDraftsFolderName()Ljava/lang/String;
10-31 08:40:49.323  6014  6014 D M_InsDal: Lcom/fsck/k9/Account;--->getOutboxFolderName()Ljava/lang/String;
10-31 08:40:49.323  6014  6014 D M_InsDal: Lcom/fsck/k9/Account;--->getInboxFolderName()Ljava/lang/String;
10-31 08:40:49.323  6014  6014 D M_InsDal: Lcom/fsck/k9/activity/FolderInfoHolder;--->setMoreMessagesFromFolder(Lcom/fsck/k9/mailstore/LocalFolder;)V
10-31 08:40:49.323  6014  6014 D M_InsDal: Lcom/fsck/k9/mailstore/LocalFolder;--->hasMoreMessages()Z
10-31 08:40:49.323  6014  6014 D M_InsDal: Lcom/fsck/k9/Account;--->getUuid()Ljava/lang/String;
10-31 08:40:49.323  6014  6014 D M_InsDal: Lcom/fsck/k9/fragment/MessageListFragment;--->createCacheBroadcastReceiver(Landroid/content/Context;)V
10-31 08:40:49.323  6014  6014 D M_InsDal: Lcom/fsck/k9/fragment/MessageListFragment$1;---><init>(Lcom/fsck/k9/fragment/MessageListFragment;)V
10-31 08:40:49.323  6014  6014 D M_InsDal: Lcom/fsck/k9/fragment/MessageListFragment;--->onCreateView(Landroid/view/LayoutInflater;Landroid/view/ViewGroup;Landroid/os/Bundle;)Landroid/view/View;
10-31 08:40:49.325  6014  6014 D M_InsDal: Lcom/fsck/k9/fragment/MessageListFragment;--->initializePullToRefresh(Landroid/view/View;)V
10-31 08:40:49.325  6014  6014 D M_InsDal: Lcom/fsck/k9/fragment/MessageListFragment;--->isRemoteSearchAllowed()Z
10-31 08:40:49.325  6014  6014 D M_InsDal: Lcom/fsck/k9/search/LocalSearch;--->isManualSearch()Z
10-31 08:40:49.325  6014  6014 D M_InsDal: Lcom/fsck/k9/fragment/MessageListFragment;--->isCheckMailSupported()Z
10-31 08:40:49.325  6014  6014 D M_InsDal: Lcom/fsck/k9/fragment/MessageListFragment;--->isSingleAccountMode()Z
10-31 08:40:49.325  6014  6014 D M_InsDal: Lcom/fsck/k9/fragment/MessageListFragment;--->isSingleFolderMode()Z
10-31 08:40:49.325  6014  6014 D M_InsDal: Lcom/fsck/k9/fragment/MessageListFragment;--->isRemoteFolder()Z
10-31 08:40:49.325  6014  6014 D M_InsDal: Lcom/fsck/k9/search/LocalSearch;--->isManualSearch()Z
10-31 08:40:49.325  6014  6014 D M_InsDal: Lcom/fsck/k9/fragment/MessageListFragment;--->isOutbox()Z
10-31 08:40:49.325  6014  6014 D M_InsDal: Lcom/fsck/k9/Account;--->getOutboxFolderName()Ljava/lang/String;
10-31 08:40:49.325  6014  6014 D M_InsDal: Lcom/fsck/k9/controller/MessagingController;--->isMoveCapable(Lcom/fsck/k9/Account;)Z
10-31 08:40:49.325  6014  6014 D M_InsDal: Lcom/fsck/k9/Account;--->getLocalStore()Lcom/fsck/k9/mailstore/LocalStore;
10-31 08:40:49.325  6014  6014 D M_InsDal: Lcom/fsck/k9/mailstore/LocalStore;--->getInstance(Lcom/fsck/k9/Account;Landroid/content/Context;)Lcom/fsck/k9/mailstore/LocalStore;
10-31 08:40:49.325  6014  6014 D M_InsDal: Lcom/fsck/k9/Account;--->getUuid()Ljava/lang/String;
10-31 08:40:49.325  6014  6014 D M_InsDal: Lcom/fsck/k9/Account;--->getRemoteStore()Lcom/fsck/k9/mail/Store;
10-31 08:40:49.325  6014  6014 D M_InsDal: Lcom/fsck/k9/mail/store/RemoteStore;---><clinit>()V
10-31 08:40:49.325  6014  6014 D M_InsDal: Lcom/fsck/k9/mail/store/RemoteStore;--->getInstance(Landroid/content/Context;Lcom/fsck/k9/mail/store/StoreConfig;)Lcom/fsck/k9/mail/Store;
10-31 08:40:49.325  6014  6014 D M_InsDal: Lcom/fsck/k9/Account;--->getStoreUri()Ljava/lang/String;
10-31 08:40:49.325  6014  6014 D M_InsDal: Lcom/fsck/k9/mail/ssl/DefaultTrustedSocketFactory;---><clinit>()V
10-31 08:40:49.329  6014  6014 D M_InsDal: Lcom/fsck/k9/mail/ssl/DefaultTrustedSocketFactory;--->hasWeakSslImplementation()Z
10-31 08:40:49.329  6014  6014 D M_InsDal: Lcom/fsck/k9/mail/ssl/DefaultTrustedSocketFactory;--->remove([Ljava/lang/String;[Ljava/lang/String;)[Ljava/lang/String;
10-31 08:40:49.329  6014  6014 D M_InsDal: Lcom/fsck/k9/mail/ssl/DefaultTrustedSocketFactory;--->remove([Ljava/lang/String;[Ljava/lang/String;)[Ljava/lang/String;
10-31 08:40:49.329  6014  6014 D M_InsDal: Lcom/fsck/k9/mail/ssl/DefaultTrustedSocketFactory;---><init>(Landroid/content/Context;)V
10-31 08:40:49.329  6014  6014 D M_InsDal: Lcom/fsck/k9/mail/store/pop3/Pop3Store;---><init>(Lcom/fsck/k9/mail/store/StoreConfig;Lcom/fsck/k9/mail/ssl/TrustedSocketFactory;)V
10-31 08:40:49.329  6014  6014 D M_InsDal: Lcom/fsck/k9/mail/store/RemoteStore;---><init>(Lcom/fsck/k9/mail/store/StoreConfig;Lcom/fsck/k9/mail/ssl/TrustedSocketFactory;)V
10-31 08:40:49.329  6014  6014 D M_InsDal: Lcom/fsck/k9/mail/Store;---><init>()V
10-31 08:40:49.329  6014  6014 D M_InsDal: Lcom/fsck/k9/Account;--->getStoreUri()Ljava/lang/String;
10-31 08:40:49.329  6014  6014 D M_InsDal: Lcom/fsck/k9/mail/store/pop3/Pop3Store;--->decodeUri(Ljava/lang/String;)Lcom/fsck/k9/mail/ServerSettings;
10-31 08:40:49.329  6014  6014 D M_InsDal: Lcom/fsck/k9/mail/ConnectionSecurity;---><clinit>()V
10-31 08:40:49.329  6014  6014 D M_InsDal: Lcom/fsck/k9/mail/ConnectionSecurity;---><init>(Ljava/lang/String;I)V
10-31 08:40:49.329  6014  6014 D M_InsDal: Lcom/fsck/k9/mail/ConnectionSecurity;---><init>(Ljava/lang/String;I)V
10-31 08:40:49.329  6014  6014 D M_InsDal: Lcom/fsck/k9/mail/ServerSettings$Type;---><clinit>()V
10-31 08:40:49.329  6014  6014 D M_InsDal: Lcom/fsck/k9/mail/ServerSettings$Type;---><init>(Ljava/lang/String;III)V
10-31 08:40:49.329  6014  6014 D M_InsDal: Lcom/fsck/k9/mail/ServerSettings$Type;---><init>(Ljava/lang/String;III)V
10-31 08:40:49.329  6014  6014 D M_InsDal: Lcom/fsck/k9/mail/AuthType;---><clinit>()V
10-31 08:40:49.329  6014  6014 D M_InsDal: Lcom/fsck/k9/mail/AuthType;---><init>(Ljava/lang/String;I)V
10-31 08:40:49.329  6014  6014 D M_InsDal: Lcom/fsck/k9/mail/AuthType;---><init>(Ljava/lang/String;I)V
10-31 08:40:49.330  6014  6014 D M_InsDal: Lcom/fsck/k9/mail/AuthType;--->valueOf(Ljava/lang/String;)Lcom/fsck/k9/mail/AuthType;
10-31 08:40:49.330  6014  6014 D M_InsDal: Lcom/fsck/k9/mail/AuthType;--->values()[Lcom/fsck/k9/mail/AuthType;
10-31 08:40:49.330  6014  6014 D M_InsDal: Lcom/fsck/k9/mail/helper/UrlEncodingHelper;--->decodeUtf8(Ljava/lang/String;)Ljava/lang/String;
10-31 08:40:49.330  6014  6014 D M_InsDal: Lcom/fsck/k9/mail/helper/UrlEncodingHelper;--->decodeUtf8(Ljava/lang/String;)Ljava/lang/String;
10-31 08:40:49.330  6014  6014 D M_InsDal: Lcom/fsck/k9/mail/ServerSettings;---><init>(Lcom/fsck/k9/mail/ServerSettings$Type;Ljava/lang/String;ILcom/fsck/k9/mail/ConnectionSecurity;Lcom/fsck/k9/mail/AuthType;Ljava/lang/String;Ljava/lang/String;Ljava/lang/String;)V
10-31 08:40:49.330  6014  6014 D M_InsDal: Lcom/fsck/k9/mailstore/LocalStore;--->isMoveCapable()Z
10-31 08:40:49.330  6014  6014 D M_InsDal: Lcom/fsck/k9/mail/Store;--->isMoveCapable()Z
10-31 08:40:49.330  6014  6014 D M_InsDal: Lcom/fsck/k9/Account;--->getInboxFolderName()Ljava/lang/String;
10-31 08:40:49.330  6014  6014 D M_InsDal: Lcom/fsck/k9/fragment/MessageListFragment$3;---><init>(Lcom/fsck/k9/fragment/MessageListFragment;)V
10-31 08:40:49.330  6014  6014 D M_InsDal: Lcom/fsck/k9/fragment/MessageListFragment;--->initializeLayout()V
10-31 08:40:49.334  6014  6014 D M_InsDal: Lcom/fsck/k9/fragment/MessageListFragment;--->onActivityCreated(Landroid/os/Bundle;)V
10-31 08:40:49.334  6014  6014 D M_InsDal: Lcom/fsck/k9/helper/MessageHelper;--->getInstance(Landroid/content/Context;)Lcom/fsck/k9/helper/MessageHelper;
10-31 08:40:49.334  6014  6014 D M_InsDal: Lcom/fsck/k9/fragment/MessageListFragment;--->initializeMessageList()V
10-31 08:40:49.334  6014  6014 D M_InsDal: Lcom/fsck/k9/fragment/MessageListAdapter;---><init>(Lcom/fsck/k9/fragment/MessageListFragment;)V
10-31 08:40:49.334  6014  6014 D M_InsDal: Lcom/fsck/k9/K9;--->getFontSizes()Lcom/fsck/k9/FontSizes;
10-31 08:40:49.335  6014  6014 D M_InsDal: Lcom/fsck/k9/fragment/MessageListFragment;--->getFolderInfoHolder(Ljava/lang/String;Lcom/fsck/k9/Account;)Lcom/fsck/k9/activity/FolderInfoHolder;
10-31 08:40:49.335  6014  6014 D M_InsDal: Lcom/fsck/k9/fragment/MlfUtils;--->getOpenFolder(Ljava/lang/String;Lcom/fsck/k9/Account;)Lcom/fsck/k9/mailstore/LocalFolder;
10-31 08:40:49.335  6014  6014 D M_InsDal: Lcom/fsck/k9/Account;--->getLocalStore()Lcom/fsck/k9/mailstore/LocalStore;
10-31 08:40:49.335  6014  6014 D M_InsDal: Lcom/fsck/k9/mailstore/LocalStore;--->getInstance(Lcom/fsck/k9/Account;Landroid/content/Context;)Lcom/fsck/k9/mailstore/LocalStore;
10-31 08:40:49.335  6014  6014 D M_InsDal: Lcom/fsck/k9/Account;--->getUuid()Ljava/lang/String;
10-31 08:40:49.335  6014  6014 D M_InsDal: Lcom/fsck/k9/mailstore/LocalStore;--->getFolder(Ljava/lang/String;)Lcom/fsck/k9/mailstore/LocalFolder;
10-31 08:40:49.335  6014  6014 D M_InsDal: Lcom/fsck/k9/mailstore/LocalFolder;---><init>(Lcom/fsck/k9/mailstore/LocalStore;Ljava/lang/String;)V
10-31 08:40:49.335  6014  6014 D M_InsDal: Lcom/fsck/k9/mail/Folder;---><init>()V
10-31 08:40:49.335  6014  6014 D M_InsDal: Lcom/fsck/k9/mailstore/LocalStore;--->getAttachmentInfoExtractor()Lcom/fsck/k9/message/extractors/AttachmentInfoExtractor;
10-31 08:40:49.335  6014  6014 D M_InsDal: Lcom/fsck/k9/mailstore/LocalFolder;--->getAccount()Lcom/fsck/k9/Account;
10-31 08:40:49.335  6014  6014 D M_InsDal: Lcom/fsck/k9/mailstore/LocalStore;--->getAccount()Lcom/fsck/k9/Account;
10-31 08:40:49.335  6014  6014 D M_InsDal: Lcom/fsck/k9/Account;--->getInboxFolderName()Ljava/lang/String;
10-31 08:40:49.335  6014  6014 D M_InsDal: Lcom/fsck/k9/mailstore/LocalFolder;--->getName()Ljava/lang/String;
10-31 08:40:49.335  6014  6014 D M_InsDal: Lcom/fsck/k9/mailstore/LocalFolder;--->open(I)V
10-31 08:40:49.335  6014  6014 D M_InsDal: Lcom/fsck/k9/mailstore/LocalFolder;--->isOpen()Z
10-31 08:40:49.335  6014  6014 D M_InsDal: Lcom/fsck/k9/mailstore/LocalFolder;--->isOpen()Z
10-31 08:40:49.335  6014  6014 D M_InsDal: Lcom/fsck/k9/mailstore/LocalStore;--->getDatabase()Lcom/fsck/k9/mailstore/LockableDatabase;
10-31 08:40:49.335  6014  6014 D M_InsDal: Lcom/fsck/k9/mailstore/LocalFolder$1;---><init>(Lcom/fsck/k9/mailstore/LocalFolder;I)V
10-31 08:40:49.335  6014  6014 D M_InsDal: Lcom/fsck/k9/mailstore/LockableDatabase;--->execute(ZLcom/fsck/k9/mailstore/LockableDatabase$DbCallback;)Ljava/lang/Object;
10-31 08:40:49.335  6014  6014 D M_InsDal: Lcom/fsck/k9/mailstore/LockableDatabase;--->lockRead()V
10-31 08:40:49.335  6014  6014 D M_InsDal: Lcom/fsck/k9/mailstore/LockableDatabase;--->getStorageManager()Lcom/fsck/k9/mailstore/StorageManager;
10-31 08:40:49.335  6014  6014 D M_InsDal: Lcom/fsck/k9/mailstore/StorageManager;--->getInstance(Landroid/content/Context;)Lcom/fsck/k9/mailstore/StorageManager;
10-31 08:40:49.335  6014  6014 D M_InsDal: Lcom/fsck/k9/mailstore/StorageManager;--->lockProvider(Ljava/lang/String;)V
10-31 08:40:49.335  6014  6014 D M_InsDal: Lcom/fsck/k9/mailstore/StorageManager;--->getProvider(Ljava/lang/String;)Lcom/fsck/k9/mailstore/StorageManager$StorageProvider;
10-31 08:40:49.335  6014  6014 D M_InsDal: Lcom/fsck/k9/mailstore/StorageManager$InternalStorageProvider;--->isReady(Landroid/content/Context;)Z
10-31 08:40:49.335  6014  6014 D M_InsDal: Lcom/fsck/k9/K9;--->isDebug()Z
10-31 08:40:49.335  6014  6014 D M_InsDal: Lcom/fsck/k9/mailstore/LocalFolder$1;--->doDbWork(Landroid/database/sqlite/SQLiteDatabase;)Ljava/lang/Void;
10-31 08:40:49.335  6014  6014 D M_InsDal: Lcom/fsck/k9/mailstore/LocalFolder;--->open(Landroid/database/Cursor;)V
10-31 08:40:49.335  6014  6014 D M_InsDal: Lcom/fsck/k9/mail/Folder;--->setStatus(Ljava/lang/String;)V
10-31 08:40:49.335  6014  6014 D M_InsDal: Lcom/fsck/k9/mail/Folder;--->setLastChecked(J)V
10-31 08:40:49.335  6014  6014 D M_InsDal: Lcom/fsck/k9/mail/Folder;--->setLastPush(J)V
10-31 08:40:49.335  6014  6014 D M_InsDal: Lcom/fsck/k9/mail/Folder$FolderClass;--->valueOf(Ljava/lang/String;)Lcom/fsck/k9/mail/Folder$FolderClass;
10-31 08:40:49.335  6014  6014 D M_InsDal: Lcom/fsck/k9/mail/Folder$FolderClass;--->valueOf(Ljava/lang/String;)Lcom/fsck/k9/mail/Folder$FolderClass;
10-31 08:40:49.335  6014  6014 D M_InsDal: Lcom/fsck/k9/mailstore/LocalFolder$MoreMessages;--->fromDatabaseName(Ljava/lang/String;)Lcom/fsck/k9/mailstore/LocalFolder$MoreMessages;
10-31 08:40:49.335  6014  6014 D M_InsDal: Lcom/fsck/k9/mailstore/LocalFolder$MoreMessages;--->values()[Lcom/fsck/k9/mailstore/LocalFolder$MoreMessages;
10-31 08:40:49.335  6014  6014 D M_InsDal: Lcom/fsck/k9/helper/Utility;--->closeQuietly(Landroid/database/Cursor;)V
10-31 08:40:49.335  6014  6014 D M_InsDal: Lcom/fsck/k9/mailstore/LockableDatabase;--->unlockRead()V
10-31 08:40:49.335  6014  6014 D M_InsDal: Lcom/fsck/k9/mailstore/LockableDatabase;--->getStorageManager()Lcom/fsck/k9/mailstore/StorageManager;
10-31 08:40:49.335  6014  6014 D M_InsDal: Lcom/fsck/k9/mailstore/StorageManager;--->getInstance(Landroid/content/Context;)Lcom/fsck/k9/mailstore/StorageManager;
10-31 08:40:49.335  6014  6014 D M_InsDal: Lcom/fsck/k9/mailstore/StorageManager;--->unlockProvider(Ljava/lang/String;)V
10-31 08:40:49.335  6014  6014 D M_InsDal: Lcom/fsck/k9/mailstore/StorageManager;--->getProvider(Ljava/lang/String;)Lcom/fsck/k9/mailstore/StorageManager$StorageProvider;
10-31 08:40:49.335  6014  6014 D M_InsDal: Lcom/fsck/k9/activity/FolderInfoHolder;---><init>(Landroid/content/Context;Lcom/fsck/k9/mailstore/LocalFolder;Lcom/fsck/k9/Account;)V
10-31 08:40:49.335  6014  6014 D M_InsDal: Lcom/fsck/k9/activity/FolderInfoHolder;--->populate(Landroid/content/Context;Lcom/fsck/k9/mailstore/LocalFolder;Lcom/fsck/k9/Account;)V
10-31 08:40:49.335  6014  6014 D M_InsDal: Lcom/fsck/k9/mailstore/LocalFolder;--->getName()Ljava/lang/String;
10-31 08:40:49.335  6014  6014 D M_InsDal: Lcom/fsck/k9/mail/Folder;--->getLastUpdate()J
10-31 08:40:49.335  6014  6014 D M_InsDal: Lcom/fsck/k9/mail/Folder;--->getLastChecked()J
10-31 08:40:49.335  6014  6014 D M_InsDal: Lcom/fsck/k9/mail/Folder;--->getLastPush()J
10-31 08:40:49.335  6014  6014 D M_InsDal: Lcom/fsck/k9/mail/Folder;--->getStatus()Ljava/lang/String;
10-31 08:40:49.335  6014  6014 D M_InsDal: Lcom/fsck/k9/activity/FolderInfoHolder;--->truncateStatus(Ljava/lang/String;)Ljava/lang/String;
10-31 08:40:49.335  6014  6014 D M_InsDal: Lcom/fsck/k9/activity/FolderInfoHolder;--->getDisplayName(Landroid/content/Context;Lcom/fsck/k9/Account;Ljava/lang/String;)Ljava/lang/String;
10-31 08:40:49.335  6014  6014 D M_InsDal: Lcom/fsck/k9/Account;--->getSpamFolderName()Ljava/lang/String;
10-31 08:40:49.335  6014  6014 D M_InsDal: Lcom/fsck/k9/Account;--->getArchiveFolderName()Ljava/lang/String;
10-31 08:40:49.335  6014  6014 D M_InsDal: Lcom/fsck/k9/Account;--->getSentFolderName()Ljava/lang/String;
10-31 08:40:49.335  6014  6014 D M_InsDal: Lcom/fsck/k9/Account;--->getTrashFolderName()Ljava/lang/String;
10-31 08:40:49.335  6014  6014 D M_InsDal: Lcom/fsck/k9/Account;--->getDraftsFolderName()Ljava/lang/String;
10-31 08:40:49.335  6014  6014 D M_InsDal: Lcom/fsck/k9/Account;--->getOutboxFolderName()Ljava/lang/String;
10-31 08:40:49.335  6014  6014 D M_InsDal: Lcom/fsck/k9/Account;--->getInboxFolderName()Ljava/lang/String;
10-31 08:40:49.335  6014  6014 D M_InsDal: Lcom/fsck/k9/activity/FolderInfoHolder;--->setMoreMessagesFromFolder(Lcom/fsck/k9/mailstore/LocalFolder;)V
10-31 08:40:49.335  6014  6014 D M_InsDal: Lcom/fsck/k9/mailstore/LocalFolder;--->hasMoreMessages()Z
10-31 08:40:49.335  6014  6014 D M_InsDal: Lcom/fsck/k9/fragment/MessageListFragment;--->getFooterView(Landroid/view/ViewGroup;)Landroid/view/View;
10-31 08:40:49.336  6014  6014 D M_InsDal: Lcom/fsck/k9/fragment/MessageListFragment$FooterViewHolder;---><init>()V
10-31 08:40:49.336  6014  6014 D M_InsDal: Lcom/fsck/k9/fragment/MessageListFragment;--->updateFooterView()V
10-31 08:40:49.336  6014  6014 D M_InsDal: Lcom/fsck/k9/search/LocalSearch;--->isManualSearch()Z
10-31 08:40:49.336  6014  6014 D M_InsDal: Lcom/fsck/k9/fragment/MessageListFragment;--->updateFooter(Ljava/lang/String;)V
10-31 08:40:49.336  6014  6014 D M_InsDal: Lcom/fsck/k9/fragment/MessageListFragment;--->initializeSortSettings()V
10-31 08:40:49.336  6014  6014 D M_InsDal: Lcom/fsck/k9/Account;--->getSortType()Lcom/fsck/k9/Account$SortType;
10-31 08:40:49.336  6014  6014 D M_InsDal: Lcom/fsck/k9/Account;--->isSortAscending(Lcom/fsck/k9/Account$SortType;)Z
10-31 08:40:49.336  6014  6014 D M_InsDal: Lcom/fsck/k9/Account;--->isSortAscending(Lcom/fsck/k9/Account$SortType;)Z
10-31 08:40:49.336  6014  6014 D M_InsDal: Lcom/fsck/k9/fragment/MessageListFragment;--->onCreateLoader(ILandroid/os/Bundle;)Landroid/content/Loader;
10-31 08:40:49.336  6014  6014 D M_InsDal: Lcom/fsck/k9/Preferences;--->getAccount(Ljava/lang/String;)Lcom/fsck/k9/Account;
10-31 08:40:49.336  6014  6014 D M_InsDal: Lcom/fsck/k9/fragment/MessageListFragment;--->getThreadId(Lcom/fsck/k9/search/LocalSearch;)Ljava/lang/String;
10-31 08:40:49.337  6014  6014 D M_InsDal: Lcom/fsck/k9/search/LocalSearch;--->getLeafSet()Ljava/util/Set;
10-31 08:40:49.337  6014  6014 D M_InsDal: Lcom/fsck/k9/fragment/MLFProjectionInfo;---><clinit>()V
10-31 08:40:49.337  6014  6014 D M_InsDal: Lcom/fsck/k9/search/LocalSearch;--->getConditions()Lcom/fsck/k9/search/ConditionsTreeNode;
10-31 08:40:49.337  6014  6014 D M_InsDal: Lcom/fsck/k9/search/SqlQueryBuilder;--->buildWhereClause(Lcom/fsck/k9/Account;Lcom/fsck/k9/search/ConditionsTreeNode;Ljava/lang/StringBuilder;Ljava/util/List;)V
10-31 08:40:49.337  6014  6014 D M_InsDal: Lcom/fsck/k9/search/SqlQueryBuilder;--->buildWhereClauseInternal(Lcom/fsck/k9/Account;Lcom/fsck/k9/search/ConditionsTreeNode;Ljava/lang/StringBuilder;Ljava/util/List;)V
10-31 08:40:49.337  6014  6014 D M_InsDal: Lcom/fsck/k9/search/SqlQueryBuilder$1;---><clinit>()V
10-31 08:40:49.337  6014  6014 D M_InsDal: Lcom/fsck/k9/search/SearchSpecification$Attribute;--->values()[Lcom/fsck/k9/search/SearchSpecification$Attribute;
10-31 08:40:49.337  6014  6014 D M_InsDal: Lcom/fsck/k9/search/SearchSpecification$SearchField;--->values()[Lcom/fsck/k9/search/SearchSpecification$SearchField;
10-31 08:40:49.337  6014  6014 D M_InsDal: Lcom/fsck/k9/Account$Searchable;--->values()[Lcom/fsck/k9/Account$Searchable;
10-31 08:40:49.337  6014  6014 D M_InsDal: Lcom/fsck/k9/search/SqlQueryBuilder;--->getFolderId(Lcom/fsck/k9/Account;Ljava/lang/String;)J
10-31 08:40:49.337  6014  6014 D M_InsDal: Lcom/fsck/k9/Account;--->getLocalStore()Lcom/fsck/k9/mailstore/LocalStore;
10-31 08:40:49.337  6014  6014 D M_InsDal: Lcom/fsck/k9/mailstore/LocalStore;--->getInstance(Lcom/fsck/k9/Account;Landroid/content/Context;)Lcom/fsck/k9/mailstore/LocalStore;
10-31 08:40:49.337  6014  6014 D M_InsDal: Lcom/fsck/k9/Account;--->getUuid()Ljava/lang/String;
10-31 08:40:49.337  6014  6014 D M_InsDal: Lcom/fsck/k9/mailstore/LocalStore;--->getFolder(Ljava/lang/String;)Lcom/fsck/k9/mailstore/LocalFolder;
10-31 08:40:49.337  6014  6014 D M_InsDal: Lcom/fsck/k9/mailstore/LocalFolder;---><init>(Lcom/fsck/k9/mailstore/LocalStore;Ljava/lang/String;)V
10-31 08:40:49.337  6014  6014 D M_InsDal: Lcom/fsck/k9/mail/Folder;---><init>()V
10-31 08:40:49.337  6014  6014 D M_InsDal: Lcom/fsck/k9/mailstore/LocalStore;--->getAttachmentInfoExtractor()Lcom/fsck/k9/message/extractors/AttachmentInfoExtractor;
10-31 08:40:49.337  6014  6014 D M_InsDal: Lcom/fsck/k9/mailstore/LocalFolder;--->getAccount()Lcom/fsck/k9/Account;
10-31 08:40:49.337  6014  6014 D M_InsDal: Lcom/fsck/k9/mailstore/LocalStore;--->getAccount()Lcom/fsck/k9/Account;
10-31 08:40:49.337  6014  6014 D M_InsDal: Lcom/fsck/k9/Account;--->getInboxFolderName()Ljava/lang/String;
10-31 08:40:49.337  6014  6014 D M_InsDal: Lcom/fsck/k9/mailstore/LocalFolder;--->getName()Ljava/lang/String;
10-31 08:40:49.337  6014  6014 D M_InsDal: Lcom/fsck/k9/mailstore/LocalFolder;--->open(I)V
10-31 08:40:49.337  6014  6014 D M_InsDal: Lcom/fsck/k9/mailstore/LocalFolder;--->isOpen()Z
10-31 08:40:49.337  6014  6014 D M_InsDal: Lcom/fsck/k9/mailstore/LocalFolder;--->isOpen()Z
10-31 08:40:49.337  6014  6014 D M_InsDal: Lcom/fsck/k9/mailstore/LocalStore;--->getDatabase()Lcom/fsck/k9/mailstore/LockableDatabase;
10-31 08:40:49.337  6014  6014 D M_InsDal: Lcom/fsck/k9/mailstore/LocalFolder$1;---><init>(Lcom/fsck/k9/mailstore/LocalFolder;I)V
10-31 08:40:49.337  6014  6014 D M_InsDal: Lcom/fsck/k9/mailstore/LockableDatabase;--->execute(ZLcom/fsck/k9/mailstore/LockableDatabase$DbCallback;)Ljava/lang/Object;
10-31 08:40:49.337  6014  6014 D M_InsDal: Lcom/fsck/k9/mailstore/LockableDatabase;--->lockRead()V
10-31 08:40:49.337  6014  6014 D M_InsDal: Lcom/fsck/k9/mailstore/LockableDatabase;--->getStorageManager()Lcom/fsck/k9/mailstore/StorageManager;
10-31 08:40:49.337  6014  6014 D M_InsDal: Lcom/fsck/k9/mailstore/StorageManager;--->getInstance(Landroid/content/Context;)Lcom/fsck/k9/mailstore/StorageManager;
10-31 08:40:49.337  6014  6014 D M_InsDal: Lcom/fsck/k9/mailstore/StorageManager;--->lockProvider(Ljava/lang/String;)V
10-31 08:40:49.337  6014  6014 D M_InsDal: Lcom/fsck/k9/mailstore/StorageManager;--->getProvider(Ljava/lang/String;)Lcom/fsck/k9/mailstore/StorageManager$StorageProvider;
10-31 08:40:49.337  6014  6014 D M_InsDal: Lcom/fsck/k9/mailstore/StorageManager$InternalStorageProvider;--->isReady(Landroid/content/Context;)Z
10-31 08:40:49.337  6014  6014 D M_InsDal: Lcom/fsck/k9/K9;--->isDebug()Z
10-31 08:40:49.337  6014  6014 D M_InsDal: Lcom/fsck/k9/mailstore/LocalFolder$1;--->doDbWork(Landroid/database/sqlite/SQLiteDatabase;)Ljava/lang/Void;
10-31 08:40:49.337  6014  6014 D M_InsDal: Lcom/fsck/k9/mailstore/LocalFolder;--->open(Landroid/database/Cursor;)V
10-31 08:40:49.337  6014  6014 D M_InsDal: Lcom/fsck/k9/mail/Folder;--->setStatus(Ljava/lang/String;)V
10-31 08:40:49.337  6014  6014 D M_InsDal: Lcom/fsck/k9/mail/Folder;--->setLastChecked(J)V
10-31 08:40:49.337  6014  6014 D M_InsDal: Lcom/fsck/k9/mail/Folder;--->setLastPush(J)V
10-31 08:40:49.337  6014  6014 D M_InsDal: Lcom/fsck/k9/mail/Folder$FolderClass;--->valueOf(Ljava/lang/String;)Lcom/fsck/k9/mail/Folder$FolderClass;
10-31 08:40:49.337  6014  6014 D M_InsDal: Lcom/fsck/k9/mail/Folder$FolderClass;--->valueOf(Ljava/lang/String;)Lcom/fsck/k9/mail/Folder$FolderClass;
10-31 08:40:49.337  6014  6014 D M_InsDal: Lcom/fsck/k9/mailstore/LocalFolder$MoreMessages;--->fromDatabaseName(Ljava/lang/String;)Lcom/fsck/k9/mailstore/LocalFolder$MoreMessages;
10-31 08:40:49.337  6014  6014 D M_InsDal: Lcom/fsck/k9/mailstore/LocalFolder$MoreMessages;--->values()[Lcom/fsck/k9/mailstore/LocalFolder$MoreMessages;
10-31 08:40:49.337  6014  6014 D M_InsDal: Lcom/fsck/k9/helper/Utility;--->closeQuietly(Landroid/database/Cursor;)V
10-31 08:40:49.337  6014  6014 D M_InsDal: Lcom/fsck/k9/mailstore/LockableDatabase;--->unlockRead()V
10-31 08:40:49.337  6014  6014 D M_InsDal: Lcom/fsck/k9/mailstore/LockableDatabase;--->getStorageManager()Lcom/fsck/k9/mailstore/StorageManager;
10-31 08:40:49.337  6014  6014 D M_InsDal: Lcom/fsck/k9/mailstore/StorageManager;--->getInstance(Landroid/content/Context;)Lcom/fsck/k9/mailstore/StorageManager;
10-31 08:40:49.337  6014  6014 D M_InsDal: Lcom/fsck/k9/mailstore/StorageManager;--->unlockProvider(Ljava/lang/String;)V
10-31 08:40:49.337  6014  6014 D M_InsDal: Lcom/fsck/k9/mailstore/StorageManager;--->getProvider(Ljava/lang/String;)Lcom/fsck/k9/mailstore/StorageManager$StorageProvider;
10-31 08:40:49.338  6014  6014 D M_InsDal: Lcom/fsck/k9/mailstore/LocalFolder;--->getDatabaseId()J
10-31 08:40:49.338  6014  6014 D M_InsDal: Lcom/fsck/k9/fragment/MessageListFragment;--->buildSortOrder()Ljava/lang/String;
10-31 08:40:49.338  6014  6014 D M_InsDal: Lcom/fsck/k9/fragment/MessageListFragment$4;---><clinit>()V
10-31 08:40:49.338  6014  6014 D M_InsDal: Lcom/fsck/k9/Account$SortType;--->values()[Lcom/fsck/k9/Account$SortType;
10-31 08:40:49.340  6014  6046 D M_InsDal: Lcom/fsck/k9/provider/EmailProvider;--->query(Landroid/net/Uri;[Ljava/lang/String;Ljava/lang/String;[Ljava/lang/String;Ljava/lang/String;)Landroid/database/Cursor;
10-31 08:40:49.340  6014  6046 D M_InsDal: Lcom/fsck/k9/provider/EmailProvider;--->getThreadedMessages(Ljava/lang/String;[Ljava/lang/String;Ljava/lang/String;[Ljava/lang/String;Ljava/lang/String;)Landroid/database/Cursor;
10-31 08:40:49.340  6014  6046 D M_InsDal: Lcom/fsck/k9/provider/EmailProvider;--->getAccount(Ljava/lang/String;)Lcom/fsck/k9/Account;
10-31 08:40:49.340  6014  6046 D M_InsDal: Lcom/fsck/k9/Preferences;--->getPreferences(Landroid/content/Context;)Lcom/fsck/k9/Preferences;
10-31 08:40:49.340  6014  6046 D M_InsDal: Lcom/fsck/k9/Preferences;--->getAccount(Ljava/lang/String;)Lcom/fsck/k9/Account;
10-31 08:40:49.340  6014  6046 D M_InsDal: Lcom/fsck/k9/provider/EmailProvider;--->getDatabase(Lcom/fsck/k9/Account;)Lcom/fsck/k9/mailstore/LockableDatabase;
10-31 08:40:49.340  6014  6046 D M_InsDal: Lcom/fsck/k9/Account;--->getLocalStore()Lcom/fsck/k9/mailstore/LocalStore;
10-31 08:40:49.340  6014  6046 D M_InsDal: Lcom/fsck/k9/mailstore/LocalStore;--->getInstance(Lcom/fsck/k9/Account;Landroid/content/Context;)Lcom/fsck/k9/mailstore/LocalStore;
10-31 08:40:49.340  6014  6046 D M_InsDal: Lcom/fsck/k9/Account;--->getUuid()Ljava/lang/String;
10-31 08:40:49.340  6014  6046 D M_InsDal: Lcom/fsck/k9/mailstore/LocalStore;--->getDatabase()Lcom/fsck/k9/mailstore/LockableDatabase;
10-31 08:40:49.340  6014  6046 D M_InsDal: Lcom/fsck/k9/provider/EmailProvider$2;---><init>(Lcom/fsck/k9/provider/EmailProvider;[Ljava/lang/String;Ljava/lang/String;Ljava/lang/String;[Ljava/lang/String;)V
10-31 08:40:49.340  6014  6046 D M_InsDal: Lcom/fsck/k9/mailstore/LockableDatabase;--->execute(ZLcom/fsck/k9/mailstore/LockableDatabase$DbCallback;)Ljava/lang/Object;
10-31 08:40:49.340  6014  6046 D M_InsDal: Lcom/fsck/k9/mailstore/LockableDatabase;--->lockRead()V
10-31 08:40:49.340  6014  6046 D M_InsDal: Lcom/fsck/k9/mailstore/LockableDatabase;--->getStorageManager()Lcom/fsck/k9/mailstore/StorageManager;
10-31 08:40:49.340  6014  6046 D M_InsDal: Lcom/fsck/k9/mailstore/StorageManager;--->getInstance(Landroid/content/Context;)Lcom/fsck/k9/mailstore/StorageManager;
10-31 08:40:49.340  6014  6046 D M_InsDal: Lcom/fsck/k9/mailstore/StorageManager;--->lockProvider(Ljava/lang/String;)V
10-31 08:40:49.340  6014  6046 D M_InsDal: Lcom/fsck/k9/mailstore/StorageManager;--->getProvider(Ljava/lang/String;)Lcom/fsck/k9/mailstore/StorageManager$StorageProvider;
10-31 08:40:49.340  6014  6046 D M_InsDal: Lcom/fsck/k9/mailstore/StorageManager$InternalStorageProvider;--->isReady(Landroid/content/Context;)Z
10-31 08:40:49.340  6014  6046 D M_InsDal: Lcom/fsck/k9/K9;--->isDebug()Z
10-31 08:40:49.340  6014  6014 D M_InsDal: Lcom/fsck/k9/activity/MessageList;--->onResume()V
10-31 08:40:49.340  6014  6046 D M_InsDal: Lcom/fsck/k9/provider/EmailProvider$2;--->doDbWork(Landroid/database/sqlite/SQLiteDatabase;)Landroid/database/Cursor;
10-31 08:40:49.341  6014  6046 D M_InsDal: Lcom/fsck/k9/provider/EmailProvider;--->createThreadedSubQuery([Ljava/lang/String;Ljava/lang/String;Ljava/lang/StringBuilder;)V
10-31 08:40:49.341  6014  6046 D M_InsDal: Lcom/fsck/k9/helper/Utility;--->arrayContainsAny([Ljava/lang/Object;[Ljava/lang/Object;)Z
10-31 08:40:49.341  6014  6046 D M_InsDal: Lcom/fsck/k9/helper/Utility;--->arrayContains([Ljava/lang/Object;Ljava/lang/Object;)Z
10-31 08:40:49.341  6014  6046 D M_InsDal: Lcom/fsck/k9/helper/Utility;--->arrayContainsAny([Ljava/lang/Object;[Ljava/lang/Object;)Z
10-31 08:40:49.341  6014  6046 D M_InsDal: Lcom/fsck/k9/helper/Utility;--->arrayContains([Ljava/lang/Object;Ljava/lang/Object;)Z
10-31 08:40:49.341  6014  6046 D M_InsDal: Lcom/fsck/k9/search/SqlQueryBuilder;--->addPrefixToSelection([Ljava/lang/String;Ljava/lang/String;Ljava/lang/String;)Ljava/lang/String;
10-31 08:40:49.341  6014  6014 D M_InsDal: Lcom/fsck/k9/activity/Search;---><clinit>()V
10-31 08:40:49.341  6014  6014 D M_InsDal: Lcom/fsck/k9/activity/Search;--->setActive(Z)V
10-31 08:40:49.341  6014  6014 D M_InsDal: Lcom/fsck/k9/Account;--->isAvailable(Landroid/content/Context;)Z
10-31 08:40:49.341  6014  6014 D M_InsDal: Lcom/fsck/k9/Account;--->getLocalStorageProviderId()Ljava/lang/String;
10-31 08:40:49.341  6014  6014 D M_InsDal: Lcom/fsck/k9/mailstore/StorageManager;--->getInstance(Landroid/content/Context;)Lcom/fsck/k9/mailstore/StorageManager;
10-31 08:40:49.341  6014  6014 D M_InsDal: Lcom/fsck/k9/mailstore/StorageManager;--->isReady(Ljava/lang/String;)Z
10-31 08:40:49.341  6014  6014 D M_InsDal: Lcom/fsck/k9/mailstore/StorageManager;--->getProvider(Ljava/lang/String;)Lcom/fsck/k9/mailstore/StorageManager$StorageProvider;
10-31 08:40:49.341  6014  6014 D M_InsDal: Lcom/fsck/k9/mailstore/StorageManager$InternalStorageProvider;--->isReady(Landroid/content/Context;)Z
10-31 08:40:49.341  6014  6014 D M_InsDal: Lcom/fsck/k9/mailstore/StorageManager;--->getInstance(Landroid/content/Context;)Lcom/fsck/k9/mailstore/StorageManager;
10-31 08:40:49.341  6014  6014 D M_InsDal: Lcom/fsck/k9/mailstore/StorageManager;--->addListener(Lcom/fsck/k9/mailstore/StorageManager$StorageListener;)V
10-31 08:40:49.341  6014  6014 D M_InsDal: Lcom/fsck/k9/fragment/MessageListFragment;--->onResume()V
10-31 08:40:49.341  6014  6014 D M_InsDal: Lcom/fsck/k9/K9;--->messageListSenderAboveSubject()Z
10-31 08:40:49.341  6014  6014 D M_InsDal: Lcom/fsck/k9/helper/Utility;--->hasConnectivity(Landroid/content/Context;)Z
10-31 08:40:49.342  6014  6014 D M_InsDal: Lcom/fsck/k9/activity/ActivityListener;--->onResume(Landroid/content/Context;)V
10-31 08:40:49.342  6014  6046 D M_InsDal: Lcom/fsck/k9/mailstore/LockableDatabase;--->unlockRead()V
10-31 08:40:49.342  6014  6046 D M_InsDal: Lcom/fsck/k9/mailstore/LockableDatabase;--->getStorageManager()Lcom/fsck/k9/mailstore/StorageManager;
10-31 08:40:49.342  6014  6046 D M_InsDal: Lcom/fsck/k9/mailstore/StorageManager;--->getInstance(Landroid/content/Context;)Lcom/fsck/k9/mailstore/StorageManager;
10-31 08:40:49.342  6014  6046 D M_InsDal: Lcom/fsck/k9/mailstore/StorageManager;--->unlockProvider(Ljava/lang/String;)V
10-31 08:40:49.342  6014  6046 D M_InsDal: Lcom/fsck/k9/mailstore/StorageManager;--->getProvider(Ljava/lang/String;)Lcom/fsck/k9/mailstore/StorageManager$StorageProvider;
10-31 08:40:49.342  6014  6014 D M_InsDal: Lcom/fsck/k9/controller/MessagingController;--->addListener(Lcom/fsck/k9/controller/MessagingListener;)V
10-31 08:40:49.342  6014  6014 D M_InsDal: Lcom/fsck/k9/controller/MessagingController;--->refreshListener(Lcom/fsck/k9/controller/MessagingListener;)V
10-31 08:40:49.342  6014  6014 D M_InsDal: Lcom/fsck/k9/controller/MemorizingMessagingListener;--->refreshOther(Lcom/fsck/k9/controller/MessagingListener;)V
10-31 08:40:49.342  6014  6014 D M_InsDal: Lcom/fsck/k9/controller/MessagingController;--->cancelNotificationsForAccount(Lcom/fsck/k9/Account;)V
10-31 08:40:49.342  6014  6014 D M_InsDal: Lcom/fsck/k9/notification/NotificationController;--->clearNewMailNotifications(Lcom/fsck/k9/Account;)V
10-31 08:40:49.342  6014  6014 D M_InsDal: Lcom/fsck/k9/notification/NewMailNotifications;--->clearNewMailNotifications(Lcom/fsck/k9/Account;)V
10-31 08:40:49.342  6014  6014 D M_InsDal: Lcom/fsck/k9/notification/NewMailNotifications;--->removeNotificationData(Lcom/fsck/k9/Account;)Lcom/fsck/k9/notification/NotificationData;
10-31 08:40:49.342  6014  6014 D M_InsDal: Lcom/fsck/k9/Account;--->getAccountNumber()I
10-31 08:40:49.342  6014  6014 D M_InsDal: Lcom/fsck/k9/search/LocalSearch;--->isManualSearch()Z
10-31 08:40:49.342  6014  6014 D M_InsDal: Lcom/fsck/k9/controller/MessagingController;--->getFolderUnreadMessageCount(Lcom/fsck/k9/Account;Ljava/lang/String;Lcom/fsck/k9/controller/MessagingListener;)V
10-31 08:40:49.342  6014  6014 D M_InsDal: Lcom/fsck/k9/controller/MessagingController$24;---><init>(Lcom/fsck/k9/controller/MessagingController;Lcom/fsck/k9/Account;Ljava/lang/String;Lcom/fsck/k9/controller/MessagingListener;)V
10-31 08:40:49.342  6014  6014 D M_InsDal: Lcom/fsck/k9/Account;--->getDescription()Ljava/lang/String;
10-31 08:40:49.342  6014  6046 D M_InsDal: Lcom/fsck/k9/provider/EmailProvider$IdTrickeryCursor;---><init>(Landroid/database/Cursor;)V
10-31 08:40:49.342  6014  6014 D M_InsDal: Lcom/fsck/k9/controller/MessagingController;--->put(Ljava/lang/String;Lcom/fsck/k9/controller/MessagingListener;Ljava/lang/Runnable;)V
10-31 08:40:49.342  6014  6046 D M_InsDal: Lcom/fsck/k9/provider/EmailProvider$SpecialColumnsCursor;---><init>(Landroid/database/Cursor;[Ljava/lang/String;Ljava/util/Map;)V
10-31 08:40:49.343  6014  6014 D M_InsDal: Lcom/fsck/k9/controller/MessagingController;--->putCommand(Ljava/util/concurrent/BlockingQueue;Ljava/lang/String;Lcom/fsck/k9/controller/MessagingListener;Ljava/lang/Runnable;Z)V
10-31 08:40:49.343  6014  6046 D M_InsDal: Lcom/fsck/k9/cache/EmailProviderCacheCursor;---><init>(Ljava/lang/String;Landroid/database/Cursor;Landroid/content/Context;)V
10-31 08:40:49.343  6014  6014 D M_InsDal: Lcom/fsck/k9/controller/MessagingController$Command;---><init>()V
10-31 08:40:49.343  6014  6046 D M_InsDal: Lcom/fsck/k9/cache/EmailProviderCache;---><clinit>()V
10-31 08:40:49.343  6014  6014 D M_InsDal: Lcom/fsck/k9/fragment/MessageListFragment;--->updateTitle()V
10-31 08:40:49.343  6014  6014 D M_InsDal: Lcom/fsck/k9/fragment/MessageListFragment;--->setWindowTitle()V
10-31 08:40:49.343  6014  6046 D M_InsDal: Lcom/fsck/k9/cache/EmailProviderCache;--->getCache(Ljava/lang/String;Landroid/content/Context;)Lcom/fsck/k9/cache/EmailProviderCache;
10-31 08:40:49.343  6014  6014 D M_InsDal: Lcom/fsck/k9/fragment/MessageListFragment;--->isManualSearch()Z
10-31 08:40:49.343  6014  6014 D M_InsDal: Lcom/fsck/k9/search/LocalSearch;--->isManualSearch()Z
10-31 08:40:49.343  6014  6046 D M_InsDal: Lcom/fsck/k9/cache/EmailProviderCache;---><init>(Ljava/lang/String;)V
10-31 08:40:49.343  6014  6014 D M_InsDal: Lcom/fsck/k9/activity/FolderInfoHolder;--->getDisplayName(Landroid/content/Context;Lcom/fsck/k9/Account;Ljava/lang/String;)Ljava/lang/String;
10-31 08:40:49.343  6014  6014 D M_InsDal: Lcom/fsck/k9/Account;--->getSpamFolderName()Ljava/lang/String;
10-31 08:40:49.343  6014  6014 D M_InsDal: Lcom/fsck/k9/Account;--->getArchiveFolderName()Ljava/lang/String;
