10-31 08:44:37.685  7785  7785 D M_InsDal: Lcom/fsck/k9/view/RecipientSelectView;--->setTokenListener(Lcom/fsck/k9/view/RecipientSelectView$TokenListener;)V
10-31 08:44:37.685  7785  7785 D M_InsDal: Lcom/fsck/k9/activity/compose/RecipientMvpView;--->setLoaderManager(Landroid/app/LoaderManager;)V
10-31 08:44:37.685  7785  7785 D M_InsDal: Lcom/fsck/k9/view/RecipientSelectView;--->setLoaderManager(Landroid/app/LoaderManager;)V
10-31 08:44:37.685  7785  7785 D M_InsDal: Lcom/fsck/k9/view/RecipientSelectView;--->setLoaderManager(Landroid/app/LoaderManager;)V
10-31 08:44:37.685  7785  7785 D M_InsDal: Lcom/fsck/k9/activity/compose/RecipientPresenter;--->onSwitchAccount(Lcom/fsck/k9/Account;)V
10-31 08:44:37.685  7785  7785 D M_InsDal: Lcom/fsck/k9/Account;--->isAlwaysShowCcBcc()Z
10-31 08:44:37.685  7785  7785 D M_InsDal: Lcom/fsck/k9/activity/compose/RecipientPresenter;--->setupCryptoProvider()V
10-31 08:44:37.685  7785  7785 D M_InsDal: Lcom/fsck/k9/K9;--->getOpenPgpProvider()Ljava/lang/String;
10-31 08:44:37.685  7785  7785 D M_InsDal: Lcom/fsck/k9/activity/compose/RecipientPresenter;--->setCryptoProviderState(Lcom/fsck/k9/activity/compose/RecipientPresenter$CryptoProviderState;)V
10-31 08:44:37.685  7785  7785 D M_InsDal: Lcom/fsck/k9/activity/compose/RecipientMvpView;--->setCryptoProvider(Ljava/lang/String;)V
10-31 08:44:37.685  7785  7785 D M_InsDal: Lcom/fsck/k9/view/RecipientSelectView;--->setCryptoProvider(Ljava/lang/String;Z)V
10-31 08:44:37.685  7785  7785 D M_InsDal: Lcom/fsck/k9/activity/compose/RecipientAdapter;--->setShowAdvancedInfo(Z)V
10-31 08:44:37.685  7785  7785 D M_InsDal: Lcom/fsck/k9/activity/AlternateRecipientAdapter;--->setShowAdvancedInfo(Z)V
10-31 08:44:37.685  7785  7785 D M_InsDal: Lcom/fsck/k9/view/RecipientSelectView;--->setCryptoProvider(Ljava/lang/String;Z)V
10-31 08:44:37.685  7785  7785 D M_InsDal: Lcom/fsck/k9/activity/compose/RecipientAdapter;--->setShowAdvancedInfo(Z)V
10-31 08:44:37.685  7785  7785 D M_InsDal: Lcom/fsck/k9/activity/AlternateRecipientAdapter;--->setShowAdvancedInfo(Z)V
10-31 08:44:37.685  7785  7785 D M_InsDal: Lcom/fsck/k9/view/RecipientSelectView;--->setCryptoProvider(Ljava/lang/String;Z)V
10-31 08:44:37.685  7785  7785 D M_InsDal: Lcom/fsck/k9/activity/compose/RecipientAdapter;--->setShowAdvancedInfo(Z)V
10-31 08:44:37.685  7785  7785 D M_InsDal: Lcom/fsck/k9/activity/AlternateRecipientAdapter;--->setShowAdvancedInfo(Z)V
10-31 08:44:37.685  7785  7785 D M_InsDal: Lcom/fsck/k9/activity/compose/RecipientPresenter;--->asyncUpdateCryptoStatus()V
10-31 08:44:37.685  7785  7785 D M_InsDal: Lcom/fsck/k9/Account;--->getCryptoKey()J
10-31 08:44:37.685  7785  7785 D M_InsDal: Lcom/fsck/k9/activity/compose/ComposeCryptoStatus$ComposeCryptoStatusBuilder;---><init>()V
10-31 08:44:37.685  7785  7785 D M_InsDal: Lcom/fsck/k9/activity/compose/ComposeCryptoStatus$ComposeCryptoStatusBuilder;--->setCryptoProviderState(Lcom/fsck/k9/activity/compose/RecipientPresenter$CryptoProviderState;)Lcom/fsck/k9/activity/compose/ComposeCryptoStatus$ComposeCryptoStatusBuilder;
10-31 08:44:37.685  7785  7785 D M_InsDal: Lcom/fsck/k9/activity/compose/ComposeCryptoStatus$ComposeCryptoStatusBuilder;--->setCryptoMode(Lcom/fsck/k9/activity/compose/RecipientPresenter$CryptoMode;)Lcom/fsck/k9/activity/compose/ComposeCryptoStatus$ComposeCryptoStatusBuilder;
10-31 08:44:37.685  7785  7785 D M_InsDal: Lcom/fsck/k9/activity/compose/ComposeCryptoStatus$ComposeCryptoStatusBuilder;--->setEnablePgpInline(Z)Lcom/fsck/k9/activity/compose/ComposeCryptoStatus$ComposeCryptoStatusBuilder;
10-31 08:44:37.685  7785  7785 D M_InsDal: Lcom/fsck/k9/Account;--->getAutocryptPreferEncryptMutual()Z
10-31 08:44:37.685  7785  7785 D M_InsDal: Lcom/fsck/k9/activity/compose/ComposeCryptoStatus$ComposeCryptoStatusBuilder;--->setPreferEncryptMutual(Z)Lcom/fsck/k9/activity/compose/ComposeCryptoStatus$ComposeCryptoStatusBuilder;
10-31 08:44:37.685  7785  7785 D M_InsDal: Lcom/fsck/k9/activity/compose/RecipientPresenter;--->getAllRecipients()Ljava/util/List;
10-31 08:44:37.685  7785  7785 D M_InsDal: Lcom/fsck/k9/activity/compose/RecipientMvpView;--->getToRecipients()Ljava/util/List;
10-31 08:44:37.685  7785  7785 D M_InsDal: Lcom/fsck/k9/activity/compose/RecipientMvpView;--->getCcRecipients()Ljava/util/List;
10-31 08:44:37.685  7785  7785 D M_InsDal: Lcom/fsck/k9/activity/compose/RecipientMvpView;--->getBccRecipients()Ljava/util/List;
10-31 08:44:37.685  7785  7785 D M_InsDal: Lcom/fsck/k9/activity/compose/ComposeCryptoStatus$ComposeCryptoStatusBuilder;--->setRecipients(Ljava/util/List;)Lcom/fsck/k9/activity/compose/ComposeCryptoStatus$ComposeCryptoStatusBuilder;
10-31 08:44:37.685  7785  7785 D M_InsDal: Lcom/fsck/k9/activity/compose/ComposeCryptoStatus$ComposeCryptoStatusBuilder;--->setOpenPgpKeyId(Ljava/lang/Long;)Lcom/fsck/k9/activity/compose/ComposeCryptoStatus$ComposeCryptoStatusBuilder;
10-31 08:44:37.685  7785  7785 D M_InsDal: Lcom/fsck/k9/activity/compose/ComposeCryptoStatus$ComposeCryptoStatusBuilder;--->build()Lcom/fsck/k9/activity/compose/ComposeCryptoStatus;
10-31 08:44:37.685  7785  7785 D M_InsDal: Lcom/fsck/k9/activity/compose/ComposeCryptoStatus;---><init>()V
10-31 08:44:37.685  7785  7785 D M_InsDal: Lcom/fsck/k9/activity/compose/ComposeCryptoStatus;--->getRecipientAddresses()[Ljava/lang/String;
10-31 08:44:37.685  7785  7785 D M_InsDal: Lcom/fsck/k9/activity/compose/RecipientPresenter$1;---><init>(Lcom/fsck/k9/activity/compose/RecipientPresenter;[Ljava/lang/String;Lcom/fsck/k9/activity/compose/ComposeCryptoStatus;)V
10-31 08:44:37.686  7785  7785 D M_InsDal: Lcom/fsck/k9/activity/compose/RecipientPresenter;--->asyncUpdateCryptoStatus()V
10-31 08:44:37.686  7785  7785 D M_InsDal: Lcom/fsck/k9/Account;--->getCryptoKey()J
10-31 08:44:37.686  7785  7785 D M_InsDal: Lcom/fsck/k9/activity/compose/ComposeCryptoStatus$ComposeCryptoStatusBuilder;---><init>()V
10-31 08:44:37.686  7785  7785 D M_InsDal: Lcom/fsck/k9/activity/compose/ComposeCryptoStatus$ComposeCryptoStatusBuilder;--->setCryptoProviderState(Lcom/fsck/k9/activity/compose/RecipientPresenter$CryptoProviderState;)Lcom/fsck/k9/activity/compose/ComposeCryptoStatus$ComposeCryptoStatusBuilder;
10-31 08:44:37.686  7785  7785 D M_InsDal: Lcom/fsck/k9/activity/compose/ComposeCryptoStatus$ComposeCryptoStatusBuilder;--->setCryptoMode(Lcom/fsck/k9/activity/compose/RecipientPresenter$CryptoMode;)Lcom/fsck/k9/activity/compose/ComposeCryptoStatus$ComposeCryptoStatusBuilder;
10-31 08:44:37.686  7785  7785 D M_InsDal: Lcom/fsck/k9/activity/compose/ComposeCryptoStatus$ComposeCryptoStatusBuilder;--->setEnablePgpInline(Z)Lcom/fsck/k9/activity/compose/ComposeCryptoStatus$ComposeCryptoStatusBuilder;
10-31 08:44:37.686  7785  7785 D M_InsDal: Lcom/fsck/k9/Account;--->getAutocryptPreferEncryptMutual()Z
10-31 08:44:37.686  7785  7785 D M_InsDal: Lcom/fsck/k9/activity/compose/ComposeCryptoStatus$ComposeCryptoStatusBuilder;--->setPreferEncryptMutual(Z)Lcom/fsck/k9/activity/compose/ComposeCryptoStatus$ComposeCryptoStatusBuilder;
10-31 08:44:37.686  7785  7785 D M_InsDal: Lcom/fsck/k9/activity/compose/RecipientPresenter;--->getAllRecipients()Ljava/util/List;
10-31 08:44:37.686  7785  7785 D M_InsDal: Lcom/fsck/k9/activity/compose/RecipientMvpView;--->getToRecipients()Ljava/util/List;
10-31 08:44:37.686  7785  7785 D M_InsDal: Lcom/fsck/k9/activity/compose/RecipientMvpView;--->getCcRecipients()Ljava/util/List;
10-31 08:44:37.686  7785  7785 D M_InsDal: Lcom/fsck/k9/activity/compose/RecipientMvpView;--->getBccRecipients()Ljava/util/List;
10-31 08:44:37.686  7785  7785 D M_InsDal: Lcom/fsck/k9/activity/compose/ComposeCryptoStatus$ComposeCryptoStatusBuilder;--->setRecipients(Ljava/util/List;)Lcom/fsck/k9/activity/compose/ComposeCryptoStatus$ComposeCryptoStatusBuilder;
10-31 08:44:37.686  7785  7785 D M_InsDal: Lcom/fsck/k9/activity/compose/ComposeCryptoStatus$ComposeCryptoStatusBuilder;--->setOpenPgpKeyId(Ljava/lang/Long;)Lcom/fsck/k9/activity/compose/ComposeCryptoStatus$ComposeCryptoStatusBuilder;
10-31 08:44:37.686  7785  7785 D M_InsDal: Lcom/fsck/k9/activity/compose/ComposeCryptoStatus$ComposeCryptoStatusBuilder;--->build()Lcom/fsck/k9/activity/compose/ComposeCryptoStatus;
10-31 08:44:37.686  7785  7785 D M_InsDal: Lcom/fsck/k9/activity/compose/ComposeCryptoStatus;---><init>()V
10-31 08:44:37.686  7785  7785 D M_InsDal: Lcom/fsck/k9/activity/compose/ComposeCryptoStatus;--->getRecipientAddresses()[Ljava/lang/String;
10-31 08:44:37.686  7785  7785 D M_InsDal: Lcom/fsck/k9/activity/compose/RecipientPresenter$1;---><init>(Lcom/fsck/k9/activity/compose/RecipientPresenter;[Ljava/lang/String;Lcom/fsck/k9/activity/compose/ComposeCryptoStatus;)V
10-31 08:44:37.686  7785  7785 D M_InsDal: Lcom/fsck/k9/ui/compose/QuotedMessageMvpView;---><init>(Lcom/fsck/k9/activity/MessageCompose;)V
10-31 08:44:37.686  7785  7785 D M_InsDal: Lcom/fsck/k9/view/MessageWebView;--->configure()V
10-31 08:44:37.686  7785  7845 D M_InsDal: Lcom/fsck/k9/activity/compose/RecipientPresenter$1;--->doInBackground([Ljava/lang/Void;)Lcom/fsck/k9/message/AutocryptStatusInteractor$RecipientAutocryptStatus;
10-31 08:44:37.686  7785  7785 D M_InsDal: Lcom/fsck/k9/K9;--->getK9MessageViewTheme()Lcom/fsck/k9/K9$Theme;
10-31 08:44:37.686  7785  7785 D M_InsDal: Lcom/fsck/k9/K9;--->autofitWidth()Z
10-31 08:44:37.686  7785  7846 D M_InsDal: Lcom/fsck/k9/activity/compose/RecipientPresenter$1;--->doInBackground([Ljava/lang/Void;)Lcom/fsck/k9/message/AutocryptStatusInteractor$RecipientAutocryptStatus;
10-31 08:44:37.686  7785  7785 D M_InsDal: Lcom/fsck/k9/view/MessageWebView;--->disableDisplayZoomControls()V
10-31 08:44:37.687  7785  7785 D M_InsDal: Lcom/fsck/k9/K9;--->getFontSizes()Lcom/fsck/k9/FontSizes;
10-31 08:44:37.687  7785  7785 D M_InsDal: Lcom/fsck/k9/FontSizes;--->getMessageViewContentAsPercent()I
10-31 08:44:37.687  7785  7785 D M_InsDal: Lcom/fsck/k9/view/MessageWebView;--->blockNetworkData(Z)V
10-31 08:44:37.687  7785  7785 D M_InsDal: Lcom/fsck/k9/ui/compose/QuotedMessageMvpView$1;---><init>(Lcom/fsck/k9/ui/compose/QuotedMessageMvpView;)V
10-31 08:44:37.687  7785  7785 D M_InsDal: Lcom/fsck/k9/ui/compose/QuotedMessagePresenter;---><init>(Lcom/fsck/k9/activity/MessageCompose;Lcom/fsck/k9/ui/compose/QuotedMessageMvpView;Lcom/fsck/k9/Account;)V
10-31 08:44:37.687  7785  7785 D M_InsDal: Lcom/fsck/k9/ui/compose/QuotedMessagePresenter;--->onSwitchAccount(Lcom/fsck/k9/Account;)V
10-31 08:44:37.687  7785  7785 D M_InsDal: Lcom/fsck/k9/message/QuotedTextMode;---><clinit>()V
10-31 08:44:37.687  7785  7785 D M_InsDal: Lcom/fsck/k9/message/QuotedTextMode;---><init>(Ljava/lang/String;I)V
10-31 08:44:37.687  7785  7785 D M_InsDal: Lcom/fsck/k9/message/QuotedTextMode;---><init>(Ljava/lang/String;I)V
10-31 08:44:37.687  7785  7785 D M_InsDal: Lcom/fsck/k9/Account;--->getQuoteStyle()Lcom/fsck/k9/Account$QuoteStyle;
10-31 08:44:37.687  7785  7785 D M_InsDal: Lcom/fsck/k9/ui/compose/QuotedMessageMvpView;--->setOnClickPresenter(Lcom/fsck/k9/ui/compose/QuotedMessagePresenter;)V
10-31 08:44:37.687  7785  7785 D M_InsDal: Lcom/fsck/k9/ui/compose/QuotedMessageMvpView$2;---><init>(Lcom/fsck/k9/ui/compose/QuotedMessageMvpView;Lcom/fsck/k9/ui/compose/QuotedMessagePresenter;)V
10-31 08:44:37.687  7785  7785 D M_InsDal: Lcom/fsck/k9/activity/compose/AttachmentPresenter;---><init>(Landroid/content/Context;Lcom/fsck/k9/activity/compose/AttachmentPresenter$AttachmentMvpView;Landroid/app/LoaderManager;Lcom/fsck/k9/activity/compose/AttachmentPresenter$AttachmentsChangedListener;)V
10-31 08:44:37.687  7785  7785 D M_InsDal: Lcom/fsck/k9/activity/compose/AttachmentPresenter$WaitingAction;---><clinit>()V
10-31 08:44:37.687  7785  7785 D M_InsDal: Lcom/fsck/k9/activity/compose/AttachmentPresenter$WaitingAction;---><init>(Ljava/lang/String;I)V
10-31 08:44:37.687  7785  7785 D M_InsDal: Lcom/fsck/k9/activity/compose/AttachmentPresenter$WaitingAction;---><init>(Ljava/lang/String;I)V
10-31 08:44:37.687  7785  7785 D M_InsDal: Lcom/fsck/k9/activity/compose/AttachmentPresenter$1;---><init>(Lcom/fsck/k9/activity/compose/AttachmentPresenter;)V
10-31 08:44:37.687  7785  7785 D M_InsDal: Lcom/fsck/k9/activity/compose/AttachmentPresenter$2;---><init>(Lcom/fsck/k9/activity/compose/AttachmentPresenter;)V
10-31 08:44:37.687  7785  7785 D M_InsDal: Lcom/fsck/k9/activity/MessageCompose$1;---><init>(Lcom/fsck/k9/activity/MessageCompose;)V
10-31 08:44:37.687  7785  7785 D M_InsDal: Lcom/fsck/k9/helper/SimpleTextWatcher;---><init>()V
10-31 08:44:37.687  7785  7785 D M_InsDal: Lcom/fsck/k9/activity/MessageCompose$2;---><init>(Lcom/fsck/k9/activity/MessageCompose;)V
10-31 08:44:37.687  7785  7785 D M_InsDal: Lcom/fsck/k9/helper/SimpleTextWatcher;---><init>()V
10-31 08:44:37.687  7785  7785 D M_InsDal: Lcom/fsck/k9/activity/compose/RecipientMvpView;--->addTextChangedListener(Landroid/text/TextWatcher;)V
10-31 08:44:37.687  7785  7785 D M_InsDal: Lcom/fsck/k9/ui/compose/QuotedMessageMvpView;--->addTextChangedListener(Landroid/text/TextWatcher;)V
10-31 08:44:37.687  7785  7785 D M_InsDal: Lcom/fsck/k9/ui/compose/QuotedMessagePresenter;--->showOrHideQuotedText(Lcom/fsck/k9/message/QuotedTextMode;)V
10-31 08:44:37.687  7785  7785 D M_InsDal: Lcom/fsck/k9/ui/compose/QuotedMessageMvpView;--->showOrHideQuotedText(Lcom/fsck/k9/message/QuotedTextMode;Lcom/fsck/k9/message/SimpleMessageFormat;)V
10-31 08:44:37.687  7785  7785 D M_InsDal: Lcom/fsck/k9/ui/compose/QuotedMessageMvpView$3;---><clinit>()V
10-31 08:44:37.687  7785  7785 D M_InsDal: Lcom/fsck/k9/message/QuotedTextMode;--->values()[Lcom/fsck/k9/message/QuotedTextMode;
10-31 08:44:37.687  7785  7785 D M_InsDal: Lcom/fsck/k9/activity/MessageCompose;--->initFromIntent(Landroid/content/Intent;)Z
10-31 08:44:37.687  7785  7785 D M_InsDal: Lcom/fsck/k9/activity/MessageCompose$Action;---><clinit>()V
10-31 08:44:37.687  7785  7785 D M_InsDal: Lcom/fsck/k9/activity/MessageCompose$Action;---><init>(Ljava/lang/String;II)V
10-31 08:44:37.687  7785  7785 D M_InsDal: Lcom/fsck/k9/activity/MessageCompose$Action;---><init>(Ljava/lang/String;II)V
10-31 08:44:37.687  7785  7785 D M_InsDal: Lcom/fsck/k9/Account;--->getIdentity(I)Lcom/fsck/k9/Identity;
10-31 08:44:37.687  7785  7785 D M_InsDal: Lcom/fsck/k9/Account;--->isSignatureBeforeQuotedText()Z
10-31 08:44:37.687  7785  7785 D M_InsDal: Lcom/fsck/k9/activity/MessageCompose;--->updateSignature()V
10-31 08:44:37.687  7785  7785 D M_InsDal: Lcom/fsck/k9/Identity;--->getSignatureUse()Z
10-31 08:44:37.687  7785  7785 D M_InsDal: Lcom/fsck/k9/Identity;--->getSignature()Ljava/lang/String;
10-31 08:44:37.687  7785  7785 D M_InsDal: Lcom/fsck/k9/ui/EolConvertingEditText;--->setCharacters(Ljava/lang/CharSequence;)V
10-31 08:44:37.688  7785  7785 D M_InsDal: Lcom/fsck/k9/Identity;--->getSignatureUse()Z
10-31 08:44:37.688  7785  7785 D M_InsDal: Lcom/fsck/k9/Account;--->isMessageReadReceiptAlways()Z
10-31 08:44:37.688  7785  7785 D M_InsDal: Lcom/fsck/k9/activity/MessageCompose;--->updateFrom()V
10-31 08:44:37.688  7785  7785 D M_InsDal: Lcom/fsck/k9/Identity;--->getEmail()Ljava/lang/String;
10-31 08:44:37.688  7785  7785 D M_InsDal: Lcom/fsck/k9/Account;--->getAlwaysBcc()Ljava/lang/String;
10-31 08:44:37.688  7785  7785 D M_InsDal: Lcom/fsck/k9/activity/compose/RecipientMvpView;--->requestFocusOnToField()V
10-31 08:44:37.688  7785  7785 D M_InsDal: Lcom/fsck/k9/activity/compose/RecipientMvpView;--->onFocusChange(Landroid/view/View;Z)V
10-31 08:44:37.688  7785  7785 D M_InsDal: Lcom/fsck/k9/activity/compose/RecipientPresenter;--->onToFocused()V
10-31 08:44:37.688  7785  7785 D M_InsDal: Lcom/fsck/k9/view/RecipientSelectView;--->onFocusChanged(ZILandroid/graphics/Rect;)V
10-31 08:44:37.688  7785  7785 D M_InsDal: Lcom/fsck/k9/view/RecipientSelectView;--->displayKeyboard()V
10-31 08:44:37.688  7785  7785 D M_InsDal: Lcom/fsck/k9/activity/MessageCompose;--->updateMessageFormat()V
10-31 08:44:37.688  7785  7785 D M_InsDal: Lcom/fsck/k9/Account;--->getMessageFormat()Lcom/fsck/k9/Account$MessageFormat;
10-31 08:44:37.688  7785  7785 D M_InsDal: Lcom/fsck/k9/ui/compose/QuotedMessagePresenter;--->isForcePlainText()Z
10-31 08:44:37.688  7785  7785 D M_InsDal: Lcom/fsck/k9/activity/compose/RecipientPresenter;--->isForceTextMessageFormat()Z
10-31 08:44:37.688  7785  7785 D M_InsDal: Lcom/fsck/k9/message/SimpleMessageFormat;---><clinit>()V
10-31 08:44:37.688  7785  7785 D M_InsDal: Lcom/fsck/k9/message/SimpleMessageFormat;---><init>(Ljava/lang/String;I)V
10-31 08:44:37.688  7785  7785 D M_InsDal: Lcom/fsck/k9/message/SimpleMessageFormat;---><init>(Ljava/lang/String;I)V
10-31 08:44:37.688  7785  7785 D M_InsDal: Lcom/fsck/k9/activity/MessageCompose;--->setCurrentMessageFormat(Lcom/fsck/k9/message/SimpleMessageFormat;)V
10-31 08:44:37.688  7785  7785 D M_InsDal: Lcom/fsck/k9/K9;--->getFontSizes()Lcom/fsck/k9/FontSizes;
10-31 08:44:37.688  7785  7785 D M_InsDal: Lcom/fsck/k9/FontSizes;--->getMessageComposeInput()I
10-31 08:44:37.688  7785  7785 D M_InsDal: Lcom/fsck/k9/K9;--->getFontSizes()Lcom/fsck/k9/FontSizes;
10-31 08:44:37.688  7785  7785 D M_InsDal: Lcom/fsck/k9/activity/compose/RecipientMvpView;--->setFontSizes(Lcom/fsck/k9/FontSizes;I)V
10-31 08:44:37.688  7785  7785 D M_InsDal: Lcom/fsck/k9/FontSizes;--->setViewTextSize(Landroid/widget/TextView;I)V
10-31 08:44:37.688  7785  7785 D M_InsDal: Lcom/fsck/k9/FontSizes;--->setViewTextSize(Landroid/widget/TextView;I)V
10-31 08:44:37.688  7785  7785 D M_InsDal: Lcom/fsck/k9/K9;--->getFontSizes()Lcom/fsck/k9/FontSizes;
10-31 08:44:37.688  7785  7785 D M_InsDal: Lcom/fsck/k9/ui/compose/QuotedMessageMvpView;--->setFontSizes(Lcom/fsck/k9/FontSizes;I)V
10-31 08:44:37.688  7785  7785 D M_InsDal: Lcom/fsck/k9/FontSizes;--->setViewTextSize(Landroid/widget/TextView;I)V
10-31 08:44:37.688  7785  7785 D M_InsDal: Lcom/fsck/k9/K9;--->getFontSizes()Lcom/fsck/k9/FontSizes;
10-31 08:44:37.688  7785  7785 D M_InsDal: Lcom/fsck/k9/FontSizes;--->setViewTextSize(Landroid/widget/TextView;I)V
10-31 08:44:37.688  7785  7785 D M_InsDal: Lcom/fsck/k9/K9;--->getFontSizes()Lcom/fsck/k9/FontSizes;
10-31 08:44:37.688  7785  7785 D M_InsDal: Lcom/fsck/k9/FontSizes;--->setViewTextSize(Landroid/widget/TextView;I)V
10-31 08:44:37.688  7785  7785 D M_InsDal: Lcom/fsck/k9/K9;--->getFontSizes()Lcom/fsck/k9/FontSizes;
10-31 08:44:37.688  7785  7785 D M_InsDal: Lcom/fsck/k9/FontSizes;--->setViewTextSize(Landroid/widget/TextView;I)V
10-31 08:44:37.688  7785  7785 D M_InsDal: Lcom/fsck/k9/activity/MessageCompose;--->updateMessageFormat()V
10-31 08:44:37.688  7785  7785 D M_InsDal: Lcom/fsck/k9/Account;--->getMessageFormat()Lcom/fsck/k9/Account$MessageFormat;
10-31 08:44:37.688  7785  7785 D M_InsDal: Lcom/fsck/k9/ui/compose/QuotedMessagePresenter;--->isForcePlainText()Z
10-31 08:44:37.688  7785  7785 D M_InsDal: Lcom/fsck/k9/activity/compose/RecipientPresenter;--->isForceTextMessageFormat()Z
10-31 08:44:37.688  7785  7785 D M_InsDal: Lcom/fsck/k9/activity/MessageCompose;--->setCurrentMessageFormat(Lcom/fsck/k9/message/SimpleMessageFormat;)V
10-31 08:44:37.688  7785  7785 D M_InsDal: Lcom/fsck/k9/activity/MessageCompose;--->setTitle()V
10-31 08:44:37.688  7785  7785 D M_InsDal: Lcom/fsck/k9/activity/MessageCompose$Action;--->getTitleResource()I
10-31 08:44:37.691  7785  7785 D M_InsDal: Lcom/fsck/k9/activity/MessageCompose;--->onResume()V
10-31 08:44:37.691  7785  7785 D M_InsDal: Lcom/fsck/k9/controller/MessagingController;--->getInstance(Landroid/content/Context;)Lcom/fsck/k9/controller/MessagingController;
10-31 08:44:37.691  7785  7785 D M_InsDal: Lcom/fsck/k9/controller/MessagingController;--->addListener(Lcom/fsck/k9/controller/MessagingListener;)V
10-31 08:44:37.691  7785  7785 D M_InsDal: Lcom/fsck/k9/controller/MessagingController;--->refreshListener(Lcom/fsck/k9/controller/MessagingListener;)V
10-31 08:44:37.691  7785  7785 D M_InsDal: Lcom/fsck/k9/controller/MemorizingMessagingListener;--->refreshOther(Lcom/fsck/k9/controller/MessagingListener;)V
10-31 08:44:37.696  7785  7785 D M_InsDal: Lcom/fsck/k9/service/MailService;---><init>()V
10-31 08:44:37.696  7785  7785 D M_InsDal: Lcom/fsck/k9/service/CoreService;---><init>()V
10-31 08:44:37.696  7785  7785 D M_InsDal: Lcom/fsck/k9/service/CoreService;--->onCreate()V
10-31 08:44:37.696  7785  7785 D M_InsDal: Lcom/fsck/k9/service/MailService;--->onCreate()V
10-31 08:44:37.696  7785  7785 D M_InsDal: Lcom/fsck/k9/service/CoreService;--->onStartCommand(Landroid/content/Intent;II)I
10-31 08:44:37.696  7785  7785 D M_InsDal: Lcom/fsck/k9/service/CoreService;--->acquireWakeLock(Landroid/content/Context;Ljava/lang/String;J)Lcom/fsck/k9/mail/power/TracingPowerManager$TracingWakeLock;
10-31 08:44:37.696  7785  7785 D M_InsDal: Lcom/fsck/k9/mail/power/TracingPowerManager;--->getPowerManager(Landroid/content/Context;)Lcom/fsck/k9/mail/power/TracingPowerManager;
10-31 08:44:37.696  7785  7785 D M_InsDal: Lcom/fsck/k9/mail/power/TracingPowerManager;--->newWakeLock(ILjava/lang/String;)Lcom/fsck/k9/mail/power/TracingPowerManager$TracingWakeLock;
10-31 08:44:37.696  7785  7785 D M_InsDal: Lcom/fsck/k9/mail/power/TracingPowerManager$TracingWakeLock;---><init>(Lcom/fsck/k9/mail/power/TracingPowerManager;ILjava/lang/String;)V
10-31 08:44:37.696  7785  7785 D M_InsDal: Lcom/fsck/k9/mail/K9MailLib;--->isDebug()Z
10-31 08:44:37.696  7785  7785 D M_InsDal: Lcom/fsck/k9/K9$2;--->enabled()Z
10-31 08:44:37.696  7785  7785 D M_InsDal: Lcom/fsck/k9/mail/power/TracingPowerManager$TracingWakeLock;--->setReferenceCounted(Z)V
10-31 08:44:37.696  7785  7785 D M_InsDal: Lcom/fsck/k9/mail/power/TracingPowerManager$TracingWakeLock;--->acquire(J)V
10-31 08:44:37.697  7785  7785 D M_InsDal: Lcom/fsck/k9/mail/K9MailLib;--->isDebug()Z
10-31 08:44:37.697  7785  7785 D M_InsDal: Lcom/fsck/k9/K9$2;--->enabled()Z
10-31 08:44:37.697  7785  7785 D M_InsDal: Lcom/fsck/k9/mail/power/TracingPowerManager$TracingWakeLock;--->raiseNotification()V
10-31 08:44:37.697  7785  7785 D M_InsDal: Lcom/fsck/k9/mail/power/TracingPowerManager$TracingWakeLock;--->release()V
10-31 08:44:37.697  7785  7785 D M_InsDal: Lcom/fsck/k9/mail/K9MailLib;--->isDebug()Z
10-31 08:44:37.697  7785  7785 D M_InsDal: Lcom/fsck/k9/K9$2;--->enabled()Z
10-31 08:44:37.697  7785  7785 D M_InsDal: Lcom/fsck/k9/mail/power/TracingPowerManager$TracingWakeLock;--->cancelNotification()V
10-31 08:44:37.697  7785  7785 D M_InsDal: Lcom/fsck/k9/service/MailService;--->startService(Landroid/content/Intent;I)I
10-31 08:44:37.697  7785  7785 D M_InsDal: Lcom/fsck/k9/service/MailService;--->isSyncDisabled()Z
10-31 08:44:37.697  7785  7785 D M_InsDal: Lcom/fsck/k9/helper/Utility;--->hasConnectivity(Landroid/content/Context;)Z
10-31 08:44:37.698  7785  7785 D M_InsDal: Lcom/fsck/k9/K9;--->getBackgroundOps()Lcom/fsck/k9/K9$BACKGROUND_OPS;
10-31 08:44:37.698  7785  7785 D M_InsDal: Lcom/fsck/k9/service/MailService$5;---><clinit>()V
10-31 08:44:37.698  7785  7785 D M_InsDal: Lcom/fsck/k9/K9$BACKGROUND_OPS;--->values()[Lcom/fsck/k9/K9$BACKGROUND_OPS;
10-31 08:44:37.698  7785  7785 D M_InsDal: Lcom/fsck/k9/service/MailService;--->rescheduleAllInBackground(ZZLjava/lang/Integer;)V
10-31 08:44:37.698  7785  7785 D M_InsDal: Lcom/fsck/k9/service/MailService$1;---><init>(Lcom/fsck/k9/service/MailService;ZZ)V
10-31 08:44:37.698  7785  7785 D M_InsDal: Lcom/fsck/k9/service/CoreService;--->execute(Landroid/content/Context;Ljava/lang/Runnable;ILjava/lang/Integer;)V
10-31 08:44:37.698  7785  7785 D M_InsDal: Lcom/fsck/k9/service/CoreService;--->acquireWakeLock(Landroid/content/Context;Ljava/lang/String;J)Lcom/fsck/k9/mail/power/TracingPowerManager$TracingWakeLock;
10-31 08:44:37.698  7785  7785 D M_InsDal: Lcom/fsck/k9/mail/power/TracingPowerManager;--->getPowerManager(Landroid/content/Context;)Lcom/fsck/k9/mail/power/TracingPowerManager;
10-31 08:44:37.698  7785  7785 D M_InsDal: Lcom/fsck/k9/mail/power/TracingPowerManager;--->newWakeLock(ILjava/lang/String;)Lcom/fsck/k9/mail/power/TracingPowerManager$TracingWakeLock;
10-31 08:44:37.698  7785  7785 D M_InsDal: Lcom/fsck/k9/mail/power/TracingPowerManager$TracingWakeLock;---><init>(Lcom/fsck/k9/mail/power/TracingPowerManager;ILjava/lang/String;)V
10-31 08:44:37.698  7785  7785 D M_InsDal: Lcom/fsck/k9/mail/K9MailLib;--->isDebug()Z
10-31 08:44:37.698  7785  7785 D M_InsDal: Lcom/fsck/k9/K9$2;--->enabled()Z
10-31 08:44:37.698  7785  7785 D M_InsDal: Lcom/fsck/k9/mail/power/TracingPowerManager$TracingWakeLock;--->setReferenceCounted(Z)V
10-31 08:44:37.698  7785  7785 D M_InsDal: Lcom/fsck/k9/mail/power/TracingPowerManager$TracingWakeLock;--->acquire(J)V
10-31 08:44:37.698  7785  7785 D M_InsDal: Lcom/fsck/k9/mail/K9MailLib;--->isDebug()Z
10-31 08:44:37.698  7785  7785 D M_InsDal: Lcom/fsck/k9/K9$2;--->enabled()Z
10-31 08:44:37.698  7785  7785 D M_InsDal: Lcom/fsck/k9/mail/power/TracingPowerManager$TracingWakeLock;--->raiseNotification()V
10-31 08:44:37.698  7785  7785 D M_InsDal: Lcom/fsck/k9/service/CoreService$1;---><init>(Lcom/fsck/k9/service/CoreService;Ljava/lang/Runnable;Ljava/lang/Integer;Lcom/fsck/k9/mail/power/TracingPowerManager$TracingWakeLock;Z)V
10-31 08:44:37.699  7785  7785 D M_InsDal: Lcom/fsck/k9/service/MailService;--->isSyncDisabled()Z
10-31 08:44:37.699  7785  7785 D M_InsDal: Lcom/fsck/k9/mail/power/TracingPowerManager$TracingWakeLock;--->release()V
10-31 08:44:37.699  7785  7785 D M_InsDal: Lcom/fsck/k9/mail/K9MailLib;--->isDebug()Z
10-31 08:44:37.699  7785  7785 D M_InsDal: Lcom/fsck/k9/K9$2;--->enabled()Z
10-31 08:44:37.699  7785  7785 D M_InsDal: Lcom/fsck/k9/mail/power/TracingPowerManager$TracingWakeLock;--->cancelNotification()V
10-31 08:44:37.699  7785  7849 D M_InsDal: Lcom/fsck/k9/service/CoreService$1;--->run()V
10-31 08:44:37.699  7785  7849 D M_InsDal: Lcom/fsck/k9/service/MailService;--->isSyncDisabled()Z
10-31 08:44:37.699  7785  7849 D M_InsDal: Lcom/fsck/k9/service/MailService$1;--->run()V
10-31 08:44:37.699  7785  7849 D M_InsDal: Lcom/fsck/k9/service/MailService;--->reschedulePoll(ZZZ)V
10-31 08:44:37.699  7785  7849 D M_InsDal: Lcom/fsck/k9/Preferences;--->getPreferences(Landroid/content/Context;)Lcom/fsck/k9/Preferences;
10-31 08:44:37.699  7785  7849 D M_InsDal: Lcom/fsck/k9/Preferences;--->getStorage()Lcom/fsck/k9/preferences/Storage;
10-31 08:44:37.699  7785  7849 D M_InsDal: Lcom/fsck/k9/preferences/Storage;--->getInt(Ljava/lang/String;I)I
10-31 08:44:37.699  7785  7849 D M_InsDal: Lcom/fsck/k9/preferences/Storage;--->getLong(Ljava/lang/String;J)J
10-31 08:44:37.699  7785  7849 D M_InsDal: Lcom/fsck/k9/Preferences;--->getAvailableAccounts()Ljava/util/Collection;
10-31 08:44:37.699  7785  7849 D M_InsDal: Lcom/fsck/k9/Preferences;--->getAccounts()Ljava/util/List;
10-31 08:44:37.699  7785  7849 D M_InsDal: Lcom/fsck/k9/Account;--->isEnabled()Z
10-31 08:44:37.699  7785  7849 D M_InsDal: Lcom/fsck/k9/Account;--->isAvailable(Landroid/content/Context;)Z
10-31 08:44:37.699  7785  7849 D M_InsDal: Lcom/fsck/k9/Account;--->getLocalStorageProviderId()Ljava/lang/String;
10-31 08:44:37.699  7785  7849 D M_InsDal: Lcom/fsck/k9/mailstore/StorageManager;--->getInstance(Landroid/content/Context;)Lcom/fsck/k9/mailstore/StorageManager;
10-31 08:44:37.699  7785  7849 D M_InsDal: Lcom/fsck/k9/mailstore/StorageManager;--->isReady(Ljava/lang/String;)Z
10-31 08:44:37.699  7785  7849 D M_InsDal: Lcom/fsck/k9/mailstore/StorageManager;--->getProvider(Ljava/lang/String;)Lcom/fsck/k9/mailstore/StorageManager$StorageProvider;
10-31 08:44:37.699  7785  7849 D M_InsDal: Lcom/fsck/k9/mailstore/StorageManager$InternalStorageProvider;--->isReady(Landroid/content/Context;)Z
10-31 08:44:37.699  7785  7849 D M_InsDal: Lcom/fsck/k9/Account;--->getAutomaticCheckIntervalMinutes()I
10-31 08:44:37.699  7785  7849 D M_InsDal: Lcom/fsck/k9/preferences/Storage;--->edit()Lcom/fsck/k9/preferences/StorageEditor;
10-31 08:44:37.699  7785  7849 D M_InsDal: Lcom/fsck/k9/preferences/StorageEditor;---><init>(Lcom/fsck/k9/preferences/Storage;)V
10-31 08:44:37.699  7785  7849 D M_InsDal: Lcom/fsck/k9/preferences/Storage;--->getAll()Ljava/util/Map;
10-31 08:44:37.699  7785  7849 D M_InsDal: Lcom/fsck/k9/preferences/StorageEditor;--->putInt(Ljava/lang/String;I)Lcom/fsck/k9/preferences/StorageEditor;
10-31 08:44:37.699  7785  7849 D M_InsDal: Lcom/fsck/k9/preferences/StorageEditor;--->commit()Z
10-31 08:44:37.699  7785  7849 D M_InsDal: Lcom/fsck/k9/preferences/StorageEditor;--->commitChanges()V
10-31 08:44:37.699  7785  7849 D M_InsDal: Lcom/fsck/k9/preferences/StorageEditor$1;---><init>(Lcom/fsck/k9/preferences/StorageEditor;)V
10-31 08:44:37.699  7785  7849 D M_InsDal: Lcom/fsck/k9/preferences/Storage;--->doInTransaction(Ljava/lang/Runnable;)V
10-31 08:44:37.699  7785  7849 D M_InsDal: Lcom/fsck/k9/preferences/Storage;--->openDB()Landroid/database/sqlite/SQLiteDatabase;
10-31 08:44:37.700  7785  7849 D M_InsDal: Lcom/fsck/k9/preferences/StorageEditor$1;--->run()V
10-31 08:44:37.700  7785  7849 D M_InsDal: Lcom/fsck/k9/preferences/Storage;--->put(Ljava/util/Map;)V
10-31 08:44:37.700  7785  7849 D M_InsDal: Lcom/fsck/k9/service/MailService;--->cancel()V
10-31 08:44:37.700  7785  7849 D M_InsDal: Lcom/fsck/k9/service/CoreReceiver;---><clinit>()V
10-31 08:44:37.700  7785  7849 D M_InsDal: Lcom/fsck/k9/service/BootReceiver;--->cancelIntent(Landroid/content/Context;Landroid/content/Intent;)V
10-31 08:44:37.701  7785  7849 D M_InsDal: Lcom/fsck/k9/service/MailService;--->reschedulePushers(ZZ)V
10-31 08:44:37.701  7785  7849 D M_InsDal: Lcom/fsck/k9/service/MailService;--->stopPushers()V
10-31 08:44:37.701  7785  7849 D M_InsDal: Lcom/fsck/k9/controller/MessagingController;--->getInstance(Landroid/content/Context;)Lcom/fsck/k9/controller/MessagingController;
10-31 08:44:37.701  7785  7849 D M_InsDal: Lcom/fsck/k9/controller/MessagingController;--->stopAllPushing()V
10-31 08:44:37.701  7785  7849 D M_InsDal: Lcom/fsck/k9/service/PushService;--->stopService(Landroid/content/Context;)V
10-31 08:44:37.701  7785  7849 D M_InsDal: Lcom/fsck/k9/service/CoreService;--->addWakeLock(Landroid/content/Context;Landroid/content/Intent;)V
10-31 08:44:37.701  7785  7849 D M_InsDal: Lcom/fsck/k9/service/CoreService;--->acquireWakeLock(Landroid/content/Context;Ljava/lang/String;J)Lcom/fsck/k9/mail/power/TracingPowerManager$TracingWakeLock;
10-31 08:44:37.701  7785  7849 D M_InsDal: Lcom/fsck/k9/mail/power/TracingPowerManager;--->getPowerManager(Landroid/content/Context;)Lcom/fsck/k9/mail/power/TracingPowerManager;
10-31 08:44:37.701  7785  7849 D M_InsDal: Lcom/fsck/k9/mail/power/TracingPowerManager;--->newWakeLock(ILjava/lang/String;)Lcom/fsck/k9/mail/power/TracingPowerManager$TracingWakeLock;
10-31 08:44:37.701  7785  7849 D M_InsDal: Lcom/fsck/k9/mail/power/TracingPowerManager$TracingWakeLock;---><init>(Lcom/fsck/k9/mail/power/TracingPowerManager;ILjava/lang/String;)V
10-31 08:44:37.701  7785  7849 D M_InsDal: Lcom/fsck/k9/mail/K9MailLib;--->isDebug()Z
10-31 08:44:37.701  7785  7849 D M_InsDal: Lcom/fsck/k9/K9$2;--->enabled()Z
10-31 08:44:37.701  7785  7849 D M_InsDal: Lcom/fsck/k9/mail/power/TracingPowerManager$TracingWakeLock;--->setReferenceCounted(Z)V
10-31 08:44:37.701  7785  7849 D M_InsDal: Lcom/fsck/k9/mail/power/TracingPowerManager$TracingWakeLock;--->acquire(J)V
10-31 08:44:37.701  7785  7849 D M_InsDal: Lcom/fsck/k9/mail/K9MailLib;--->isDebug()Z
10-31 08:44:37.701  7785  7849 D M_InsDal: Lcom/fsck/k9/K9$2;--->enabled()Z
10-31 08:44:37.701  7785  7849 D M_InsDal: Lcom/fsck/k9/mail/power/TracingPowerManager$TracingWakeLock;--->raiseNotification()V
10-31 08:44:37.701  7785  7849 D M_InsDal: Lcom/fsck/k9/service/CoreService;--->registerWakeLock(Lcom/fsck/k9/mail/power/TracingPowerManager$TracingWakeLock;)Ljava/lang/Integer;
10-31 08:44:37.702  7785  7785 D M_InsDal: Lcom/fsck/k9/activity/compose/RecipientPresenter$1;--->onPostExecute(Lcom/fsck/k9/message/AutocryptStatusInteractor$RecipientAutocryptStatus;)V
10-31 08:44:37.702  7785  7849 D M_InsDal: Lcom/fsck/k9/service/MailService;--->setupPushers()V
10-31 08:44:37.702  7785  7849 D M_InsDal: Lcom/fsck/k9/Preferences;--->getPreferences(Landroid/content/Context;)Lcom/fsck/k9/Preferences;
10-31 08:44:37.702  7785  7785 D M_InsDal: Lcom/fsck/k9/activity/compose/RecipientPresenter;--->redrawCachedCryptoStatusIcon()V
10-31 08:44:37.702  7785  7849 D M_InsDal: Lcom/fsck/k9/Preferences;--->getAccounts()Ljava/util/List;
10-31 08:44:37.702  7785  7785 D M_InsDal: Lcom/fsck/k9/activity/compose/ComposeCryptoStatus;--->isEncryptionEnabled()Z
10-31 08:44:37.702  7785  7785 D M_InsDal: Lcom/fsck/k9/activity/compose/RecipientMvpView;--->setRecipientTokensShowCryptoEnabled(Z)V
10-31 08:44:37.702  7785  7785 D M_InsDal: Lcom/fsck/k9/view/RecipientSelectView;--->setShowCryptoEnabled(Z)V
10-31 08:44:37.702  7785  7849 D M_InsDal: Lcom/fsck/k9/Account;--->getDescription()Ljava/lang/String;
10-31 08:44:37.702  7785  7785 D M_InsDal: Lcom/fsck/k9/view/RecipientSelectView;--->redrawAllTokens()V
10-31 08:44:37.702  7785  7849 D M_InsDal: Lcom/fsck/k9/Account;--->isEnabled()Z
10-31 08:44:37.702  7785  7849 D M_InsDal: Lcom/fsck/k9/Account;--->isAvailable(Landroid/content/Context;)Z
10-31 08:44:37.702  7785  7849 D M_InsDal: Lcom/fsck/k9/Account;--->getLocalStorageProviderId()Ljava/lang/String;
10-31 08:44:37.702  7785  7849 D M_InsDal: Lcom/fsck/k9/mailstore/StorageManager;--->getInstance(Landroid/content/Context;)Lcom/fsck/k9/mailstore/StorageManager;
10-31 08:44:37.702  7785  7849 D M_InsDal: Lcom/fsck/k9/mailstore/StorageManager;--->isReady(Ljava/lang/String;)Z
10-31 08:44:37.702  7785  7849 D M_InsDal: Lcom/fsck/k9/mailstore/StorageManager;--->getProvider(Ljava/lang/String;)Lcom/fsck/k9/mailstore/StorageManager$StorageProvider;
10-31 08:44:37.702  7785  7849 D M_InsDal: Lcom/fsck/k9/mailstore/StorageManager$InternalStorageProvider;--->isReady(Landroid/content/Context;)Z
10-31 08:44:37.702  7785  7849 D M_InsDal: Lcom/fsck/k9/controller/MessagingController;--->getInstance(Landroid/content/Context;)Lcom/fsck/k9/controller/MessagingController;
10-31 08:44:37.702  7785  7849 D M_InsDal: Lcom/fsck/k9/controller/MessagingController;--->setupPushing(Lcom/fsck/k9/Account;)Z
10-31 08:44:37.702  7785  7849 D M_InsDal: Lcom/fsck/k9/Account;--->hashCode()I
10-31 08:44:37.702  7785  7785 D M_InsDal: Lcom/fsck/k9/view/RecipientSelectView;--->setShowCryptoEnabled(Z)V
10-31 08:44:37.702  7785  7785 D M_InsDal: Lcom/fsck/k9/view/RecipientSelectView;--->redrawAllTokens()V
10-31 08:44:37.702  7785  7785 D M_InsDal: Lcom/fsck/k9/view/RecipientSelectView;--->setShowCryptoEnabled(Z)V
10-31 08:44:37.702  7785  7785 D M_InsDal: Lcom/fsck/k9/view/RecipientSelectView;--->redrawAllTokens()V
10-31 08:44:37.702  7785  7849 D M_InsDal: Lcom/fsck/k9/Account;--->getFolderDisplayMode()Lcom/fsck/k9/Account$FolderMode;
10-31 08:44:37.702  7785  7849 D M_InsDal: Lcom/fsck/k9/Account;--->getFolderPushMode()Lcom/fsck/k9/Account$FolderMode;
10-31 08:44:37.702  7785  7785 D M_InsDal: Lcom/fsck/k9/activity/compose/ComposeCryptoStatus;--->getCryptoStatusDisplayType()Lcom/fsck/k9/activity/compose/RecipientMvpView$CryptoStatusDisplayType;
10-31 08:44:37.702  7785  7849 D M_InsDal: Lcom/fsck/k9/Account;--->getLocalStore()Lcom/fsck/k9/mailstore/LocalStore;
10-31 08:44:37.702  7785  7785 D M_InsDal: Lcom/fsck/k9/activity/compose/ComposeCryptoStatus$1;---><clinit>()V
10-31 08:44:37.702  7785  7785 D M_InsDal: Lcom/fsck/k9/activity/compose/RecipientPresenter$CryptoMode;--->values()[Lcom/fsck/k9/activity/compose/RecipientPresenter$CryptoMode;
10-31 08:44:37.702  7785  7785 D M_InsDal: Lcom/fsck/k9/activity/compose/RecipientPresenter$CryptoProviderState;--->values()[Lcom/fsck/k9/activity/compose/RecipientPresenter$CryptoProviderState;
10-31 08:44:37.702  7785  7785 D M_InsDal: Lcom/fsck/k9/activity/compose/RecipientMvpView$CryptoStatusDisplayType;---><clinit>()V
10-31 08:44:37.702  7785  7785 D M_InsDal: Lcom/fsck/k9/activity/compose/RecipientMvpView$CryptoStatusDisplayType;---><init>(Ljava/lang/String;II)V
10-31 08:44:37.702  7785  7785 D M_InsDal: Lcom/fsck/k9/activity/compose/RecipientMvpView$CryptoStatusDisplayType;---><init>(Ljava/lang/String;II)V
10-31 08:44:37.702  7785  7849 D M_InsDal: Lcom/fsck/k9/mailstore/LocalStore;---><clinit>()V
10-31 08:44:37.702  7785  7785 D M_InsDal: Lcom/fsck/k9/activity/compose/RecipientMvpView$CryptoStatusDisplayType;---><init>(Ljava/lang/String;II)V
10-31 08:44:37.702  7785  7785 D M_InsDal: Lcom/fsck/k9/activity/compose/RecipientMvpView$CryptoStatusDisplayType;---><init>(Ljava/lang/String;II)V
10-31 08:44:37.702  7785  7849 D M_InsDal: Lcom/fsck/k9/mailstore/LocalStore;--->getInstance(Lcom/fsck/k9/Account;Landroid/content/Context;)Lcom/fsck/k9/mailstore/LocalStore;
10-31 08:44:37.702  7785  7785 D M_InsDal: Lcom/fsck/k9/activity/compose/RecipientMvpView$CryptoStatusDisplayType;---><init>(Ljava/lang/String;II)V
10-31 08:44:37.702  7785  7849 D M_InsDal: Lcom/fsck/k9/Account;--->getUuid()Ljava/lang/String;
10-31 08:44:37.702  7785  7785 D M_InsDal: Lcom/fsck/k9/activity/compose/RecipientMvpView$CryptoStatusDisplayType;---><init>(Ljava/lang/String;II)V
10-31 08:44:37.702  7785  7785 D M_InsDal: Lcom/fsck/k9/activity/compose/RecipientMvpView$CryptoStatusDisplayType;---><init>(Ljava/lang/String;II)V
10-31 08:44:37.702  7785  7849 D M_InsDal: Lcom/fsck/k9/mailstore/LocalStore;---><init>(Lcom/fsck/k9/Account;Landroid/content/Context;)V
10-31 08:44:37.702  7785  7785 D M_InsDal: Lcom/fsck/k9/activity/compose/RecipientMvpView$CryptoStatusDisplayType;---><init>(Ljava/lang/String;II)V
10-31 08:44:37.702  7785  7849 D M_InsDal: Lcom/fsck/k9/mail/Store;---><init>()V
10-31 08:44:37.702  7785  7785 D M_InsDal: Lcom/fsck/k9/activity/compose/RecipientMvpView$CryptoStatusDisplayType;---><init>(Ljava/lang/String;II)V
10-31 08:44:37.702  7785  7785 D M_InsDal: Lcom/fsck/k9/activity/compose/RecipientMvpView$CryptoStatusDisplayType;---><init>(Ljava/lang/String;II)V
10-31 08:44:37.702  7785  7849 D M_InsDal: Lcom/fsck/k9/message/extractors/MessagePreviewCreator;--->newInstance()Lcom/fsck/k9/message/extractors/MessagePreviewCreator;
10-31 08:44:37.702  7785  7785 D M_InsDal: Lcom/fsck/k9/activity/compose/RecipientMvpView;--->showCryptoStatus(Lcom/fsck/k9/activity/compose/RecipientMvpView$CryptoStatusDisplayType;)V
10-31 08:44:37.702  7785  7849 D M_InsDal: Lcom/fsck/k9/message/extractors/TextPartFinder;---><init>()V
10-31 08:44:37.702  7785  7849 D M_InsDal: Lcom/fsck/k9/message/extractors/PreviewTextExtractor;---><init>()V
10-31 08:44:37.702  7785  7849 D M_InsDal: Lcom/fsck/k9/message/extractors/EncryptionDetector;---><init>(Lcom/fsck/k9/message/extractors/TextPartFinder;)V
10-31 08:44:37.702  7785  7849 D M_InsDal: Lcom/fsck/k9/message/extractors/MessagePreviewCreator;---><init>(Lcom/fsck/k9/message/extractors/TextPartFinder;Lcom/fsck/k9/message/extractors/PreviewTextExtractor;Lcom/fsck/k9/message/extractors/EncryptionDetector;)V
10-31 08:44:37.702  7785  7849 D M_InsDal: Lcom/fsck/k9/message/extractors/MessageFulltextCreator;--->newInstance()Lcom/fsck/k9/message/extractors/MessageFulltextCreator;
10-31 08:44:37.702  7785  7849 D M_InsDal: Lcom/fsck/k9/message/extractors/TextPartFinder;---><init>()V
10-31 08:44:37.702  7785  7849 D M_InsDal: Lcom/fsck/k9/message/extractors/EncryptionDetector;---><init>(Lcom/fsck/k9/message/extractors/TextPartFinder;)V
10-31 08:44:37.702  7785  7849 D M_InsDal: Lcom/fsck/k9/message/extractors/MessageFulltextCreator;---><init>(Lcom/fsck/k9/message/extractors/TextPartFinder;Lcom/fsck/k9/message/extractors/EncryptionDetector;)V
10-31 08:44:37.702  7785  7849 D M_InsDal: Lcom/fsck/k9/message/extractors/AttachmentCounter;--->newInstance()Lcom/fsck/k9/message/extractors/AttachmentCounter;
10-31 08:44:37.702  7785  7849 D M_InsDal: Lcom/fsck/k9/message/extractors/TextPartFinder;---><init>()V
10-31 08:44:37.702  7785  7849 D M_InsDal: Lcom/fsck/k9/message/extractors/EncryptionDetector;---><init>(Lcom/fsck/k9/message/extractors/TextPartFinder;)V
10-31 08:44:37.702  7785  7849 D M_InsDal: Lcom/fsck/k9/message/extractors/AttachmentCounter;---><init>(Lcom/fsck/k9/message/extractors/EncryptionDetector;)V
10-31 08:44:37.702  7785  7785 D M_InsDal: Lcom/fsck/k9/activity/compose/ComposeCryptoStatus;--->getCryptoSpecialModeDisplayType()Lcom/fsck/k9/activity/compose/RecipientMvpView$CryptoSpecialModeDisplayType;
10-31 08:44:37.702  7785  7849 D M_InsDal: Lcom/fsck/k9/controller/PendingCommandSerializer;---><clinit>()V
10-31 08:44:37.702  7785  7849 D M_InsDal: Lcom/fsck/k9/controller/PendingCommandSerializer;---><init>()V
10-31 08:44:37.702  7785  7785 D M_InsDal: Lcom/fsck/k9/activity/compose/RecipientMvpView$CryptoSpecialModeDisplayType;---><clinit>()V
10-31 08:44:37.702  7785  7785 D M_InsDal: Lcom/fsck/k9/activity/compose/RecipientMvpView$CryptoSpecialModeDisplayType;---><init>(Ljava/lang/String;II)V
10-31 08:44:37.702  7785  7785 D M_InsDal: Lcom/fsck/k9/activity/compose/RecipientMvpView$CryptoSpecialModeDisplayType;---><init>(Ljava/lang/String;II)V
10-31 08:44:37.702  7785  7785 D M_InsDal: Lcom/fsck/k9/activity/compose/RecipientMvpView;--->showCryptoSpecialMode(Lcom/fsck/k9/activity/compose/RecipientMvpView$CryptoSpecialModeDisplayType;)V
10-31 08:44:37.702  7785  7785 D M_InsDal: Lcom/fsck/k9/activity/compose/RecipientPresenter$1;--->onPostExecute(Lcom/fsck/k9/message/AutocryptStatusInteractor$RecipientAutocryptStatus;)V
10-31 08:44:37.702  7785  7785 D M_InsDal: Lcom/fsck/k9/activity/compose/RecipientPresenter;--->redrawCachedCryptoStatusIcon()V
10-31 08:44:37.702  7785  7785 D M_InsDal: Lcom/fsck/k9/activity/compose/ComposeCryptoStatus;--->isEncryptionEnabled()Z
10-31 08:44:37.702  7785  7785 D M_InsDal: Lcom/fsck/k9/activity/compose/RecipientMvpView;--->setRecipientTokensShowCryptoEnabled(Z)V
10-31 08:44:37.702  7785  7785 D M_InsDal: Lcom/fsck/k9/view/RecipientSelectView;--->setShowCryptoEnabled(Z)V
10-31 08:44:37.702  7785  7785 D M_InsDal: Lcom/fsck/k9/view/RecipientSelectView;--->redrawAllTokens()V
10-31 08:44:37.702  7785  7785 D M_InsDal: Lcom/fsck/k9/view/RecipientSelectView;--->setShowCryptoEnabled(Z)V
10-31 08:44:37.702  7785  7785 D M_InsDal: Lcom/fsck/k9/view/RecipientSelectView;--->redrawAllTokens()V
10-31 08:44:37.702  7785  7785 D M_InsDal: Lcom/fsck/k9/view/RecipientSelectView;--->setShowCryptoEnabled(Z)V
10-31 08:44:37.702  7785  7785 D M_InsDal: Lcom/fsck/k9/view/RecipientSelectView;--->redrawAllTokens()V
10-31 08:44:37.702  7785  7785 D M_InsDal: Lcom/fsck/k9/activity/compose/ComposeCryptoStatus;--->getCryptoStatusDisplayType()Lcom/fsck/k9/activity/compose/RecipientMvpView$CryptoStatusDisplayType;
10-31 08:44:37.702  7785  7785 D M_InsDal: Lcom/fsck/k9/activity/compose/RecipientMvpView;--->showCryptoStatus(Lcom/fsck/k9/activity/compose/RecipientMvpView$CryptoStatusDisplayType;)V
10-31 08:44:37.702  7785  7785 D M_InsDal: Lcom/fsck/k9/activity/compose/ComposeCryptoStatus;--->getCryptoSpecialModeDisplayType()Lcom/fsck/k9/activity/compose/RecipientMvpView$CryptoSpecialModeDisplayType;
10-31 08:44:37.702  7785  7785 D M_InsDal: Lcom/fsck/k9/activity/compose/RecipientMvpView;--->showCryptoSpecialMode(Lcom/fsck/k9/activity/compose/RecipientMvpView$CryptoSpecialModeDisplayType;)V
10-31 08:44:37.704  7785  7849 D M_InsDal: Lcom/fsck/k9/controller/PendingCommandSerializer;--->getInstance()Lcom/fsck/k9/controller/PendingCommandSerializer;
10-31 08:44:37.704  7785  7849 D M_InsDal: Lcom/fsck/k9/message/extractors/AttachmentInfoExtractor;--->getInstance()Lcom/fsck/k9/message/extractors/AttachmentInfoExtractor;
10-31 08:44:37.704  7785  7849 D M_InsDal: Lcom/fsck/k9/Globals;--->getContext()Landroid/content/Context;
10-31 08:44:37.704  7785  7849 D M_InsDal: Lcom/fsck/k9/message/extractors/AttachmentInfoExtractor;---><init>(Landroid/content/Context;)V
10-31 08:44:37.704  7785  7849 D M_InsDal: Lcom/fsck/k9/Account;--->getUuid()Ljava/lang/String;
10-31 08:44:37.704  7785  7849 D M_InsDal: Lcom/fsck/k9/mailstore/StoreSchemaDefinition;---><init>(Lcom/fsck/k9/mailstore/LocalStore;)V
10-31 08:44:37.704  7785  7849 D M_InsDal: Lcom/fsck/k9/mailstore/LockableDatabase;---><init>(Landroid/content/Context;Ljava/lang/String;Lcom/fsck/k9/mailstore/LockableDatabase$SchemaDefinition;)V
10-31 08:44:37.704  7785  7849 D M_InsDal: Lcom/fsck/k9/mailstore/LockableDatabase$StorageListener;---><init>(Lcom/fsck/k9/mailstore/LockableDatabase;)V
10-31 08:44:37.704  7785  7849 D M_InsDal: Lcom/fsck/k9/Account;--->getLocalStorageProviderId()Ljava/lang/String;
10-31 08:44:37.704  7785  7849 D M_InsDal: Lcom/fsck/k9/mailstore/LockableDatabase;--->setStorageProviderId(Ljava/lang/String;)V
10-31 08:44:37.704  7785  7849 D M_InsDal: Lcom/fsck/k9/mailstore/LockableDatabase;--->open()V
10-31 08:44:37.704  7785  7849 D M_InsDal: Lcom/fsck/k9/mailstore/LockableDatabase;--->lockWrite()V
10-31 08:44:37.704  7785  7849 D M_InsDal: Lcom/fsck/k9/mailstore/LockableDatabase;--->lockWrite(Ljava/lang/String;)V
10-31 08:44:37.704  7785  7849 D M_InsDal: Lcom/fsck/k9/mailstore/LockableDatabase;--->getStorageManager()Lcom/fsck/k9/mailstore/StorageManager;
10-31 08:44:37.704  7785  7849 D M_InsDal: Lcom/fsck/k9/mailstore/StorageManager;--->getInstance(Landroid/content/Context;)Lcom/fsck/k9/mailstore/StorageManager;
10-31 08:44:37.704  7785  7849 D M_InsDal: Lcom/fsck/k9/mailstore/StorageManager;--->lockProvider(Ljava/lang/String;)V
10-31 08:44:37.704  7785  7849 D M_InsDal: Lcom/fsck/k9/mailstore/StorageManager;--->getProvider(Ljava/lang/String;)Lcom/fsck/k9/mailstore/StorageManager$StorageProvider;
10-31 08:44:37.704  7785  7849 D M_InsDal: Lcom/fsck/k9/mailstore/StorageManager$InternalStorageProvider;--->isReady(Landroid/content/Context;)Z
10-31 08:44:37.704  7785  7849 D M_InsDal: Lcom/fsck/k9/mailstore/LockableDatabase;--->openOrCreateDataspace()V
10-31 08:44:37.704  7785  7849 D M_InsDal: Lcom/fsck/k9/mailstore/LockableDatabase;--->lockWrite()V
10-31 08:44:37.704  7785  7849 D M_InsDal: Lcom/fsck/k9/mailstore/LockableDatabase;--->lockWrite(Ljava/lang/String;)V
10-31 08:44:37.704  7785  7849 D M_InsDal: Lcom/fsck/k9/mailstore/LockableDatabase;--->getStorageManager()Lcom/fsck/k9/mailstore/StorageManager;
10-31 08:44:37.704  7785  7849 D M_InsDal: Lcom/fsck/k9/mailstore/StorageManager;--->getInstance(Landroid/content/Context;)Lcom/fsck/k9/mailstore/StorageManager;
10-31 08:44:37.704  7785  7849 D M_InsDal: Lcom/fsck/k9/mailstore/StorageManager;--->lockProvider(Ljava/lang/String;)V
10-31 08:44:37.704  7785  7849 D M_InsDal: Lcom/fsck/k9/mailstore/StorageManager;--->getProvider(Ljava/lang/String;)Lcom/fsck/k9/mailstore/StorageManager$StorageProvider;
10-31 08:44:37.704  7785  7849 D M_InsDal: Lcom/fsck/k9/mailstore/StorageManager$InternalStorageProvider;--->isReady(Landroid/content/Context;)Z
10-31 08:44:37.704  7785  7849 D M_InsDal: Lcom/fsck/k9/mailstore/LockableDatabase;--->prepareStorage(Ljava/lang/String;)Ljava/io/File;
10-31 08:44:37.704  7785  7849 D M_InsDal: Lcom/fsck/k9/mailstore/LockableDatabase;--->getStorageManager()Lcom/fsck/k9/mailstore/StorageManager;
10-31 08:44:37.704  7785  7849 D M_InsDal: Lcom/fsck/k9/mailstore/StorageManager;--->getInstance(Landroid/content/Context;)Lcom/fsck/k9/mailstore/StorageManager;
10-31 08:44:37.704  7785  7849 D M_InsDal: Lcom/fsck/k9/mailstore/StorageManager;--->getDatabase(Ljava/lang/String;Ljava/lang/String;)Ljava/io/File;
10-31 08:44:37.704  7785  7849 D M_InsDal: Lcom/fsck/k9/mailstore/StorageManager;--->getProvider(Ljava/lang/String;)Lcom/fsck/k9/mailstore/StorageManager$StorageProvider;
10-31 08:44:37.704  7785  7849 D M_InsDal: Lcom/fsck/k9/mailstore/StorageManager$InternalStorageProvider;--->getDatabase(Landroid/content/Context;Ljava/lang/String;)Ljava/io/File;
10-31 08:44:37.705  7785  7849 D M_InsDal: Lcom/fsck/k9/mailstore/StorageManager;--->getAttachmentDirectory(Ljava/lang/String;Ljava/lang/String;)Ljava/io/File;
10-31 08:44:37.705  7785  7849 D M_InsDal: Lcom/fsck/k9/mailstore/StorageManager;--->getProvider(Ljava/lang/String;)Lcom/fsck/k9/mailstore/StorageManager$StorageProvider;
10-31 08:44:37.705  7785  7849 D M_InsDal: Lcom/fsck/k9/mailstore/StorageManager$InternalStorageProvider;--->getAttachmentDirectory(Landroid/content/Context;Ljava/lang/String;)Ljava/io/File;
10-31 08:44:37.705  7785  7849 D M_InsDal: Lcom/fsck/k9/mailstore/LockableDatabase;--->doOpenOrCreateDb(Ljava/io/File;)V
10-31 08:44:37.705  7785  7849 D M_InsDal: Lcom/fsck/k9/mailstore/StoreSchemaDefinition;--->getVersion()I
10-31 08:44:37.705  7785  7849 D M_InsDal: Lcom/fsck/k9/mailstore/LockableDatabase;--->unlockWrite()V
10-31 08:44:37.705  7785  7849 D M_InsDal: Lcom/fsck/k9/mailstore/LockableDatabase;--->unlockWrite(Ljava/lang/String;)V
10-31 08:44:37.705  7785  7849 D M_InsDal: Lcom/fsck/k9/mailstore/LockableDatabase;--->getStorageManager()Lcom/fsck/k9/mailstore/StorageManager;
10-31 08:44:37.705  7785  7849 D M_InsDal: Lcom/fsck/k9/mailstore/StorageManager;--->getInstance(Landroid/content/Context;)Lcom/fsck/k9/mailstore/StorageManager;
10-31 08:44:37.705  7785  7849 D M_InsDal: Lcom/fsck/k9/mailstore/StorageManager;--->unlockProvider(Ljava/lang/String;)V
10-31 08:44:37.705  7785  7849 D M_InsDal: Lcom/fsck/k9/mailstore/StorageManager;--->getProvider(Ljava/lang/String;)Lcom/fsck/k9/mailstore/StorageManager$StorageProvider;
10-31 08:44:37.705  7785  7849 D M_InsDal: Lcom/fsck/k9/mailstore/LockableDatabase;--->unlockWrite()V
10-31 08:44:37.705  7785  7849 D M_InsDal: Lcom/fsck/k9/mailstore/LockableDatabase;--->unlockWrite(Ljava/lang/String;)V
10-31 08:44:37.705  7785  7849 D M_InsDal: Lcom/fsck/k9/mailstore/LockableDatabase;--->getStorageManager()Lcom/fsck/k9/mailstore/StorageManager;
10-31 08:44:37.705  7785  7849 D M_InsDal: Lcom/fsck/k9/mailstore/StorageManager;--->getInstance(Landroid/content/Context;)Lcom/fsck/k9/mailstore/StorageManager;
10-31 08:44:37.705  7785  7849 D M_InsDal: Lcom/fsck/k9/mailstore/StorageManager;--->unlockProvider(Ljava/lang/String;)V
10-31 08:44:37.705  7785  7849 D M_InsDal: Lcom/fsck/k9/mailstore/StorageManager;--->getProvider(Ljava/lang/String;)Lcom/fsck/k9/mailstore/StorageManager$StorageProvider;
10-31 08:44:37.705  7785  7849 D M_InsDal: Lcom/fsck/k9/mailstore/StorageManager;--->getInstance(Landroid/content/Context;)Lcom/fsck/k9/mailstore/StorageManager;
