10-31 08:31:30.586  3242  3242 D M_InsDal: Lcom/fsck/k9/K9$2;--->enabled()Z
10-31 08:31:30.586  3242  3242 D M_InsDal: Lcom/fsck/k9/mail/power/TracingPowerManager$TracingWakeLock;--->setReferenceCounted(Z)V
10-31 08:31:30.586  3242  3242 D M_InsDal: Lcom/fsck/k9/mail/power/TracingPowerManager$TracingWakeLock;--->acquire(J)V
10-31 08:31:30.587  3242  3242 D M_InsDal: Lcom/fsck/k9/mail/K9MailLib;--->isDebug()Z
10-31 08:31:30.587  3242  3242 D M_InsDal: Lcom/fsck/k9/K9$2;--->enabled()Z
10-31 08:31:30.587  3242  3242 D M_InsDal: Lcom/fsck/k9/mail/power/TracingPowerManager$TracingWakeLock;--->raiseNotification()V
10-31 08:31:30.587  3242  3242 D M_InsDal: Lcom/fsck/k9/service/BootReceiver;--->receive(Landroid/content/Context;Landroid/content/Intent;Ljava/lang/Integer;)Ljava/lang/Integer;
10-31 08:31:30.587  3242  3264 D M_InsDal: Lcom/fsck/k9/mailstore/LocalFolder;---><init>(Lcom/fsck/k9/mailstore/LocalStore;Ljava/lang/String;)V
10-31 08:31:30.587  3242  3264 D M_InsDal: Lcom/fsck/k9/mail/Folder;---><init>()V
10-31 08:31:30.588  3242  3264 D M_InsDal: Lcom/fsck/k9/mail/Folder$FolderClass;---><clinit>()V
10-31 08:31:30.588  3242  3242 D M_InsDal: Lcom/fsck/k9/service/BootReceiver;--->buildPendingIntent(Landroid/content/Context;Landroid/content/Intent;)Landroid/app/PendingIntent;
10-31 08:31:30.588  3242  3264 D M_InsDal: Lcom/fsck/k9/mail/Folder$FolderClass;---><init>(Ljava/lang/String;I)V
10-31 08:31:30.588  3242  3264 D M_InsDal: Lcom/fsck/k9/mail/Folder$FolderClass;---><init>(Ljava/lang/String;I)V
10-31 08:31:30.588  3242  3264 D M_InsDal: Lcom/fsck/k9/mailstore/LocalFolder$MoreMessages;---><clinit>()V
10-31 08:31:30.588  3242  3264 D M_InsDal: Lcom/fsck/k9/mailstore/LocalFolder$MoreMessages;---><init>(Ljava/lang/String;ILjava/lang/String;)V
10-31 08:31:30.588  3242  3264 D M_InsDal: Lcom/fsck/k9/mailstore/LocalFolder$MoreMessages;---><init>(Ljava/lang/String;ILjava/lang/String;)V
10-31 08:31:30.588  3242  3264 D M_InsDal: Lcom/fsck/k9/mailstore/LocalStore;--->getAttachmentInfoExtractor()Lcom/fsck/k9/message/extractors/AttachmentInfoExtractor;
10-31 08:31:30.588  3242  3264 D M_InsDal: Lcom/fsck/k9/mailstore/LocalFolder;--->getAccount()Lcom/fsck/k9/Account;
10-31 08:31:30.588  3242  3264 D M_InsDal: Lcom/fsck/k9/mailstore/LocalStore;--->getAccount()Lcom/fsck/k9/Account;
10-31 08:31:30.588  3242  3264 D M_InsDal: Lcom/fsck/k9/Account;--->getInboxFolderName()Ljava/lang/String;
10-31 08:31:30.588  3242  3264 D M_InsDal: Lcom/fsck/k9/mailstore/LocalFolder;--->getName()Ljava/lang/String;
10-31 08:31:30.588  3242  3264 D M_InsDal: Lcom/fsck/k9/mailstore/LocalFolder;--->open(Landroid/database/Cursor;)V
10-31 08:31:30.588  3242  3264 D M_InsDal: Lcom/fsck/k9/mail/Folder;--->setStatus(Ljava/lang/String;)V
10-31 08:31:30.588  3242  3264 D M_InsDal: Lcom/fsck/k9/mail/Folder;--->setLastChecked(J)V
10-31 08:31:30.588  3242  3264 D M_InsDal: Lcom/fsck/k9/mail/Folder;--->setLastPush(J)V
10-31 08:31:30.588  3242  3264 D M_InsDal: Lcom/fsck/k9/mail/Folder$FolderClass;--->valueOf(Ljava/lang/String;)Lcom/fsck/k9/mail/Folder$FolderClass;
10-31 08:31:30.588  3242  3242 D M_InsDal: Lcom/fsck/k9/helper/K9AlarmManager;--->getAlarmManager(Landroid/content/Context;)Lcom/fsck/k9/helper/K9AlarmManager;
10-31 08:31:30.588  3242  3242 D M_InsDal: Lcom/fsck/k9/power/DozeChecker;---><init>(Landroid/content/Context;)V
10-31 08:31:30.588  3242  3264 D M_InsDal: Lcom/fsck/k9/mail/Folder$FolderClass;--->values()[Lcom/fsck/k9/mail/Folder$FolderClass;
10-31 08:31:30.589  3242  3242 D M_InsDal: Lcom/fsck/k9/helper/K9AlarmManager;---><init>(Landroid/app/AlarmManager;Lcom/fsck/k9/power/DozeChecker;)V
10-31 08:31:30.589  3242  3242 D M_InsDal: Lcom/fsck/k9/helper/K9AlarmManager;--->cancel(Landroid/app/PendingIntent;)V
10-31 08:31:30.589  3242  3264 D M_InsDal: Lcom/fsck/k9/mail/Folder$FolderClass;--->valueOf(Ljava/lang/String;)Lcom/fsck/k9/mail/Folder$FolderClass;
10-31 08:31:30.589  3242  3264 D M_InsDal: Lcom/fsck/k9/mail/Folder$FolderClass;--->valueOf(Ljava/lang/String;)Lcom/fsck/k9/mail/Folder$FolderClass;
10-31 08:31:30.589  3242  3264 D M_InsDal: Lcom/fsck/k9/mailstore/LocalFolder$MoreMessages;--->fromDatabaseName(Ljava/lang/String;)Lcom/fsck/k9/mailstore/LocalFolder$MoreMessages;
10-31 08:31:30.589  3242  3264 D M_InsDal: Lcom/fsck/k9/mailstore/LocalFolder$MoreMessages;--->values()[Lcom/fsck/k9/mailstore/LocalFolder$MoreMessages;
10-31 08:31:30.589  3242  3264 D M_InsDal: Lcom/fsck/k9/mailstore/LocalFolder;---><init>(Lcom/fsck/k9/mailstore/LocalStore;Ljava/lang/String;)V
10-31 08:31:30.589  3242  3264 D M_InsDal: Lcom/fsck/k9/mail/Folder;---><init>()V
10-31 08:31:30.589  3242  3264 D M_InsDal: Lcom/fsck/k9/mailstore/LocalStore;--->getAttachmentInfoExtractor()Lcom/fsck/k9/message/extractors/AttachmentInfoExtractor;
10-31 08:31:30.589  3242  3264 D M_InsDal: Lcom/fsck/k9/mailstore/LocalFolder;--->getAccount()Lcom/fsck/k9/Account;
10-31 08:31:30.589  3242  3264 D M_InsDal: Lcom/fsck/k9/mailstore/LocalStore;--->getAccount()Lcom/fsck/k9/Account;
10-31 08:31:30.589  3242  3264 D M_InsDal: Lcom/fsck/k9/Account;--->getInboxFolderName()Ljava/lang/String;
10-31 08:31:30.589  3242  3264 D M_InsDal: Lcom/fsck/k9/mailstore/LocalFolder;--->getName()Ljava/lang/String;
10-31 08:31:30.589  3242  3264 D M_InsDal: Lcom/fsck/k9/mailstore/LocalFolder;--->open(Landroid/database/Cursor;)V
10-31 08:31:30.589  3242  3264 D M_InsDal: Lcom/fsck/k9/mail/Folder;--->setStatus(Ljava/lang/String;)V
10-31 08:31:30.589  3242  3264 D M_InsDal: Lcom/fsck/k9/mail/Folder;--->setLastChecked(J)V
10-31 08:31:30.589  3242  3264 D M_InsDal: Lcom/fsck/k9/mail/Folder;--->setLastPush(J)V
10-31 08:31:30.589  3242  3264 D M_InsDal: Lcom/fsck/k9/mail/Folder$FolderClass;--->valueOf(Ljava/lang/String;)Lcom/fsck/k9/mail/Folder$FolderClass;
10-31 08:31:30.589  3242  3264 D M_InsDal: Lcom/fsck/k9/mail/Folder$FolderClass;--->valueOf(Ljava/lang/String;)Lcom/fsck/k9/mail/Folder$FolderClass;
10-31 08:31:30.589  3242  3264 D M_InsDal: Lcom/fsck/k9/mailstore/LocalFolder$MoreMessages;--->fromDatabaseName(Ljava/lang/String;)Lcom/fsck/k9/mailstore/LocalFolder$MoreMessages;
10-31 08:31:30.589  3242  3264 D M_InsDal: Lcom/fsck/k9/mailstore/LocalFolder$MoreMessages;--->values()[Lcom/fsck/k9/mailstore/LocalFolder$MoreMessages;
10-31 08:31:30.589  3242  3264 D M_InsDal: Lcom/fsck/k9/mailstore/LocalFolder;---><init>(Lcom/fsck/k9/mailstore/LocalStore;Ljava/lang/String;)V
10-31 08:31:30.589  3242  3264 D M_InsDal: Lcom/fsck/k9/mail/Folder;---><init>()V
10-31 08:31:30.589  3242  3264 D M_InsDal: Lcom/fsck/k9/mailstore/LocalStore;--->getAttachmentInfoExtractor()Lcom/fsck/k9/message/extractors/AttachmentInfoExtractor;
10-31 08:31:30.589  3242  3264 D M_InsDal: Lcom/fsck/k9/mailstore/LocalFolder;--->getAccount()Lcom/fsck/k9/Account;
10-31 08:31:30.589  3242  3264 D M_InsDal: Lcom/fsck/k9/mailstore/LocalStore;--->getAccount()Lcom/fsck/k9/Account;
10-31 08:31:30.589  3242  3264 D M_InsDal: Lcom/fsck/k9/Account;--->getInboxFolderName()Ljava/lang/String;
10-31 08:31:30.589  3242  3264 D M_InsDal: Lcom/fsck/k9/mailstore/LocalFolder;--->getName()Ljava/lang/String;
10-31 08:31:30.589  3242  3264 D M_InsDal: Lcom/fsck/k9/mailstore/LocalFolder;--->open(Landroid/database/Cursor;)V
10-31 08:31:30.589  3242  3242 D M_InsDal: Lcom/fsck/k9/service/CoreReceiver;--->releaseWakeLock(Ljava/lang/Integer;)V
10-31 08:31:30.589  3242  3264 D M_InsDal: Lcom/fsck/k9/mail/Folder;--->setStatus(Ljava/lang/String;)V
10-31 08:31:30.589  3242  3264 D M_InsDal: Lcom/fsck/k9/mail/Folder;--->setLastChecked(J)V
10-31 08:31:30.589  3242  3264 D M_InsDal: Lcom/fsck/k9/mail/Folder;--->setLastPush(J)V
10-31 08:31:30.589  3242  3242 D M_InsDal: Lcom/fsck/k9/mail/power/TracingPowerManager$TracingWakeLock;--->release()V
10-31 08:31:30.589  3242  3264 D M_InsDal: Lcom/fsck/k9/mail/Folder$FolderClass;--->valueOf(Ljava/lang/String;)Lcom/fsck/k9/mail/Folder$FolderClass;
10-31 08:31:30.589  3242  3242 D M_InsDal: Lcom/fsck/k9/mail/K9MailLib;--->isDebug()Z
10-31 08:31:30.589  3242  3264 D M_InsDal: Lcom/fsck/k9/mail/Folder$FolderClass;--->valueOf(Ljava/lang/String;)Lcom/fsck/k9/mail/Folder$FolderClass;
10-31 08:31:30.589  3242  3242 D M_InsDal: Lcom/fsck/k9/K9$2;--->enabled()Z
10-31 08:31:30.589  3242  3264 D M_InsDal: Lcom/fsck/k9/mail/Folder$FolderClass;--->valueOf(Ljava/lang/String;)Lcom/fsck/k9/mail/Folder$FolderClass;
10-31 08:31:30.589  3242  3242 D M_InsDal: Lcom/fsck/k9/mail/power/TracingPowerManager$TracingWakeLock;--->cancelNotification()V
10-31 08:31:30.589  3242  3264 D M_InsDal: Lcom/fsck/k9/mail/Folder$FolderClass;--->valueOf(Ljava/lang/String;)Lcom/fsck/k9/mail/Folder$FolderClass;
10-31 08:31:30.589  3242  3264 D M_InsDal: Lcom/fsck/k9/mailstore/LocalFolder$MoreMessages;--->fromDatabaseName(Ljava/lang/String;)Lcom/fsck/k9/mailstore/LocalFolder$MoreMessages;
10-31 08:31:30.589  3242  3264 D M_InsDal: Lcom/fsck/k9/mailstore/LocalFolder$MoreMessages;--->values()[Lcom/fsck/k9/mailstore/LocalFolder$MoreMessages;
10-31 08:31:30.589  3242  3264 D M_InsDal: Lcom/fsck/k9/mailstore/LocalFolder;---><init>(Lcom/fsck/k9/mailstore/LocalStore;Ljava/lang/String;)V
10-31 08:31:30.589  3242  3264 D M_InsDal: Lcom/fsck/k9/mail/Folder;---><init>()V
10-31 08:31:30.589  3242  3264 D M_InsDal: Lcom/fsck/k9/mailstore/LocalStore;--->getAttachmentInfoExtractor()Lcom/fsck/k9/message/extractors/AttachmentInfoExtractor;
10-31 08:31:30.589  3242  3264 D M_InsDal: Lcom/fsck/k9/mailstore/LocalFolder;--->getAccount()Lcom/fsck/k9/Account;
10-31 08:31:30.589  3242  3264 D M_InsDal: Lcom/fsck/k9/mailstore/LocalStore;--->getAccount()Lcom/fsck/k9/Account;
10-31 08:31:30.589  3242  3264 D M_InsDal: Lcom/fsck/k9/Account;--->getInboxFolderName()Ljava/lang/String;
10-31 08:31:30.589  3242  3264 D M_InsDal: Lcom/fsck/k9/mailstore/LocalFolder;--->getName()Ljava/lang/String;
10-31 08:31:30.589  3242  3264 D M_InsDal: Lcom/fsck/k9/mailstore/LocalFolder;--->open(Landroid/database/Cursor;)V
10-31 08:31:30.589  3242  3264 D M_InsDal: Lcom/fsck/k9/mail/Folder;--->setStatus(Ljava/lang/String;)V
10-31 08:31:30.589  3242  3264 D M_InsDal: Lcom/fsck/k9/mail/Folder;--->setLastChecked(J)V
10-31 08:31:30.589  3242  3264 D M_InsDal: Lcom/fsck/k9/mail/Folder;--->setLastPush(J)V
10-31 08:31:30.589  3242  3264 D M_InsDal: Lcom/fsck/k9/mail/Folder$FolderClass;--->valueOf(Ljava/lang/String;)Lcom/fsck/k9/mail/Folder$FolderClass;
10-31 08:31:30.589  3242  3264 D M_InsDal: Lcom/fsck/k9/mail/Folder$FolderClass;--->valueOf(Ljava/lang/String;)Lcom/fsck/k9/mail/Folder$FolderClass;
10-31 08:31:30.589  3242  3264 D M_InsDal: Lcom/fsck/k9/mailstore/LocalFolder$MoreMessages;--->fromDatabaseName(Ljava/lang/String;)Lcom/fsck/k9/mailstore/LocalFolder$MoreMessages;
10-31 08:31:30.589  3242  3264 D M_InsDal: Lcom/fsck/k9/mailstore/LocalFolder$MoreMessages;--->values()[Lcom/fsck/k9/mailstore/LocalFolder$MoreMessages;
10-31 08:31:30.589  3242  3264 D M_InsDal: Lcom/fsck/k9/mailstore/LocalFolder;---><init>(Lcom/fsck/k9/mailstore/LocalStore;Ljava/lang/String;)V
10-31 08:31:30.589  3242  3264 D M_InsDal: Lcom/fsck/k9/mail/Folder;---><init>()V
10-31 08:31:30.589  3242  3264 D M_InsDal: Lcom/fsck/k9/mailstore/LocalStore;--->getAttachmentInfoExtractor()Lcom/fsck/k9/message/extractors/AttachmentInfoExtractor;
10-31 08:31:30.589  3242  3264 D M_InsDal: Lcom/fsck/k9/mailstore/LocalFolder;--->getAccount()Lcom/fsck/k9/Account;
10-31 08:31:30.589  3242  3264 D M_InsDal: Lcom/fsck/k9/mailstore/LocalStore;--->getAccount()Lcom/fsck/k9/Account;
10-31 08:31:30.589  3242  3264 D M_InsDal: Lcom/fsck/k9/Account;--->getInboxFolderName()Ljava/lang/String;
10-31 08:31:30.589  3242  3264 D M_InsDal: Lcom/fsck/k9/mailstore/LocalFolder;--->getName()Ljava/lang/String;
10-31 08:31:30.589  3242  3264 D M_InsDal: Lcom/fsck/k9/mailstore/LocalFolder;--->open(Landroid/database/Cursor;)V
10-31 08:31:30.589  3242  3264 D M_InsDal: Lcom/fsck/k9/mail/Folder;--->setStatus(Ljava/lang/String;)V
10-31 08:31:30.589  3242  3264 D M_InsDal: Lcom/fsck/k9/mail/Folder;--->setLastChecked(J)V
10-31 08:31:30.589  3242  3264 D M_InsDal: Lcom/fsck/k9/mail/Folder;--->setLastPush(J)V
10-31 08:31:30.589  3242  3264 D M_InsDal: Lcom/fsck/k9/mail/Folder$FolderClass;--->valueOf(Ljava/lang/String;)Lcom/fsck/k9/mail/Folder$FolderClass;
10-31 08:31:30.589  3242  3264 D M_InsDal: Lcom/fsck/k9/mail/Folder$FolderClass;--->valueOf(Ljava/lang/String;)Lcom/fsck/k9/mail/Folder$FolderClass;
10-31 08:31:30.589  3242  3264 D M_InsDal: Lcom/fsck/k9/mailstore/LocalFolder$MoreMessages;--->fromDatabaseName(Ljava/lang/String;)Lcom/fsck/k9/mailstore/LocalFolder$MoreMessages;
10-31 08:31:30.589  3242  3264 D M_InsDal: Lcom/fsck/k9/mailstore/LocalFolder$MoreMessages;--->values()[Lcom/fsck/k9/mailstore/LocalFolder$MoreMessages;
10-31 08:31:30.589  3242  3264 D M_InsDal: Lcom/fsck/k9/mailstore/LocalFolder;---><init>(Lcom/fsck/k9/mailstore/LocalStore;Ljava/lang/String;)V
10-31 08:31:30.589  3242  3264 D M_InsDal: Lcom/fsck/k9/mail/Folder;---><init>()V
10-31 08:31:30.589  3242  3264 D M_InsDal: Lcom/fsck/k9/mailstore/LocalStore;--->getAttachmentInfoExtractor()Lcom/fsck/k9/message/extractors/AttachmentInfoExtractor;
10-31 08:31:30.589  3242  3264 D M_InsDal: Lcom/fsck/k9/mailstore/LocalFolder;--->getAccount()Lcom/fsck/k9/Account;
10-31 08:31:30.589  3242  3242 D M_InsDal: Lcom/fsck/k9/service/PushService;---><init>()V
10-31 08:31:30.589  3242  3264 D M_InsDal: Lcom/fsck/k9/mailstore/LocalStore;--->getAccount()Lcom/fsck/k9/Account;
10-31 08:31:30.589  3242  3264 D M_InsDal: Lcom/fsck/k9/Account;--->getInboxFolderName()Ljava/lang/String;
10-31 08:31:30.589  3242  3242 D M_InsDal: Lcom/fsck/k9/service/CoreService;---><init>()V
10-31 08:31:30.589  3242  3264 D M_InsDal: Lcom/fsck/k9/mailstore/LocalFolder;--->getName()Ljava/lang/String;
10-31 08:31:30.589  3242  3264 D M_InsDal: Lcom/fsck/k9/mailstore/LocalFolder;--->open(Landroid/database/Cursor;)V
10-31 08:31:30.589  3242  3264 D M_InsDal: Lcom/fsck/k9/mail/Folder;--->setStatus(Ljava/lang/String;)V
10-31 08:31:30.589  3242  3264 D M_InsDal: Lcom/fsck/k9/mail/Folder;--->setLastChecked(J)V
10-31 08:31:30.589  3242  3264 D M_InsDal: Lcom/fsck/k9/mail/Folder;--->setLastPush(J)V
10-31 08:31:30.589  3242  3264 D M_InsDal: Lcom/fsck/k9/mail/Folder$FolderClass;--->valueOf(Ljava/lang/String;)Lcom/fsck/k9/mail/Folder$FolderClass;
10-31 08:31:30.589  3242  3264 D M_InsDal: Lcom/fsck/k9/mail/Folder$FolderClass;--->valueOf(Ljava/lang/String;)Lcom/fsck/k9/mail/Folder$FolderClass;
10-31 08:31:30.589  3242  3242 D M_InsDal: Lcom/fsck/k9/service/CoreService;--->onCreate()V
10-31 08:31:30.589  3242  3264 D M_InsDal: Lcom/fsck/k9/mail/Folder$FolderClass;--->valueOf(Ljava/lang/String;)Lcom/fsck/k9/mail/Folder$FolderClass;
10-31 08:31:30.589  3242  3264 D M_InsDal: Lcom/fsck/k9/mail/Folder$FolderClass;--->valueOf(Ljava/lang/String;)Lcom/fsck/k9/mail/Folder$FolderClass;
10-31 08:31:30.589  3242  3264 D M_InsDal: Lcom/fsck/k9/mailstore/LocalFolder$MoreMessages;--->fromDatabaseName(Ljava/lang/String;)Lcom/fsck/k9/mailstore/LocalFolder$MoreMessages;
10-31 08:31:30.589  3242  3264 D M_InsDal: Lcom/fsck/k9/mailstore/LocalFolder$MoreMessages;--->values()[Lcom/fsck/k9/mailstore/LocalFolder$MoreMessages;
10-31 08:31:30.589  3242  3264 D M_InsDal: Lcom/fsck/k9/helper/Utility;--->closeQuietly(Landroid/database/Cursor;)V
10-31 08:31:30.589  3242  3242 D M_InsDal: Lcom/fsck/k9/service/PushService;--->onCreate()V
10-31 08:31:30.589  3242  3242 D M_InsDal: Lcom/fsck/k9/service/CoreService;--->setAutoShutdown(Z)V
10-31 08:31:30.589  3242  3242 D M_InsDal: Lcom/fsck/k9/service/CoreService;--->onStartCommand(Landroid/content/Intent;II)I
10-31 08:31:30.589  3242  3242 D M_InsDal: Lcom/fsck/k9/service/CoreService;--->acquireWakeLock(Landroid/content/Context;Ljava/lang/String;J)Lcom/fsck/k9/mail/power/TracingPowerManager$TracingWakeLock;
10-31 08:31:30.589  3242  3242 D M_InsDal: Lcom/fsck/k9/mail/power/TracingPowerManager;--->getPowerManager(Landroid/content/Context;)Lcom/fsck/k9/mail/power/TracingPowerManager;
10-31 08:31:30.589  3242  3242 D M_InsDal: Lcom/fsck/k9/mail/power/TracingPowerManager;--->newWakeLock(ILjava/lang/String;)Lcom/fsck/k9/mail/power/TracingPowerManager$TracingWakeLock;
10-31 08:31:30.589  3242  3242 D M_InsDal: Lcom/fsck/k9/mail/power/TracingPowerManager$TracingWakeLock;---><init>(Lcom/fsck/k9/mail/power/TracingPowerManager;ILjava/lang/String;)V
10-31 08:31:30.590  3242  3264 D M_InsDal: Lcom/fsck/k9/mailstore/LockableDatabase;--->unlockRead()V
10-31 08:31:30.590  3242  3264 D M_InsDal: Lcom/fsck/k9/mailstore/LockableDatabase;--->getStorageManager()Lcom/fsck/k9/mailstore/StorageManager;
10-31 08:31:30.590  3242  3264 D M_InsDal: Lcom/fsck/k9/mailstore/StorageManager;--->getInstance(Landroid/content/Context;)Lcom/fsck/k9/mailstore/StorageManager;
10-31 08:31:30.590  3242  3264 D M_InsDal: Lcom/fsck/k9/mailstore/StorageManager;--->unlockProvider(Ljava/lang/String;)V
10-31 08:31:30.590  3242  3264 D M_InsDal: Lcom/fsck/k9/mailstore/StorageManager;--->getProvider(Ljava/lang/String;)Lcom/fsck/k9/mailstore/StorageManager$StorageProvider;
10-31 08:31:30.590  3242  3242 D M_InsDal: Lcom/fsck/k9/mail/K9MailLib;--->isDebug()Z
10-31 08:31:30.590  3242  3264 D M_InsDal: Lcom/fsck/k9/mailstore/LocalFolder;--->getName()Ljava/lang/String;
10-31 08:31:30.590  3242  3242 D M_InsDal: Lcom/fsck/k9/K9$2;--->enabled()Z
10-31 08:31:30.590  3242  3264 D M_InsDal: Lcom/fsck/k9/Account;--->getOutboxFolderName()Ljava/lang/String;
10-31 08:31:30.590  3242  3242 D M_InsDal: Lcom/fsck/k9/mail/power/TracingPowerManager$TracingWakeLock;--->setReferenceCounted(Z)V
10-31 08:31:30.590  3242  3242 D M_InsDal: Lcom/fsck/k9/mail/power/TracingPowerManager$TracingWakeLock;--->acquire(J)V
10-31 08:31:30.590  3242  3264 D M_InsDal: Lcom/fsck/k9/mailstore/LocalFolder;--->open(I)V
10-31 08:31:30.590  3242  3264 D M_InsDal: Lcom/fsck/k9/mailstore/LocalFolder;--->isOpen()Z
10-31 08:31:30.590  3242  3264 D M_InsDal: Lcom/fsck/k9/mailstore/LocalFolder;--->getMode()I
10-31 08:31:30.590  3242  3264 D M_InsDal: Lcom/fsck/k9/mailstore/LocalFolder;--->getDisplayClass()Lcom/fsck/k9/mail/Folder$FolderClass;
10-31 08:31:30.590  3242  3264 D M_InsDal: Lcom/fsck/k9/mailstore/LocalFolder;--->getPushClass()Lcom/fsck/k9/mail/Folder$FolderClass;
10-31 08:31:30.590  3242  3264 D M_InsDal: Lcom/fsck/k9/controller/MessagingController;--->modeMismatch(Lcom/fsck/k9/Account$FolderMode;Lcom/fsck/k9/mail/Folder$FolderClass;)Z
10-31 08:31:30.590  3242  3264 D M_InsDal: Lcom/fsck/k9/controller/MessagingController;--->modeMismatch(Lcom/fsck/k9/Account$FolderMode;Lcom/fsck/k9/mail/Folder$FolderClass;)Z
10-31 08:31:30.590  3242  3264 D M_InsDal: Lcom/fsck/k9/mailstore/LocalFolder;--->getName()Ljava/lang/String;
10-31 08:31:30.590  3242  3264 D M_InsDal: Lcom/fsck/k9/Account;--->getOutboxFolderName()Ljava/lang/String;
10-31 08:31:30.590  3242  3264 D M_InsDal: Lcom/fsck/k9/mailstore/LocalFolder;--->getName()Ljava/lang/String;
10-31 08:31:30.590  3242  3264 D M_InsDal: Lcom/fsck/k9/Account;--->getOutboxFolderName()Ljava/lang/String;
10-31 08:31:30.590  3242  3264 D M_InsDal: Lcom/fsck/k9/mailstore/LocalFolder;--->open(I)V
10-31 08:31:30.590  3242  3264 D M_InsDal: Lcom/fsck/k9/mailstore/LocalFolder;--->isOpen()Z
10-31 08:31:30.590  3242  3264 D M_InsDal: Lcom/fsck/k9/mailstore/LocalFolder;--->getMode()I
10-31 08:31:30.590  3242  3264 D M_InsDal: Lcom/fsck/k9/mailstore/LocalFolder;--->getDisplayClass()Lcom/fsck/k9/mail/Folder$FolderClass;
10-31 08:31:30.590  3242  3264 D M_InsDal: Lcom/fsck/k9/mailstore/LocalFolder;--->getPushClass()Lcom/fsck/k9/mail/Folder$FolderClass;
10-31 08:31:30.590  3242  3264 D M_InsDal: Lcom/fsck/k9/mailstore/LocalFolder;--->getSyncClass()Lcom/fsck/k9/mail/Folder$FolderClass;
10-31 08:31:30.590  3242  3264 D M_InsDal: Lcom/fsck/k9/controller/MessagingController;--->modeMismatch(Lcom/fsck/k9/Account$FolderMode;Lcom/fsck/k9/mail/Folder$FolderClass;)Z
10-31 08:31:30.590  3242  3264 D M_InsDal: Lcom/fsck/k9/controller/MessagingController;--->modeMismatch(Lcom/fsck/k9/Account$FolderMode;Lcom/fsck/k9/mail/Folder$FolderClass;)Z
10-31 08:31:30.590  3242  3264 D M_InsDal: Lcom/fsck/k9/mailstore/LocalFolder;--->getName()Ljava/lang/String;
10-31 08:31:30.590  3242  3264 D M_InsDal: Lcom/fsck/k9/Account;--->getOutboxFolderName()Ljava/lang/String;
10-31 08:31:30.590  3242  3264 D M_InsDal: Lcom/fsck/k9/mailstore/LocalFolder;--->open(I)V
10-31 08:31:30.590  3242  3264 D M_InsDal: Lcom/fsck/k9/mailstore/LocalFolder;--->isOpen()Z
10-31 08:31:30.590  3242  3264 D M_InsDal: Lcom/fsck/k9/mailstore/LocalFolder;--->getMode()I
10-31 08:31:30.590  3242  3264 D M_InsDal: Lcom/fsck/k9/mailstore/LocalFolder;--->getDisplayClass()Lcom/fsck/k9/mail/Folder$FolderClass;
10-31 08:31:30.590  3242  3264 D M_InsDal: Lcom/fsck/k9/mailstore/LocalFolder;--->getPushClass()Lcom/fsck/k9/mail/Folder$FolderClass;
10-31 08:31:30.590  3242  3264 D M_InsDal: Lcom/fsck/k9/mailstore/LocalFolder;--->getSyncClass()Lcom/fsck/k9/mail/Folder$FolderClass;
10-31 08:31:30.590  3242  3264 D M_InsDal: Lcom/fsck/k9/controller/MessagingController;--->modeMismatch(Lcom/fsck/k9/Account$FolderMode;Lcom/fsck/k9/mail/Folder$FolderClass;)Z
10-31 08:31:30.590  3242  3264 D M_InsDal: Lcom/fsck/k9/controller/MessagingController;--->modeMismatch(Lcom/fsck/k9/Account$FolderMode;Lcom/fsck/k9/mail/Folder$FolderClass;)Z
10-31 08:31:30.590  3242  3264 D M_InsDal: Lcom/fsck/k9/mailstore/LocalFolder;--->getName()Ljava/lang/String;
10-31 08:31:30.590  3242  3264 D M_InsDal: Lcom/fsck/k9/Account;--->getOutboxFolderName()Ljava/lang/String;
10-31 08:31:30.590  3242  3264 D M_InsDal: Lcom/fsck/k9/mailstore/LocalFolder;--->open(I)V
10-31 08:31:30.590  3242  3264 D M_InsDal: Lcom/fsck/k9/mailstore/LocalFolder;--->isOpen()Z
10-31 08:31:30.590  3242  3264 D M_InsDal: Lcom/fsck/k9/mailstore/LocalFolder;--->getMode()I
10-31 08:31:30.590  3242  3264 D M_InsDal: Lcom/fsck/k9/mailstore/LocalFolder;--->getDisplayClass()Lcom/fsck/k9/mail/Folder$FolderClass;
10-31 08:31:30.590  3242  3264 D M_InsDal: Lcom/fsck/k9/mailstore/LocalFolder;--->getPushClass()Lcom/fsck/k9/mail/Folder$FolderClass;
10-31 08:31:30.590  3242  3264 D M_InsDal: Lcom/fsck/k9/mailstore/LocalFolder;--->getSyncClass()Lcom/fsck/k9/mail/Folder$FolderClass;
10-31 08:31:30.590  3242  3264 D M_InsDal: Lcom/fsck/k9/controller/MessagingController;--->modeMismatch(Lcom/fsck/k9/Account$FolderMode;Lcom/fsck/k9/mail/Folder$FolderClass;)Z
10-31 08:31:30.590  3242  3264 D M_InsDal: Lcom/fsck/k9/controller/MessagingController;--->modeMismatch(Lcom/fsck/k9/Account$FolderMode;Lcom/fsck/k9/mail/Folder$FolderClass;)Z
10-31 08:31:30.590  3242  3264 D M_InsDal: Lcom/fsck/k9/mailstore/LocalFolder;--->getName()Ljava/lang/String;
10-31 08:31:30.590  3242  3264 D M_InsDal: Lcom/fsck/k9/Account;--->getOutboxFolderName()Ljava/lang/String;
10-31 08:31:30.590  3242  3264 D M_InsDal: Lcom/fsck/k9/mailstore/LocalFolder;--->open(I)V
10-31 08:31:30.590  3242  3264 D M_InsDal: Lcom/fsck/k9/mailstore/LocalFolder;--->isOpen()Z
10-31 08:31:30.590  3242  3264 D M_InsDal: Lcom/fsck/k9/mailstore/LocalFolder;--->getMode()I
10-31 08:31:30.590  3242  3264 D M_InsDal: Lcom/fsck/k9/mailstore/LocalFolder;--->getDisplayClass()Lcom/fsck/k9/mail/Folder$FolderClass;
10-31 08:31:30.590  3242  3264 D M_InsDal: Lcom/fsck/k9/mailstore/LocalFolder;--->getPushClass()Lcom/fsck/k9/mail/Folder$FolderClass;
10-31 08:31:30.590  3242  3264 D M_InsDal: Lcom/fsck/k9/mailstore/LocalFolder;--->getSyncClass()Lcom/fsck/k9/mail/Folder$FolderClass;
10-31 08:31:30.590  3242  3264 D M_InsDal: Lcom/fsck/k9/controller/MessagingController;--->modeMismatch(Lcom/fsck/k9/Account$FolderMode;Lcom/fsck/k9/mail/Folder$FolderClass;)Z
10-31 08:31:30.590  3242  3264 D M_InsDal: Lcom/fsck/k9/controller/MessagingController;--->modeMismatch(Lcom/fsck/k9/Account$FolderMode;Lcom/fsck/k9/mail/Folder$FolderClass;)Z
10-31 08:31:30.590  3242  3264 D M_InsDal: Lcom/fsck/k9/Account;--->getDescription()Ljava/lang/String;
10-31 08:31:30.590  3242  3264 D M_InsDal: Lcom/fsck/k9/service/MailService;--->schedulePushers()V
10-31 08:31:30.590  3242  3264 D M_InsDal: Lcom/fsck/k9/controller/MessagingController;--->getInstance(Landroid/content/Context;)Lcom/fsck/k9/controller/MessagingController;
10-31 08:31:30.590  3242  3264 D M_InsDal: Lcom/fsck/k9/controller/MessagingController;--->getPushers()Ljava/util/Collection;
10-31 08:31:30.590  3242  3264 D M_InsDal: Lcom/fsck/k9/service/MailService;--->isSyncDisabled()Z
10-31 08:31:30.590  3242  3264 D M_InsDal: Lcom/fsck/k9/mail/power/TracingPowerManager$TracingWakeLock;--->release()V
10-31 08:31:30.590  3242  3264 D M_InsDal: Lcom/fsck/k9/mail/K9MailLib;--->isDebug()Z
10-31 08:31:30.590  3242  3264 D M_InsDal: Lcom/fsck/k9/K9$2;--->enabled()Z
10-31 08:31:30.590  3242  3264 D M_InsDal: Lcom/fsck/k9/mail/power/TracingPowerManager$TracingWakeLock;--->cancelNotification()V
10-31 08:31:30.590  3242  3242 D M_InsDal: Lcom/fsck/k9/mail/K9MailLib;--->isDebug()Z
10-31 08:31:30.590  3242  3242 D M_InsDal: Lcom/fsck/k9/K9$2;--->enabled()Z
10-31 08:31:30.590  3242  3242 D M_InsDal: Lcom/fsck/k9/mail/power/TracingPowerManager$TracingWakeLock;--->raiseNotification()V
10-31 08:31:30.590  3242  3242 D M_InsDal: Lcom/fsck/k9/mail/power/TracingPowerManager$TracingWakeLock;--->release()V
10-31 08:31:30.590  3242  3242 D M_InsDal: Lcom/fsck/k9/mail/K9MailLib;--->isDebug()Z
10-31 08:31:30.590  3242  3242 D M_InsDal: Lcom/fsck/k9/K9$2;--->enabled()Z
10-31 08:31:30.590  3242  3242 D M_InsDal: Lcom/fsck/k9/mail/power/TracingPowerManager$TracingWakeLock;--->cancelNotification()V
10-31 08:31:30.590  3242  3242 D M_InsDal: Lcom/fsck/k9/service/PushService;--->startService(Landroid/content/Intent;I)I
10-31 08:31:30.591  3242  3242 D M_InsDal: Lcom/fsck/k9/mail/power/TracingPowerManager$TracingWakeLock;--->release()V
10-31 08:31:30.591  3242  3242 D M_InsDal: Lcom/fsck/k9/mail/K9MailLib;--->isDebug()Z
10-31 08:31:30.591  3242  3242 D M_InsDal: Lcom/fsck/k9/K9$2;--->enabled()Z
10-31 08:31:30.591  3242  3242 D M_InsDal: Lcom/fsck/k9/mail/power/TracingPowerManager$TracingWakeLock;--->cancelNotification()V
10-31 08:31:30.746  3242  3242 D M_InsDal: Lcom/fsck/k9/service/CoreService;--->onDestroy()V
10-31 08:31:30.746  3242  3242 D M_InsDal: Lcom/fsck/k9/service/MailService;--->onDestroy()V
10-31 08:31:30.746  3242  3242 D M_InsDal: Lcom/fsck/k9/service/CoreService;--->onDestroy()V
10-31 08:31:32.671  3242  3242 D M_InsDal: Lcom/fsck/k9/activity/K9Activity;--->dispatchTouchEvent(Landroid/view/MotionEvent;)Z
10-31 08:31:32.671  3242  3242 D M_InsDal: Lcom/fsck/k9/activity/K9ActivityCommon;--->preDispatchTouchEvent(Landroid/view/MotionEvent;)V
10-31 08:31:32.671  3242  3242 D M_InsDal: Lcom/fsck/k9/activity/K9Activity;--->dispatchTouchEvent(Landroid/view/MotionEvent;)Z
10-31 08:31:32.671  3242  3242 D M_InsDal: Lcom/fsck/k9/activity/K9ActivityCommon;--->preDispatchTouchEvent(Landroid/view/MotionEvent;)V
10-31 08:31:32.671  3242  3242 D M_InsDal: Lcom/fsck/k9/activity/K9Activity;--->dispatchTouchEvent(Landroid/view/MotionEvent;)Z
10-31 08:31:32.671  3242  3242 D M_InsDal: Lcom/fsck/k9/activity/K9ActivityCommon;--->preDispatchTouchEvent(Landroid/view/MotionEvent;)V
10-31 08:31:32.671  3242  3242 D M_InsDal: Lcom/fsck/k9/activity/K9Activity;--->dispatchTouchEvent(Landroid/view/MotionEvent;)Z
10-31 08:31:32.671  3242  3242 D M_InsDal: Lcom/fsck/k9/activity/K9ActivityCommon;--->preDispatchTouchEvent(Landroid/view/MotionEvent;)V
10-31 08:31:32.818  3242  3242 D M_InsDal: Lcom/fsck/k9/activity/K9Activity;--->dispatchTouchEvent(Landroid/view/MotionEvent;)Z
10-31 08:31:32.818  3242  3242 D M_InsDal: Lcom/fsck/k9/activity/K9ActivityCommon;--->preDispatchTouchEvent(Landroid/view/MotionEvent;)V
10-31 08:31:32.818  3242  3242 D M_InsDal: Lcom/fsck/k9/activity/K9Activity;--->dispatchTouchEvent(Landroid/view/MotionEvent;)Z
10-31 08:31:32.818  3242  3242 D M_InsDal: Lcom/fsck/k9/activity/K9ActivityCommon;--->preDispatchTouchEvent(Landroid/view/MotionEvent;)V
10-31 08:31:32.818  3242  3242 D M_InsDal: Lcom/fsck/k9/activity/K9Activity;--->dispatchTouchEvent(Landroid/view/MotionEvent;)Z
10-31 08:31:32.818  3242  3242 D M_InsDal: Lcom/fsck/k9/activity/K9ActivityCommon;--->preDispatchTouchEvent(Landroid/view/MotionEvent;)V
10-31 08:31:32.824  3242  3242 D M_InsDal: Lcom/fsck/k9/activity/K9Activity;--->dispatchTouchEvent(Landroid/view/MotionEvent;)Z
10-31 08:31:32.824  3242  3242 D M_InsDal: Lcom/fsck/k9/activity/K9ActivityCommon;--->preDispatchTouchEvent(Landroid/view/MotionEvent;)V
10-31 08:31:32.840  3242  3242 D M_InsDal: Lcom/fsck/k9/activity/K9Activity;--->dispatchTouchEvent(Landroid/view/MotionEvent;)Z
10-31 08:31:32.840  3242  3242 D M_InsDal: Lcom/fsck/k9/activity/K9ActivityCommon;--->preDispatchTouchEvent(Landroid/view/MotionEvent;)V
10-31 08:31:32.840  3242  3242 D M_InsDal: Lcom/fsck/k9/activity/K9Activity;--->dispatchTouchEvent(Landroid/view/MotionEvent;)Z
10-31 08:31:32.840  3242  3242 D M_InsDal: Lcom/fsck/k9/activity/K9ActivityCommon;--->preDispatchTouchEvent(Landroid/view/MotionEvent;)V
10-31 08:31:32.841  3242  3242 D M_InsDal: Lcom/fsck/k9/activity/K9Activity;--->dispatchTouchEvent(Landroid/view/MotionEvent;)Z
10-31 08:31:32.841  3242  3242 D M_InsDal: Lcom/fsck/k9/activity/K9ActivityCommon;--->preDispatchTouchEvent(Landroid/view/MotionEvent;)V
10-31 08:31:32.842  3242  3242 D M_InsDal: Lcom/fsck/k9/activity/K9Activity;--->dispatchTouchEvent(Landroid/view/MotionEvent;)Z
10-31 08:31:32.842  3242  3242 D M_InsDal: Lcom/fsck/k9/activity/K9ActivityCommon;--->preDispatchTouchEvent(Landroid/view/MotionEvent;)V
10-31 08:31:32.842  3242  3242 D M_InsDal: Lcom/fsck/k9/activity/K9Activity;--->dispatchTouchEvent(Landroid/view/MotionEvent;)Z
10-31 08:31:32.842  3242  3242 D M_InsDal: Lcom/fsck/k9/activity/K9ActivityCommon;--->preDispatchTouchEvent(Landroid/view/MotionEvent;)V
10-31 08:31:32.842  3242  3242 D M_InsDal: Lcom/fsck/k9/activity/K9Activity;--->dispatchTouchEvent(Landroid/view/MotionEvent;)Z
10-31 08:31:32.842  3242  3242 D M_InsDal: Lcom/fsck/k9/activity/K9ActivityCommon;--->preDispatchTouchEvent(Landroid/view/MotionEvent;)V
10-31 08:31:32.843  3242  3242 D M_InsDal: Lcom/fsck/k9/activity/K9Activity;--->dispatchTouchEvent(Landroid/view/MotionEvent;)Z
10-31 08:31:32.843  3242  3242 D M_InsDal: Lcom/fsck/k9/activity/K9ActivityCommon;--->preDispatchTouchEvent(Landroid/view/MotionEvent;)V
10-31 08:31:32.844  3242  3242 D M_InsDal: Lcom/fsck/k9/activity/K9Activity;--->dispatchTouchEvent(Landroid/view/MotionEvent;)Z
10-31 08:31:32.844  3242  3242 D M_InsDal: Lcom/fsck/k9/activity/K9ActivityCommon;--->preDispatchTouchEvent(Landroid/view/MotionEvent;)V
10-31 08:31:32.844  3242  3242 D M_InsDal: Lcom/fsck/k9/activity/K9Activity;--->dispatchTouchEvent(Landroid/view/MotionEvent;)Z
10-31 08:31:32.844  3242  3242 D M_InsDal: Lcom/fsck/k9/activity/K9ActivityCommon;--->preDispatchTouchEvent(Landroid/view/MotionEvent;)V
10-31 08:31:32.845  3242  3242 D M_InsDal: Lcom/fsck/k9/activity/K9Activity;--->dispatchTouchEvent(Landroid/view/MotionEvent;)Z
10-31 08:31:32.845  3242  3242 D M_InsDal: Lcom/fsck/k9/activity/K9ActivityCommon;--->preDispatchTouchEvent(Landroid/view/MotionEvent;)V
10-31 08:31:32.845  3242  3242 D M_InsDal: Lcom/fsck/k9/activity/K9Activity;--->dispatchTouchEvent(Landroid/view/MotionEvent;)Z
10-31 08:31:32.845  3242  3242 D M_InsDal: Lcom/fsck/k9/activity/K9ActivityCommon;--->preDispatchTouchEvent(Landroid/view/MotionEvent;)V
10-31 08:31:32.845  3242  3242 D M_InsDal: Lcom/fsck/k9/activity/K9Activity;--->dispatchTouchEvent(Landroid/view/MotionEvent;)Z
10-31 08:31:32.845  3242  3242 D M_InsDal: Lcom/fsck/k9/activity/K9ActivityCommon;--->preDispatchTouchEvent(Landroid/view/MotionEvent;)V
10-31 08:31:32.846  3242  3242 D M_InsDal: Lcom/fsck/k9/activity/K9Activity;--->dispatchTouchEvent(Landroid/view/MotionEvent;)Z
10-31 08:31:32.846  3242  3242 D M_InsDal: Lcom/fsck/k9/activity/K9ActivityCommon;--->preDispatchTouchEvent(Landroid/view/MotionEvent;)V
10-31 08:31:32.846  3242  3242 D M_InsDal: Lcom/fsck/k9/activity/K9Activity;--->dispatchTouchEvent(Landroid/view/MotionEvent;)Z
10-31 08:31:32.846  3242  3242 D M_InsDal: Lcom/fsck/k9/activity/K9ActivityCommon;--->preDispatchTouchEvent(Landroid/view/MotionEvent;)V
10-31 08:31:32.847  3242  3242 D M_InsDal: Lcom/fsck/k9/activity/K9Activity;--->dispatchTouchEvent(Landroid/view/MotionEvent;)Z
10-31 08:31:32.847  3242  3242 D M_InsDal: Lcom/fsck/k9/activity/K9ActivityCommon;--->preDispatchTouchEvent(Landroid/view/MotionEvent;)V
10-31 08:31:32.847  3242  3242 D M_InsDal: Lcom/fsck/k9/activity/K9Activity;--->dispatchTouchEvent(Landroid/view/MotionEvent;)Z
10-31 08:31:32.847  3242  3242 D M_InsDal: Lcom/fsck/k9/activity/K9ActivityCommon;--->preDispatchTouchEvent(Landroid/view/MotionEvent;)V
10-31 08:31:32.848  3242  3242 D M_InsDal: Lcom/fsck/k9/activity/K9Activity;--->dispatchTouchEvent(Landroid/view/MotionEvent;)Z
10-31 08:31:32.848  3242  3242 D M_InsDal: Lcom/fsck/k9/activity/K9ActivityCommon;--->preDispatchTouchEvent(Landroid/view/MotionEvent;)V
10-31 08:31:32.848  3242  3242 D M_InsDal: Lcom/fsck/k9/activity/K9Activity;--->dispatchTouchEvent(Landroid/view/MotionEvent;)Z
10-31 08:31:32.849  3242  3242 D M_InsDal: Lcom/fsck/k9/activity/K9ActivityCommon;--->preDispatchTouchEvent(Landroid/view/MotionEvent;)V
10-31 08:31:32.849  3242  3242 D M_InsDal: Lcom/fsck/k9/activity/K9Activity;--->dispatchTouchEvent(Landroid/view/MotionEvent;)Z
10-31 08:31:32.849  3242  3242 D M_InsDal: Lcom/fsck/k9/activity/K9ActivityCommon;--->preDispatchTouchEvent(Landroid/view/MotionEvent;)V
10-31 08:31:32.849  3242  3242 D M_InsDal: Lcom/fsck/k9/activity/K9Activity;--->dispatchTouchEvent(Landroid/view/MotionEvent;)Z
10-31 08:31:32.849  3242  3242 D M_InsDal: Lcom/fsck/k9/activity/K9ActivityCommon;--->preDispatchTouchEvent(Landroid/view/MotionEvent;)V
10-31 08:31:32.849  3242  3242 D M_InsDal: Lcom/fsck/k9/activity/K9Activity;--->dispatchTouchEvent(Landroid/view/MotionEvent;)Z
10-31 08:31:32.849  3242  3242 D M_InsDal: Lcom/fsck/k9/activity/K9ActivityCommon;--->preDispatchTouchEvent(Landroid/view/MotionEvent;)V
10-31 08:31:32.850  3242  3242 D M_InsDal: Lcom/fsck/k9/activity/K9Activity;--->dispatchTouchEvent(Landroid/view/MotionEvent;)Z
10-31 08:31:32.850  3242  3242 D M_InsDal: Lcom/fsck/k9/activity/K9ActivityCommon;--->preDispatchTouchEvent(Landroid/view/MotionEvent;)V
10-31 08:31:32.850  3242  3242 D M_InsDal: Lcom/fsck/k9/activity/K9Activity;--->dispatchTouchEvent(Landroid/view/MotionEvent;)Z
10-31 08:31:32.850  3242  3242 D M_InsDal: Lcom/fsck/k9/activity/K9ActivityCommon;--->preDispatchTouchEvent(Landroid/view/MotionEvent;)V
10-31 08:31:32.851  3242  3242 D M_InsDal: Lcom/fsck/k9/activity/K9Activity;--->dispatchTouchEvent(Landroid/view/MotionEvent;)Z
10-31 08:31:32.851  3242  3242 D M_InsDal: Lcom/fsck/k9/activity/K9ActivityCommon;--->preDispatchTouchEvent(Landroid/view/MotionEvent;)V
10-31 08:31:32.851  3242  3242 D M_InsDal: Lcom/fsck/k9/activity/K9Activity;--->dispatchTouchEvent(Landroid/view/MotionEvent;)Z
10-31 08:31:32.851  3242  3242 D M_InsDal: Lcom/fsck/k9/activity/K9ActivityCommon;--->preDispatchTouchEvent(Landroid/view/MotionEvent;)V
10-31 08:31:32.851  3242  3242 D M_InsDal: Lcom/fsck/k9/activity/K9Activity;--->dispatchTouchEvent(Landroid/view/MotionEvent;)Z
10-31 08:31:32.851  3242  3242 D M_InsDal: Lcom/fsck/k9/activity/K9ActivityCommon;--->preDispatchTouchEvent(Landroid/view/MotionEvent;)V
10-31 08:31:32.852  3242  3242 D M_InsDal: Lcom/fsck/k9/activity/K9Activity;--->dispatchTouchEvent(Landroid/view/MotionEvent;)Z
10-31 08:31:32.852  3242  3242 D M_InsDal: Lcom/fsck/k9/activity/K9ActivityCommon;--->preDispatchTouchEvent(Landroid/view/MotionEvent;)V
10-31 08:31:32.852  3242  3242 D M_InsDal: Lcom/fsck/k9/activity/K9Activity;--->dispatchTouchEvent(Landroid/view/MotionEvent;)Z
10-31 08:31:32.852  3242  3242 D M_InsDal: Lcom/fsck/k9/activity/K9ActivityCommon;--->preDispatchTouchEvent(Landroid/view/MotionEvent;)V
10-31 08:31:32.853  3242  3242 D M_InsDal: Lcom/fsck/k9/activity/K9Activity;--->dispatchTouchEvent(Landroid/view/MotionEvent;)Z
10-31 08:31:32.853  3242  3242 D M_InsDal: Lcom/fsck/k9/activity/K9ActivityCommon;--->preDispatchTouchEvent(Landroid/view/MotionEvent;)V
10-31 08:31:32.853  3242  3242 D M_InsDal: Lcom/fsck/k9/activity/K9Activity;--->dispatchTouchEvent(Landroid/view/MotionEvent;)Z
10-31 08:31:32.853  3242  3242 D M_InsDal: Lcom/fsck/k9/activity/K9ActivityCommon;--->preDispatchTouchEvent(Landroid/view/MotionEvent;)V
10-31 08:31:32.853  3242  3242 D M_InsDal: Lcom/fsck/k9/activity/K9Activity;--->dispatchTouchEvent(Landroid/view/MotionEvent;)Z
10-31 08:31:32.853  3242  3242 D M_InsDal: Lcom/fsck/k9/activity/K9ActivityCommon;--->preDispatchTouchEvent(Landroid/view/MotionEvent;)V
10-31 08:31:32.854  3242  3242 D M_InsDal: Lcom/fsck/k9/activity/K9Activity;--->dispatchTouchEvent(Landroid/view/MotionEvent;)Z
10-31 08:31:32.854  3242  3242 D M_InsDal: Lcom/fsck/k9/activity/K9ActivityCommon;--->preDispatchTouchEvent(Landroid/view/MotionEvent;)V
10-31 08:31:32.854  3242  3242 D M_InsDal: Lcom/fsck/k9/activity/K9Activity;--->dispatchTouchEvent(Landroid/view/MotionEvent;)Z
10-31 08:31:32.854  3242  3242 D M_InsDal: Lcom/fsck/k9/activity/K9ActivityCommon;--->preDispatchTouchEvent(Landroid/view/MotionEvent;)V
10-31 08:31:32.855  3242  3242 D M_InsDal: Lcom/fsck/k9/activity/K9Activity;--->dispatchTouchEvent(Landroid/view/MotionEvent;)Z
10-31 08:31:32.855  3242  3242 D M_InsDal: Lcom/fsck/k9/activity/K9ActivityCommon;--->preDispatchTouchEvent(Landroid/view/MotionEvent;)V
10-31 08:31:32.855  3242  3242 D M_InsDal: Lcom/fsck/k9/activity/K9Activity;--->dispatchTouchEvent(Landroid/view/MotionEvent;)Z
10-31 08:31:32.855  3242  3242 D M_InsDal: Lcom/fsck/k9/activity/K9ActivityCommon;--->preDispatchTouchEvent(Landroid/view/MotionEvent;)V
10-31 08:31:32.856  3242  3242 D M_InsDal: Lcom/fsck/k9/activity/K9Activity;--->dispatchTouchEvent(Landroid/view/MotionEvent;)Z
10-31 08:31:32.856  3242  3242 D M_InsDal: Lcom/fsck/k9/activity/K9ActivityCommon;--->preDispatchTouchEvent(Landroid/view/MotionEvent;)V
10-31 08:31:32.856  3242  3242 D M_InsDal: Lcom/fsck/k9/activity/K9Activity;--->dispatchTouchEvent(Landroid/view/MotionEvent;)Z
10-31 08:31:32.856  3242  3242 D M_InsDal: Lcom/fsck/k9/activity/K9ActivityCommon;--->preDispatchTouchEvent(Landroid/view/MotionEvent;)V
10-31 08:31:32.856  3242  3242 D M_InsDal: Lcom/fsck/k9/activity/K9Activity;--->dispatchTouchEvent(Landroid/view/MotionEvent;)Z
10-31 08:31:32.856  3242  3242 D M_InsDal: Lcom/fsck/k9/activity/K9ActivityCommon;--->preDispatchTouchEvent(Landroid/view/MotionEvent;)V
10-31 08:31:32.856  3242  3242 D M_InsDal: Lcom/fsck/k9/activity/K9Activity;--->dispatchTouchEvent(Landroid/view/MotionEvent;)Z
10-31 08:31:32.856  3242  3242 D M_InsDal: Lcom/fsck/k9/activity/K9ActivityCommon;--->preDispatchTouchEvent(Landroid/view/MotionEvent;)V
10-31 08:31:32.857  3242  3242 D M_InsDal: Lcom/fsck/k9/activity/K9Activity;--->dispatchTouchEvent(Landroid/view/MotionEvent;)Z
10-31 08:31:32.857  3242  3242 D M_InsDal: Lcom/fsck/k9/activity/K9ActivityCommon;--->preDispatchTouchEvent(Landroid/view/MotionEvent;)V
10-31 08:31:32.858  3242  3242 D M_InsDal: Lcom/fsck/k9/activity/K9Activity;--->dispatchTouchEvent(Landroid/view/MotionEvent;)Z
10-31 08:31:32.858  3242  3242 D M_InsDal: Lcom/fsck/k9/activity/K9ActivityCommon;--->preDispatchTouchEvent(Landroid/view/MotionEvent;)V
10-31 08:31:32.858  3242  3242 D M_InsDal: Lcom/fsck/k9/activity/K9Activity;--->dispatchTouchEvent(Landroid/view/MotionEvent;)Z
10-31 08:31:32.858  3242  3242 D M_InsDal: Lcom/fsck/k9/activity/K9ActivityCommon;--->preDispatchTouchEvent(Landroid/view/MotionEvent;)V
10-31 08:31:32.859  3242  3242 D M_InsDal: Lcom/fsck/k9/activity/setup/AccountSetupAccountType;--->onClick(Landroid/view/View;)V
10-31 08:31:32.859  3242  3242 D M_InsDal: Lcom/fsck/k9/mail/ServerSettings$Type;---><clinit>()V
10-31 08:31:32.859  3242  3242 D M_InsDal: Lcom/fsck/k9/mail/ServerSettings$Type;---><init>(Ljava/lang/String;III)V
10-31 08:31:32.859  3242  3242 D M_InsDal: Lcom/fsck/k9/mail/ServerSettings$Type;---><init>(Ljava/lang/String;III)V
10-31 08:31:32.859  3242  3242 D M_InsDal: Lcom/fsck/k9/activity/setup/AccountSetupAccountType;--->setupStoreAndSmtpTransport(Lcom/fsck/k9/mail/ServerSettings$Type;Ljava/lang/String;)V
10-31 08:31:32.859  3242  3242 D M_InsDal: Lcom/fsck/k9/activity/setup/AccountSetupAccountType;--->failure(Ljava/lang/Exception;)V
10-31 08:31:32.862  3242  3242 D M_InsDal: Lcom/fsck/k9/activity/setup/AccountSetupIncoming;--->actionIncomingSettings(Landroid/app/Activity;Lcom/fsck/k9/Account;Z)V
10-31 08:31:32.863  3242  3242 E AndroidRuntime: FATAL EXCEPTION: main
10-31 08:31:32.863  3242  3242 E AndroidRuntime: Process: com.fsck.k9, PID: 3242
10-31 08:31:32.863  3242  3242 E AndroidRuntime: java.lang.NullPointerException: Attempt to invoke virtual method 'java.lang.String com.fsck.k9.Account.getUuid()' on a null object reference
10-31 08:31:32.863  3242  3242 E AndroidRuntime: 	at com.fsck.k9.activity.setup.AccountSetupIncoming.actionIncomingSettings(AccountSetupIncoming.java:89)
10-31 08:31:32.863  3242  3242 E AndroidRuntime: 	at com.fsck.k9.activity.setup.AccountSetupAccountType.onClick(AccountSetupAccountType.java:122)
10-31 08:31:32.863  3242  3242 E AndroidRuntime: 	at android.view.View.performClick(View.java:6599)
10-31 08:31:32.863  3242  3242 E AndroidRuntime: 	at android.view.View.performClickInternal(View.java:6576)
10-31 08:31:32.863  3242  3242 E AndroidRuntime: 	at android.view.View.access$3100(View.java:780)
10-31 08:31:32.863  3242  3242 E AndroidRuntime: 	at android.view.View$PerformClick.run(View.java:25899)
10-31 08:31:32.863  3242  3242 E AndroidRuntime: 	at android.os.Handler.handleCallback(Handler.java:873)
10-31 08:31:32.863  3242  3242 E AndroidRuntime: 	at android.os.Handler.dispatchMessage(Handler.java:99)
10-31 08:31:32.863  3242  3242 E AndroidRuntime: 	at android.os.Looper.loop(Looper.java:193)
10-31 08:31:32.863  3242  3242 E AndroidRuntime: 	at android.app.ActivityThread.main(ActivityThread.java:6730)
10-31 08:31:32.863  3242  3242 E AndroidRuntime: 	at java.lang.reflect.Method.invoke(Native Method)
10-31 08:31:32.863  3242  3242 E AndroidRuntime: 	at com.android.internal.os.RuntimeInit$MethodAndArgsCaller.run(RuntimeInit.java:493)
10-31 08:31:32.863  3242  3242 E AndroidRuntime: 	at com.android.internal.os.ZygoteInit.main(ZygoteInit.java:860)
